GC_PARAMS='-verbose:gc -Xms8192m -Xmx8192m -XX:PermSize=256m -XX:MaxPermSize=256m -XX:+UseLargePages -XX:+PrintGCDateStamps -XX:+UseConcMarkSweepGC -XX:MaxGCPauseMillis=1000 -XX:+CMSIncrementalMode -XX:+PrintGCDetails -verbose:gc'
2012-10-19T06:28:09.862-0400: [GC [ParNew: 221568K->18678K(249216K), 0.0159030 secs] 221568K->18678K(8360960K), 0.0159740 secs] [Times: user=0.14 sys=0.01, real=0.02 secs] 
2012-10-19T06:28:11.305-0400: [GC [1 CMS-initial-mark: 0K(8111744K)] 118920K(8360960K), 0.0745860 secs] [Times: user=0.16 sys=0.00, real=0.07 secs] 
2012-10-19T06:28:12.642-0400: [GC [ParNew: 240246K->20491K(249216K), 0.0360500 secs] 240246K->40650K(8360960K), 0.0361160 secs] [Times: user=0.23 sys=0.03, real=0.04 secs] 
2012-10-19T06:28:15.584-0400: [GC[YG occupancy: 133131 K (249216 K)][Rescan (parallel) , 0.0528560 secs][weak refs processing, 0.0000120 secs] [1 CMS-remark: 20159K(8111744K)] 153290K(8360960K), 0.0529980 secs] [Times: user=0.08 sys=0.00, real=0.06 secs] 
2012-10-19T06:28:28.389-0400: [GC [ParNew: 242059K->18933K(249216K), 0.0224340 secs] 262218K->53468K(8360960K) icms_dc=5 , 0.0226440 secs] [Times: user=0.20 sys=0.03, real=0.02 secs] 
2012-10-19T07:05:33.645-0400: [GC [1 CMS-initial-mark: 34534K(8111744K)] 158803K(8360960K), 0.0482610 secs] [Times: user=0.05 sys=0.00, real=0.05 secs] 
2012-10-19T07:28:28.416-0400: [Full GC (System) [CMS CMS: abort preclean due to time 2012-10-19T07:28:28.439-0400: [CMS-concurrent-abortable-preclean: 0.132/1374.619 secs] [Times: user=1.23 sys=0.18, real=1374.42 secs] 
2012-10-19T08:02:28.773-0400: [GC [1 CMS-initial-mark: 47661K(8111744K)] 152938K(8360960K), 0.0505800 secs] [Times: user=0.05 sys=0.00, real=0.05 secs] 
2012-10-19T08:02:33.937-0400: [GC[YG occupancy: 105481 K (249216 K)][Rescan (parallel) , 0.0552980 secs][weak refs processing, 0.0000180 secs] [1 CMS-remark: 47661K(8111744K)] 153142K(8360960K), 0.0554130 secs] [Times: user=0.06 sys=0.00, real=0.06 secs] 
2012-10-19T08:21:00.966-0400: [GC [ParNew: 221568K->9600K(249216K), 0.0032050 secs] 268911K->56944K(8360960K) icms_dc=0 , 0.0033960 secs] [Times: user=0.03 sys=0.00, real=0.00 secs] 
2012-10-19T08:42:56.159-0400: [GC [ParNew: 231168K->10795K(249216K), 0.0045010 secs] 278512K->58139K(8360960K) icms_dc=0 , 0.0047020 secs] [Times: user=0.05 sys=0.00, real=0.00 secs] 
2012-10-19T08:44:11.777-0400: [GC [ParNew: 232363K->21533K(249216K), 0.0069220 secs] 279707K->68877K(8360960K) icms_dc=0 , 0.0071360 secs] [Times: user=0.08 sys=0.00, real=0.00 secs] 
2012-10-19T08:54:26.514-0400: [GC [ParNew: 243101K->21577K(249216K), 0.0129450 secs] 290445K->73481K(8360960K) icms_dc=0 , 0.0131540 secs] [Times: user=0.10 sys=0.01, real=0.02 secs] 
2012-10-19T09:02:34.312-0400: [Full GC (System) [CMS[Unloading class sun.reflect.GeneratedConstructorAccessor27]
2012-10-19T09:02:34.717-0400: [GC [1 CMS-initial-mark: 63646K(8111744K)] 63667K(8360960K), 0.0019610 secs] [Times: user=0.00 sys=0.00, real=0.00 secs] 
2012-10-19T09:11:54.327-0400: [GC [ParNew: 221568K->14388K(249216K), 0.0042020 secs] 285214K->78035K(8360960K) icms_dc=0 , 0.0043590 secs] [Times: user=0.04 sys=0.00, real=0.01 secs] 
2012-10-19T09:20:36.746-0400: [GC [ParNew: 235956K->4674K(249216K), 0.0073690 secs] 299603K->68321K(8360960K) icms_dc=0 , 0.0075280 secs] [Times: user=0.06 sys=0.03, real=0.01 secs] 
2012-10-19T09:26:11.062-0400: [GC [ParNew: 226242K->3384K(249216K), 0.0099740 secs] 289889K->67031K(8360960K) icms_dc=0 , 0.0101370 secs] [Times: user=0.11 sys=0.02, real=0.01 secs] 
2012-10-19T09:28:00.210-0400: [GC [ParNew: 224952K->3937K(249216K), 0.0147110 secs] 288599K->67584K(8360960K) icms_dc=0 , 0.0148850 secs] [Times: user=0.14 sys=0.04, real=0.01 secs] 
2012-10-19T09:29:10.066-0400: [GC [ParNew: 225505K->4338K(249216K), 0.0194540 secs] 289152K->68763K(8360960K) icms_dc=0 , 0.0196260 secs] [Times: user=0.17 sys=0.06, real=0.02 secs] 
2012-10-19T09:30:00.464-0400: [GC [ParNew: 225906K->5774K(249216K), 0.0301630 secs] 290331K->70894K(8360960K) icms_dc=0 , 0.0303800 secs] [Times: user=0.10 sys=0.02, real=0.03 secs] 
2012-10-19T09:30:03.686-0400: [GC [ParNew: 227342K->7382K(249216K), 0.0209900 secs] 292462K->73285K(8360960K) icms_dc=0 , 0.0211580 secs] [Times: user=0.16 sys=0.04, real=0.02 secs] 
2012-10-19T09:30:07.048-0400: [GC [ParNew: 228950K->6945K(249216K), 0.0224360 secs] 294853K->73527K(8360960K) icms_dc=0 , 0.0226490 secs] [Times: user=0.17 sys=0.05, real=0.02 secs] 
2012-10-19T09:30:14.893-0400: [GC [ParNew: 228513K->6366K(249216K), 0.0149350 secs] 295095K->73490K(8360960K) icms_dc=0 , 0.0151270 secs] [Times: user=0.12 sys=0.05, real=0.02 secs] 
2012-10-19T09:30:23.233-0400: [GC [ParNew: 227934K->5048K(249216K), 0.0155530 secs] 295058K->73268K(8360960K) icms_dc=0 , 0.0157570 secs] [Times: user=0.11 sys=0.03, real=0.01 secs] 
2012-10-19T09:30:34.143-0400: [GC [ParNew: 226616K->4591K(249216K), 0.0109160 secs] 294836K->73929K(8360960K) icms_dc=0 , 0.0111030 secs] [Times: user=0.09 sys=0.03, real=0.01 secs] 
2012-10-19T09:30:43.849-0400: [GC [ParNew: 226159K->3050K(249216K), 0.0118550 secs] 295497K->73382K(8360960K) icms_dc=0 , 0.0120680 secs] [Times: user=0.10 sys=0.03, real=0.01 secs] 
2012-10-19T09:30:52.108-0400: [GC [ParNew: 224618K->2764K(249216K), 0.0127630 secs] 294950K->73440K(8360960K) icms_dc=0 , 0.0129380 secs] [Times: user=0.12 sys=0.02, real=0.01 secs] 
2012-10-19T09:31:02.997-0400: [GC [ParNew: 224332K->3222K(249216K), 0.0105490 secs] 295008K->74293K(8360960K) icms_dc=0 , 0.0107290 secs] [Times: user=0.09 sys=0.03, real=0.01 secs] 
2012-10-19T09:31:12.965-0400: [GC [ParNew: 224790K->2974K(249216K), 0.0102010 secs] 295861K->74378K(8360960K) icms_dc=0 , 0.0103710 secs] [Times: user=0.10 sys=0.03, real=0.01 secs] 
2012-10-19T09:31:27.668-0400: [GC [ParNew: 224542K->3116K(249216K), 0.0098570 secs] 295946K->74866K(8360960K) icms_dc=0 , 0.0100450 secs] [Times: user=0.08 sys=0.03, real=0.01 secs] 
2012-10-19T09:31:39.091-0400: [GC [ParNew: 224684K->3034K(249216K), 0.0101850 secs] 296434K->75079K(8360960K) icms_dc=0 , 0.0103570 secs] [Times: user=0.09 sys=0.03, real=0.01 secs] 
2012-10-19T09:31:47.360-0400: [GC [ParNew: 224602K->3382K(249216K), 0.0102520 secs] 296647K->75776K(8360960K) icms_dc=0 , 0.0104270 secs] [Times: user=0.10 sys=0.03, real=0.01 secs] 
2012-10-19T09:31:58.024-0400: [GC [ParNew: 224950K->3349K(249216K), 0.0103030 secs] 297344K->76063K(8360960K) icms_dc=0 , 0.0104810 secs] [Times: user=0.09 sys=0.02, real=0.01 secs] 
2012-10-19T09:32:06.025-0400: [GC [ParNew: 224917K->3200K(249216K), 0.0111810 secs] 297631K->76374K(8360960K) icms_dc=0 , 0.0114040 secs] [Times: user=0.10 sys=0.03, real=0.01 secs] 
2012-10-19T09:32:18.995-0400: [GC [ParNew: 224768K->2921K(249216K), 0.0103170 secs] 297942K->76539K(8360960K) icms_dc=0 , 0.0104970 secs] [Times: user=0.11 sys=0.02, real=0.01 secs] 
2012-10-19T09:32:31.051-0400: [GC [ParNew: 224489K->3023K(249216K), 0.0108610 secs] 298107K->77018K(8360960K) icms_dc=0 , 0.0110330 secs] [Times: user=0.10 sys=0.02, real=0.01 secs] 
2012-10-19T09:32:39.781-0400: [GC [ParNew: 224591K->2696K(249216K), 0.0099480 secs] 298586K->76962K(8360960K) icms_dc=0 , 0.0101270 secs] [Times: user=0.09 sys=0.03, real=0.01 secs] 
2012-10-19T09:32:49.076-0400: [GC [ParNew: 224264K->3065K(249216K), 0.0118580 secs] 298530K->77575K(8360960K) icms_dc=0 , 0.0120220 secs] [Times: user=0.11 sys=0.02, real=0.01 secs] 
2012-10-19T09:32:58.146-0400: [GC [ParNew: 224633K->2647K(249216K), 0.0096720 secs] 299143K->77665K(8360960K) icms_dc=0 , 0.0098490 secs] [Times: user=0.09 sys=0.03, real=0.01 secs] 
2012-10-19T09:33:12.119-0400: [GC [ParNew: 224215K->2434K(249216K), 0.0105190 secs] 299233K->77740K(8360960K) icms_dc=0 , 0.0106840 secs] [Times: user=0.10 sys=0.03, real=0.01 secs] 
2012-10-19T09:33:24.851-0400: [GC [ParNew: 224002K->3527K(249216K), 0.0105500 secs] 299308K->79139K(8360960K) icms_dc=0 , 0.0107380 secs] [Times: user=0.09 sys=0.03, real=0.01 secs] 
2012-10-19T09:33:40.405-0400: [GC [ParNew: 225095K->4303K(249216K), 0.0102020 secs] 300707K->80179K(8360960K) icms_dc=0 , 0.0103960 secs] [Times: user=0.09 sys=0.02, real=0.01 secs] 
2012-10-19T09:33:53.704-0400: [GC [ParNew: 225871K->4115K(249216K), 0.0105590 secs] 301747K->80275K(8360960K) icms_dc=0 , 0.0107420 secs] [Times: user=0.10 sys=0.03, real=0.01 secs] 
2012-10-19T09:34:04.324-0400: [GC [ParNew: 225683K->4272K(249216K), 0.0118710 secs] 301843K->80688K(8360960K) icms_dc=0 , 0.0120530 secs] [Times: user=0.11 sys=0.03, real=0.01 secs] 
2012-10-19T09:34:14.930-0400: [GC [ParNew: 225840K->3949K(249216K), 0.0112390 secs] 302256K->81365K(8360960K) icms_dc=0 , 0.0114330 secs] [Times: user=0.09 sys=0.03, real=0.01 secs] 
2012-10-19T09:34:26.302-0400: [GC [ParNew: 225517K->3606K(249216K), 0.0105770 secs] 302933K->81691K(8360960K) icms_dc=0 , 0.0107610 secs] [Times: user=0.09 sys=0.03, real=0.01 secs] 
2012-10-19T09:34:39.609-0400: [GC [ParNew: 225174K->3453K(249216K), 0.0091390 secs] 303259K->81835K(8360960K) icms_dc=0 , 0.0093120 secs] [Times: user=0.09 sys=0.01, real=0.01 secs] 
2012-10-19T09:34:52.714-0400: [GC [ParNew: 225021K->3607K(249216K), 0.0108220 secs] 303403K->82303K(8360960K) icms_dc=0 , 0.0109960 secs] [Times: user=0.11 sys=0.01, real=0.01 secs] 
2012-10-19T09:35:02.050-0400: [GC [ParNew: 225175K->4802K(249216K), 0.0153210 secs] 303871K->84176K(8360960K) icms_dc=0 , 0.0155540 secs] [Times: user=0.13 sys=0.03, real=0.02 secs] 
2012-10-19T09:35:07.143-0400: [GC [ParNew: 226370K->7432K(249216K), 0.0125130 secs] 305744K->87236K(8360960K) icms_dc=0 , 0.0126890 secs] [Times: user=0.10 sys=0.04, real=0.01 secs] 
2012-10-19T09:35:10.976-0400: [GC [ParNew: 229000K->9729K(249216K), 0.0130320 secs] 308804K->89963K(8360960K) icms_dc=0 , 0.0132260 secs] [Times: user=0.10 sys=0.04, real=0.01 secs] 
2012-10-19T09:35:15.667-0400: [GC [ParNew: 231297K->9942K(249216K), 0.0091490 secs] 311531K->90462K(8360960K) icms_dc=0 , 0.0093450 secs] [Times: user=0.07 sys=0.02, real=0.01 secs] 
2012-10-19T09:35:20.631-0400: [GC [ParNew: 231510K->9745K(249216K), 0.0129400 secs] 312030K->91287K(8360960K) icms_dc=0 , 0.0131200 secs] [Times: user=0.13 sys=0.01, real=0.02 secs] 
2012-10-19T09:35:27.650-0400: [GC [ParNew: 231313K->7871K(249216K), 0.0104940 secs] 312855K->91150K(8360960K) icms_dc=0 , 0.0106790 secs] [Times: user=0.06 sys=0.01, real=0.01 secs] 
2012-10-19T09:35:33.230-0400: [GC [ParNew: 229439K->7348K(249216K), 0.0108940 secs] 312718K->91709K(8360960K) icms_dc=0 , 0.0110900 secs] [Times: user=0.07 sys=0.01, real=0.01 secs] 
2012-10-19T09:35:39.431-0400: [GC [ParNew: 228916K->5960K(249216K), 0.0127770 secs] 313277K->91865K(8360960K) icms_dc=0 , 0.0129440 secs] [Times: user=0.10 sys=0.02, real=0.01 secs] 
2012-10-19T09:35:46.083-0400: [GC [ParNew: 227528K->5624K(249216K), 0.0099080 secs] 313433K->92397K(8360960K) icms_dc=0 , 0.0100850 secs] [Times: user=0.08 sys=0.02, real=0.01 secs] 
2012-10-19T09:35:51.667-0400: [GC [ParNew: 227192K->5138K(249216K), 0.0105180 secs] 313965K->92749K(8360960K) icms_dc=0 , 0.0106890 secs] [Times: user=0.09 sys=0.02, real=0.01 secs] 
2012-10-19T09:35:57.438-0400: [GC [ParNew: 226706K->4363K(249216K), 0.0086110 secs] 314317K->92661K(8360960K) icms_dc=0 , 0.0087730 secs] [Times: user=0.09 sys=0.01, real=0.01 secs] 
2012-10-19T09:36:03.491-0400: [GC [ParNew: 225931K->4920K(249216K), 0.0097800 secs] 314229K->93789K(8360960K) icms_dc=0 , 0.0099470 secs] [Times: user=0.10 sys=0.01, real=0.01 secs] 
2012-10-19T09:36:10.813-0400: [GC [ParNew: 226488K->4584K(249216K), 0.0088200 secs] 315357K->94133K(8360960K) icms_dc=0 , 0.0090130 secs] [Times: user=0.08 sys=0.02, real=0.01 secs] 
2012-10-19T09:36:18.143-0400: [GC [ParNew: 226152K->4289K(249216K), 0.0098630 secs] 315701K->94337K(8360960K) icms_dc=0 , 0.0100600 secs] [Times: user=0.09 sys=0.03, real=0.01 secs] 
2012-10-19T09:36:26.863-0400: [GC [ParNew: 225857K->4362K(249216K), 0.0093210 secs] 315905K->94771K(8360960K) icms_dc=0 , 0.0094860 secs] [Times: user=0.09 sys=0.02, real=0.01 secs] 
2012-10-19T09:36:34.800-0400: [GC [ParNew: 225930K->4278K(249216K), 0.0093310 secs] 316339K->95507K(8360960K) icms_dc=0 , 0.0094950 secs] [Times: user=0.09 sys=0.02, real=0.01 secs] 
2012-10-19T09:36:45.780-0400: [GC [ParNew: 225846K->5174K(249216K), 0.0078150 secs] 317075K->96775K(8360960K) icms_dc=0 , 0.0079820 secs] [Times: user=0.05 sys=0.02, real=0.01 secs] 
2012-10-19T09:36:54.339-0400: [GC [ParNew: 226742K->5112K(249216K), 0.0095200 secs] 318343K->97247K(8360960K) icms_dc=0 , 0.0097030 secs] [Times: user=0.07 sys=0.01, real=0.01 secs] 
2012-10-19T09:37:00.348-0400: [GC [ParNew: 226680K->4714K(249216K), 0.0100630 secs] 318815K->97490K(8360960K) icms_dc=0 , 0.0102530 secs] [Times: user=0.08 sys=0.03, real=0.02 secs] 
2012-10-19T09:37:09.555-0400: [GC [ParNew: 226282K->4648K(249216K), 0.0092700 secs] 319058K->97913K(8360960K) icms_dc=0 , 0.0094470 secs] [Times: user=0.08 sys=0.02, real=0.01 secs] 
2012-10-19T09:37:19.545-0400: [GC [ParNew: 226216K->4350K(249216K), 0.0104810 secs] 319481K->98296K(8360960K) icms_dc=0 , 0.0106770 secs] [Times: user=0.09 sys=0.02, real=0.01 secs] 
2012-10-19T09:37:27.631-0400: [GC [ParNew: 225918K->4727K(249216K), 0.0080590 secs] 319864K->99125K(8360960K) icms_dc=0 , 0.0082490 secs] [Times: user=0.06 sys=0.01, real=0.01 secs] 
2012-10-19T09:37:36.259-0400: [GC [ParNew: 226295K->4993K(249216K), 0.0094630 secs] 320693K->100010K(8360960K) icms_dc=0 , 0.0096570 secs] [Times: user=0.09 sys=0.02, real=0.01 secs] 
2012-10-19T09:37:44.133-0400: [GC [ParNew: 226561K->4589K(249216K), 0.0087570 secs] 321578K->100213K(8360960K) icms_dc=0 , 0.0089520 secs] [Times: user=0.08 sys=0.03, real=0.01 secs] 
2012-10-19T09:37:53.555-0400: [GC [ParNew: 226157K->4344K(249216K), 0.0087510 secs] 321781K->100521K(8360960K) icms_dc=0 , 0.0089400 secs] [Times: user=0.08 sys=0.02, real=0.01 secs] 
2012-10-19T09:38:00.099-0400: [GC [ParNew: 225912K->4122K(249216K), 0.0102560 secs] 322089K->100963K(8360960K) icms_dc=0 , 0.0104390 secs] [Times: user=0.10 sys=0.02, real=0.01 secs] 
2012-10-19T09:38:07.065-0400: [GC [ParNew: 225690K->4104K(249216K), 0.0102620 secs] 322531K->101377K(8360960K) icms_dc=0 , 0.0104780 secs] [Times: user=0.09 sys=0.01, real=0.01 secs] 
2012-10-19T09:38:15.823-0400: [GC [ParNew: 225672K->3719K(249216K), 0.0098060 secs] 322945K->101817K(8360960K) icms_dc=0 , 0.0100020 secs] [Times: user=0.09 sys=0.02, real=0.01 secs] 
2012-10-19T09:38:23.495-0400: [GC [ParNew: 225287K->4298K(249216K), 0.0085680 secs] 323385K->102982K(8360960K) icms_dc=0 , 0.0087460 secs] [Times: user=0.07 sys=0.01, real=0.01 secs] 
2012-10-19T09:38:31.490-0400: [GC [ParNew: 225866K->3510K(249216K), 0.0095900 secs] 324550K->102586K(8360960K) icms_dc=0 , 0.0097720 secs] [Times: user=0.10 sys=0.01, real=0.01 secs] 
2012-10-19T09:38:38.965-0400: [GC [ParNew: 225078K->3365K(249216K), 0.0085070 secs] 324154K->102865K(8360960K) icms_dc=0 , 0.0086700 secs] [Times: user=0.08 sys=0.02, real=0.01 secs] 
2012-10-19T09:38:45.112-0400: [GC [ParNew: 224933K->4892K(249216K), 0.0104310 secs] 324433K->104788K(8360960K) icms_dc=0 , 0.0105870 secs] [Times: user=0.09 sys=0.02, real=0.01 secs] 
2012-10-19T09:38:52.000-0400: [GC [ParNew: 226460K->4625K(249216K), 0.0103570 secs] 326356K->105151K(8360960K) icms_dc=0 , 0.0105130 secs] [Times: user=0.08 sys=0.02, real=0.01 secs] 
2012-10-19T09:38:59.939-0400: [GC [ParNew: 226193K->4030K(249216K), 0.0095650 secs] 326719K->105155K(8360960K) icms_dc=0 , 0.0097330 secs] [Times: user=0.09 sys=0.03, real=0.01 secs] 
2012-10-19T09:39:05.681-0400: [GC [ParNew: 225598K->3700K(249216K), 0.0085520 secs] 326723K->105185K(8360960K) icms_dc=0 , 0.0087140 secs] [Times: user=0.07 sys=0.03, real=0.01 secs] 
2012-10-19T09:39:13.336-0400: [GC [ParNew: 225268K->4175K(249216K), 0.0111150 secs] 326753K->106240K(8360960K) icms_dc=0 , 0.0112950 secs] [Times: user=0.08 sys=0.02, real=0.01 secs] 
2012-10-19T09:39:25.267-0400: [GC [ParNew: 225743K->4043K(249216K), 0.0081010 secs] 327808K->106587K(8360960K) icms_dc=0 , 0.0082920 secs] [Times: user=0.07 sys=0.03, real=0.01 secs] 
2012-10-19T09:39:35.349-0400: [GC [ParNew: 225611K->3942K(249216K), 0.0096220 secs] 328155K->106753K(8360960K) icms_dc=0 , 0.0097870 secs] [Times: user=0.10 sys=0.02, real=0.01 secs] 
2012-10-19T09:39:45.687-0400: [GC [ParNew: 225510K->5333K(249216K), 0.0101990 secs] 328321K->108576K(8360960K) icms_dc=0 , 0.0103610 secs] [Times: user=0.08 sys=0.02, real=0.01 secs] 
2012-10-19T09:39:54.807-0400: [GC [ParNew: 226901K->4292K(249216K), 0.0094310 secs] 330144K->108115K(8360960K) icms_dc=0 , 0.0095930 secs] [Times: user=0.09 sys=0.02, real=0.01 secs] 
2012-10-19T09:40:02.741-0400: [GC [ParNew: 225860K->4229K(249216K), 0.0083020 secs] 329683K->108623K(8360960K) icms_dc=0 , 0.0084630 secs] [Times: user=0.06 sys=0.02, real=0.01 secs] 
2012-10-19T09:40:12.118-0400: [GC [ParNew: 225797K->3668K(249216K), 0.0103830 secs] 330191K->108727K(8360960K) icms_dc=0 , 0.0105590 secs] [Times: user=0.08 sys=0.03, real=0.01 secs] 
2012-10-19T09:40:20.215-0400: [GC [ParNew: 225236K->3994K(249216K), 0.0078310 secs] 330295K->109621K(8360960K) icms_dc=0 , 0.0080020 secs] [Times: user=0.07 sys=0.03, real=0.01 secs] 
2012-10-19T09:40:30.508-0400: [GC [ParNew: 225562K->3990K(249216K), 0.0094480 secs] 331189K->110136K(8360960K) icms_dc=0 , 0.0096080 secs] [Times: user=0.09 sys=0.02, real=0.01 secs] 
2012-10-19T09:40:37.082-0400: [GC [ParNew: 225558K->4692K(249216K), 0.0119570 secs] 331704K->111282K(8360960K) icms_dc=0 , 0.0121890 secs] [Times: user=0.06 sys=0.01, real=0.01 secs] 
2012-10-19T09:40:46.132-0400: [GC [ParNew: 226260K->4596K(249216K), 0.0120880 secs] 332850K->111752K(8360960K) icms_dc=0 , 0.0122690 secs] [Times: user=0.09 sys=0.02, real=0.01 secs] 
2012-10-19T09:40:55.192-0400: [GC [ParNew: 226164K->4283K(249216K), 0.0080430 secs] 333320K->111936K(8360960K) icms_dc=0 , 0.0082110 secs] [Times: user=0.07 sys=0.03, real=0.01 secs] 
2012-10-19T09:41:01.991-0400: [GC [ParNew: 225851K->4452K(249216K), 0.0143330 secs] 333504K->112624K(8360960K) icms_dc=0 , 0.0145190 secs] [Times: user=0.11 sys=0.02, real=0.02 secs] 
2012-10-19T09:41:10.037-0400: [GC [ParNew: 226020K->3588K(249216K), 0.0089440 secs] 334192K->112325K(8360960K) icms_dc=0 , 0.0091240 secs] [Times: user=0.07 sys=0.03, real=0.01 secs] 
2012-10-19T09:41:17.489-0400: [GC [ParNew: 225156K->4612K(249216K), 0.0132450 secs] 333893K->114044K(8360960K) icms_dc=0 , 0.0134650 secs] [Times: user=0.09 sys=0.02, real=0.01 secs] 
2012-10-19T09:41:22.479-0400: [GC [ParNew: 226180K->3367K(249216K), 0.0095500 secs] 335612K->113435K(8360960K) icms_dc=0 , 0.0097460 secs] [Times: user=0.07 sys=0.02, real=0.01 secs] 
2012-10-19T09:41:28.275-0400: [GC [ParNew: 224935K->3680K(249216K), 0.0089210 secs] 335003K->114069K(8360960K) icms_dc=0 , 0.0091040 secs] [Times: user=0.08 sys=0.03, real=0.01 secs] 
2012-10-19T09:41:29.856-0400: [GC [ParNew: 225248K->3746K(249216K), 0.0110960 secs] 335637K->114609K(8360960K) icms_dc=0 , 0.0112840 secs] [Times: user=0.09 sys=0.03, real=0.01 secs] 
2012-10-19T09:41:33.328-0400: [GC [ParNew: 225314K->3822K(249216K), 0.0089300 secs] 336177K->115225K(8360960K) icms_dc=0 , 0.0091160 secs] [Times: user=0.08 sys=0.02, real=0.00 secs] 
2012-10-19T09:41:36.671-0400: [GC [ParNew: 225390K->3188K(249216K), 0.0089210 secs] 336793K->115151K(8360960K) icms_dc=0 , 0.0090860 secs] [Times: user=0.07 sys=0.01, real=0.01 secs] 
2012-10-19T09:41:41.630-0400: [GC [ParNew: 224756K->3337K(249216K), 0.0096500 secs] 336719K->115799K(8360960K) icms_dc=0 , 0.0098220 secs] [Times: user=0.09 sys=0.03, real=0.01 secs] 
2012-10-19T09:41:48.402-0400: [GC [ParNew: 224905K->3603K(249216K), 0.0099640 secs] 337367K->116604K(8360960K) icms_dc=0 , 0.0101660 secs] [Times: user=0.07 sys=0.02, real=0.01 secs] 
2012-10-19T09:41:58.268-0400: [GC [ParNew: 225171K->3964K(249216K), 0.0109860 secs] 338172K->117330K(8360960K) icms_dc=0 , 0.0111700 secs] [Times: user=0.08 sys=0.01, real=0.01 secs] 
2012-10-19T09:42:08.011-0400: [GC [ParNew: 225532K->3541K(249216K), 0.0094560 secs] 338898K->117365K(8360960K) icms_dc=0 , 0.0096530 secs] [Times: user=0.10 sys=0.02, real=0.01 secs] 
2012-10-19T09:42:16.483-0400: [GC [ParNew: 225109K->4976K(249216K), 0.0059660 secs] 338933K->119183K(8360960K) icms_dc=0 , 0.0061560 secs] [Times: user=0.06 sys=0.01, real=0.01 secs] 
2012-10-19T09:42:25.347-0400: [GC [ParNew: 226544K->5334K(249216K), 0.0098770 secs] 340751K->119921K(8360960K) icms_dc=0 , 0.0100950 secs] [Times: user=0.08 sys=0.02, real=0.01 secs] 
2012-10-19T09:42:28.970-0400: [GC [ParNew: 226902K->4430K(249216K), 0.0084230 secs] 341489K->119584K(8360960K) icms_dc=0 , 0.0086070 secs] [Times: user=0.08 sys=0.02, real=0.01 secs] 
2012-10-19T09:42:36.223-0400: [GC [ParNew: 225998K->4858K(249216K), 0.0091310 secs] 341152K->120622K(8360960K) icms_dc=0 , 0.0093030 secs] [Times: user=0.09 sys=0.02, real=0.01 secs] 
2012-10-19T09:42:45.028-0400: [GC [ParNew: 226426K->3901K(249216K), 0.0094230 secs] 342190K->120596K(8360960K) icms_dc=0 , 0.0096400 secs] [Times: user=0.08 sys=0.03, real=0.01 secs] 
2012-10-19T09:42:53.849-0400: [GC [ParNew: 225469K->3550K(249216K), 0.0093150 secs] 342164K->120786K(8360960K) icms_dc=0 , 0.0094970 secs] [Times: user=0.10 sys=0.02, real=0.01 secs] 
2012-10-19T09:43:05.178-0400: [GC [ParNew: 225118K->4254K(249216K), 0.0060570 secs] 342354K->121691K(8360960K) icms_dc=0 , 0.0062310 secs] [Times: user=0.06 sys=0.01, real=0.01 secs] 
2012-10-19T09:43:16.240-0400: [GC [ParNew: 225822K->3801K(249216K), 0.0095370 secs] 343259K->121841K(8360960K) icms_dc=0 , 0.0097240 secs] [Times: user=0.09 sys=0.02, real=0.01 secs] 
2012-10-19T09:43:23.044-0400: [GC [ParNew: 225369K->5153K(249216K), 0.0515450 secs] 343409K->123754K(8360960K) icms_dc=0 , 0.0518280 secs] [Times: user=0.39 sys=0.02, real=0.06 secs] 
2012-10-19T09:43:29.514-0400: [GC [ParNew: 226721K->4227K(249216K), 0.0090260 secs] 345322K->123354K(8360960K) icms_dc=0 , 0.0091930 secs] [Times: user=0.07 sys=0.02, real=0.01 secs] 
2012-10-19T09:43:38.218-0400: [GC [ParNew: 225795K->4173K(249216K), 0.0107350 secs] 344922K->123741K(8360960K) icms_dc=0 , 0.0109220 secs] [Times: user=0.08 sys=0.02, real=0.01 secs] 
2012-10-19T09:43:46.423-0400: [GC [ParNew: 225741K->3428K(249216K), 0.0095400 secs] 345309K->123532K(8360960K) icms_dc=0 , 0.0097270 secs] [Times: user=0.09 sys=0.02, real=0.01 secs] 
2012-10-19T09:43:55.797-0400: [GC [ParNew: 224996K->3790K(249216K), 0.0079650 secs] 345100K->124497K(8360960K) icms_dc=0 , 0.0081380 secs] [Times: user=0.07 sys=0.02, real=0.01 secs] 
2012-10-19T09:44:05.014-0400: [GC [ParNew: 225358K->3593K(249216K), 0.0084830 secs] 346065K->124704K(8360960K) icms_dc=0 , 0.0086680 secs] [Times: user=0.09 sys=0.02, real=0.01 secs] 
2012-10-19T09:44:15.744-0400: [GC [ParNew: 225161K->4306K(249216K), 0.0122360 secs] 346272K->125846K(8360960K) icms_dc=0 , 0.0125100 secs] [Times: user=0.05 sys=0.02, real=0.01 secs] 
2012-10-19T09:44:20.784-0400: [GC [ParNew: 225874K->3548K(249216K), 0.0104050 secs] 347414K->125541K(8360960K) icms_dc=0 , 0.0106070 secs] [Times: user=0.08 sys=0.02, real=0.01 secs] 
2012-10-19T09:44:30.780-0400: [GC [ParNew: 225116K->3945K(249216K), 0.0078560 secs] 347109K->126331K(8360960K) icms_dc=0 , 0.0080360 secs] [Times: user=0.08 sys=0.01, real=0.01 secs] 
2012-10-19T09:44:37.180-0400: [GC [ParNew: 225513K->3619K(249216K), 0.0097600 secs] 347899K->126537K(8360960K) icms_dc=0 , 0.0099540 secs] [Times: user=0.10 sys=0.01, real=0.01 secs] 
2012-10-19T09:44:42.605-0400: [GC [ParNew: 225187K->4192K(249216K), 0.0089120 secs] 348105K->127458K(8360960K) icms_dc=0 , 0.0091000 secs] [Times: user=0.07 sys=0.02, real=0.01 secs] 
2012-10-19T09:44:50.185-0400: [GC [ParNew: 225760K->3746K(249216K), 0.0092960 secs] 349026K->127549K(8360960K) icms_dc=0 , 0.0094870 secs] [Times: user=0.08 sys=0.04, real=0.01 secs] 
2012-10-19T09:44:59.900-0400: [GC [ParNew: 225314K->3567K(249216K), 0.0079440 secs] 349117K->127866K(8360960K) icms_dc=0 , 0.0081260 secs] [Times: user=0.09 sys=0.01, real=0.00 secs] 
2012-10-19T09:45:05.561-0400: [GC [ParNew: 225135K->4859K(249216K), 0.0090320 secs] 349434K->129404K(8360960K) icms_dc=0 , 0.0092120 secs] [Times: user=0.09 sys=0.02, real=0.01 secs] 
2012-10-19T09:45:10.370-0400: [GC [ParNew: 226427K->6622K(249216K), 0.0115770 secs] 350972K->131803K(8360960K) icms_dc=0 , 0.0117860 secs] [Times: user=0.09 sys=0.03, real=0.02 secs] 
2012-10-19T09:45:16.090-0400: [GC [ParNew: 228190K->8673K(249216K), 0.0127780 secs] 353371K->134334K(8360960K) icms_dc=0 , 0.0129760 secs] [Times: user=0.10 sys=0.03, real=0.02 secs] 
2012-10-19T09:45:22.401-0400: [GC [ParNew: 230241K->10010K(249216K), 0.0111980 secs] 355902K->136178K(8360960K) icms_dc=0 , 0.0114190 secs] [Times: user=0.11 sys=0.03, real=0.02 secs] 
2012-10-19T09:45:28.847-0400: [GC [ParNew: 231578K->9405K(249216K), 0.0073030 secs] 357746K->136412K(8360960K) icms_dc=0 , 0.0075050 secs] [Times: user=0.07 sys=0.01, real=0.01 secs] 
2012-10-19T09:45:35.039-0400: [GC [ParNew: 230973K->8067K(249216K), 0.0112340 secs] 357980K->137134K(8360960K) icms_dc=0 , 0.0114400 secs] [Times: user=0.08 sys=0.02, real=0.01 secs] 
2012-10-19T09:45:42.511-0400: [GC [ParNew: 229635K->4232K(249216K), 0.0121040 secs] 358702K->135540K(8360960K) icms_dc=0 , 0.0123200 secs] [Times: user=0.08 sys=0.03, real=0.01 secs] 
2012-10-19T09:45:49.036-0400: [GC [ParNew: 225800K->4026K(249216K), 0.0097780 secs] 357108K->135877K(8360960K) icms_dc=0 , 0.0100150 secs] [Times: user=0.08 sys=0.02, real=0.01 secs] 
2012-10-19T09:45:56.358-0400: [GC [ParNew: 225594K->4280K(249216K), 0.0092380 secs] 357445K->136704K(8360960K) icms_dc=0 , 0.0094190 secs] [Times: user=0.09 sys=0.02, real=0.01 secs] 
2012-10-19T09:46:06.850-0400: [GC [ParNew: 225848K->3853K(249216K), 0.0095770 secs] 358272K->136699K(8360960K) icms_dc=0 , 0.0097560 secs] [Times: user=0.09 sys=0.02, real=0.01 secs] 
2012-10-19T09:46:13.922-0400: [GC [ParNew: 225421K->4367K(249216K), 0.0117420 secs] 358267K->137568K(8360960K) icms_dc=0 , 0.0119520 secs] [Times: user=0.10 sys=0.03, real=0.01 secs] 
2012-10-19T09:46:20.825-0400: [GC [ParNew: 225935K->4509K(249216K), 0.0108580 secs] 359136K->138355K(8360960K) icms_dc=0 , 0.0110620 secs] [Times: user=0.10 sys=0.02, real=0.01 secs] 
2012-10-19T09:46:30.067-0400: [GC [ParNew: 226077K->4510K(249216K), 0.0053960 secs] 359923K->138825K(8360960K) icms_dc=0 , 0.0055870 secs] [Times: user=0.06 sys=0.00, real=0.01 secs] 
2012-10-19T09:46:41.089-0400: [GC [ParNew: 226078K->5497K(249216K), 0.0106580 secs] 360393K->140279K(8360960K) icms_dc=0 , 0.0108660 secs] [Times: user=0.08 sys=0.02, real=0.01 secs] 
2012-10-19T09:46:50.887-0400: [GC [ParNew: 227065K->5240K(249216K), 0.0103960 secs] 361847K->140571K(8360960K) icms_dc=0 , 0.0105780 secs] [Times: user=0.08 sys=0.01, real=0.01 secs] 
2012-10-19T09:47:00.528-0400: [GC [ParNew: 226808K->5469K(249216K), 0.0084050 secs] 362139K->141278K(8360960K) icms_dc=0 , 0.0085960 secs] [Times: user=0.06 sys=0.02, real=0.01 secs] 
2012-10-19T09:47:06.093-0400: [GC [ParNew: 227037K->5055K(249216K), 0.0111030 secs] 362846K->141547K(8360960K) icms_dc=0 , 0.0112870 secs] [Times: user=0.07 sys=0.02, real=0.01 secs] 
2012-10-19T09:47:17.147-0400: [GC [ParNew: 226623K->4705K(249216K), 0.0109900 secs] 363115K->141897K(8360960K) icms_dc=0 , 0.0112280 secs] [Times: user=0.09 sys=0.02, real=0.01 secs] 
2012-10-19T09:47:27.764-0400: [GC [ParNew: 226273K->4902K(249216K), 0.0086760 secs] 363465K->142660K(8360960K) icms_dc=0 , 0.0088700 secs] [Times: user=0.08 sys=0.01, real=0.01 secs] 
2012-10-19T09:47:36.019-0400: [GC [ParNew: 226470K->4747K(249216K), 0.0095210 secs] 364228K->143055K(8360960K) icms_dc=0 , 0.0096880 secs] [Times: user=0.08 sys=0.02, real=0.01 secs] 
2012-10-19T09:47:46.981-0400: [GC [ParNew: 226315K->5150K(249216K), 0.0078740 secs] 364623K->143984K(8360960K) icms_dc=0 , 0.0080550 secs] [Times: user=0.07 sys=0.02, real=0.01 secs] 
2012-10-19T09:47:54.414-0400: [GC [ParNew: 226718K->5406K(249216K), 0.0092390 secs] 365552K->144828K(8360960K) icms_dc=0 , 0.0094050 secs] [Times: user=0.08 sys=0.02, real=0.01 secs] 
2012-10-19T09:48:03.131-0400: [GC [ParNew: 226974K->5306K(249216K), 0.0128810 secs] 366396K->145410K(8360960K) icms_dc=0 , 0.0131000 secs] [Times: user=0.10 sys=0.03, real=0.01 secs] 
2012-10-19T09:48:09.122-0400: [GC [ParNew: 226874K->4678K(249216K), 0.0107560 secs] 366978K->145533K(8360960K) icms_dc=0 , 0.0109390 secs] [Times: user=0.09 sys=0.02, real=0.01 secs] 
2012-10-19T09:48:14.473-0400: [GC [ParNew: 226246K->4233K(249216K), 0.0111160 secs] 367101K->145897K(8360960K) icms_dc=0 , 0.0113160 secs] [Times: user=0.08 sys=0.02, real=0.01 secs] 
2012-10-19T09:48:21.764-0400: [GC [ParNew: 225801K->4408K(249216K), 0.0081520 secs] 367465K->146494K(8360960K) icms_dc=0 , 0.0083230 secs] [Times: user=0.08 sys=0.02, real=0.01 secs] 
2012-10-19T09:48:30.325-0400: [GC [ParNew: 225976K->4064K(249216K), 0.0090500 secs] 368062K->146599K(8360960K) icms_dc=0 , 0.0092310 secs] [Times: user=0.09 sys=0.02, real=0.01 secs] 
2012-10-19T09:48:38.493-0400: [GC [ParNew: 225632K->4496K(249216K), 0.0088080 secs] 368167K->147556K(8360960K) icms_dc=0 , 0.0089810 secs] [Times: user=0.09 sys=0.01, real=0.01 secs] 
2012-10-19T09:48:49.091-0400: [GC [ParNew: 226064K->4034K(249216K), 0.0092840 secs] 369124K->147654K(8360960K) icms_dc=0 , 0.0094740 secs] [Times: user=0.08 sys=0.03, real=0.01 secs] 
2012-10-19T09:48:57.807-0400: [GC [ParNew: 225602K->4773K(249216K), 0.0099490 secs] 369222K->148891K(8360960K) icms_dc=0 , 0.0101670 secs] [Times: user=0.08 sys=0.03, real=0.01 secs] 
2012-10-19T09:49:05.070-0400: [GC [ParNew: 226341K->4409K(249216K), 0.0098680 secs] 370459K->149102K(8360960K) icms_dc=0 , 0.0100760 secs] [Times: user=0.08 sys=0.02, real=0.01 secs] 
2012-10-19T09:49:14.777-0400: [GC [ParNew: 225977K->3808K(249216K), 0.0092800 secs] 370670K->149139K(8360960K) icms_dc=0 , 0.0094490 secs] [Times: user=0.08 sys=0.02, real=0.01 secs] 
2012-10-19T09:49:24.058-0400: [GC [ParNew: 225376K->4062K(249216K), 0.0092540 secs] 370707K->149932K(8360960K) icms_dc=0 , 0.0094260 secs] [Times: user=0.10 sys=0.01, real=0.01 secs] 
2012-10-19T09:49:36.008-0400: [GC [ParNew: 225630K->4048K(249216K), 0.0135880 secs] 371500K->150338K(8360960K) icms_dc=0 , 0.0137800 secs] [Times: user=0.12 sys=0.03, real=0.02 secs] 
2012-10-19T09:49:46.623-0400: [GC [ParNew: 225616K->4746K(249216K), 0.0100090 secs] 371906K->151357K(8360960K) icms_dc=0 , 0.0102040 secs] [Times: user=0.09 sys=0.02, real=0.01 secs] 
2012-10-19T09:49:55.176-0400: [GC [ParNew: 226314K->4944K(249216K), 0.0106390 secs] 372925K->151972K(8360960K) icms_dc=0 , 0.0108090 secs] [Times: user=0.09 sys=0.03, real=0.01 secs] 
2012-10-19T09:50:02.501-0400: [GC [ParNew: 226512K->4211K(249216K), 0.0090050 secs] 373540K->151914K(8360960K) icms_dc=0 , 0.0091930 secs] [Times: user=0.08 sys=0.02, real=0.01 secs] 
2012-10-19T09:50:07.997-0400: [GC [ParNew: 225779K->5143K(249216K), 0.0099910 secs] 373482K->153505K(8360960K) icms_dc=0 , 0.0101750 secs] [Times: user=0.08 sys=0.02, real=0.01 secs] 
2012-10-19T09:50:15.954-0400: [GC [ParNew: 226711K->5282K(249216K), 0.0071760 secs] 375073K->154372K(8360960K) icms_dc=0 , 0.0073590 secs] [Times: user=0.07 sys=0.01, real=0.01 secs] 
2012-10-19T09:50:22.468-0400: [GC [ParNew: 226850K->5017K(249216K), 0.0106610 secs] 375940K->154655K(8360960K) icms_dc=0 , 0.0108580 secs] [Times: user=0.09 sys=0.01, real=0.01 secs] 
2012-10-19T09:50:31.943-0400: [GC [ParNew: 226585K->5275K(249216K), 0.0096010 secs] 376223K->155348K(8360960K) icms_dc=0 , 0.0097730 secs] [Times: user=0.08 sys=0.03, real=0.01 secs] 
2012-10-19T09:50:41.148-0400: [GC [ParNew: 226843K->4883K(249216K), 0.0111020 secs] 376916K->155915K(8360960K) icms_dc=0 , 0.0112810 secs] [Times: user=0.11 sys=0.02, real=0.02 secs] 
2012-10-19T09:50:49.798-0400: [GC [ParNew: 226451K->4753K(249216K), 0.0081050 secs] 377483K->156607K(8360960K) icms_dc=0 , 0.0082740 secs] [Times: user=0.08 sys=0.02, real=0.01 secs] 
2012-10-19T09:51:00.888-0400: [GC [ParNew: 226321K->4272K(249216K), 0.0067310 secs] 378175K->156607K(8360960K) icms_dc=0 , 0.0068930 secs] [Times: user=0.07 sys=0.01, real=0.01 secs] 
2012-10-19T09:51:10.491-0400: [GC [ParNew: 225840K->3937K(249216K), 0.0097820 secs] 378175K->156974K(8360960K) icms_dc=0 , 0.0099540 secs] [Times: user=0.09 sys=0.01, real=0.01 secs] 
2012-10-19T09:51:18.270-0400: [GC [ParNew: 225505K->3773K(249216K), 0.0091850 secs] 378542K->157439K(8360960K) icms_dc=0 , 0.0093960 secs] [Times: user=0.09 sys=0.02, real=0.01 secs] 
2012-10-19T09:51:28.305-0400: [GC [ParNew: 225341K->4141K(249216K), 0.0121620 secs] 379007K->158306K(8360960K) icms_dc=0 , 0.0123770 secs] [Times: user=0.08 sys=0.03, real=0.02 secs] 
2012-10-19T09:51:33.841-0400: [GC [ParNew: 225709K->4148K(249216K), 0.0091040 secs] 379874K->158872K(8360960K) icms_dc=0 , 0.0092900 secs] [Times: user=0.08 sys=0.02, real=0.01 secs] 
2012-10-19T09:51:42.692-0400: [GC [ParNew: 225716K->4498K(249216K), 0.0084180 secs] 380440K->159716K(8360960K) icms_dc=0 , 0.0085850 secs] [Times: user=0.08 sys=0.02, real=0.01 secs] 
2012-10-19T09:51:52.354-0400: [GC [ParNew: 226066K->4453K(249216K), 0.0085730 secs] 381284K->160133K(8360960K) icms_dc=0 , 0.0087550 secs] [Times: user=0.08 sys=0.03, real=0.01 secs] 
2012-10-19T09:52:02.531-0400: [GC [ParNew: 226021K->4543K(249216K), 0.0093320 secs] 381701K->160706K(8360960K) icms_dc=0 , 0.0095100 secs] [Times: user=0.08 sys=0.03, real=0.01 secs] 
2012-10-19T09:52:13.184-0400: [GC [ParNew: 226111K->4719K(249216K), 0.0085610 secs] 382274K->161308K(8360960K) icms_dc=0 , 0.0087610 secs] [Times: user=0.08 sys=0.02, real=0.01 secs] 
2012-10-19T09:52:24.271-0400: [GC [ParNew: 226287K->4816K(249216K), 0.0098910 secs] 382876K->162034K(8360960K) icms_dc=0 , 0.0100670 secs] [Times: user=0.10 sys=0.02, real=0.01 secs] 
2012-10-19T09:52:35.649-0400: [GC [ParNew: 226384K->4409K(249216K), 0.0061880 secs] 383602K->162321K(8360960K) icms_dc=0 , 0.0063650 secs] [Times: user=0.06 sys=0.01, real=0.01 secs] 
2012-10-19T09:52:50.211-0400: [GC [ParNew: 225977K->3827K(249216K), 0.0089180 secs] 383889K->162405K(8360960K) icms_dc=0 , 0.0090890 secs] [Times: user=0.08 sys=0.02, real=0.01 secs] 
2012-10-19T09:53:03.701-0400: [GC [ParNew: 225395K->3694K(249216K), 0.0090670 secs] 383973K->162851K(8360960K) icms_dc=0 , 0.0092440 secs] [Times: user=0.08 sys=0.01, real=0.01 secs] 
2012-10-19T09:53:12.599-0400: [GC [ParNew: 225262K->4203K(249216K), 0.0106700 secs] 384419K->163908K(8360960K) icms_dc=0 , 0.0108690 secs] [Times: user=0.08 sys=0.03, real=0.01 secs] 
2012-10-19T09:53:19.899-0400: [GC [ParNew: 225771K->4005K(249216K), 0.0093760 secs] 385476K->164211K(8360960K) icms_dc=0 , 0.0095500 secs] [Times: user=0.08 sys=0.02, real=0.01 secs] 
2012-10-19T09:53:27.336-0400: [GC [ParNew: 225573K->4423K(249216K), 0.0073060 secs] 385779K->165151K(8360960K) icms_dc=0 , 0.0074970 secs] [Times: user=0.07 sys=0.01, real=0.01 secs] 
2012-10-19T09:53:40.842-0400: [GC [ParNew: 225991K->4209K(249216K), 0.0079140 secs] 386719K->165320K(8360960K) icms_dc=0 , 0.0080900 secs] [Times: user=0.07 sys=0.01, real=0.01 secs] 
2012-10-19T09:53:49.682-0400: [GC [ParNew: 225777K->4341K(249216K), 0.0103910 secs] 386888K->165865K(8360960K) icms_dc=0 , 0.0105560 secs] [Times: user=0.10 sys=0.02, real=0.01 secs] 
2012-10-19T09:53:56.173-0400: [GC [ParNew: 225909K->4390K(249216K), 0.0096190 secs] 387433K->166492K(8360960K) icms_dc=0 , 0.0097880 secs] [Times: user=0.08 sys=0.03, real=0.01 secs] 
2012-10-19T09:54:03.365-0400: [GC [ParNew: 225958K->4255K(249216K), 0.0119050 secs] 388060K->167088K(8360960K) icms_dc=0 , 0.0120750 secs] [Times: user=0.10 sys=0.02, real=0.01 secs] 
2012-10-19T09:54:12.171-0400: [GC [ParNew: 225823K->3961K(249216K), 0.0103090 secs] 388656K->167488K(8360960K) icms_dc=0 , 0.0104740 secs] [Times: user=0.09 sys=0.02, real=0.01 secs] 
2012-10-19T09:54:20.298-0400: [GC [ParNew: 225529K->3627K(249216K), 0.0098930 secs] 389056K->167735K(8360960K) icms_dc=0 , 0.0100790 secs] [Times: user=0.09 sys=0.02, real=0.01 secs] 
2012-10-19T09:54:30.703-0400: [GC [ParNew: 225195K->4020K(249216K), 0.0103540 secs] 389303K->168575K(8360960K) icms_dc=0 , 0.0105240 secs] [Times: user=0.10 sys=0.02, real=0.01 secs] 
2012-10-19T09:54:40.816-0400: [GC [ParNew: 225588K->4428K(249216K), 0.0092400 secs] 390143K->169428K(8360960K) icms_dc=0 , 0.0094110 secs] [Times: user=0.08 sys=0.02, real=0.01 secs] 
2012-10-19T09:54:53.453-0400: [GC [ParNew: 225996K->5028K(249216K), 0.0088760 secs] 390996K->170468K(8360960K) icms_dc=0 , 0.0090660 secs] [Times: user=0.08 sys=0.02, real=0.01 secs] 
2012-10-19T09:55:02.602-0400: [GC [ParNew: 226596K->5081K(249216K), 0.0097900 secs] 392036K->171063K(8360960K) icms_dc=0 , 0.0099720 secs] [Times: user=0.09 sys=0.03, real=0.01 secs] 
2012-10-19T09:55:13.662-0400: [GC [ParNew: 226649K->4918K(249216K), 0.0108290 secs] 392631K->171325K(8360960K) icms_dc=0 , 0.0110060 secs] [Times: user=0.10 sys=0.03, real=0.01 secs] 
2012-10-19T09:55:22.731-0400: [GC [ParNew: 226486K->5482K(249216K), 0.0089440 secs] 392893K->172503K(8360960K) icms_dc=0 , 0.0091520 secs] [Times: user=0.06 sys=0.02, real=0.01 secs] 
2012-10-19T09:55:32.359-0400: [GC [ParNew: 227050K->4411K(249216K), 0.0091610 secs] 394071K->172264K(8360960K) icms_dc=0 , 0.0093300 secs] [Times: user=0.09 sys=0.02, real=0.01 secs] 
2012-10-19T09:55:44.870-0400: [GC [ParNew: 225979K->4124K(249216K), 0.0090640 secs] 393832K->172671K(8360960K) icms_dc=0 , 0.0092330 secs] [Times: user=0.08 sys=0.03, real=0.01 secs] 
2012-10-19T09:55:55.087-0400: [GC [ParNew: 225692K->4722K(249216K), 0.0096110 secs] 394239K->173531K(8360960K) icms_dc=0 , 0.0097990 secs] [Times: user=0.09 sys=0.03, real=0.01 secs] 
2012-10-19T09:56:02.183-0400: [GC [ParNew: 226290K->4993K(249216K), 0.0101190 secs] 395099K->174393K(8360960K) icms_dc=0 , 0.0103090 secs] [Times: user=0.09 sys=0.02, real=0.01 secs] 
2012-10-19T09:56:11.759-0400: [GC [ParNew: 226561K->4390K(249216K), 0.0104340 secs] 395961K->174175K(8360960K) icms_dc=0 , 0.0106150 secs] [Times: user=0.11 sys=0.02, real=0.01 secs] 
2012-10-19T09:56:22.765-0400: [GC [ParNew: 225958K->4351K(249216K), 0.0069520 secs] 395743K->174691K(8360960K) icms_dc=0 , 0.0071220 secs] [Times: user=0.07 sys=0.01, real=0.01 secs] 
2012-10-19T09:56:33.535-0400: [GC [ParNew: 225919K->4227K(249216K), 0.0086610 secs] 396259K->175156K(8360960K) icms_dc=0 , 0.0088390 secs] [Times: user=0.07 sys=0.02, real=0.01 secs] 
2012-10-19T09:56:42.363-0400: [GC [ParNew: 225795K->5079K(249216K), 0.0144770 secs] 396724K->176458K(8360960K) icms_dc=0 , 0.0146650 secs] [Times: user=0.10 sys=0.03, real=0.01 secs] 
2012-10-19T09:56:51.528-0400: [GC [ParNew: 226647K->4710K(249216K), 0.0095230 secs] 398026K->176562K(8360960K) icms_dc=0 , 0.0096880 secs] [Times: user=0.09 sys=0.02, real=0.01 secs] 
2012-10-19T09:57:02.607-0400: [GC [ParNew: 226278K->4769K(249216K), 0.0101270 secs] 398130K->177204K(8360960K) icms_dc=0 , 0.0103190 secs] [Times: user=0.09 sys=0.03, real=0.01 secs] 
2012-10-19T09:57:10.668-0400: [GC [ParNew: 226337K->5129K(249216K), 0.0097700 secs] 398772K->178015K(8360960K) icms_dc=0 , 0.0099650 secs] [Times: user=0.08 sys=0.02, real=0.01 secs] 
2012-10-19T09:57:22.685-0400: [GC [ParNew: 226697K->5077K(249216K), 0.0095890 secs] 399583K->178577K(8360960K) icms_dc=0 , 0.0097880 secs] [Times: user=0.09 sys=0.01, real=0.01 secs] 
2012-10-19T09:57:31.313-0400: [GC [ParNew: 226645K->4974K(249216K), 0.0101710 secs] 400145K->179204K(8360960K) icms_dc=0 , 0.0103700 secs] [Times: user=0.08 sys=0.02, real=0.01 secs] 
2012-10-19T09:57:42.308-0400: [GC [ParNew: 226542K->4104K(249216K), 0.0090800 secs] 400772K->179054K(8360960K) icms_dc=0 , 0.0092560 secs] [Times: user=0.08 sys=0.02, real=0.01 secs] 
2012-10-19T09:57:52.848-0400: [GC [ParNew: 225672K->4616K(249216K), 0.0089650 secs] 400622K->180103K(8360960K) icms_dc=0 , 0.0091360 secs] [Times: user=0.08 sys=0.03, real=0.01 secs] 
2012-10-19T09:58:01.992-0400: [GC [ParNew: 226184K->4106K(249216K), 0.0092850 secs] 401671K->180130K(8360960K) icms_dc=0 , 0.0094500 secs] [Times: user=0.08 sys=0.03, real=0.01 secs] 
2012-10-19T09:58:13.094-0400: [GC [ParNew: 225674K->4766K(249216K), 0.0109760 secs] 401698K->181164K(8360960K) icms_dc=0 , 0.0111460 secs] [Times: user=0.10 sys=0.02, real=0.02 secs] 
2012-10-19T09:58:19.796-0400: [GC [ParNew: 226334K->4125K(249216K), 0.0087740 secs] 402732K->181040K(8360960K) icms_dc=0 , 0.0089480 secs] [Times: user=0.08 sys=0.02, real=0.00 secs] 
2012-10-19T09:58:30.298-0400: [GC [ParNew: 225693K->3948K(249216K), 0.0066970 secs] 402608K->181572K(8360960K) icms_dc=0 , 0.0068660 secs] [Times: user=0.06 sys=0.01, real=0.00 secs] 
2012-10-19T09:58:39.595-0400: [GC [ParNew: 225516K->4852K(249216K), 0.0097310 secs] 403140K->182890K(8360960K) icms_dc=0 , 0.0099210 secs] [Times: user=0.08 sys=0.02, real=0.01 secs] 
2012-10-19T09:58:52.461-0400: [GC [ParNew: 226420K->4323K(249216K), 0.0114550 secs] 404458K->182844K(8360960K) icms_dc=0 , 0.0116290 secs] [Times: user=0.09 sys=0.02, real=0.01 secs] 
2012-10-19T09:59:00.341-0400: [GC [ParNew: 225891K->4029K(249216K), 0.0132590 secs] 404412K->183237K(8360960K) icms_dc=0 , 0.0134630 secs] [Times: user=0.09 sys=0.02, real=0.02 secs] 
2012-10-19T09:59:07.617-0400: [GC [ParNew: 225597K->4441K(249216K), 0.0102620 secs] 404805K->183963K(8360960K) icms_dc=0 , 0.0104350 secs] [Times: user=0.09 sys=0.02, real=0.01 secs] 
2012-10-19T09:59:16.123-0400: [GC [ParNew: 226009K->3996K(249216K), 0.0092570 secs] 405531K->184041K(8360960K) icms_dc=0 , 0.0094250 secs] [Times: user=0.08 sys=0.02, real=0.01 secs] 
2012-10-19T09:59:27.130-0400: [GC [ParNew: 225564K->3700K(249216K), 0.0081560 secs] 405609K->184119K(8360960K) icms_dc=0 , 0.0083450 secs] [Times: user=0.07 sys=0.02, real=0.01 secs] 
2012-10-19T09:59:35.831-0400: [GC [ParNew: 225268K->4439K(249216K), 0.0112600 secs] 405687K->185484K(8360960K) icms_dc=0 , 0.0114610 secs] [Times: user=0.09 sys=0.03, real=0.01 secs] 
2012-10-19T09:59:45.139-0400: [GC [ParNew: 226007K->3885K(249216K), 0.0100160 secs] 407052K->185364K(8360960K) icms_dc=0 , 0.0101940 secs] [Times: user=0.09 sys=0.03, real=0.01 secs] 
2012-10-19T09:59:54.214-0400: [GC [ParNew: 225453K->3715K(249216K), 0.0097580 secs] 406932K->185636K(8360960K) icms_dc=0 , 0.0099350 secs] [Times: user=0.09 sys=0.02, real=0.01 secs] 
2012-10-19T09:59:59.686-0400: [GC [ParNew: 225283K->4362K(249216K), 0.0126220 secs] 407204K->186935K(8360960K) icms_dc=0 , 0.0128190 secs] [Times: user=0.09 sys=0.01, real=0.01 secs] 
2012-10-19T10:00:02.052-0400: [GC [ParNew: 225930K->3708K(249216K), 0.0105160 secs] 408503K->186772K(8360960K) icms_dc=0 , 0.0107020 secs] [Times: user=0.08 sys=0.02, real=0.01 secs] 
2012-10-19T10:00:06.776-0400: [GC [ParNew: 225276K->4070K(249216K), 0.0079120 secs] 408340K->187653K(8360960K) icms_dc=0 , 0.0081040 secs] [Times: user=0.07 sys=0.02, real=0.01 secs] 
2012-10-19T10:00:11.490-0400: [GC [ParNew: 225638K->4902K(249216K), 0.0069780 secs] 409221K->188888K(8360960K) icms_dc=0 , 0.0071880 secs] [Times: user=0.05 sys=0.01, real=0.01 secs] 
2012-10-19T10:00:16.757-0400: [GC [ParNew: 226470K->7603K(249216K), 0.0059620 secs] 410456K->191971K(8360960K) icms_dc=0 , 0.0061610 secs] [Times: user=0.06 sys=0.01, real=0.01 secs] 
2012-10-19T10:00:22.177-0400: [GC [ParNew: 229171K->8368K(249216K), 0.0130510 secs] 413539K->193271K(8360960K) icms_dc=0 , 0.0133050 secs] [Times: user=0.10 sys=0.03, real=0.01 secs] 
2012-10-19T10:00:30.532-0400: [GC [ParNew: 229936K->7375K(249216K), 0.0105520 secs] 414839K->193094K(8360960K) icms_dc=0 , 0.0107510 secs] [Times: user=0.10 sys=0.02, real=0.01 secs] 
2012-10-19T10:00:38.379-0400: [GC [ParNew: 228943K->7061K(249216K), 0.0102730 secs] 414662K->193786K(8360960K) icms_dc=0 , 0.0104690 secs] [Times: user=0.10 sys=0.02, real=0.01 secs] 
2012-10-19T10:00:46.492-0400: [GC [ParNew: 228576K->5601K(249216K), 0.0089280 secs] 415302K->194782K(8360960K) icms_dc=0 , 0.0091280 secs] [Times: user=0.07 sys=0.01, real=0.01 secs] 
2012-10-19T10:00:57.978-0400: [GC [ParNew: 227169K->5088K(249216K), 0.0060220 secs] 416350K->194797K(8360960K) icms_dc=0 , 0.0062080 secs] [Times: user=0.06 sys=0.01, real=0.01 secs] 
2012-10-19T10:01:06.684-0400: [GC [ParNew: 226656K->4490K(249216K), 0.0108360 secs] 416365K->194852K(8360960K) icms_dc=0 , 0.0110370 secs] [Times: user=0.11 sys=0.02, real=0.01 secs] 
2012-10-19T10:01:14.527-0400: [GC [ParNew: 226058K->4529K(249216K), 0.0095870 secs] 416420K->195294K(8360960K) icms_dc=0 , 0.0097970 secs] [Times: user=0.09 sys=0.02, real=0.01 secs] 
2012-10-19T10:01:24.617-0400: [GC [ParNew: 226097K->4466K(249216K), 0.0082040 secs] 416862K->195965K(8360960K) icms_dc=0 , 0.0083870 secs] [Times: user=0.08 sys=0.01, real=0.01 secs] 
2012-10-19T10:01:36.220-0400: [GC [ParNew: 226034K->4456K(249216K), 0.0073010 secs] 417533K->196512K(8360960K) icms_dc=0 , 0.0074890 secs] [Times: user=0.07 sys=0.01, real=0.01 secs] 
2012-10-19T10:01:45.600-0400: [GC [ParNew: 226024K->5128K(249216K), 0.0094460 secs] 418080K->197653K(8360960K) icms_dc=0 , 0.0096600 secs] [Times: user=0.06 sys=0.01, real=0.01 secs] 
2012-10-19T10:01:52.844-0400: [GC [ParNew: 226696K->4427K(249216K), 0.0087810 secs] 419221K->197499K(8360960K) icms_dc=0 , 0.0089750 secs] [Times: user=0.09 sys=0.02, real=0.01 secs] 
2012-10-19T10:01:59.508-0400: [GC [ParNew: 225995K->4836K(249216K), 0.0109800 secs] 419067K->198356K(8360960K) icms_dc=0 , 0.0112050 secs] [Times: user=0.10 sys=0.01, real=0.01 secs] 
2012-10-19T10:02:05.938-0400: [GC [ParNew: 226404K->3767K(249216K), 0.0108340 secs] 419924K->198101K(8360960K) icms_dc=0 , 0.0110210 secs] [Times: user=0.10 sys=0.02, real=0.01 secs] 
2012-10-19T10:02:13.346-0400: [GC [ParNew: 225335K->4324K(249216K), 0.0107160 secs] 419669K->199084K(8360960K) icms_dc=0 , 0.0109230 secs] [Times: user=0.07 sys=0.02, real=0.01 secs] 
2012-10-19T10:02:21.455-0400: [GC [ParNew: 225892K->4159K(249216K), 0.0099210 secs] 420652K->199720K(8360960K) icms_dc=0 , 0.0101120 secs] [Times: user=0.08 sys=0.02, real=0.01 secs] 
2012-10-19T10:02:30.180-0400: [GC [ParNew: 225727K->3595K(249216K), 0.0097060 secs] 421288K->199491K(8360960K) icms_dc=0 , 0.0098870 secs] [Times: user=0.10 sys=0.02, real=0.01 secs] 
2012-10-19T10:02:40.731-0400: [GC [ParNew: 225163K->4822K(249216K), 0.0094480 secs] 421059K->201076K(8360960K) icms_dc=0 , 0.0096270 secs] [Times: user=0.08 sys=0.02, real=0.01 secs] 
2012-10-19T10:02:51.782-0400: [GC [ParNew: 226390K->4344K(249216K), 0.0103680 secs] 422644K->201074K(8360960K) icms_dc=0 , 0.0105540 secs] [Times: user=0.08 sys=0.04, real=0.01 secs] 
2012-10-19T10:03:01.273-0400: [GC [ParNew: 225912K->4176K(249216K), 0.0094280 secs] 422642K->201532K(8360960K) icms_dc=0 , 0.0096240 secs] [Times: user=0.09 sys=0.01, real=0.01 secs] 
2012-10-19T10:03:13.688-0400: [GC [ParNew: 225744K->5285K(249216K), 0.0079500 secs] 423100K->202910K(8360960K) icms_dc=0 , 0.0081270 secs] [Times: user=0.05 sys=0.01, real=0.01 secs] 
2012-10-19T10:03:22.159-0400: [GC [ParNew: 226853K->5297K(249216K), 0.0091790 secs] 424478K->203693K(8360960K) icms_dc=0 , 0.0093700 secs] [Times: user=0.08 sys=0.02, real=0.01 secs] 
2012-10-19T10:03:35.354-0400: [GC [ParNew: 226865K->4045K(249216K), 0.0090060 secs] 425261K->203103K(8360960K) icms_dc=0 , 0.0092330 secs] [Times: user=0.08 sys=0.02, real=0.01 secs] 
2012-10-19T10:03:42.811-0400: [GC [ParNew: 225613K->4832K(249216K), 0.0100590 secs] 424671K->204447K(8360960K) icms_dc=0 , 0.0102440 secs] [Times: user=0.07 sys=0.04, real=0.01 secs] 
2012-10-19T10:03:52.215-0400: [GC [ParNew: 226400K->3933K(249216K), 0.0096130 secs] 426015K->203999K(8360960K) icms_dc=0 , 0.0097940 secs] [Times: user=0.09 sys=0.02, real=0.01 secs] 
2012-10-19T10:04:03.012-0400: [GC [ParNew: 225501K->4096K(249216K), 0.0110980 secs] 425567K->204670K(8360960K) icms_dc=0 , 0.0113320 secs] [Times: user=0.10 sys=0.03, real=0.01 secs] 
2012-10-19T10:04:14.420-0400: [GC [ParNew: 225664K->4340K(249216K), 0.0096940 secs] 426238K->205423K(8360960K) icms_dc=0 , 0.0098830 secs] [Times: user=0.08 sys=0.03, real=0.01 secs] 
2012-10-19T10:04:21.975-0400: [GC [ParNew: 225908K->4570K(249216K), 0.0087230 secs] 426991K->206027K(8360960K) icms_dc=0 , 0.0089060 secs] [Times: user=0.09 sys=0.01, real=0.01 secs] 
2012-10-19T10:04:34.240-0400: [GC [ParNew: 226138K->4416K(249216K), 0.0068220 secs] 427595K->206378K(8360960K) icms_dc=0 , 0.0070160 secs] [Times: user=0.07 sys=0.01, real=0.00 secs] 
2012-10-19T10:04:43.039-0400: [GC [ParNew: 225984K->4278K(249216K), 0.0113880 secs] 427946K->206840K(8360960K) icms_dc=0 , 0.0115710 secs] [Times: user=0.10 sys=0.02, real=0.01 secs] 
2012-10-19T10:04:52.084-0400: [GC [ParNew: 225846K->4439K(249216K), 0.0097540 secs] 428408K->207347K(8360960K) icms_dc=0 , 0.0099600 secs] [Times: user=0.07 sys=0.03, real=0.01 secs] 
2012-10-19T10:05:00.560-0400: [GC [ParNew: 226007K->4425K(249216K), 0.0156450 secs] 428915K->208134K(8360960K) icms_dc=0 , 0.0158760 secs] [Times: user=0.09 sys=0.02, real=0.02 secs] 
2012-10-19T10:05:08.495-0400: [GC [ParNew: 225993K->4505K(249216K), 0.0085140 secs] 429702K->208895K(8360960K) icms_dc=0 , 0.0087120 secs] [Times: user=0.08 sys=0.02, real=0.01 secs] 
2012-10-19T10:05:14.703-0400: [GC [ParNew: 226073K->4904K(249216K), 0.0092960 secs] 430463K->209712K(8360960K) icms_dc=0 , 0.0094860 secs] [Times: user=0.09 sys=0.02, real=0.01 secs] 
2012-10-19T10:05:23.818-0400: [GC [ParNew: 226472K->5343K(249216K), 0.0053320 secs] 431280K->210654K(8360960K) icms_dc=0 , 0.0055270 secs] [Times: user=0.05 sys=0.00, real=0.00 secs] 
2012-10-19T10:05:31.056-0400: [GC [ParNew: 226911K->6245K(249216K), 0.0111550 secs] 432222K->212151K(8360960K) icms_dc=0 , 0.0113520 secs] [Times: user=0.09 sys=0.02, real=0.01 secs] 
2012-10-19T10:05:43.089-0400: [GC [ParNew: 227813K->6170K(249216K), 0.0121800 secs] 433719K->213100K(8360960K) icms_dc=0 , 0.0123830 secs] [Times: user=0.10 sys=0.02, real=0.02 secs] 
2012-10-19T10:05:53.464-0400: [GC [ParNew: 227738K->5902K(249216K), 0.0118460 secs] 434668K->213505K(8360960K) icms_dc=0 , 0.0120690 secs] [Times: user=0.09 sys=0.02, real=0.01 secs] 
2012-10-19T10:06:01.915-0400: [GC [ParNew: 227470K->6393K(249216K), 0.0101340 secs] 435073K->214622K(8360960K) icms_dc=0 , 0.0103430 secs] [Times: user=0.09 sys=0.02, real=0.01 secs] 
2012-10-19T10:06:11.645-0400: [GC [ParNew: 227961K->6022K(249216K), 0.0084030 secs] 436190K->215212K(8360960K) icms_dc=0 , 0.0086010 secs] [Times: user=0.08 sys=0.02, real=0.00 secs] 
2012-10-19T10:06:21.134-0400: [GC [ParNew: 227590K->5010K(249216K), 0.0101240 secs] 436780K->214746K(8360960K) icms_dc=0 , 0.0103350 secs] [Times: user=0.09 sys=0.02, real=0.01 secs] 
2012-10-19T10:06:30.279-0400: [GC [ParNew: 226578K->4595K(249216K), 0.0101090 secs] 436314K->215169K(8360960K) icms_dc=0 , 0.0103000 secs] [Times: user=0.10 sys=0.02, real=0.01 secs] 
2012-10-19T10:06:39.872-0400: [GC [ParNew: 226163K->4495K(249216K), 0.0082510 secs] 436737K->215561K(8360960K) icms_dc=0 , 0.0084440 secs] [Times: user=0.09 sys=0.01, real=0.01 secs] 
2012-10-19T10:06:50.853-0400: [GC [ParNew: 226063K->4390K(249216K), 0.0097000 secs] 437129K->215975K(8360960K) icms_dc=0 , 0.0098840 secs] [Times: user=0.08 sys=0.04, real=0.01 secs] 
2012-10-19T10:07:01.277-0400: [GC [ParNew: 225958K->4078K(249216K), 0.0067640 secs] 437543K->216419K(8360960K) icms_dc=0 , 0.0069870 secs] [Times: user=0.07 sys=0.01, real=0.01 secs] 
2012-10-19T10:07:12.513-0400: [GC [ParNew: 225646K->4014K(249216K), 0.0096140 secs] 437987K->216947K(8360960K) icms_dc=0 , 0.0098100 secs] [Times: user=0.09 sys=0.02, real=0.00 secs] 
2012-10-19T10:07:21.993-0400: [GC [ParNew: 225582K->3971K(249216K), 0.0092180 secs] 438515K->217358K(8360960K) icms_dc=0 , 0.0094060 secs] [Times: user=0.09 sys=0.01, real=0.01 secs] 
2012-10-19T10:07:27.064-0400: [GC [ParNew: 225539K->3747K(249216K), 0.0096780 secs] 438926K->217612K(8360960K) icms_dc=0 , 0.0098570 secs] [Times: user=0.09 sys=0.03, real=0.01 secs] 
2012-10-19T10:07:34.172-0400: [GC [ParNew: 225315K->3882K(249216K), 0.0085650 secs] 439180K->218297K(8360960K) icms_dc=0 , 0.0087510 secs] [Times: user=0.08 sys=0.02, real=0.01 secs] 
2012-10-19T10:07:42.889-0400: [GC [ParNew: 225450K->3932K(249216K), 0.0115900 secs] 439865K->218747K(8360960K) icms_dc=0 , 0.0118080 secs] [Times: user=0.08 sys=0.02, real=0.01 secs] 
2012-10-19T10:07:51.990-0400: [GC [ParNew: 225500K->3990K(249216K), 0.0096790 secs] 440315K->219441K(8360960K) icms_dc=0 , 0.0098580 secs] [Times: user=0.07 sys=0.03, real=0.01 secs] 
2012-10-19T10:08:02.976-0400: [GC [ParNew: 225558K->3782K(249216K), 0.0101030 secs] 441009K->219599K(8360960K) icms_dc=0 , 0.0102910 secs] [Times: user=0.10 sys=0.03, real=0.01 secs] 
2012-10-19T10:08:13.473-0400: [GC [ParNew: 225350K->4303K(249216K), 0.0095900 secs] 441167K->220470K(8360960K) icms_dc=0 , 0.0097790 secs] [Times: user=0.10 sys=0.02, real=0.01 secs] 
2012-10-19T10:08:25.522-0400: [GC [ParNew: 225871K->4486K(249216K), 0.0113980 secs] 442038K->221025K(8360960K) icms_dc=0 , 0.0116000 secs] [Times: user=0.10 sys=0.03, real=0.01 secs] 
2012-10-19T10:08:39.097-0400: [GC [ParNew: 226054K->4103K(249216K), 0.0099640 secs] 442593K->221191K(8360960K) icms_dc=0 , 0.0101560 secs] [Times: user=0.08 sys=0.02, real=0.01 secs] 
2012-10-19T10:08:49.981-0400: [GC [ParNew: 225671K->3976K(249216K), 0.0094400 secs] 442759K->221567K(8360960K) icms_dc=0 , 0.0096260 secs] [Times: user=0.08 sys=0.03, real=0.01 secs] 
2012-10-19T10:09:01.031-0400: [GC [ParNew: 225544K->4283K(249216K), 0.0097060 secs] 443135K->222437K(8360960K) icms_dc=0 , 0.0098940 secs] [Times: user=0.09 sys=0.01, real=0.01 secs] 
2012-10-19T10:09:04.740-0400: [GC [ParNew: 225851K->4429K(249216K), 0.0111950 secs] 444005K->223012K(8360960K) icms_dc=0 , 0.0114070 secs] [Times: user=0.06 sys=0.02, real=0.01 secs] 
2012-10-19T10:09:14.493-0400: [GC [ParNew: 225997K->4698K(249216K), 0.0095300 secs] 444580K->223621K(8360960K) icms_dc=0 , 0.0097230 secs] [Times: user=0.07 sys=0.03, real=0.01 secs] 
2012-10-19T10:09:24.652-0400: [GC [ParNew: 226266K->4524K(249216K), 0.0098110 secs] 445189K->224263K(8360960K) icms_dc=0 , 0.0100130 secs] [Times: user=0.09 sys=0.02, real=0.01 secs] 
2012-10-19T10:09:33.154-0400: [GC [ParNew: 226092K->4871K(249216K), 0.0146750 secs] 445831K->225115K(8360960K) icms_dc=0 , 0.0148990 secs] [Times: user=0.07 sys=0.02, real=0.02 secs] 
2012-10-19T10:09:34.314-0400: [GC [ParNew: 226439K->4334K(249216K), 0.0116600 secs] 446683K->225015K(8360960K) icms_dc=0 , 0.0118830 secs] [Times: user=0.07 sys=0.03, real=0.02 secs] 
2012-10-19T10:09:42.775-0400: [GC [ParNew: 225902K->3643K(249216K), 0.0095640 secs] 446583K->224761K(8360960K) icms_dc=0 , 0.0097440 secs] [Times: user=0.09 sys=0.02, real=0.01 secs] 
2012-10-19T10:09:53.051-0400: [GC [ParNew: 225211K->3805K(249216K), 0.0093710 secs] 446329K->225689K(8360960K) icms_dc=0 , 0.0095690 secs] [Times: user=0.09 sys=0.02, real=0.01 secs] 
2012-10-19T10:10:01.693-0400: [GC [ParNew: 225373K->3785K(249216K), 0.0090860 secs] 447257K->226066K(8360960K) icms_dc=0 , 0.0092810 secs] [Times: user=0.08 sys=0.03, real=0.01 secs] 
2012-10-19T10:10:10.286-0400: [GC [ParNew: 225353K->4559K(249216K), 0.0083160 secs] 447634K->227080K(8360960K) icms_dc=0 , 0.0085020 secs] [Times: user=0.09 sys=0.02, real=0.01 secs] 
2012-10-19T10:10:21.064-0400: [GC [ParNew: 226127K->5209K(249216K), 0.0104120 secs] 448648K->228075K(8360960K) icms_dc=0 , 0.0106320 secs] [Times: user=0.10 sys=0.02, real=0.01 secs] 
2012-10-19T10:10:31.012-0400: [GC [ParNew: 226777K->4506K(249216K), 0.0122090 secs] 449643K->228146K(8360960K) icms_dc=0 , 0.0124140 secs] [Times: user=0.10 sys=0.02, real=0.02 secs] 
2012-10-19T10:10:44.804-0400: [GC [ParNew: 226074K->5595K(249216K), 0.0116090 secs] 449714K->229556K(8360960K) icms_dc=0 , 0.0118100 secs] [Times: user=0.09 sys=0.02, real=0.02 secs] 
2012-10-19T10:10:58.065-0400: [GC [ParNew: 227163K->5699K(249216K), 0.0148520 secs] 451124K->230249K(8360960K) icms_dc=0 , 0.0150800 secs] [Times: user=0.09 sys=0.03, real=0.02 secs] 
2012-10-19T10:11:08.481-0400: [GC [ParNew: 227267K->5232K(249216K), 0.0112310 secs] 451817K->230482K(8360960K) icms_dc=0 , 0.0114450 secs] [Times: user=0.08 sys=0.01, real=0.01 secs] 
2012-10-19T10:11:16.659-0400: [GC [ParNew: 226800K->4392K(249216K), 0.0128130 secs] 452050K->230358K(8360960K) icms_dc=0 , 0.0130000 secs] [Times: user=0.11 sys=0.03, real=0.02 secs] 
2012-10-19T10:11:24.075-0400: [GC [ParNew: 225960K->4052K(249216K), 0.0101040 secs] 451926K->230587K(8360960K) icms_dc=0 , 0.0102890 secs] [Times: user=0.10 sys=0.02, real=0.01 secs] 
2012-10-19T10:11:32.006-0400: [GC [ParNew: 225620K->3710K(249216K), 0.0134300 secs] 452155K->230979K(8360960K) icms_dc=0 , 0.0136920 secs] [Times: user=0.11 sys=0.02, real=0.01 secs] 
2012-10-19T10:11:41.668-0400: [GC [ParNew: 225278K->3613K(249216K), 0.0063700 secs] 452547K->231232K(8360960K) icms_dc=0 , 0.0065470 secs] [Times: user=0.06 sys=0.02, real=0.01 secs] 
2012-10-19T10:11:55.233-0400: [GC [ParNew: 225181K->3866K(249216K), 0.0095870 secs] 452800K->231951K(8360960K) icms_dc=0 , 0.0097760 secs] [Times: user=0.10 sys=0.02, real=0.01 secs] 
2012-10-19T10:12:03.152-0400: [GC [ParNew: 225434K->4799K(249216K), 0.0093470 secs] 453519K->233218K(8360960K) icms_dc=0 , 0.0095710 secs] [Times: user=0.08 sys=0.01, real=0.01 secs] 
2012-10-19T10:12:14.570-0400: [GC [ParNew: 226367K->4286K(249216K), 0.0090930 secs] 454786K->233136K(8360960K) icms_dc=0 , 0.0092800 secs] [Times: user=0.07 sys=0.02, real=0.01 secs] 
2012-10-19T10:12:23.791-0400: [GC [ParNew: 225854K->4806K(249216K), 0.0103150 secs] 454704K->234090K(8360960K) icms_dc=0 , 0.0105160 secs] [Times: user=0.09 sys=0.02, real=0.01 secs] 
2012-10-19T10:12:32.981-0400: [GC [ParNew: 226374K->4666K(249216K), 0.0100540 secs] 455658K->234652K(8360960K) icms_dc=0 , 0.0102590 secs] [Times: user=0.08 sys=0.03, real=0.01 secs] 
2012-10-19T10:12:39.050-0400: [GC [ParNew: 226234K->4594K(249216K), 0.0108590 secs] 456220K->235065K(8360960K) icms_dc=0 , 0.0110940 secs] [Times: user=0.10 sys=0.02, real=0.01 secs] 
2012-10-19T10:12:45.811-0400: [GC [ParNew: 226162K->5182K(249216K), 0.0097500 secs] 456633K->236148K(8360960K) icms_dc=0 , 0.0099310 secs] [Times: user=0.09 sys=0.02, real=0.01 secs] 
2012-10-19T10:12:57.906-0400: [GC [ParNew: 226750K->4849K(249216K), 0.0115600 secs] 457716K->236713K(8360960K) icms_dc=0 , 0.0117400 secs] [Times: user=0.10 sys=0.02, real=0.01 secs] 
2012-10-19T10:13:01.254-0400: [GC [ParNew: 226417K->3880K(249216K), 0.0087010 secs] 458281K->236230K(8360960K) icms_dc=0 , 0.0088850 secs] [Times: user=0.07 sys=0.02, real=0.00 secs] 
2012-10-19T10:13:09.415-0400: [GC [ParNew: 225448K->3871K(249216K), 0.0099740 secs] 457798K->236972K(8360960K) icms_dc=0 , 0.0101640 secs] [Times: user=0.08 sys=0.02, real=0.01 secs] 
2012-10-19T10:13:18.650-0400: [GC [ParNew: 225439K->4162K(249216K), 0.0108750 secs] 458540K->237591K(8360960K) icms_dc=0 , 0.0110780 secs] [Times: user=0.09 sys=0.03, real=0.01 secs] 
2012-10-19T10:13:23.849-0400: [GC [ParNew: 225730K->4841K(249216K), 0.0076370 secs] 459159K->238721K(8360960K) icms_dc=0 , 0.0078310 secs] [Times: user=0.05 sys=0.01, real=0.00 secs] 
2012-10-19T10:13:30.997-0400: [GC [ParNew: 226409K->5229K(249216K), 0.0090400 secs] 460289K->239553K(8360960K) icms_dc=0 , 0.0092260 secs] [Times: user=0.08 sys=0.01, real=0.01 secs] 
2012-10-19T10:13:40.130-0400: [GC [ParNew: 226797K->4938K(249216K), 0.0082180 secs] 461121K->239637K(8360960K) icms_dc=0 , 0.0083980 secs] [Times: user=0.08 sys=0.01, real=0.00 secs] 
2012-10-19T10:13:49.543-0400: [GC [ParNew: 226506K->4819K(249216K), 0.0083890 secs] 461205K->240073K(8360960K) icms_dc=0 , 0.0085610 secs] [Times: user=0.08 sys=0.02, real=0.00 secs] 
2012-10-19T10:13:57.502-0400: [GC [ParNew: 226387K->4686K(249216K), 0.0116930 secs] 461641K->240865K(8360960K) icms_dc=0 , 0.0118660 secs] [Times: user=0.07 sys=0.02, real=0.02 secs] 
2012-10-19T10:14:10.295-0400: [GC [ParNew: 226254K->3355K(249216K), 0.0102590 secs] 462433K->240342K(8360960K) icms_dc=0 , 0.0104280 secs] [Times: user=0.09 sys=0.03, real=0.01 secs] 
2012-10-19T10:14:23.148-0400: [GC [ParNew: 224923K->4047K(249216K), 0.0086930 secs] 461910K->241362K(8360960K) icms_dc=0 , 0.0088680 secs] [Times: user=0.07 sys=0.01, real=0.01 secs] 
2012-10-19T10:14:38.152-0400: [GC [ParNew: 225615K->3488K(249216K), 0.0104890 secs] 462930K->241470K(8360960K) icms_dc=0 , 0.0106570 secs] [Times: user=0.10 sys=0.03, real=0.01 secs] 
2012-10-19T10:14:48.683-0400: [GC [ParNew: 225056K->4200K(249216K), 0.0079740 secs] 463038K->242517K(8360960K) icms_dc=0 , 0.0081420 secs] [Times: user=0.07 sys=0.02, real=0.01 secs] 
2012-10-19T10:15:01.817-0400: [GC [ParNew: 225768K->3976K(249216K), 0.0104800 secs] 464085K->242809K(8360960K) icms_dc=0 , 0.0106720 secs] [Times: user=0.11 sys=0.02, real=0.01 secs] 
2012-10-19T10:15:09.892-0400: [GC [ParNew: 225544K->5568K(249216K), 0.0091760 secs] 464377K->244747K(8360960K) icms_dc=0 , 0.0093560 secs] [Times: user=0.09 sys=0.03, real=0.01 secs] 
2012-10-19T10:15:19.085-0400: [GC [ParNew: 227136K->7337K(249216K), 0.0136500 secs] 466315K->247066K(8360960K) icms_dc=0 , 0.0138420 secs] [Times: user=0.10 sys=0.03, real=0.01 secs] 
2012-10-19T10:15:32.558-0400: [GC [ParNew: 228905K->7225K(249216K), 0.0107590 secs] 468634K->247576K(8360960K) icms_dc=0 , 0.0109390 secs] [Times: user=0.10 sys=0.02, real=0.01 secs] 
2012-10-19T10:15:47.621-0400: [GC [ParNew: 228793K->7988K(249216K), 0.0101270 secs] 469144K->248827K(8360960K) icms_dc=0 , 0.0103030 secs] [Times: user=0.08 sys=0.03, real=0.01 secs] 
2012-10-19T10:16:00.438-0400: [GC [ParNew: 229556K->6800K(249216K), 0.0090110 secs] 470395K->248550K(8360960K) icms_dc=0 , 0.0091900 secs] [Times: user=0.09 sys=0.01, real=0.01 secs] 
2012-10-19T10:16:08.217-0400: [GC [ParNew: 228368K->5352K(249216K), 0.0148770 secs] 470118K->249923K(8360960K) icms_dc=0 , 0.0150520 secs] [Times: user=0.11 sys=0.02, real=0.01 secs] 
2012-10-19T10:16:17.641-0400: [GC [ParNew: 226920K->3921K(249216K), 0.0089610 secs] 471491K->248995K(8360960K) icms_dc=0 , 0.0091310 secs] [Times: user=0.08 sys=0.02, real=0.01 secs] 
2012-10-19T10:16:28.494-0400: [GC [ParNew: 225489K->3771K(249216K), 0.0100290 secs] 470563K->249461K(8360960K) icms_dc=0 , 0.0101950 secs] [Times: user=0.09 sys=0.03, real=0.01 secs] 
2012-10-19T10:16:40.578-0400: [GC [ParNew: 225339K->3846K(249216K), 0.0102140 secs] 471029K->250162K(8360960K) icms_dc=0 , 0.0103830 secs] [Times: user=0.09 sys=0.03, real=0.01 secs] 
2012-10-19T10:16:51.343-0400: [GC [ParNew: 225414K->4281K(249216K), 0.0101620 secs] 471730K->250959K(8360960K) icms_dc=0 , 0.0103720 secs] [Times: user=0.07 sys=0.01, real=0.01 secs] 
2012-10-19T10:16:59.790-0400: [GC [ParNew: 225849K->4737K(249216K), 0.0114060 secs] 472527K->251981K(8360960K) icms_dc=0 , 0.0115750 secs] [Times: user=0.10 sys=0.02, real=0.01 secs] 
2012-10-19T10:17:12.850-0400: [GC [ParNew: 226305K->4471K(249216K), 0.0067550 secs] 473549K->252161K(8360960K) icms_dc=0 , 0.0069300 secs] [Times: user=0.06 sys=0.01, real=0.01 secs] 
2012-10-19T10:17:20.151-0400: [GC [ParNew: 226039K->4359K(249216K), 0.0100180 secs] 473729K->252577K(8360960K) icms_dc=0 , 0.0101890 secs] [Times: user=0.10 sys=0.02, real=0.01 secs] 
2012-10-19T10:17:33.818-0400: [GC [ParNew: 225927K->4484K(249216K), 0.0130250 secs] 474145K->253167K(8360960K) icms_dc=0 , 0.0132260 secs] [Times: user=0.09 sys=0.03, real=0.01 secs] 
2012-10-19T10:17:39.534-0400: [GC [ParNew: 226052K->5163K(249216K), 0.0114160 secs] 474735K->254358K(8360960K) icms_dc=0 , 0.0116110 secs] [Times: user=0.09 sys=0.02, real=0.02 secs] 
2012-10-19T10:17:44.029-0400: [GC [ParNew: 226731K->3411K(249216K), 0.0115720 secs] 475926K->253258K(8360960K) icms_dc=0 , 0.0117350 secs] [Times: user=0.10 sys=0.03, real=0.01 secs] 
2012-10-19T10:17:52.926-0400: [GC [ParNew: 224979K->3875K(249216K), 0.0086900 secs] 474826K->254224K(8360960K) icms_dc=0 , 0.0088530 secs] [Times: user=0.08 sys=0.02, real=0.01 secs] 
2012-10-19T10:18:02.829-0400: [GC [ParNew: 225443K->3952K(249216K), 0.0107080 secs] 475792K->254814K(8360960K) icms_dc=0 , 0.0108750 secs] [Times: user=0.10 sys=0.03, real=0.01 secs] 
2012-10-19T10:18:10.712-0400: [GC [ParNew: 225520K->4596K(249216K), 0.0092920 secs] 476382K->255733K(8360960K) icms_dc=0 , 0.0094790 secs] [Times: user=0.08 sys=0.03, real=0.01 secs] 
2012-10-19T10:18:19.535-0400: [GC [ParNew: 226164K->4601K(249216K), 0.0093480 secs] 477301K->256165K(8360960K) icms_dc=0 , 0.0095240 secs] [Times: user=0.07 sys=0.02, real=0.01 secs] 
2012-10-19T10:18:26.705-0400: [GC [ParNew: 226169K->4824K(249216K), 0.0110490 secs] 477733K->257069K(8360960K) icms_dc=0 , 0.0112550 secs] [Times: user=0.09 sys=0.02, real=0.01 secs] 
2012-10-19T10:18:35.591-0400: [GC [ParNew: 226392K->4099K(249216K), 0.0086270 secs] 478637K->256828K(8360960K) icms_dc=0 , 0.0087890 secs] [Times: user=0.06 sys=0.01, real=0.01 secs] 
2012-10-19T10:18:45.038-0400: [GC [ParNew: 225667K->4600K(249216K), 0.0157130 secs] 478396K->257851K(8360960K) icms_dc=0 , 0.0159370 secs] [Times: user=0.09 sys=0.02, real=0.01 secs] 
2012-10-19T10:18:54.240-0400: [GC [ParNew: 226168K->4571K(249216K), 0.0082890 secs] 479419K->258330K(8360960K) icms_dc=0 , 0.0084770 secs] [Times: user=0.09 sys=0.01, real=0.01 secs] 
2012-10-19T10:19:04.684-0400: [GC [ParNew: 226139K->3855K(249216K), 0.0098720 secs] 479898K->258308K(8360960K) icms_dc=0 , 0.0100410 secs] [Times: user=0.09 sys=0.02, real=0.01 secs] 
2012-10-19T10:19:15.592-0400: [GC [ParNew: 225423K->4386K(249216K), 0.0078290 secs] 479876K->259170K(8360960K) icms_dc=0 , 0.0079980 secs] [Times: user=0.07 sys=0.02, real=0.01 secs] 
2012-10-19T10:19:27.203-0400: [GC [ParNew: 225954K->5345K(249216K), 0.0126010 secs] 480738K->260557K(8360960K) icms_dc=0 , 0.0128730 secs] [Times: user=0.10 sys=0.02, real=0.01 secs] 
2012-10-19T10:19:35.651-0400: [GC [ParNew: 226913K->3933K(249216K), 0.0102130 secs] 482125K->259692K(8360960K) icms_dc=0 , 0.0103770 secs] [Times: user=0.09 sys=0.02, real=0.02 secs] 
2012-10-19T10:19:47.327-0400: [GC [ParNew: 225501K->4223K(249216K), 0.0100590 secs] 481260K->260396K(8360960K) icms_dc=0 , 0.0102270 secs] [Times: user=0.10 sys=0.02, real=0.01 secs] 
2012-10-19T10:19:56.996-0400: [GC [ParNew: 225791K->4228K(249216K), 0.0105500 secs] 481964K->260956K(8360960K) icms_dc=0 , 0.0107290 secs] [Times: user=0.11 sys=0.02, real=0.01 secs] 
2012-10-19T10:20:06.349-0400: [GC [ParNew: 225796K->4859K(249216K), 0.0093320 secs] 482524K->262090K(8360960K) icms_dc=0 , 0.0095040 secs] [Times: user=0.10 sys=0.01, real=0.01 secs] 
2012-10-19T10:20:16.008-0400: [GC [ParNew: 226427K->6544K(249216K), 0.0105000 secs] 483658K->264198K(8360960K) icms_dc=0 , 0.0106820 secs] [Times: user=0.10 sys=0.02, real=0.02 secs] 
2012-10-19T10:20:24.694-0400: [GC [ParNew: 228112K->6013K(249216K), 0.0106410 secs] 485766K->264175K(8360960K) icms_dc=0 , 0.0108320 secs] [Times: user=0.11 sys=0.01, real=0.01 secs] 
2012-10-19T10:20:35.657-0400: [GC [ParNew: 227581K->5702K(249216K), 0.0103360 secs] 485743K->264511K(8360960K) icms_dc=0 , 0.0105100 secs] [Times: user=0.11 sys=0.02, real=0.01 secs] 
2012-10-19T10:20:46.597-0400: [GC [ParNew: 227270K->6050K(249216K), 0.0110290 secs] 486079K->265704K(8360960K) icms_dc=0 , 0.0112200 secs] [Times: user=0.10 sys=0.01, real=0.01 secs] 
2012-10-19T10:20:57.862-0400: [GC [ParNew: 227618K->5136K(249216K), 0.0098920 secs] 487272K->265984K(8360960K) icms_dc=0 , 0.0100640 secs] [Times: user=0.09 sys=0.01, real=0.01 secs] 
2012-10-19T10:21:03.797-0400: [GC [ParNew: 226704K->4701K(249216K), 0.0108590 secs] 487552K->266229K(8360960K) icms_dc=0 , 0.0110270 secs] [Times: user=0.09 sys=0.03, real=0.01 secs] 
2012-10-19T10:21:12.781-0400: [GC [ParNew: 226269K->3866K(249216K), 0.0095240 secs] 487797K->266012K(8360960K) icms_dc=0 , 0.0097070 secs] [Times: user=0.07 sys=0.03, real=0.01 secs] 
2012-10-19T10:21:22.515-0400: [GC [ParNew: 225434K->4709K(249216K), 0.0121580 secs] 487580K->267498K(8360960K) icms_dc=0 , 0.0123400 secs] [Times: user=0.08 sys=0.03, real=0.02 secs] 
2012-10-19T10:21:34.578-0400: [GC [ParNew: 226277K->4210K(249216K), 0.0111440 secs] 489066K->267555K(8360960K) icms_dc=0 , 0.0113180 secs] [Times: user=0.10 sys=0.02, real=0.02 secs] 
2012-10-19T10:21:40.243-0400: [GC [ParNew: 225778K->4764K(249216K), 0.0116640 secs] 489123K->268361K(8360960K) icms_dc=0 , 0.0118370 secs] [Times: user=0.08 sys=0.03, real=0.01 secs] 
2012-10-19T10:21:49.301-0400: [GC [ParNew: 226332K->4403K(249216K), 0.0111620 secs] 489929K->268478K(8360960K) icms_dc=0 , 0.0113950 secs] [Times: user=0.09 sys=0.02, real=0.02 secs] 
2012-10-19T10:21:57.245-0400: [GC [ParNew: 225971K->3857K(249216K), 0.0103730 secs] 490046K->268868K(8360960K) icms_dc=0 , 0.0105420 secs] [Times: user=0.08 sys=0.03, real=0.01 secs] 
2012-10-19T10:22:08.894-0400: [GC [ParNew: 225425K->3791K(249216K), 0.0103400 secs] 490436K->269206K(8360960K) icms_dc=0 , 0.0105090 secs] [Times: user=0.11 sys=0.02, real=0.02 secs] 
2012-10-19T10:22:19.042-0400: [GC [ParNew: 225359K->3598K(249216K), 0.0094900 secs] 490774K->269518K(8360960K) icms_dc=0 , 0.0096590 secs] [Times: user=0.09 sys=0.02, real=0.01 secs] 
2012-10-19T10:22:32.400-0400: [GC [ParNew: 225166K->4311K(249216K), 0.0130850 secs] 491086K->270645K(8360960K) icms_dc=0 , 0.0133250 secs] [Times: user=0.05 sys=0.01, real=0.01 secs] 
2012-10-19T10:22:41.672-0400: [GC [ParNew: 225879K->4869K(249216K), 0.0078170 secs] 492213K->271540K(8360960K) icms_dc=0 , 0.0079970 secs] [Times: user=0.06 sys=0.01, real=0.01 secs] 
2012-10-19T10:22:55.043-0400: [GC [ParNew: 226437K->5164K(249216K), 0.0093240 secs] 493108K->272315K(8360960K) icms_dc=0 , 0.0095110 secs] [Times: user=0.08 sys=0.02, real=0.01 secs] 
2012-10-19T10:23:07.147-0400: [GC [ParNew: 226732K->4716K(249216K), 0.0109870 secs] 493883K->272255K(8360960K) icms_dc=0 , 0.0111820 secs] [Times: user=0.10 sys=0.02, real=0.01 secs] 
2012-10-19T10:23:17.240-0400: [GC [ParNew: 226284K->4323K(249216K), 0.0090910 secs] 493823K->272511K(8360960K) icms_dc=0 , 0.0092810 secs] [Times: user=0.08 sys=0.03, real=0.01 secs] 
2012-10-19T10:23:29.481-0400: [GC [ParNew: 225891K->4534K(249216K), 0.0100620 secs] 494079K->273061K(8360960K) icms_dc=0 , 0.0102490 secs] [Times: user=0.09 sys=0.02, real=0.01 secs] 
2012-10-19T10:23:45.407-0400: [GC [ParNew: 226102K->4555K(249216K), 0.0091450 secs] 494629K->273642K(8360960K) icms_dc=0 , 0.0093370 secs] [Times: user=0.09 sys=0.02, real=0.01 secs] 
2012-10-19T10:23:54.902-0400: [GC [ParNew: 226123K->5018K(249216K), 0.0083420 secs] 495210K->274578K(8360960K) icms_dc=0 , 0.0085300 secs] [Times: user=0.08 sys=0.02, real=0.01 secs] 
2012-10-19T10:24:07.796-0400: [GC [ParNew: 226586K->4391K(249216K), 0.0097260 secs] 496146K->274500K(8360960K) icms_dc=0 , 0.0099080 secs] [Times: user=0.09 sys=0.03, real=0.01 secs] 
2012-10-19T10:24:13.585-0400: [GC [ParNew: 225959K->4484K(249216K), 0.0076410 secs] 496068K->275037K(8360960K) icms_dc=0 , 0.0078550 secs] [Times: user=0.06 sys=0.03, real=0.01 secs] 
2012-10-19T10:24:23.856-0400: [GC [ParNew: 226052K->4074K(249216K), 0.0097630 secs] 496605K->275187K(8360960K) icms_dc=0 , 0.0099530 secs] [Times: user=0.09 sys=0.02, real=0.01 secs] 
2012-10-19T10:24:33.760-0400: [GC [ParNew: 225642K->3903K(249216K), 0.0096340 secs] 496755K->275726K(8360960K) icms_dc=0 , 0.0098180 secs] [Times: user=0.08 sys=0.03, real=0.01 secs] 
2012-10-19T10:24:47.666-0400: [GC [ParNew: 225471K->4176K(249216K), 0.0096770 secs] 497294K->276374K(8360960K) icms_dc=0 , 0.0098790 secs] [Times: user=0.09 sys=0.03, real=0.01 secs] 
2012-10-19T10:24:56.392-0400: [GC [ParNew: 225744K->3720K(249216K), 0.0101150 secs] 497942K->276271K(8360960K) icms_dc=0 , 0.0102980 secs] [Times: user=0.10 sys=0.03, real=0.01 secs] 
2012-10-19T10:25:07.484-0400: [GC [ParNew: 225288K->3900K(249216K), 0.0107920 secs] 497839K->276853K(8360960K) icms_dc=0 , 0.0109800 secs] [Times: user=0.10 sys=0.02, real=0.01 secs] 
2012-10-19T10:25:19.784-0400: [GC [ParNew: 225468K->4324K(249216K), 0.0076290 secs] 498421K->277704K(8360960K) icms_dc=0 , 0.0078210 secs] [Times: user=0.08 sys=0.01, real=0.00 secs] 
2012-10-19T10:25:34.029-0400: [GC [ParNew: 225892K->4258K(249216K), 0.0097650 secs] 499272K->278226K(8360960K) icms_dc=0 , 0.0099540 secs] [Times: user=0.08 sys=0.03, real=0.01 secs] 
2012-10-19T10:25:48.522-0400: [GC [ParNew: 225826K->4767K(249216K), 0.0051970 secs] 499794K->279215K(8360960K) icms_dc=0 , 0.0053770 secs] [Times: user=0.06 sys=0.01, real=0.01 secs] 
2012-10-19T10:26:03.098-0400: [GC [ParNew: 226335K->4566K(249216K), 0.0104870 secs] 500783K->279345K(8360960K) icms_dc=0 , 0.0106810 secs] [Times: user=0.11 sys=0.03, real=0.02 secs] 
2012-10-19T10:26:17.124-0400: [GC [ParNew: 226134K->4657K(249216K), 0.0111450 secs] 500913K->279977K(8360960K) icms_dc=0 , 0.0113460 secs] [Times: user=0.11 sys=0.03, real=0.01 secs] 
2012-10-19T10:26:28.146-0400: [GC [ParNew: 226225K->5549K(249216K), 0.0104040 secs] 501545K->281290K(8360960K) icms_dc=0 , 0.0105950 secs] [Times: user=0.10 sys=0.02, real=0.01 secs] 
2012-10-19T10:26:41.899-0400: [GC [ParNew: 227117K->4861K(249216K), 0.0094270 secs] 502858K->281363K(8360960K) icms_dc=0 , 0.0096160 secs] [Times: user=0.08 sys=0.02, real=0.01 secs] 
2012-10-19T10:26:58.239-0400: [GC [ParNew: 226429K->4822K(249216K), 0.0101850 secs] 502931K->282091K(8360960K) icms_dc=0 , 0.0103740 secs] [Times: user=0.11 sys=0.02, real=0.01 secs] 
2012-10-19T10:27:10.832-0400: [GC [ParNew: 226390K->5353K(249216K), 0.0097200 secs] 503659K->283208K(8360960K) icms_dc=0 , 0.0099200 secs] [Times: user=0.11 sys=0.01, real=0.01 secs] 
2012-10-19T10:27:21.959-0400: [GC [ParNew: 226921K->4896K(249216K), 0.0098980 secs] 504776K->283449K(8360960K) icms_dc=0 , 0.0100870 secs] [Times: user=0.10 sys=0.03, real=0.01 secs] 
2012-10-19T10:27:30.574-0400: [GC [ParNew: 226464K->4816K(249216K), 0.0102110 secs] 505017K->283965K(8360960K) icms_dc=0 , 0.0104000 secs] [Times: user=0.10 sys=0.02, real=0.01 secs] 
2012-10-19T10:27:44.461-0400: [GC [ParNew: 226384K->4649K(249216K), 0.0096990 secs] 505533K->284420K(8360960K) icms_dc=0 , 0.0098900 secs] [Times: user=0.08 sys=0.03, real=0.01 secs] 
2012-10-19T10:27:56.598-0400: [GC [ParNew: 226217K->5291K(249216K), 0.0126260 secs] 505988K->285692K(8360960K) icms_dc=0 , 0.0128190 secs] [Times: user=0.11 sys=0.02, real=0.01 secs] 
2012-10-19T10:28:11.653-0400: [GC [ParNew: 226859K->4190K(249216K), 0.0081240 secs] 507260K->285063K(8360960K) icms_dc=0 , 0.0083230 secs] [Times: user=0.08 sys=0.02, real=0.01 secs] 
2012-10-19T10:28:28.261-0400: [GC [ParNew: 225758K->5232K(249216K), 0.0170950 secs] 506631K->286755K(8360960K) icms_dc=0 , 0.0173680 secs] [Times: user=0.06 sys=0.01, real=0.01 secs] 
2012-10-19T10:28:41.673-0400: [GC [ParNew: 226800K->4444K(249216K), 0.0093950 secs] 508323K->286401K(8360960K) icms_dc=0 , 0.0095750 secs] [Times: user=0.09 sys=0.02, real=0.01 secs] 
2012-10-19T10:28:55.687-0400: [GC [ParNew: 226012K->4358K(249216K), 0.0109650 secs] 507969K->286654K(8360960K) icms_dc=0 , 0.0111920 secs] [Times: user=0.09 sys=0.03, real=0.01 secs] 
2012-10-19T10:29:04.362-0400: [GC [ParNew: 225926K->4338K(249216K), 0.0097680 secs] 508222K->287184K(8360960K) icms_dc=0 , 0.0099600 secs] [Times: user=0.10 sys=0.03, real=0.01 secs] 
2012-10-19T10:29:17.860-0400: [GC [ParNew: 225906K->4150K(249216K), 0.0080000 secs] 508752K->287690K(8360960K) icms_dc=0 , 0.0081910 secs] [Times: user=0.07 sys=0.02, real=0.01 secs] 
2012-10-19T10:29:31.137-0400: [GC [ParNew: 225718K->3978K(249216K), 0.0076590 secs] 509258K->287921K(8360960K) icms_dc=0 , 0.0078490 secs] [Times: user=0.07 sys=0.02, real=0.01 secs] 
2012-10-19T10:29:42.972-0400: [GC [ParNew: 225546K->4693K(249216K), 0.0063460 secs] 509489K->289148K(8360960K) icms_dc=0 , 0.0065330 secs] [Times: user=0.06 sys=0.01, real=0.00 secs] 
2012-10-19T10:29:56.053-0400: [GC [ParNew: 226261K->5274K(249216K), 0.0095890 secs] 510716K->290157K(8360960K) icms_dc=0 , 0.0097860 secs] [Times: user=0.09 sys=0.02, real=0.01 secs] 
2012-10-19T10:30:02.986-0400: [GC [ParNew: 226842K->6849K(249216K), 0.0101870 secs] 511725K->292196K(8360960K) icms_dc=0 , 0.0103940 secs] [Times: user=0.09 sys=0.02, real=0.01 secs] 
2012-10-19T10:30:06.937-0400: [GC [ParNew: 228417K->6065K(249216K), 0.0108100 secs] 513764K->291906K(8360960K) icms_dc=0 , 0.0110030 secs] [Times: user=0.08 sys=0.02, real=0.01 secs] 
2012-10-19T10:30:13.519-0400: [GC [ParNew: 227633K->7966K(249216K), 0.0140000 secs] 513474K->294438K(8360960K) icms_dc=0 , 0.0142080 secs] [Times: user=0.12 sys=0.02, real=0.01 secs] 
2012-10-19T10:30:19.709-0400: [GC [ParNew: 229534K->9589K(249216K), 0.0086460 secs] 516006K->296831K(8360960K) icms_dc=0 , 0.0088530 secs] [Times: user=0.07 sys=0.00, real=0.01 secs] 
2012-10-19T10:30:31.038-0400: [GC [ParNew: 231157K->9670K(249216K), 0.0055130 secs] 518399K->297516K(8360960K) icms_dc=0 , 0.0057200 secs] [Times: user=0.06 sys=0.00, real=0.00 secs] 
2012-10-19T10:30:43.348-0400: [GC [ParNew: 231238K->9233K(249216K), 0.0137840 secs] 519084K->297929K(8360960K) icms_dc=0 , 0.0140040 secs] [Times: user=0.09 sys=0.02, real=0.02 secs] 
2012-10-19T10:30:57.896-0400: [GC [ParNew: 230801K->7931K(249216K), 0.0123530 secs] 519497K->298329K(8360960K) icms_dc=0 , 0.0125540 secs] [Times: user=0.12 sys=0.02, real=0.01 secs] 
2012-10-19T10:31:09.143-0400: [GC [ParNew: 229499K->5960K(249216K), 0.0156750 secs] 519897K->298646K(8360960K) icms_dc=0 , 0.0158820 secs] [Times: user=0.11 sys=0.02, real=0.01 secs] 
2012-10-19T10:31:19.867-0400: [GC [ParNew: 227528K->4383K(249216K), 0.0127290 secs] 520214K->297799K(8360960K) icms_dc=0 , 0.0129600 secs] [Times: user=0.09 sys=0.02, real=0.01 secs] 
2012-10-19T10:31:34.339-0400: [GC [ParNew: 225951K->3930K(249216K), 0.0099470 secs] 519367K->297790K(8360960K) icms_dc=0 , 0.0101340 secs] [Times: user=0.10 sys=0.02, real=0.01 secs] 
2012-10-19T10:31:45.683-0400: [GC [ParNew: 225498K->4112K(249216K), 0.0070130 secs] 519358K->298545K(8360960K) icms_dc=0 , 0.0071990 secs] [Times: user=0.06 sys=0.01, real=0.01 secs] 
2012-10-19T10:31:56.311-0400: [GC [ParNew: 225680K->4508K(249216K), 0.0092580 secs] 520113K->299370K(8360960K) icms_dc=0 , 0.0094390 secs] [Times: user=0.09 sys=0.03, real=0.01 secs] 
2012-10-19T10:32:11.487-0400: [GC [ParNew: 226076K->4203K(249216K), 0.0100540 secs] 520938K->299495K(8360960K) icms_dc=0 , 0.0102370 secs] [Times: user=0.09 sys=0.02, real=0.01 secs] 
2012-10-19T10:32:26.504-0400: [GC [ParNew: 225771K->4476K(249216K), 0.0108170 secs] 521063K->300323K(8360960K) icms_dc=0 , 0.0110180 secs] [Times: user=0.10 sys=0.03, real=0.02 secs] 
2012-10-19T10:32:37.894-0400: [GC [ParNew: 226044K->4469K(249216K), 0.0099190 secs] 521891K->300682K(8360960K) icms_dc=0 , 0.0101010 secs] [Times: user=0.10 sys=0.02, real=0.01 secs] 
2012-10-19T10:32:56.887-0400: [GC [ParNew: 226037K->4584K(249216K), 0.0081620 secs] 522250K->301269K(8360960K) icms_dc=0 , 0.0083730 secs] [Times: user=0.07 sys=0.01, real=0.01 secs] 
2012-10-19T10:33:12.814-0400: [GC [ParNew: 226152K->4604K(249216K), 0.0094480 secs] 522837K->301719K(8360960K) icms_dc=0 , 0.0096260 secs] [Times: user=0.09 sys=0.02, real=0.01 secs] 
2012-10-19T10:33:26.318-0400: [GC [ParNew: 226172K->4785K(249216K), 0.0090270 secs] 523287K->302311K(8360960K) icms_dc=0 , 0.0092420 secs] [Times: user=0.09 sys=0.03, real=0.01 secs] 
2012-10-19T10:33:41.002-0400: [GC [ParNew: 226353K->4118K(249216K), 0.0081360 secs] 523879K->302204K(8360960K) icms_dc=0 , 0.0083330 secs] [Times: user=0.06 sys=0.01, real=0.01 secs] 
2012-10-19T10:33:52.436-0400: [GC [ParNew: 225686K->4149K(249216K), 0.0102450 secs] 523772K->302607K(8360960K) icms_dc=0 , 0.0104310 secs] [Times: user=0.10 sys=0.02, real=0.01 secs] 
2012-10-19T10:34:00.626-0400: [GC [ParNew: 225717K->3695K(249216K), 0.0109320 secs] 524175K->302723K(8360960K) icms_dc=0 , 0.0111390 secs] [Times: user=0.09 sys=0.03, real=0.01 secs] 
2012-10-19T10:34:12.405-0400: [GC [ParNew: 225263K->3529K(249216K), 0.0117790 secs] 524291K->303157K(8360960K) icms_dc=0 , 0.0119770 secs] [Times: user=0.10 sys=0.03, real=0.01 secs] 
2012-10-19T10:34:22.200-0400: [GC [ParNew: 225097K->3685K(249216K), 0.0084830 secs] 524725K->303731K(8360960K) icms_dc=0 , 0.0086650 secs] [Times: user=0.08 sys=0.02, real=0.01 secs] 
2012-10-19T10:34:36.765-0400: [GC [ParNew: 225253K->3656K(249216K), 0.0118060 secs] 525299K->304129K(8360960K) icms_dc=0 , 0.0120020 secs] [Times: user=0.11 sys=0.01, real=0.01 secs] 
2012-10-19T10:34:48.435-0400: [GC [ParNew: 225224K->4959K(249216K), 0.0073450 secs] 525697K->305718K(8360960K) icms_dc=0 , 0.0075330 secs] [Times: user=0.08 sys=0.01, real=0.00 secs] 
2012-10-19T10:35:00.285-0400: [GC [ParNew: 226527K->5276K(249216K), 0.0106180 secs] 527286K->306443K(8360960K) icms_dc=0 , 0.0108390 secs] [Times: user=0.09 sys=0.02, real=0.01 secs] 
2012-10-19T10:35:09.448-0400: [GC [ParNew: 226844K->5766K(249216K), 0.0083000 secs] 528011K->307430K(8360960K) icms_dc=0 , 0.0084940 secs] [Times: user=0.08 sys=0.02, real=0.00 secs] 
2012-10-19T10:35:18.645-0400: [GC [ParNew: 227334K->5983K(249216K), 0.0105970 secs] 528998K->308175K(8360960K) icms_dc=0 , 0.0107910 secs] [Times: user=0.09 sys=0.03, real=0.01 secs] 
2012-10-19T10:35:28.930-0400: [GC [ParNew: 227551K->5636K(249216K), 0.0105370 secs] 529743K->308658K(8360960K) icms_dc=0 , 0.0107330 secs] [Times: user=0.09 sys=0.03, real=0.01 secs] 
2012-10-19T10:35:35.704-0400: [GC [ParNew: 227204K->6008K(249216K), 0.0168430 secs] 530226K->309885K(8360960K) icms_dc=0 , 0.0170640 secs] [Times: user=0.08 sys=0.01, real=0.01 secs] 
2012-10-19T10:35:51.178-0400: [GC [ParNew: 227576K->5187K(249216K), 0.0110170 secs] 531453K->310135K(8360960K) icms_dc=0 , 0.0112190 secs] [Times: user=0.08 sys=0.02, real=0.01 secs] 
2012-10-19T10:36:01.184-0400: [GC [ParNew: 226755K->4816K(249216K), 0.0104650 secs] 531703K->310476K(8360960K) icms_dc=0 , 0.0106580 secs] [Times: user=0.09 sys=0.03, real=0.02 secs] 
2012-10-19T10:36:11.126-0400: [GC [ParNew: 226384K->4314K(249216K), 0.0100480 secs] 532044K->310626K(8360960K) icms_dc=0 , 0.0102420 secs] [Times: user=0.10 sys=0.02, real=0.01 secs] 
2012-10-19T10:36:25.271-0400: [GC [ParNew: 225882K->5098K(249216K), 0.0124040 secs] 532194K->311843K(8360960K) icms_dc=0 , 0.0126340 secs] [Times: user=0.09 sys=0.03, real=0.01 secs] 
2012-10-19T10:36:36.245-0400: [GC [ParNew: 226666K->4609K(249216K), 0.0177340 secs] 533411K->312047K(8360960K) icms_dc=0 , 0.0179730 secs] [Times: user=0.08 sys=0.02, real=0.02 secs] 
2012-10-19T10:36:44.431-0400: [GC [ParNew: 226177K->4605K(249216K), 0.0109590 secs] 533615K->312496K(8360960K) icms_dc=0 , 0.0111450 secs] [Times: user=0.09 sys=0.02, real=0.02 secs] 
2012-10-19T10:36:58.973-0400: [GC [ParNew: 226173K->4440K(249216K), 0.0112100 secs] 534064K->312869K(8360960K) icms_dc=0 , 0.0113890 secs] [Times: user=0.09 sys=0.03, real=0.02 secs] 
2012-10-19T10:37:16.337-0400: [GC [ParNew: 226008K->3400K(249216K), 0.0102250 secs] 534437K->312288K(8360960K) icms_dc=0 , 0.0104400 secs] [Times: user=0.09 sys=0.03, real=0.01 secs] 
2012-10-19T10:37:26.399-0400: [GC [ParNew: 224968K->3836K(249216K), 0.0108390 secs] 533856K->313170K(8360960K) icms_dc=0 , 0.0110250 secs] [Times: user=0.10 sys=0.02, real=0.01 secs] 
2012-10-19T10:37:36.418-0400: [GC [ParNew: 225404K->3684K(249216K), 0.0081240 secs] 534738K->313352K(8360960K) icms_dc=0 , 0.0083150 secs] [Times: user=0.08 sys=0.02, real=0.01 secs] 
2012-10-19T10:37:47.739-0400: [GC [ParNew: 224586K->3544K(249216K), 0.0108340 secs] 534253K->313622K(8360960K) icms_dc=0 , 0.0110280 secs] [Times: user=0.12 sys=0.01, real=0.02 secs] 
2012-10-19T10:38:00.003-0400: [GC [ParNew: 225112K->3592K(249216K), 0.0095700 secs] 535190K->314080K(8360960K) icms_dc=0 , 0.0097820 secs] [Times: user=0.08 sys=0.03, real=0.01 secs] 
2012-10-19T10:38:13.580-0400: [GC [ParNew: 225160K->3805K(249216K), 0.0085220 secs] 535648K->314693K(8360960K) icms_dc=0 , 0.0087190 secs] [Times: user=0.08 sys=0.02, real=0.01 secs] 
2012-10-19T10:38:23.169-0400: [GC [ParNew: 225373K->4304K(249216K), 0.0115290 secs] 536261K->315599K(8360960K) icms_dc=0 , 0.0117370 secs] [Times: user=0.09 sys=0.03, real=0.01 secs] 
2012-10-19T10:38:41.373-0400: [GC [ParNew: 225872K->4009K(249216K), 0.0097550 secs] 537167K->315763K(8360960K) icms_dc=0 , 0.0099590 secs] [Times: user=0.10 sys=0.02, real=0.01 secs] 
2012-10-19T10:38:59.617-0400: [GC [ParNew: 225577K->3660K(249216K), 0.0107760 secs] 537331K->315875K(8360960K) icms_dc=0 , 0.0109800 secs] [Times: user=0.10 sys=0.02, real=0.01 secs] 
2012-10-19T10:39:14.359-0400: [GC [ParNew: 225228K->4003K(249216K), 0.0104780 secs] 537443K->316544K(8360960K) icms_dc=0 , 0.0106730 secs] [Times: user=0.10 sys=0.03, real=0.01 secs] 
2012-10-19T10:39:30.271-0400: [GC [ParNew: 225571K->4244K(249216K), 0.0122890 secs] 538112K->317245K(8360960K) icms_dc=0 , 0.0124860 secs] [Times: user=0.11 sys=0.01, real=0.01 secs] 
2012-10-19T10:39:46.423-0400: [GC [ParNew: 225812K->3807K(249216K), 0.0093740 secs] 538813K->317192K(8360960K) icms_dc=0 , 0.0095590 secs] [Times: user=0.08 sys=0.03, real=0.01 secs] 
2012-10-19T10:40:01.810-0400: [GC [ParNew: 225375K->3944K(249216K), 0.0083830 secs] 538760K->317681K(8360960K) icms_dc=0 , 0.0085770 secs] [Times: user=0.07 sys=0.02, real=0.01 secs] 
2012-10-19T10:40:12.829-0400: [GC [ParNew: 225512K->3635K(249216K), 0.0094230 secs] 539249K->317921K(8360960K) icms_dc=0 , 0.0096150 secs] [Times: user=0.09 sys=0.02, real=0.01 secs] 
2012-10-19T10:40:26.980-0400: [GC [ParNew: 225203K->4112K(249216K), 0.0101350 secs] 539489K->318870K(8360960K) icms_dc=0 , 0.0104070 secs] [Times: user=0.08 sys=0.02, real=0.01 secs] 
2012-10-19T10:40:35.976-0400: [GC [ParNew: 225680K->4528K(249216K), 0.0131440 secs] 540438K->319672K(8360960K) icms_dc=0 , 0.0133790 secs] [Times: user=0.09 sys=0.02, real=0.01 secs] 
2012-10-19T10:40:50.559-0400: [GC [ParNew: 226096K->3703K(249216K), 0.0106610 secs] 541240K->319196K(8360960K) icms_dc=0 , 0.0108430 secs] [Times: user=0.08 sys=0.03, real=0.01 secs] 
2012-10-19T10:41:04.952-0400: [GC [ParNew: 225271K->3987K(249216K), 0.0099090 secs] 540764K->319951K(8360960K) icms_dc=0 , 0.0101160 secs] [Times: user=0.09 sys=0.03, real=0.01 secs] 
2012-10-19T10:41:14.886-0400: [GC [ParNew: 225555K->3805K(249216K), 0.0091980 secs] 541519K->320207K(8360960K) icms_dc=0 , 0.0093880 secs] [Times: user=0.09 sys=0.01, real=0.01 secs] 
2012-10-19T10:41:26.305-0400: [GC [ParNew: 225373K->5232K(249216K), 0.0117490 secs] 541775K->322012K(8360960K) icms_dc=0 , 0.0120040 secs] [Times: user=0.07 sys=0.02, real=0.01 secs] 
2012-10-19T10:41:31.845-0400: [GC [ParNew: 226800K->5006K(249216K), 0.0152900 secs] 543580K->322304K(8360960K) icms_dc=0 , 0.0155510 secs] [Times: user=0.05 sys=0.01, real=0.01 secs] 
2012-10-19T10:41:36.775-0400: [GC [ParNew: 226574K->3472K(249216K), 0.0110650 secs] 543872K->321466K(8360960K) icms_dc=0 , 0.0112330 secs] [Times: user=0.09 sys=0.02, real=0.01 secs] 
2012-10-19T10:41:45.015-0400: [GC [ParNew: 225040K->3375K(249216K), 0.0103190 secs] 543034K->321789K(8360960K) icms_dc=0 , 0.0104950 secs] [Times: user=0.09 sys=0.03, real=0.02 secs] 
2012-10-19T10:41:51.587-0400: [GC [ParNew: 224943K->3463K(249216K), 0.0106670 secs] 543357K->322467K(8360960K) icms_dc=0 , 0.0108420 secs] [Times: user=0.08 sys=0.03, real=0.01 secs] 
2012-10-19T10:42:00.676-0400: [GC [ParNew: 225031K->4111K(249216K), 0.0124640 secs] 544035K->323297K(8360960K) icms_dc=0 , 0.0126830 secs] [Times: user=0.10 sys=0.02, real=0.02 secs] 
2012-10-19T10:42:10.176-0400: [GC [ParNew: 225679K->4283K(249216K), 0.0104040 secs] 544865K->323949K(8360960K) icms_dc=0 , 0.0105830 secs] [Times: user=0.07 sys=0.03, real=0.01 secs] 
2012-10-19T10:42:23.222-0400: [GC [ParNew: 225851K->4527K(249216K), 0.0081960 secs] 545517K->324658K(8360960K) icms_dc=0 , 0.0084110 secs] [Times: user=0.08 sys=0.02, real=0.01 secs] 
2012-10-19T10:42:39.697-0400: [GC [ParNew: 226095K->4094K(249216K), 0.0097560 secs] 546226K->324654K(8360960K) icms_dc=0 , 0.0099220 secs] [Times: user=0.09 sys=0.04, real=0.01 secs] 
2012-10-19T10:42:56.023-0400: [GC [ParNew: 225662K->4816K(249216K), 0.0049320 secs] 546222K->325888K(8360960K) icms_dc=0 , 0.0051010 secs] [Times: user=0.05 sys=0.00, real=0.01 secs] 
2012-10-19T10:43:10.743-0400: [GC [ParNew: 226384K->4825K(249216K), 0.0101830 secs] 547456K->326333K(8360960K) icms_dc=0 , 0.0103560 secs] [Times: user=0.10 sys=0.02, real=0.01 secs] 
2012-10-19T10:43:24.954-0400: [GC [ParNew: 226393K->5018K(249216K), 0.0104960 secs] 547901K->327138K(8360960K) icms_dc=0 , 0.0106660 secs] [Times: user=0.09 sys=0.03, real=0.01 secs] 
2012-10-19T10:43:37.594-0400: [GC [ParNew: 226586K->4871K(249216K), 0.0119980 secs] 548706K->327516K(8360960K) icms_dc=0 , 0.0121780 secs] [Times: user=0.11 sys=0.02, real=0.01 secs] 
2012-10-19T10:43:49.539-0400: [GC [ParNew: 226439K->4635K(249216K), 0.0080130 secs] 549084K->327866K(8360960K) icms_dc=0 , 0.0081820 secs] [Times: user=0.07 sys=0.02, real=0.01 secs] 
2012-10-19T10:44:08.413-0400: [GC [ParNew: 226203K->4736K(249216K), 0.0108590 secs] 549434K->328597K(8360960K) icms_dc=0 , 0.0110260 secs] [Times: user=0.10 sys=0.02, real=0.01 secs] 
2012-10-19T10:44:21.979-0400: [GC [ParNew: 226304K->4356K(249216K), 0.0089260 secs] 550165K->328830K(8360960K) icms_dc=0 , 0.0091100 secs] [Times: user=0.08 sys=0.02, real=0.00 secs] 
2012-10-19T10:44:30.206-0400: [GC [ParNew: 225924K->4377K(249216K), 0.0110490 secs] 550398K->329419K(8360960K) icms_dc=0 , 0.0112240 secs] [Times: user=0.11 sys=0.02, real=0.01 secs] 
2012-10-19T10:44:43.847-0400: [GC [ParNew: 225945K->4566K(249216K), 0.0104020 secs] 550987K->330062K(8360960K) icms_dc=0 , 0.0105740 secs] [Times: user=0.09 sys=0.02, real=0.01 secs] 
2012-10-19T10:45:00.774-0400: [GC [ParNew: 226134K->4232K(249216K), 0.0101070 secs] 551630K->330264K(8360960K) icms_dc=0 , 0.0102800 secs] [Times: user=0.10 sys=0.02, real=0.01 secs] 
2012-10-19T10:45:11.193-0400: [GC [ParNew: 225800K->5754K(249216K), 0.0059860 secs] 551832K->332322K(8360960K) icms_dc=0 , 0.0062150 secs] [Times: user=0.05 sys=0.00, real=0.01 secs] 
2012-10-19T10:45:21.763-0400: [GC [ParNew: 227322K->7847K(249216K), 0.0085940 secs] 553890K->334896K(8360960K) icms_dc=0 , 0.0087870 secs] [Times: user=0.08 sys=0.01, real=0.01 secs] 
2012-10-19T10:45:34.385-0400: [GC [ParNew: 229415K->8342K(249216K), 0.0067320 secs] 556464K->335886K(8360960K) icms_dc=0 , 0.0069090 secs] [Times: user=0.07 sys=0.01, real=0.01 secs] 
2012-10-19T10:45:46.286-0400: [GC [ParNew: 229910K->7518K(249216K), 0.0118550 secs] 557454K->335486K(8360960K) icms_dc=0 , 0.0120560 secs] [Times: user=0.11 sys=0.02, real=0.01 secs] 
2012-10-19T10:45:58.743-0400: [GC [ParNew: 229086K->7987K(249216K), 0.0136620 secs] 557054K->337027K(8360960K) icms_dc=0 , 0.0138690 secs] [Times: user=0.09 sys=0.03, real=0.01 secs] 
2012-10-19T10:46:09.215-0400: [GC [ParNew: 229555K->5958K(249216K), 0.0149900 secs] 558595K->337625K(8360960K) icms_dc=0 , 0.0151630 secs] [Times: user=0.11 sys=0.02, real=0.01 secs] 
2012-10-19T10:46:22.277-0400: [GC [ParNew: 227526K->5277K(249216K), 0.0114520 secs] 559193K->337511K(8360960K) icms_dc=0 , 0.0116720 secs] [Times: user=0.10 sys=0.03, real=0.01 secs] 
2012-10-19T10:46:39.070-0400: [GC [ParNew: 226845K->4853K(249216K), 0.0076220 secs] 559079K->337520K(8360960K) icms_dc=0 , 0.0077870 secs] [Times: user=0.08 sys=0.01, real=0.00 secs] 
2012-10-19T10:46:53.536-0400: [GC [ParNew: 226421K->4603K(249216K), 0.0090150 secs] 559088K->337923K(8360960K) icms_dc=0 , 0.0092020 secs] [Times: user=0.09 sys=0.02, real=0.01 secs] 
2012-10-19T10:47:06.282-0400: [GC [ParNew: 226171K->4866K(249216K), 0.0101220 secs] 559491K->338626K(8360960K) icms_dc=0 , 0.0102940 secs] [Times: user=0.09 sys=0.03, real=0.01 secs] 
2012-10-19T10:47:24.843-0400: [GC [ParNew: 226434K->4736K(249216K), 0.0094650 secs] 560194K->339263K(8360960K) icms_dc=0 , 0.0096430 secs] [Times: user=0.08 sys=0.03, real=0.01 secs] 
2012-10-19T10:47:39.370-0400: [GC [ParNew: 226304K->4745K(249216K), 0.0102450 secs] 560831K->339735K(8360960K) icms_dc=0 , 0.0104140 secs] [Times: user=0.10 sys=0.02, real=0.01 secs] 
2012-10-19T10:47:52.186-0400: [GC [ParNew: 226313K->4207K(249216K), 0.0101000 secs] 561303K->339956K(8360960K) icms_dc=0 , 0.0102780 secs] [Times: user=0.07 sys=0.02, real=0.01 secs] 
2012-10-19T10:48:07.921-0400: [GC [ParNew: 225775K->4322K(249216K), 0.0095760 secs] 561524K->340605K(8360960K) icms_dc=0 , 0.0097570 secs] [Times: user=0.08 sys=0.02, real=0.01 secs] 
2012-10-19T10:48:20.772-0400: [GC [ParNew: 225890K->4024K(249216K), 0.0098180 secs] 562173K->340795K(8360960K) icms_dc=0 , 0.0099920 secs] [Times: user=0.09 sys=0.02, real=0.01 secs] 
2012-10-19T10:48:29.672-0400: [GC [ParNew: 225592K->3534K(249216K), 0.0102440 secs] 562363K->340867K(8360960K) icms_dc=0 , 0.0104170 secs] [Times: user=0.10 sys=0.02, real=0.01 secs] 
2012-10-19T10:48:46.038-0400: [GC [ParNew: 225102K->4910K(249216K), 0.0103160 secs] 562435K->342717K(8360960K) icms_dc=0 , 0.0105580 secs] [Times: user=0.05 sys=0.01, real=0.01 secs] 
2012-10-19T10:49:01.936-0400: [GC [ParNew: 226478K->4185K(249216K), 0.0106060 secs] 564285K->342409K(8360960K) icms_dc=0 , 0.0107940 secs] [Times: user=0.10 sys=0.02, real=0.01 secs] 
2012-10-19T10:49:17.043-0400: [GC [ParNew: 225753K->3960K(249216K), 0.0094090 secs] 563977K->342639K(8360960K) icms_dc=0 , 0.0096080 secs] [Times: user=0.08 sys=0.03, real=0.01 secs] 
2012-10-19T10:49:35.915-0400: [GC [ParNew: 225528K->4517K(249216K), 0.0093840 secs] 564207K->343609K(8360960K) icms_dc=0 , 0.0095870 secs] [Times: user=0.10 sys=0.02, real=0.01 secs] 
2012-10-19T10:49:48.576-0400: [GC [ParNew: 226085K->4381K(249216K), 0.0098770 secs] 565177K->344062K(8360960K) icms_dc=0 , 0.0100730 secs] [Times: user=0.09 sys=0.03, real=0.01 secs] 
2012-10-19T10:49:59.215-0400: [GC [ParNew: 225949K->4075K(249216K), 0.0101810 secs] 565630K->344309K(8360960K) icms_dc=0 , 0.0103750 secs] [Times: user=0.09 sys=0.02, real=0.01 secs] 
2012-10-19T10:50:00.566-0400: [GC [ParNew: 225643K->4037K(249216K), 0.0138590 secs] 565877K->344950K(8360960K) icms_dc=0 , 0.0140950 secs] [Times: user=0.10 sys=0.02, real=0.02 secs] 
2012-10-19T10:50:03.865-0400: [GC [ParNew: 225605K->3884K(249216K), 0.0107420 secs] 566518K->345528K(8360960K) icms_dc=0 , 0.0109360 secs] [Times: user=0.08 sys=0.02, real=0.01 secs] 
2012-10-19T10:50:10.065-0400: [GC [ParNew: 225452K->3697K(249216K), 0.0209500 secs] 567096K->345906K(8360960K) icms_dc=0 , 0.0211860 secs] [Times: user=0.10 sys=0.01, real=0.02 secs] 
2012-10-19T10:50:19.521-0400: [GC [ParNew: 225265K->3485K(249216K), 0.0100840 secs] 567474K->346250K(8360960K) icms_dc=0 , 0.0102760 secs] [Times: user=0.09 sys=0.02, real=0.01 secs] 
2012-10-19T10:50:30.286-0400: [GC [ParNew: 225053K->4672K(249216K), 0.0091350 secs] 567818K->347751K(8360960K) icms_dc=0 , 0.0093230 secs] [Times: user=0.08 sys=0.01, real=0.01 secs] 
2012-10-19T10:50:36.390-0400: [GC [ParNew: 226240K->4987K(249216K), 0.0081470 secs] 569319K->348529K(8360960K) icms_dc=0 , 0.0083310 secs] [Times: user=0.07 sys=0.02, real=0.01 secs] 
2012-10-19T10:50:47.675-0400: [GC [ParNew: 226555K->4613K(249216K), 0.0113830 secs] 570097K->348995K(8360960K) icms_dc=0 , 0.0115870 secs] [Times: user=0.08 sys=0.04, real=0.01 secs] 
2012-10-19T10:50:59.842-0400: [GC [ParNew: 226181K->5512K(249216K), 0.0106190 secs] 570563K->350502K(8360960K) icms_dc=0 , 0.0108120 secs] [Times: user=0.08 sys=0.02, real=0.01 secs] 
2012-10-19T10:51:17.922-0400: [GC [ParNew: 227080K->5070K(249216K), 0.0099580 secs] 572070K->350844K(8360960K) icms_dc=0 , 0.0101620 secs] [Times: user=0.08 sys=0.02, real=0.01 secs] 
2012-10-19T10:51:36.040-0400: [GC [ParNew: 226638K->4297K(249216K), 0.0105730 secs] 572412K->350668K(8360960K) icms_dc=0 , 0.0107620 secs] [Times: user=0.09 sys=0.03, real=0.01 secs] 
2012-10-19T10:51:54.960-0400: [GC [ParNew: 225865K->4802K(249216K), 0.0080980 secs] 572236K->351679K(8360960K) icms_dc=0 , 0.0082830 secs] [Times: user=0.08 sys=0.01, real=0.01 secs] 
2012-10-19T10:52:10.844-0400: [GC [ParNew: 226370K->4814K(249216K), 0.0120460 secs] 573247K->352389K(8360960K) icms_dc=0 , 0.0122370 secs] [Times: user=0.09 sys=0.03, real=0.01 secs] 
2012-10-19T10:52:30.463-0400: [GC [ParNew: 226382K->5179K(249216K), 0.0108680 secs] 573957K->353233K(8360960K) icms_dc=0 , 0.0110340 secs] [Times: user=0.07 sys=0.01, real=0.01 secs] 
2012-10-19T10:52:41.266-0400: [GC [ParNew: 226747K->4759K(249216K), 0.0096590 secs] 574801K->353485K(8360960K) icms_dc=0 , 0.0098330 secs] [Times: user=0.09 sys=0.03, real=0.01 secs] 
2012-10-19T10:52:57.003-0400: [GC [ParNew: 226327K->4596K(249216K), 0.0110780 secs] 575053K->353754K(8360960K) icms_dc=0 , 0.0112600 secs] [Times: user=0.09 sys=0.02, real=0.02 secs] 
2012-10-19T10:53:13.050-0400: [GC [ParNew: 226164K->4597K(249216K), 0.0091350 secs] 575322K->354288K(8360960K) icms_dc=0 , 0.0093150 secs] [Times: user=0.08 sys=0.01, real=0.01 secs] 
2012-10-19T10:53:29.138-0400: [GC [ParNew: 226165K->4280K(249216K), 0.0094280 secs] 575856K->354647K(8360960K) icms_dc=0 , 0.0096220 secs] [Times: user=0.08 sys=0.02, real=0.01 secs] 
2012-10-19T10:53:35.727-0400: [GC [ParNew: 225848K->4045K(249216K), 0.0080890 secs] 576215K->355043K(8360960K) icms_dc=0 , 0.0082640 secs] [Times: user=0.08 sys=0.02, real=0.01 secs] 
2012-10-19T10:53:50.102-0400: [GC [ParNew: 225613K->3463K(249216K), 0.0086540 secs] 576611K->354930K(8360960K) icms_dc=0 , 0.0088340 secs] [Times: user=0.07 sys=0.02, real=0.00 secs] 
2012-10-19T10:54:06.939-0400: [GC [ParNew: 225031K->3664K(249216K), 0.0096310 secs] 576498K->355536K(8360960K) icms_dc=0 , 0.0098130 secs] [Times: user=0.09 sys=0.03, real=0.01 secs] 
2012-10-19T10:54:19.834-0400: [GC [ParNew: 225232K->3817K(249216K), 0.0097640 secs] 577104K->356021K(8360960K) icms_dc=0 , 0.0099630 secs] [Times: user=0.08 sys=0.03, real=0.01 secs] 
2012-10-19T10:54:39.286-0400: [GC [ParNew: 225385K->3668K(249216K), 0.0091490 secs] 577589K->356245K(8360960K) icms_dc=0 , 0.0093270 secs] [Times: user=0.09 sys=0.02, real=0.01 secs] 
2012-10-19T10:54:53.041-0400: [GC [ParNew: 225236K->4321K(249216K), 0.0101180 secs] 577813K->357282K(8360960K) icms_dc=0 , 0.0103040 secs] [Times: user=0.10 sys=0.03, real=0.01 secs] 
2012-10-19T10:55:10.295-0400: [GC [ParNew: 225889K->4525K(249216K), 0.0098320 secs] 578850K->357828K(8360960K) icms_dc=0 , 0.0100250 secs] [Times: user=0.10 sys=0.02, real=0.01 secs] 
2012-10-19T10:55:23.568-0400: [GC [ParNew: 226093K->4620K(249216K), 0.0092360 secs] 579396K->358575K(8360960K) icms_dc=0 , 0.0094290 secs] [Times: user=0.08 sys=0.03, real=0.01 secs] 
2012-10-19T10:55:34.371-0400: [GC [ParNew: 226188K->5036K(249216K), 0.0086920 secs] 580143K->359335K(8360960K) icms_dc=0 , 0.0088820 secs] [Times: user=0.07 sys=0.03, real=0.01 secs] 
2012-10-19T10:55:46.215-0400: [GC [ParNew: 226604K->4695K(249216K), 0.0099240 secs] 580903K->359824K(8360960K) icms_dc=0 , 0.0101100 secs] [Times: user=0.08 sys=0.02, real=0.01 secs] 
2012-10-19T10:55:58.065-0400: [GC [ParNew: 226263K->4204K(249216K), 0.0105820 secs] 581392K->360054K(8360960K) icms_dc=0 , 0.0107710 secs] [Times: user=0.09 sys=0.03, real=0.01 secs] 
2012-10-19T10:56:06.357-0400: [GC [ParNew: 225772K->3713K(249216K), 0.0099030 secs] 581622K->360333K(8360960K) icms_dc=0 , 0.0100980 secs] [Times: user=0.09 sys=0.02, real=0.01 secs] 
2012-10-19T10:56:16.590-0400: [GC [ParNew: 225281K->3854K(249216K), 0.0095670 secs] 581901K->360890K(8360960K) icms_dc=0 , 0.0097630 secs] [Times: user=0.09 sys=0.02, real=0.01 secs] 
2012-10-19T10:56:28.336-0400: [GC [ParNew: 225422K->3584K(249216K), 0.0092080 secs] 582458K->361144K(8360960K) icms_dc=0 , 0.0093980 secs] [Times: user=0.09 sys=0.01, real=0.01 secs] 
2012-10-19T10:56:40.044-0400: [GC [ParNew: 225152K->3636K(249216K), 0.0098180 secs] 582712K->361711K(8360960K) icms_dc=0 , 0.0100190 secs] [Times: user=0.09 sys=0.02, real=0.01 secs] 
2012-10-19T10:56:53.418-0400: [GC [ParNew: 225204K->3644K(249216K), 0.0102490 secs] 583279K->362048K(8360960K) icms_dc=0 , 0.0104420 secs] [Times: user=0.10 sys=0.02, real=0.02 secs] 
2012-10-19T10:57:07.195-0400: [GC [ParNew: 225212K->4134K(249216K), 0.0100250 secs] 583616K->363035K(8360960K) icms_dc=0 , 0.0102050 secs] [Times: user=0.09 sys=0.03, real=0.01 secs] 
2012-10-19T10:57:26.598-0400: [GC [ParNew: 225702K->3802K(249216K), 0.0095600 secs] 584603K->363069K(8360960K) icms_dc=0 , 0.0097470 secs] [Times: user=0.10 sys=0.02, real=0.01 secs] 
2012-10-19T10:57:46.350-0400: [GC [ParNew: 225370K->3927K(249216K), 0.0102450 secs] 584637K->363643K(8360960K) icms_dc=0 , 0.0104420 secs] [Times: user=0.09 sys=0.02, real=0.01 secs] 
2012-10-19T10:57:59.380-0400: [GC [ParNew: 225495K->4391K(249216K), 0.0094120 secs] 585211K->364691K(8360960K) icms_dc=0 , 0.0095970 secs] [Times: user=0.09 sys=0.02, real=0.01 secs] 
2012-10-19T10:58:12.471-0400: [GC [ParNew: 225959K->4433K(249216K), 0.0091140 secs] 586259K->365167K(8360960K) icms_dc=0 , 0.0093000 secs] [Times: user=0.09 sys=0.02, real=0.01 secs] 
2012-10-19T10:58:26.517-0400: [GC [ParNew: 226001K->4784K(249216K), 0.0103350 secs] 586735K->365941K(8360960K) icms_dc=0 , 0.0105270 secs] [Times: user=0.11 sys=0.03, real=0.01 secs] 
2012-10-19T10:58:39.496-0400: [GC [ParNew: 226352K->4436K(249216K), 0.0089720 secs] 587509K->366108K(8360960K) icms_dc=0 , 0.0091580 secs] [Times: user=0.09 sys=0.01, real=0.01 secs] 
2012-10-19T10:58:53.691-0400: [GC [ParNew: 226004K->4997K(249216K), 0.0095450 secs] 587676K->367155K(8360960K) icms_dc=0 , 0.0097440 secs] [Times: user=0.10 sys=0.02, real=0.01 secs] 
2012-10-19T10:59:13.469-0400: [GC [ParNew: 226565K->4302K(249216K), 0.0107570 secs] 588723K->367081K(8360960K) icms_dc=0 , 0.0109480 secs] [Times: user=0.10 sys=0.01, real=0.01 secs] 
2012-10-19T10:59:26.596-0400: [GC [ParNew: 225870K->4428K(249216K), 0.0105290 secs] 588649K->367746K(8360960K) icms_dc=0 , 0.0107270 secs] [Times: user=0.11 sys=0.01, real=0.01 secs] 
2012-10-19T10:59:41.537-0400: [GC [ParNew: 225996K->5324K(249216K), 0.0088510 secs] 589314K->369081K(8360960K) icms_dc=0 , 0.0090670 secs] [Times: user=0.09 sys=0.02, real=0.01 secs] 
2012-10-19T10:59:56.042-0400: [GC [ParNew: 226892K->3993K(249216K), 0.0098470 secs] 590649K->368528K(8360960K) icms_dc=0 , 0.0100470 secs] [Times: user=0.10 sys=0.02, real=0.01 secs] 
2012-10-19T11:00:06.449-0400: [GC [ParNew: 225561K->4520K(249216K), 0.0095150 secs] 590096K->369454K(8360960K) icms_dc=0 , 0.0097130 secs] [Times: user=0.09 sys=0.02, real=0.01 secs] 
2012-10-19T11:00:12.710-0400: [GC [ParNew: 226088K->6540K(249216K), 0.0111150 secs] 591022K->372023K(8360960K) icms_dc=0 , 0.0113150 secs] [Times: user=0.09 sys=0.03, real=0.01 secs] 
2012-10-19T11:00:28.441-0400: [GC [ParNew: 228108K->8976K(249216K), 0.0108800 secs] 593591K->374790K(8360960K) icms_dc=0 , 0.0110870 secs] [Times: user=0.10 sys=0.03, real=0.01 secs] 
2012-10-19T11:00:40.886-0400: [GC [ParNew: 230544K->8078K(249216K), 0.0081250 secs] 596358K->374273K(8360960K) icms_dc=0 , 0.0083290 secs] [Times: user=0.08 sys=0.00, real=0.01 secs] 
2012-10-19T11:00:51.500-0400: [GC [ParNew: 229646K->8207K(249216K), 0.0071910 secs] 595841K->375181K(8360960K) icms_dc=0 , 0.0073900 secs] [Times: user=0.06 sys=0.00, real=0.01 secs] 
2012-10-19T11:01:05.289-0400: [GC [ParNew: 229775K->6096K(249216K), 0.0087750 secs] 596749K->374583K(8360960K) icms_dc=0 , 0.0089730 secs] [Times: user=0.08 sys=0.02, real=0.01 secs] 
2012-10-19T11:01:27.243-0400: [GC [ParNew: 227664K->5036K(249216K), 0.0112320 secs] 596151K->375150K(8360960K) icms_dc=0 , 0.0114400 secs] [Times: user=0.12 sys=0.02, real=0.01 secs] 
2012-10-19T11:01:42.533-0400: [GC [ParNew: 226604K->3816K(249216K), 0.0088630 secs] 596718K->374457K(8360960K) icms_dc=0 , 0.0090490 secs] [Times: user=0.07 sys=0.03, real=0.01 secs] 
2012-10-19T11:01:57.642-0400: [GC [ParNew: 225384K->4111K(249216K), 0.0076470 secs] 596025K->375026K(8360960K) icms_dc=0 , 0.0078250 secs] [Times: user=0.07 sys=0.02, real=0.01 secs] 
2012-10-19T11:02:08.611-0400: [GC [ParNew: 225679K->3631K(249216K), 0.0094360 secs] 596594K->375092K(8360960K) icms_dc=0 , 0.0096190 secs] [Times: user=0.09 sys=0.02, real=0.01 secs] 
2012-10-19T11:02:19.249-0400: [GC [ParNew: 225199K->3452K(249216K), 0.0101990 secs] 596660K->375553K(8360960K) icms_dc=0 , 0.0103930 secs] [Times: user=0.09 sys=0.03, real=0.01 secs] 
2012-10-19T11:02:27.218-0400: [GC [ParNew: 225020K->2966K(249216K), 0.0092960 secs] 597121K->375447K(8360960K) icms_dc=0 , 0.0094770 secs] [Times: user=0.09 sys=0.03, real=0.01 secs] 
2012-10-19T11:02:39.804-0400: [GC [ParNew: 224534K->3131K(249216K), 0.0107510 secs] 597015K->375956K(8360960K) icms_dc=0 , 0.0109600 secs] [Times: user=0.10 sys=0.02, real=0.01 secs] 
2012-10-19T11:02:55.249-0400: [GC [ParNew: 224699K->3897K(249216K), 0.0084640 secs] 597524K->377075K(8360960K) icms_dc=0 , 0.0086470 secs] [Times: user=0.09 sys=0.01, real=0.01 secs] 
2012-10-19T11:03:07.984-0400: [GC [ParNew: 225465K->3584K(249216K), 0.0106780 secs] 598643K->377196K(8360960K) icms_dc=0 , 0.0108840 secs] [Times: user=0.09 sys=0.02, real=0.01 secs] 
2012-10-19T11:03:25.491-0400: [GC [ParNew: 225152K->4258K(249216K), 0.0091200 secs] 598764K->378299K(8360960K) icms_dc=0 , 0.0093040 secs] [Times: user=0.09 sys=0.02, real=0.01 secs] 
2012-10-19T11:03:48.830-0400: [GC [ParNew: 225826K->4348K(249216K), 0.0096520 secs] 599867K->378899K(8360960K) icms_dc=0 , 0.0098420 secs] [Times: user=0.09 sys=0.02, real=0.01 secs] 
2012-10-19T11:04:03.848-0400: [GC [ParNew: 225916K->4436K(249216K), 0.0099450 secs] 600467K->379421K(8360960K) icms_dc=0 , 0.0101260 secs] [Times: user=0.11 sys=0.02, real=0.01 secs] 
2012-10-19T11:04:19.036-0400: [GC [ParNew: 226004K->4214K(249216K), 0.0095450 secs] 600989K->379522K(8360960K) icms_dc=0 , 0.0097470 secs] [Times: user=0.09 sys=0.03, real=0.01 secs] 
2012-10-19T11:04:33.267-0400: [GC [ParNew: 225782K->4414K(249216K), 0.0099480 secs] 601090K->380173K(8360960K) icms_dc=0 , 0.0101290 secs] [Times: user=0.09 sys=0.02, real=0.01 secs] 
2012-10-19T11:04:42.970-0400: [GC [ParNew: 225982K->4432K(249216K), 0.0136020 secs] 601741K->380931K(8360960K) icms_dc=0 , 0.0138270 secs] [Times: user=0.10 sys=0.02, real=0.01 secs] 
2012-10-19T11:04:53.867-0400: [GC [ParNew: 226000K->3802K(249216K), 0.0087420 secs] 602499K->380775K(8360960K) icms_dc=0 , 0.0089440 secs] [Times: user=0.08 sys=0.01, real=0.01 secs] 
2012-10-19T11:05:08.639-0400: [GC [ParNew: 225370K->5295K(249216K), 0.0093640 secs] 602343K->382745K(8360960K) icms_dc=0 , 0.0095500 secs] [Times: user=0.09 sys=0.03, real=0.01 secs] 
2012-10-19T11:05:17.773-0400: [GC [ParNew: 226863K->5322K(249216K), 0.0181390 secs] 604313K->383223K(8360960K) icms_dc=0 , 0.0184100 secs] [Times: user=0.09 sys=0.03, real=0.01 secs] 
2012-10-19T11:05:29.862-0400: [GC [ParNew: 226890K->6558K(249216K), 0.0101290 secs] 604791K->384814K(8360960K) icms_dc=0 , 0.0103210 secs] [Times: user=0.09 sys=0.02, real=0.01 secs] 
2012-10-19T11:05:41.233-0400: [GC [ParNew: 228126K->5571K(249216K), 0.0111390 secs] 606382K->384281K(8360960K) icms_dc=0 , 0.0113410 secs] [Times: user=0.11 sys=0.03, real=0.01 secs] 
2012-10-19T11:05:52.599-0400: [GC [ParNew: 227139K->6387K(249216K), 0.0193770 secs] 605849K->386255K(8360960K) icms_dc=0 , 0.0196220 secs] [Times: user=0.08 sys=0.02, real=0.02 secs] 
2012-10-19T11:06:04.050-0400: [GC [ParNew: 227955K->4919K(249216K), 0.0106840 secs] 607823K->385593K(8360960K) icms_dc=0 , 0.0108750 secs] [Times: user=0.09 sys=0.02, real=0.01 secs] 
2012-10-19T11:06:15.447-0400: [GC [ParNew: 226487K->5056K(249216K), 0.0106880 secs] 607161K->386730K(8360960K) icms_dc=0 , 0.0108830 secs] [Times: user=0.10 sys=0.03, real=0.01 secs] 
2012-10-19T11:06:23.483-0400: [GC [ParNew: 226624K->4418K(249216K), 0.0130060 secs] 608298K->386565K(8360960K) icms_dc=0 , 0.0131880 secs] [Times: user=0.11 sys=0.02, real=0.01 secs] 
2012-10-19T11:06:38.570-0400: [GC [ParNew: 225986K->4532K(249216K), 0.0096620 secs] 608133K->387223K(8360960K) icms_dc=0 , 0.0098520 secs] [Times: user=0.09 sys=0.03, real=0.01 secs] 
2012-10-19T11:06:53.235-0400: [GC [ParNew: 226100K->4123K(249216K), 0.0092590 secs] 608791K->387653K(8360960K) icms_dc=0 , 0.0094450 secs] [Times: user=0.08 sys=0.03, real=0.01 secs] 
2012-10-19T11:07:07.314-0400: [GC [ParNew: 225691K->3787K(249216K), 0.0090830 secs] 609221K->387700K(8360960K) icms_dc=0 , 0.0092660 secs] [Times: user=0.08 sys=0.02, real=0.01 secs] 
2012-10-19T11:07:14.058-0400: [GC [ParNew: 225355K->3297K(249216K), 0.0115330 secs] 609268K->387749K(8360960K) icms_dc=0 , 0.0117370 secs] [Times: user=0.11 sys=0.03, real=0.02 secs] 
2012-10-19T11:07:25.206-0400: [GC [ParNew: 224865K->3313K(249216K), 0.0102930 secs] 609317K->388138K(8360960K) icms_dc=0 , 0.0104820 secs] [Times: user=0.10 sys=0.01, real=0.01 secs] 
2012-10-19T11:07:31.274-0400: [GC [ParNew: 224881K->3949K(249216K), 0.0150200 secs] 609706K->389178K(8360960K) icms_dc=0 , 0.0152220 secs] [Times: user=0.09 sys=0.02, real=0.01 secs] 
2012-10-19T11:07:39.505-0400: [GC [ParNew: 225517K->4232K(249216K), 0.0075600 secs] 610746K->389924K(8360960K) icms_dc=0 , 0.0077370 secs] [Times: user=0.07 sys=0.01, real=0.01 secs] 
2012-10-19T11:07:52.685-0400: [GC [ParNew: 225800K->4273K(249216K), 0.0117060 secs] 611492K->390274K(8360960K) icms_dc=0 , 0.0119420 secs] [Times: user=0.10 sys=0.03, real=0.01 secs] 
2012-10-19T11:08:01.027-0400: [GC [ParNew: 225841K->3585K(249216K), 0.0088320 secs] 611842K->390101K(8360960K) icms_dc=0 , 0.0090120 secs] [Times: user=0.09 sys=0.01, real=0.01 secs] 
2012-10-19T11:08:11.617-0400: [GC [ParNew: 225153K->3231K(249216K), 0.0094030 secs] 611669K->390236K(8360960K) icms_dc=0 , 0.0096010 secs] [Times: user=0.08 sys=0.02, real=0.01 secs] 
2012-10-19T11:08:23.770-0400: [GC [ParNew: 224799K->3748K(249216K), 0.0105920 secs] 611804K->391135K(8360960K) icms_dc=0 , 0.0107920 secs] [Times: user=0.10 sys=0.02, real=0.01 secs] 
2012-10-19T11:08:36.903-0400: [GC [ParNew: 225316K->4091K(249216K), 0.0125870 secs] 612703K->391901K(8360960K) icms_dc=0 , 0.0128160 secs] [Times: user=0.09 sys=0.02, real=0.01 secs] 
2012-10-19T11:08:50.057-0400: [GC [ParNew: 225659K->4143K(249216K), 0.0099220 secs] 613469K->392362K(8360960K) icms_dc=0 , 0.0101210 secs] [Times: user=0.09 sys=0.02, real=0.01 secs] 
2012-10-19T11:09:03.553-0400: [GC [ParNew: 225711K->4164K(249216K), 0.0101420 secs] 613930K->392768K(8360960K) icms_dc=0 , 0.0103250 secs] [Times: user=0.09 sys=0.03, real=0.01 secs] 
2012-10-19T11:09:16.604-0400: [GC [ParNew: 225732K->3687K(249216K), 0.0097440 secs] 614336K->392812K(8360960K) icms_dc=0 , 0.0099280 secs] [Times: user=0.08 sys=0.03, real=0.01 secs] 
2012-10-19T11:09:25.920-0400: [GC [ParNew: 225255K->4389K(249216K), 0.0097450 secs] 614380K->393798K(8360960K) icms_dc=0 , 0.0099690 secs] [Times: user=0.05 sys=0.01, real=0.01 secs] 
2012-10-19T11:09:28.589-0400: [GC [ParNew: 225957K->3454K(249216K), 0.0116820 secs] 615366K->393389K(8360960K) icms_dc=0 , 0.0118670 secs] [Times: user=0.09 sys=0.03, real=0.01 secs] 
2012-10-19T11:09:37.309-0400: [GC [ParNew: 225022K->3193K(249216K), 0.0089330 secs] 614957K->393557K(8360960K) icms_dc=0 , 0.0091100 secs] [Times: user=0.08 sys=0.02, real=0.01 secs] 
2012-10-19T11:09:46.788-0400: [GC [ParNew: 224761K->3209K(249216K), 0.0098480 secs] 615125K->394007K(8360960K) icms_dc=0 , 0.0100270 secs] [Times: user=0.09 sys=0.03, real=0.01 secs] 
2012-10-19T11:09:59.475-0400: [GC [ParNew: 224777K->3305K(249216K), 0.0092350 secs] 615575K->394568K(8360960K) icms_dc=0 , 0.0094240 secs] [Times: user=0.08 sys=0.02, real=0.01 secs] 
2012-10-19T11:10:08.061-0400: [GC [ParNew: 224873K->3889K(249216K), 0.0113710 secs] 616136K->395435K(8360960K) icms_dc=0 , 0.0115700 secs] [Times: user=0.10 sys=0.03, real=0.01 secs] 
2012-10-19T11:10:19.394-0400: [GC [ParNew: 225457K->4251K(249216K), 0.0120920 secs] 617003K->396132K(8360960K) icms_dc=0 , 0.0122790 secs] [Times: user=0.09 sys=0.03, real=0.02 secs] 
2012-10-19T11:10:29.402-0400: [GC [ParNew: 225819K->4220K(249216K), 0.0104030 secs] 617700K->396509K(8360960K) icms_dc=0 , 0.0105880 secs] [Times: user=0.08 sys=0.03, real=0.01 secs] 
2012-10-19T11:10:46.135-0400: [GC [ParNew: 225788K->3896K(249216K), 0.0099830 secs] 618077K->396580K(8360960K) icms_dc=0 , 0.0101750 secs] [Times: user=0.09 sys=0.02, real=0.01 secs] 
2012-10-19T11:11:03.084-0400: [GC [ParNew: 225464K->3842K(249216K), 0.0095770 secs] 618148K->397102K(8360960K) icms_dc=0 , 0.0097590 secs] [Times: user=0.10 sys=0.02, real=0.01 secs] 
2012-10-19T11:11:09.082-0400: [GC [ParNew: 225410K->4541K(249216K), 0.0107150 secs] 618670K->398269K(8360960K) icms_dc=0 , 0.0109190 secs] [Times: user=0.04 sys=0.00, real=0.01 secs] 
2012-10-19T11:11:12.870-0400: [GC [ParNew: 226109K->4009K(249216K), 0.0123150 secs] 619837K->398094K(8360960K) icms_dc=0 , 0.0125040 secs] [Times: user=0.09 sys=0.03, real=0.01 secs] 
2012-10-19T11:11:21.910-0400: [GC [ParNew: 225577K->3948K(249216K), 0.0107810 secs] 619662K->398543K(8360960K) icms_dc=0 , 0.0109670 secs] [Times: user=0.08 sys=0.02, real=0.01 secs] 
2012-10-19T11:11:27.301-0400: [GC [ParNew: 225516K->3018K(249216K), 0.0103380 secs] 620111K->398034K(8360960K) icms_dc=0 , 0.0105400 secs] [Times: user=0.08 sys=0.02, real=0.01 secs] 
2012-10-19T11:11:35.317-0400: [GC [ParNew: 224586K->3459K(249216K), 0.0093320 secs] 619602K->398789K(8360960K) icms_dc=0 , 0.0095160 secs] [Times: user=0.07 sys=0.03, real=0.01 secs] 
2012-10-19T11:11:44.061-0400: [GC [ParNew: 225027K->3387K(249216K), 0.0102000 secs] 620357K->399011K(8360960K) icms_dc=0 , 0.0103900 secs] [Times: user=0.10 sys=0.02, real=0.01 secs] 
2012-10-19T11:11:49.244-0400: [GC [ParNew: 224955K->3512K(249216K), 0.0086560 secs] 620579K->399639K(8360960K) icms_dc=0 , 0.0088470 secs] [Times: user=0.09 sys=0.01, real=0.01 secs] 
2012-10-19T11:11:56.824-0400: [GC [ParNew: 225080K->3477K(249216K), 0.0104130 secs] 621207K->400000K(8360960K) icms_dc=0 , 0.0105930 secs] [Times: user=0.09 sys=0.03, real=0.01 secs] 
2012-10-19T11:12:05.560-0400: [GC [ParNew: 225045K->3741K(249216K), 0.0144260 secs] 621568K->400868K(8360960K) icms_dc=0 , 0.0146320 secs] [Times: user=0.09 sys=0.02, real=0.02 secs] 
2012-10-19T11:12:15.844-0400: [GC [ParNew: 225309K->3668K(249216K), 0.0101370 secs] 622436K->401124K(8360960K) icms_dc=0 , 0.0103370 secs] [Times: user=0.09 sys=0.03, real=0.01 secs] 
2012-10-19T11:12:25.079-0400: [GC [ParNew: 225236K->4184K(249216K), 0.0097800 secs] 622692K->401984K(8360960K) icms_dc=0 , 0.0099690 secs] [Times: user=0.09 sys=0.03, real=0.01 secs] 
2012-10-19T11:12:33.321-0400: [GC [ParNew: 225752K->3908K(249216K), 0.0098370 secs] 623552K->402192K(8360960K) icms_dc=0 , 0.0100270 secs] [Times: user=0.09 sys=0.03, real=0.01 secs] 
2012-10-19T11:12:42.498-0400: [GC [ParNew: 225476K->3680K(249216K), 0.0094080 secs] 623760K->402273K(8360960K) icms_dc=0 , 0.0095850 secs] [Times: user=0.09 sys=0.01, real=0.01 secs] 
2012-10-19T11:12:53.790-0400: [GC [ParNew: 225248K->4278K(249216K), 0.0107220 secs] 623841K->403258K(8360960K) icms_dc=0 , 0.0109110 secs] [Times: user=0.12 sys=0.01, real=0.01 secs] 
2012-10-19T11:13:06.703-0400: [GC [ParNew: 225846K->5098K(249216K), 0.0142140 secs] 624826K->405059K(8360960K) icms_dc=0 , 0.0144020 secs] [Times: user=0.09 sys=0.01, real=0.01 secs] 
2012-10-19T11:13:20.198-0400: [GC [ParNew: 226666K->5134K(249216K), 0.0101510 secs] 626627K->405432K(8360960K) icms_dc=0 , 0.0103460 secs] [Times: user=0.08 sys=0.02, real=0.01 secs] 
2012-10-19T11:13:35.188-0400: [GC [ParNew: 226702K->4230K(249216K), 0.0075470 secs] 627000K->404816K(8360960K) icms_dc=0 , 0.0077160 secs] [Times: user=0.06 sys=0.02, real=0.01 secs] 
2012-10-19T11:13:45.258-0400: [GC [ParNew: 225798K->5190K(249216K), 0.0106210 secs] 626384K->406176K(8360960K) icms_dc=0 , 0.0107910 secs] [Times: user=0.08 sys=0.03, real=0.01 secs] 
2012-10-19T11:13:55.477-0400: [GC [ParNew: 226758K->4137K(249216K), 0.0100660 secs] 627744K->405983K(8360960K) icms_dc=0 , 0.0102340 secs] [Times: user=0.10 sys=0.02, real=0.01 secs] 
2012-10-19T11:14:09.262-0400: [GC [ParNew: 225705K->4165K(249216K), 0.0107050 secs] 627551K->406552K(8360960K) icms_dc=0 , 0.0108870 secs] [Times: user=0.09 sys=0.03, real=0.01 secs] 
2012-10-19T11:14:23.692-0400: [GC [ParNew: 225733K->4023K(249216K), 0.0121460 secs] 628120K->407123K(8360960K) icms_dc=0 , 0.0123190 secs] [Times: user=0.09 sys=0.02, real=0.01 secs] 
2012-10-19T11:14:31.674-0400: [GC [ParNew: 225591K->4033K(249216K), 0.0090000 secs] 628691K->407580K(8360960K) icms_dc=0 , 0.0091660 secs] [Times: user=0.08 sys=0.02, real=0.01 secs] 
2012-10-19T11:14:47.421-0400: [GC [ParNew: 225601K->3958K(249216K), 0.0112870 secs] 629148K->407812K(8360960K) icms_dc=0 , 0.0114720 secs] [Times: user=0.09 sys=0.03, real=0.01 secs] 
2012-10-19T11:14:57.342-0400: [GC [ParNew: 225526K->4365K(249216K), 0.0085140 secs] 629380K->408692K(8360960K) icms_dc=0 , 0.0086790 secs] [Times: user=0.07 sys=0.01, real=0.01 secs] 
2012-10-19T11:15:08.316-0400: [GC [ParNew: 225933K->4153K(249216K), 0.0112450 secs] 630260K->409176K(8360960K) icms_dc=0 , 0.0114240 secs] [Times: user=0.11 sys=0.02, real=0.01 secs] 
2012-10-19T11:15:16.419-0400: [GC [ParNew: 225721K->6916K(249216K), 0.0155750 secs] 630744K->412277K(8360960K) icms_dc=0 , 0.0157770 secs] [Times: user=0.12 sys=0.02, real=0.02 secs] 
2012-10-19T11:15:28.790-0400: [GC [ParNew: 228484K->8964K(249216K), 0.0101550 secs] 633845K->414679K(8360960K) icms_dc=0 , 0.0103310 secs] [Times: user=0.10 sys=0.01, real=0.01 secs] 
2012-10-19T11:15:41.910-0400: [GC [ParNew: 230532K->10180K(249216K), 0.0134120 secs] 636247K->416487K(8360960K) icms_dc=0 , 0.0135990 secs] [Times: user=0.11 sys=0.03, real=0.02 secs] 
2012-10-19T11:15:47.082-0400: [GC [ParNew: 231748K->8158K(249216K), 0.0094040 secs] 638055K->415378K(8360960K) icms_dc=0 , 0.0095860 secs] [Times: user=0.08 sys=0.02, real=0.01 secs] 
2012-10-19T11:15:54.860-0400: [GC [ParNew: 229726K->3656K(249216K), 0.0133120 secs] 636946K->413673K(8360960K) icms_dc=0 , 0.0134960 secs] [Times: user=0.10 sys=0.02, real=0.01 secs] 
2012-10-19T11:16:02.563-0400: [GC [ParNew: 225224K->3347K(249216K), 0.0106430 secs] 635241K->414099K(8360960K) icms_dc=0 , 0.0108040 secs] [Times: user=0.10 sys=0.03, real=0.01 secs] 
2012-10-19T11:16:11.468-0400: [GC [ParNew: 224915K->2906K(249216K), 0.0096300 secs] 635667K->414297K(8360960K) icms_dc=0 , 0.0097990 secs] [Times: user=0.09 sys=0.02, real=0.01 secs] 
2012-10-19T11:16:23.020-0400: [GC [ParNew: 224474K->3059K(249216K), 0.0101360 secs] 635865K->414654K(8360960K) icms_dc=0 , 0.0103450 secs] [Times: user=0.09 sys=0.02, real=0.01 secs] 
2012-10-19T11:16:32.932-0400: [GC [ParNew: 224627K->3253K(249216K), 0.0104580 secs] 636222K->415223K(8360960K) icms_dc=0 , 0.0106590 secs] [Times: user=0.11 sys=0.01, real=0.01 secs] 
2012-10-19T11:16:41.650-0400: [GC [ParNew: 224821K->4042K(249216K), 0.0087570 secs] 636791K->416270K(8360960K) icms_dc=0 , 0.0089690 secs] [Times: user=0.07 sys=0.01, real=0.01 secs] 
2012-10-19T11:16:53.106-0400: [GC [ParNew: 225610K->3997K(249216K), 0.0100160 secs] 637838K->416637K(8360960K) icms_dc=0 , 0.0102050 secs] [Times: user=0.08 sys=0.03, real=0.01 secs] 
2012-10-19T11:17:04.133-0400: [GC [ParNew: 225565K->5043K(249216K), 0.0099310 secs] 638205K->418309K(8360960K) icms_dc=0 , 0.0101410 secs] [Times: user=0.09 sys=0.01, real=0.01 secs] 
2012-10-19T11:17:16.395-0400: [GC [ParNew: 226611K->5717K(249216K), 0.0117520 secs] 639877K->419480K(8360960K) icms_dc=0 , 0.0119590 secs] [Times: user=0.12 sys=0.01, real=0.02 secs] 
2012-10-19T11:17:30.762-0400: [GC [ParNew: 227285K->5031K(249216K), 0.0106820 secs] 641048K->419224K(8360960K) icms_dc=0 , 0.0108760 secs] [Times: user=0.10 sys=0.02, real=0.01 secs] 
2012-10-19T11:17:42.518-0400: [GC [ParNew: 226599K->5435K(249216K), 0.0097010 secs] 640792K->419989K(8360960K) icms_dc=0 , 0.0098750 secs] [Times: user=0.09 sys=0.02, real=0.01 secs] 
2012-10-19T11:17:53.109-0400: [GC [ParNew: 227003K->5090K(249216K), 0.0140540 secs] 641557K->420893K(8360960K) icms_dc=0 , 0.0142490 secs] [Times: user=0.10 sys=0.02, real=0.02 secs] 
2012-10-19T11:18:04.350-0400: [GC [ParNew: 226658K->6383K(249216K), 0.0068730 secs] 642461K->422556K(8360960K) icms_dc=0 , 0.0070990 secs] [Times: user=0.06 sys=0.00, real=0.01 secs] 
2012-10-19T11:18:21.562-0400: [GC [ParNew: 227951K->6193K(249216K), 0.0094240 secs] 644124K->422773K(8360960K) icms_dc=0 , 0.0096270 secs] [Times: user=0.09 sys=0.02, real=0.01 secs] 
2012-10-19T11:18:33.106-0400: [GC [ParNew: 227761K->6960K(249216K), 0.0089410 secs] 644341K->423954K(8360960K) icms_dc=0 , 0.0091350 secs] [Times: user=0.09 sys=0.00, real=0.01 secs] 
2012-10-19T11:18:50.529-0400: [GC [ParNew: 228528K->5511K(249216K), 0.0121330 secs] 645522K->424274K(8360960K) icms_dc=0 , 0.0123410 secs] [Times: user=0.09 sys=0.03, real=0.02 secs] 
2012-10-19T11:19:09.497-0400: [GC [ParNew: 227079K->5986K(249216K), 0.0079420 secs] 645842K->425575K(8360960K) icms_dc=0 , 0.0081390 secs] [Times: user=0.08 sys=0.01, real=0.01 secs] 
2012-10-19T11:19:28.600-0400: [GC [ParNew: 227554K->4927K(249216K), 0.0115520 secs] 647143K->425118K(8360960K) icms_dc=0 , 0.0117760 secs] [Times: user=0.10 sys=0.02, real=0.01 secs] 
2012-10-19T11:19:42.192-0400: [GC [ParNew: 226495K->5092K(249216K), 0.0161820 secs] 646686K->426079K(8360960K) icms_dc=0 , 0.0164010 secs] [Times: user=0.09 sys=0.02, real=0.01 secs] 
2012-10-19T11:19:52.512-0400: [GC [ParNew: 226660K->4658K(249216K), 0.0119080 secs] 647647K->426264K(8360960K) icms_dc=0 , 0.0120870 secs] [Times: user=0.08 sys=0.02, real=0.01 secs] 
2012-10-19T11:20:06.165-0400: [GC [ParNew: 226226K->5291K(249216K), 0.0049210 secs] 647832K->427499K(8360960K) icms_dc=0 , 0.0051050 secs] [Times: user=0.05 sys=0.00, real=0.00 secs] 
2012-10-19T11:20:17.852-0400: [GC [ParNew: 226859K->5125K(249216K), 0.0089140 secs] 649067K->427891K(8360960K) icms_dc=0 , 0.0091100 secs] [Times: user=0.09 sys=0.02, real=0.01 secs] 
2012-10-19T11:20:28.683-0400: [GC [ParNew: 226693K->5872K(249216K), 0.0169770 secs] 649459K->428965K(8360960K) icms_dc=0 , 0.0171860 secs] [Times: user=0.09 sys=0.01, real=0.02 secs] 
2012-10-19T11:20:44.764-0400: [GC [ParNew: 227440K->5899K(249216K), 0.0105520 secs] 650533K->429501K(8360960K) icms_dc=0 , 0.0107480 secs] [Times: user=0.11 sys=0.02, real=0.01 secs] 
2012-10-19T11:20:50.685-0400: [GC [ParNew: 227467K->4399K(249216K), 0.0113980 secs] 651069K->429018K(8360960K) icms_dc=0 , 0.0115990 secs] [Times: user=0.10 sys=0.02, real=0.01 secs] 
2012-10-19T11:20:59.924-0400: [GC [ParNew: 225967K->4082K(249216K), 0.0084320 secs] 650586K->429533K(8360960K) icms_dc=0 , 0.0086230 secs] [Times: user=0.07 sys=0.01, real=0.01 secs] 
2012-10-19T11:21:14.472-0400: [GC [ParNew: 225650K->4107K(249216K), 0.0100280 secs] 651101K->430100K(8360960K) icms_dc=0 , 0.0102160 secs] [Times: user=0.08 sys=0.04, real=0.01 secs] 
2012-10-19T11:21:26.235-0400: [GC [ParNew: 225675K->4097K(249216K), 0.0100520 secs] 651668K->430629K(8360960K) icms_dc=0 , 0.0102510 secs] [Times: user=0.08 sys=0.03, real=0.01 secs] 
2012-10-19T11:21:42.185-0400: [GC [ParNew: 225665K->3991K(249216K), 0.0091510 secs] 652197K->430778K(8360960K) icms_dc=0 , 0.0093370 secs] [Times: user=0.09 sys=0.02, real=0.01 secs] 
2012-10-19T11:22:00.578-0400: [GC [ParNew: 225559K->4144K(249216K), 0.0096110 secs] 652346K->431404K(8360960K) icms_dc=0 , 0.0098020 secs] [Times: user=0.10 sys=0.02, real=0.01 secs] 
2012-10-19T11:22:17.511-0400: [GC [ParNew: 225712K->3874K(249216K), 0.0106610 secs] 652972K->431731K(8360960K) icms_dc=0 , 0.0108800 secs] [Times: user=0.10 sys=0.02, real=0.01 secs] 
2012-10-19T11:22:30.865-0400: [GC [ParNew: 225442K->5683K(249216K), 0.0149000 secs] 653299K->433984K(8360960K) icms_dc=0 , 0.0151430 secs] [Times: user=0.07 sys=0.01, real=0.01 secs] 
2012-10-19T11:22:40.363-0400: [GC [ParNew: 227251K->4659K(249216K), 0.0107210 secs] 655552K->433516K(8360960K) icms_dc=0 , 0.0109000 secs] [Times: user=0.09 sys=0.04, real=0.01 secs] 
2012-10-19T11:22:50.856-0400: [GC [ParNew: 226227K->3830K(249216K), 0.0102490 secs] 655084K->433089K(8360960K) icms_dc=0 , 0.0104360 secs] [Times: user=0.06 sys=0.03, real=0.01 secs] 
2012-10-19T11:23:04.123-0400: [GC [ParNew: 225398K->4286K(249216K), 0.0120070 secs] 654657K->433948K(8360960K) icms_dc=0 , 0.0121910 secs] [Times: user=0.08 sys=0.02, real=0.01 secs] 
2012-10-19T11:23:16.091-0400: [GC [ParNew: 225854K->4382K(249216K), 0.0124680 secs] 655516K->434685K(8360960K) icms_dc=0 , 0.0126820 secs] [Times: user=0.09 sys=0.02, real=0.01 secs] 
2012-10-19T11:23:27.188-0400: [GC [ParNew: 225950K->4006K(249216K), 0.0103830 secs] 656253K->434659K(8360960K) icms_dc=0 , 0.0105800 secs] [Times: user=0.08 sys=0.02, real=0.01 secs] 
2012-10-19T11:23:39.009-0400: [GC [ParNew: 225574K->4288K(249216K), 0.0169860 secs] 656227K->435365K(8360960K) icms_dc=0 , 0.0172270 secs] [Times: user=0.06 sys=0.02, real=0.02 secs] 
2012-10-19T11:23:50.834-0400: [GC [ParNew: 225856K->4461K(249216K), 0.0091760 secs] 656933K->435857K(8360960K) icms_dc=0 , 0.0093490 secs] [Times: user=0.07 sys=0.02, real=0.01 secs] 
2012-10-19T11:24:00.573-0400: [GC [ParNew: 226029K->4011K(249216K), 0.0099200 secs] 657425K->435863K(8360960K) icms_dc=0 , 0.0101040 secs] [Times: user=0.08 sys=0.03, real=0.01 secs] 
2012-10-19T11:24:12.096-0400: [GC [ParNew: 225579K->3766K(249216K), 0.0098410 secs] 657431K->436235K(8360960K) icms_dc=0 , 0.0100400 secs] [Times: user=0.07 sys=0.02, real=0.01 secs] 
2012-10-19T11:24:25.947-0400: [GC [ParNew: 225334K->3365K(249216K), 0.0080140 secs] 657803K->436263K(8360960K) icms_dc=0 , 0.0081980 secs] [Times: user=0.08 sys=0.02, real=0.01 secs] 
2012-10-19T11:24:37.849-0400: [GC [ParNew: 224933K->3608K(249216K), 0.0099220 secs] 657831K->436878K(8360960K) icms_dc=0 , 0.0101060 secs] [Times: user=0.09 sys=0.02, real=0.01 secs] 
2012-10-19T11:24:52.665-0400: [GC [ParNew: 225176K->4033K(249216K), 0.0099750 secs] 658446K->437630K(8360960K) icms_dc=0 , 0.0101630 secs] [Times: user=0.10 sys=0.02, real=0.01 secs] 
2012-10-19T11:25:04.009-0400: [GC [ParNew: 225601K->3998K(249216K), 0.0104620 secs] 659198K->438063K(8360960K) icms_dc=0 , 0.0106520 secs] [Times: user=0.09 sys=0.03, real=0.01 secs] 
2012-10-19T11:25:16.088-0400: [GC [ParNew: 225566K->3665K(249216K), 0.0102940 secs] 659631K->438279K(8360960K) icms_dc=0 , 0.0105020 secs] [Times: user=0.10 sys=0.02, real=0.01 secs] 
2012-10-19T11:25:30.418-0400: [GC [ParNew: 225233K->3804K(249216K), 0.0085070 secs] 659847K->438909K(8360960K) icms_dc=0 , 0.0087000 secs] [Times: user=0.08 sys=0.01, real=0.01 secs] 
2012-10-19T11:25:42.245-0400: [GC [ParNew: 225372K->3692K(249216K), 0.0096950 secs] 660477K->439145K(8360960K) icms_dc=0 , 0.0098840 secs] [Times: user=0.08 sys=0.02, real=0.01 secs] 
2012-10-19T11:25:55.860-0400: [GC [ParNew: 225260K->4082K(249216K), 0.0122440 secs] 660713K->440012K(8360960K) icms_dc=0 , 0.0124330 secs] [Times: user=0.13 sys=0.02, real=0.01 secs] 
2012-10-19T11:26:08.444-0400: [GC [ParNew: 225650K->3953K(249216K), 0.0087160 secs] 661580K->440282K(8360960K) icms_dc=0 , 0.0089010 secs] [Times: user=0.08 sys=0.02, real=0.01 secs] 
2012-10-19T11:26:15.689-0400: [GC [ParNew: 225521K->4006K(249216K), 0.0107510 secs] 661850K->440857K(8360960K) icms_dc=0 , 0.0109450 secs] [Times: user=0.09 sys=0.03, real=0.01 secs] 
2012-10-19T11:26:23.815-0400: [GC [ParNew: 225574K->4360K(249216K), 0.0149020 secs] 662425K->441747K(8360960K) icms_dc=0 , 0.0151240 secs] [Times: user=0.09 sys=0.03, real=0.02 secs] 
2012-10-19T11:26:36.863-0400: [GC [ParNew: 225928K->4522K(249216K), 0.0112370 secs] 663315K->442296K(8360960K) icms_dc=0 , 0.0114660 secs] [Times: user=0.09 sys=0.03, real=0.01 secs] 
2012-10-19T11:26:47.009-0400: [GC [ParNew: 226090K->4454K(249216K), 0.0105500 secs] 663864K->442816K(8360960K) icms_dc=0 , 0.0107450 secs] [Times: user=0.10 sys=0.02, real=0.01 secs] 
2012-10-19T11:27:01.795-0400: [GC [ParNew: 226022K->4501K(249216K), 0.0096250 secs] 664384K->443417K(8360960K) icms_dc=0 , 0.0098360 secs] [Times: user=0.09 sys=0.02, real=0.01 secs] 
2012-10-19T11:27:17.864-0400: [GC [ParNew: 226069K->4545K(249216K), 0.0083390 secs] 664985K->444041K(8360960K) icms_dc=0 , 0.0085460 secs] [Times: user=0.09 sys=0.02, real=0.01 secs] 
2012-10-19T11:27:27.883-0400: [GC [ParNew: 226113K->4662K(249216K), 0.0142340 secs] 665609K->444712K(8360960K) icms_dc=0 , 0.0144620 secs] [Times: user=0.08 sys=0.01, real=0.02 secs] 
2012-10-19T11:27:41.352-0400: [GC [ParNew: 226230K->4646K(249216K), 0.0118950 secs] 666280K->445175K(8360960K) icms_dc=0 , 0.0120660 secs] [Times: user=0.08 sys=0.02, real=0.01 secs] 
2012-10-19T11:27:55.574-0400: [GC [ParNew: 226214K->4926K(249216K), 0.0102040 secs] 666743K->445867K(8360960K) icms_dc=0 , 0.0104040 secs] [Times: user=0.10 sys=0.03, real=0.01 secs] 
2012-10-19T11:28:11.705-0400: [GC [ParNew: 226494K->4340K(249216K), 0.0105210 secs] 667435K->446058K(8360960K) icms_dc=0 , 0.0107350 secs] [Times: user=0.10 sys=0.02, real=0.01 secs] 
2012-10-19T11:28:24.910-0400: [GC [ParNew: 225908K->4551K(249216K), 0.0078570 secs] 667626K->446782K(8360960K) icms_dc=0 , 0.0080520 secs] [Times: user=0.06 sys=0.02, real=0.01 secs] 
2012-10-19T11:28:32.549-0400: [GC [ParNew: 226119K->5032K(249216K), 0.0110690 secs] 668350K->447627K(8360960K) icms_dc=0 , 0.0112720 secs] [Times: user=0.10 sys=0.03, real=0.01 secs] 
2012-10-19T11:28:47.486-0400: [GC [ParNew: 226600K->5350K(249216K), 0.0107210 secs] 669195K->448645K(8360960K) icms_dc=0 , 0.0109120 secs] [Times: user=0.09 sys=0.03, real=0.01 secs] 
2012-10-19T11:28:57.209-0400: [GC [ParNew: 226918K->4060K(249216K), 0.0105300 secs] 670213K->448090K(8360960K) icms_dc=0 , 0.0107180 secs] [Times: user=0.10 sys=0.02, real=0.02 secs] 
2012-10-19T11:29:09.081-0400: [GC [ParNew: 225628K->3652K(249216K), 0.0114780 secs] 669658K->448184K(8360960K) icms_dc=0 , 0.0116570 secs] [Times: user=0.10 sys=0.03, real=0.02 secs] 
2012-10-19T11:29:19.178-0400: [GC [ParNew: 225220K->3618K(249216K), 0.0096500 secs] 669752K->448625K(8360960K) icms_dc=0 , 0.0098310 secs] [Times: user=0.09 sys=0.02, real=0.01 secs] 
2012-10-19T11:29:31.918-0400: [GC [ParNew: 225186K->4444K(249216K), 0.0098650 secs] 670193K->449841K(8360960K) icms_dc=0 , 0.0100640 secs] [Times: user=0.09 sys=0.02, real=0.01 secs] 
2012-10-19T11:29:43.766-0400: [GC [ParNew: 226012K->4731K(249216K), 0.0104610 secs] 671409K->450567K(8360960K) icms_dc=0 , 0.0106550 secs] [Times: user=0.09 sys=0.04, real=0.01 secs] 
2012-10-19T11:29:58.731-0400: [GC [ParNew: 226299K->5280K(249216K), 0.0109500 secs] 672135K->451441K(8360960K) icms_dc=0 , 0.0111550 secs] [Times: user=0.09 sys=0.02, real=0.01 secs] 
2012-10-19T11:30:06.246-0400: [GC [ParNew: 226848K->5748K(249216K), 0.0100210 secs] 673009K->452732K(8360960K) icms_dc=0 , 0.0102190 secs] [Times: user=0.09 sys=0.04, real=0.01 secs] 
2012-10-19T11:30:14.359-0400: [GC [ParNew: 227316K->8405K(249216K), 0.0123350 secs] 674300K->455953K(8360960K) icms_dc=0 , 0.0125490 secs] [Times: user=0.12 sys=0.01, real=0.02 secs] 
2012-10-19T11:30:24.632-0400: [GC [ParNew: 229973K->8665K(249216K), 0.0105460 secs] 677521K->456811K(8360960K) icms_dc=0 , 0.0107510 secs] [Times: user=0.11 sys=0.02, real=0.01 secs] 
2012-10-19T11:30:35.954-0400: [GC [ParNew: 230233K->8419K(249216K), 0.0086500 secs] 678379K->457020K(8360960K) icms_dc=0 , 0.0088570 secs] [Times: user=0.07 sys=0.02, real=0.00 secs] 
2012-10-19T11:30:44.434-0400: [GC [ParNew: 229987K->7808K(249216K), 0.0116470 secs] 678588K->457380K(8360960K) icms_dc=0 , 0.0118500 secs] [Times: user=0.11 sys=0.02, real=0.02 secs] 
2012-10-19T11:31:00.202-0400: [GC [ParNew: 229376K->7879K(249216K), 0.0131560 secs] 678948K->460000K(8360960K) icms_dc=0 , 0.0133580 secs] [Times: user=0.10 sys=0.02, real=0.01 secs] 
2012-10-19T11:31:13.332-0400: [GC [ParNew: 229447K->4876K(249216K), 0.0111080 secs] 681568K->458153K(8360960K) icms_dc=0 , 0.0113140 secs] [Times: user=0.10 sys=0.02, real=0.01 secs] 
2012-10-19T11:31:29.781-0400: [GC [ParNew: 226444K->5595K(249216K), 0.0109860 secs] 679721K->459501K(8360960K) icms_dc=0 , 0.0111720 secs] [Times: user=0.10 sys=0.03, real=0.02 secs] 
2012-10-19T11:31:44.056-0400: [GC [ParNew: 227163K->4508K(249216K), 0.0081090 secs] 681069K->459386K(8360960K) icms_dc=0 , 0.0083040 secs] [Times: user=0.07 sys=0.02, real=0.01 secs] 
2012-10-19T11:31:55.589-0400: [GC [ParNew: 226076K->4189K(249216K), 0.0092010 secs] 680954K->459507K(8360960K) icms_dc=0 , 0.0093850 secs] [Times: user=0.09 sys=0.03, real=0.01 secs] 
2012-10-19T11:32:11.777-0400: [GC [ParNew: 225757K->4128K(249216K), 0.0167780 secs] 681075K->460132K(8360960K) icms_dc=0 , 0.0170330 secs] [Times: user=0.10 sys=0.02, real=0.02 secs] 
2012-10-19T11:32:28.255-0400: [GC [ParNew: 225696K->3744K(249216K), 0.0101510 secs] 681700K->460166K(8360960K) icms_dc=0 , 0.0103420 secs] [Times: user=0.09 sys=0.02, real=0.01 secs] 
2012-10-19T11:32:41.288-0400: [GC [ParNew: 225312K->4109K(249216K), 0.0097430 secs] 681734K->460803K(8360960K) icms_dc=0 , 0.0099370 secs] [Times: user=0.09 sys=0.03, real=0.01 secs] 
2012-10-19T11:32:57.988-0400: [GC [ParNew: 225677K->4214K(249216K), 0.0102610 secs] 682371K->461296K(8360960K) icms_dc=0 , 0.0104440 secs] [Times: user=0.10 sys=0.02, real=0.01 secs] 
2012-10-19T11:33:10.206-0400: [GC [ParNew: 225782K->3936K(249216K), 0.0102940 secs] 682864K->461466K(8360960K) icms_dc=0 , 0.0104840 secs] [Times: user=0.09 sys=0.04, real=0.02 secs] 
2012-10-19T11:33:22.875-0400: [GC [ParNew: 225504K->3732K(249216K), 0.0087390 secs] 683034K->461632K(8360960K) icms_dc=0 , 0.0089330 secs] [Times: user=0.08 sys=0.02, real=0.01 secs] 
2012-10-19T11:33:37.554-0400: [GC [ParNew: 225300K->4451K(249216K), 0.0106070 secs] 683200K->462874K(8360960K) icms_dc=0 , 0.0107900 secs] [Times: user=0.10 sys=0.02, real=0.01 secs] 
2012-10-19T11:33:52.009-0400: [GC [ParNew: 226019K->4574K(249216K), 0.0114510 secs] 684442K->463438K(8360960K) icms_dc=0 , 0.0116610 secs] [Times: user=0.06 sys=0.01, real=0.01 secs] 
2012-10-19T11:34:06.013-0400: [GC [ParNew: 226142K->5142K(249216K), 0.0091610 secs] 685006K->464390K(8360960K) icms_dc=0 , 0.0093320 secs] [Times: user=0.07 sys=0.01, real=0.01 secs] 
2012-10-19T11:34:21.780-0400: [GC [ParNew: 226710K->4848K(249216K), 0.0106410 secs] 685958K->464637K(8360960K) icms_dc=0 , 0.0108090 secs] [Times: user=0.08 sys=0.02, real=0.01 secs] 
2012-10-19T11:34:33.878-0400: [GC [ParNew: 226416K->4052K(249216K), 0.0181440 secs] 686205K->464535K(8360960K) icms_dc=0 , 0.0183860 secs] [Times: user=0.12 sys=0.01, real=0.02 secs] 
2012-10-19T11:34:42.162-0400: [GC [ParNew: 225620K->4705K(249216K), 0.0144690 secs] 686103K->465610K(8360960K) icms_dc=0 , 0.0147040 secs] [Times: user=0.04 sys=0.01, real=0.01 secs] 
2012-10-19T11:34:50.838-0400: [GC [ParNew: 226273K->3808K(249216K), 0.0065840 secs] 687178K->465131K(8360960K) icms_dc=0 , 0.0067470 secs] [Times: user=0.04 sys=0.01, real=0.01 secs] 
2012-10-19T11:35:07.025-0400: [GC [ParNew: 225376K->4003K(249216K), 0.0106220 secs] 686699K->465824K(8360960K) icms_dc=0 , 0.0107910 secs] [Times: user=0.09 sys=0.02, real=0.01 secs] 
2012-10-19T11:35:20.209-0400: [GC [ParNew: 225571K->5235K(249216K), 0.0079210 secs] 687392K->467536K(8360960K) icms_dc=0 , 0.0081050 secs] [Times: user=0.07 sys=0.02, real=0.01 secs] 
2012-10-19T11:35:34.093-0400: [GC [ParNew: 226803K->5534K(249216K), 0.0068690 secs] 689104K->468067K(8360960K) icms_dc=0 , 0.0070420 secs] [Times: user=0.07 sys=0.01, real=0.01 secs] 
2012-10-19T11:35:50.528-0400: [GC [ParNew: 227102K->5125K(249216K), 0.0111740 secs] 689635K->468197K(8360960K) icms_dc=0 , 0.0113510 secs] [Times: user=0.11 sys=0.03, real=0.01 secs] 
2012-10-19T11:36:04.655-0400: [GC [ParNew: 226693K->4808K(249216K), 0.0104320 secs] 689765K->468683K(8360960K) icms_dc=0 , 0.0106020 secs] [Times: user=0.10 sys=0.02, real=0.01 secs] 
2012-10-19T11:36:24.012-0400: [GC [ParNew: 226376K->4546K(249216K), 0.0113560 secs] 690251K->469211K(8360960K) icms_dc=0 , 0.0115430 secs] [Times: user=0.11 sys=0.01, real=0.01 secs] 
2012-10-19T11:36:38.606-0400: [GC [ParNew: 226114K->4569K(249216K), 0.0099540 secs] 690779K->470005K(8360960K) icms_dc=0 , 0.0101200 secs] [Times: user=0.10 sys=0.01, real=0.01 secs] 
2012-10-19T11:36:57.631-0400: [GC [ParNew: 226137K->3884K(249216K), 0.0103030 secs] 691573K->469825K(8360960K) icms_dc=0 , 0.0104750 secs] [Times: user=0.09 sys=0.03, real=0.01 secs] 
2012-10-19T11:37:09.228-0400: [GC [ParNew: 225452K->4903K(249216K), 0.0124060 secs] 691393K->471270K(8360960K) icms_dc=0 , 0.0126370 secs] [Times: user=0.04 sys=0.01, real=0.01 secs] 
2012-10-19T11:37:24.229-0400: [GC [ParNew: 226471K->3696K(249216K), 0.0102850 secs] 692838K->470657K(8360960K) icms_dc=0 , 0.0104630 secs] [Times: user=0.08 sys=0.03, real=0.01 secs] 
2012-10-19T11:37:33.091-0400: [GC [ParNew: 225264K->3753K(249216K), 0.0101610 secs] 692225K->471078K(8360960K) icms_dc=0 , 0.0103310 secs] [Times: user=0.09 sys=0.03, real=0.01 secs] 
2012-10-19T11:37:48.225-0400: [GC [ParNew: 225321K->4006K(249216K), 0.0101660 secs] 692646K->471751K(8360960K) icms_dc=0 , 0.0103300 secs] [Times: user=0.10 sys=0.02, real=0.01 secs] 
2012-10-19T11:38:04.473-0400: [GC [ParNew: 225574K->4093K(249216K), 0.0090040 secs] 693319K->472261K(8360960K) icms_dc=0 , 0.0091740 secs] [Times: user=0.09 sys=0.02, real=0.01 secs] 
2012-10-19T11:38:20.677-0400: [GC [ParNew: 225661K->3937K(249216K), 0.0090260 secs] 693829K->472534K(8360960K) icms_dc=0 , 0.0092050 secs] [Times: user=0.09 sys=0.02, real=0.01 secs] 
2012-10-19T11:38:38.954-0400: [GC [ParNew: 225505K->4624K(249216K), 0.0093610 secs] 694102K->473604K(8360960K) icms_dc=0 , 0.0095520 secs] [Times: user=0.08 sys=0.03, real=0.01 secs] 
2012-10-19T11:38:56.602-0400: [GC [ParNew: 226192K->4649K(249216K), 0.0088990 secs] 695172K->474207K(8360960K) icms_dc=0 , 0.0090670 secs] [Times: user=0.07 sys=0.03, real=0.01 secs] 
2012-10-19T11:39:12.376-0400: [GC [ParNew: 226217K->4770K(249216K), 0.0108080 secs] 695775K->474712K(8360960K) icms_dc=0 , 0.0109890 secs] [Times: user=0.11 sys=0.02, real=0.01 secs] 
2012-10-19T11:39:32.387-0400: [GC [ParNew: 226338K->4743K(249216K), 0.0105350 secs] 696280K->475183K(8360960K) icms_dc=0 , 0.0107100 secs] [Times: user=0.11 sys=0.02, real=0.01 secs] 
2012-10-19T11:39:39.212-0400: [GC [ParNew: 226311K->5321K(249216K), 0.0103610 secs] 696751K->476325K(8360960K) icms_dc=0 , 0.0105310 secs] [Times: user=0.10 sys=0.02, real=0.01 secs] 
2012-10-19T11:39:52.173-0400: [GC [ParNew: 226889K->5658K(249216K), 0.0077640 secs] 697893K->477239K(8360960K) icms_dc=0 , 0.0079450 secs] [Times: user=0.07 sys=0.01, real=0.01 secs] 
2012-10-19T11:40:11.001-0400: [GC [ParNew: 227226K->5395K(249216K), 0.0109870 secs] 698807K->477475K(8360960K) icms_dc=0 , 0.0111600 secs] [Times: user=0.11 sys=0.02, real=0.01 secs] 
2012-10-19T11:40:27.253-0400: [GC [ParNew: 226963K->5428K(249216K), 0.0121630 secs] 699043K->478208K(8360960K) icms_dc=0 , 0.0124040 secs] [Times: user=0.10 sys=0.04, real=0.01 secs] 
2012-10-19T11:40:47.023-0400: [GC [ParNew: 226996K->4924K(249216K), 0.0099780 secs] 699776K->478419K(8360960K) icms_dc=0 , 0.0101510 secs] [Times: user=0.09 sys=0.02, real=0.01 secs] 
2012-10-19T11:41:03.885-0400: [GC [ParNew: 226492K->4667K(249216K), 0.0090480 secs] 699987K->478968K(8360960K) icms_dc=0 , 0.0092190 secs] [Times: user=0.08 sys=0.03, real=0.01 secs] 
2012-10-19T11:41:23.621-0400: [GC [ParNew: 226235K->4329K(249216K), 0.0061370 secs] 700536K->479248K(8360960K) icms_dc=0 , 0.0063090 secs] [Times: user=0.06 sys=0.01, real=0.00 secs] 
2012-10-19T11:41:40.119-0400: [GC [ParNew: 225897K->5013K(249216K), 0.0056680 secs] 700816K->480335K(8360960K) icms_dc=0 , 0.0058390 secs] [Times: user=0.05 sys=0.01, real=0.01 secs] 
2012-10-19T11:41:53.794-0400: [GC [ParNew: 226581K->4861K(249216K), 0.0111580 secs] 701903K->480769K(8360960K) icms_dc=0 , 0.0113560 secs] [Times: user=0.12 sys=0.01, real=0.01 secs] 
2012-10-19T11:42:04.388-0400: [GC [ParNew: 226429K->4595K(249216K), 0.0104700 secs] 702337K->480935K(8360960K) icms_dc=0 , 0.0107050 secs] [Times: user=0.09 sys=0.04, real=0.01 secs] 
2012-10-19T11:42:13.220-0400: [GC [ParNew: 226163K->4477K(249216K), 0.0096460 secs] 702503K->481553K(8360960K) icms_dc=0 , 0.0098270 secs] [Times: user=0.08 sys=0.02, real=0.01 secs] 
2012-10-19T11:42:28.083-0400: [GC [ParNew: 226045K->4046K(249216K), 0.0107450 secs] 703121K->481765K(8360960K) icms_dc=0 , 0.0109150 secs] [Times: user=0.09 sys=0.04, real=0.01 secs] 
2012-10-19T11:42:42.529-0400: [GC [ParNew: 225614K->4205K(249216K), 0.0087070 secs] 703333K->482526K(8360960K) icms_dc=0 , 0.0088830 secs] [Times: user=0.08 sys=0.02, real=0.01 secs] 
2012-10-19T11:42:54.103-0400: [GC [ParNew: 225773K->3932K(249216K), 0.0098630 secs] 704094K->482761K(8360960K) icms_dc=0 , 0.0100340 secs] [Times: user=0.09 sys=0.02, real=0.01 secs] 
2012-10-19T11:43:10.190-0400: [GC [ParNew: 225500K->3586K(249216K), 0.0094380 secs] 704329K->482830K(8360960K) icms_dc=0 , 0.0096030 secs] [Times: user=0.09 sys=0.02, real=0.01 secs] 
2012-10-19T11:43:24.783-0400: [GC [ParNew: 225154K->3869K(249216K), 0.0107860 secs] 704398K->483493K(8360960K) icms_dc=0 , 0.0109630 secs] [Times: user=0.10 sys=0.03, real=0.01 secs] 
2012-10-19T11:43:42.487-0400: [GC [ParNew: 225437K->3393K(249216K), 0.0089630 secs] 705061K->483535K(8360960K) icms_dc=0 , 0.0091280 secs] [Times: user=0.08 sys=0.03, real=0.01 secs] 
2012-10-19T11:44:02.307-0400: [GC [ParNew: 224961K->3622K(249216K), 0.0114560 secs] 705103K->484070K(8360960K) icms_dc=0 , 0.0116320 secs] [Times: user=0.12 sys=0.02, real=0.01 secs] 
2012-10-19T11:44:14.188-0400: [GC [ParNew: 225190K->3499K(249216K), 0.0102060 secs] 705638K->484330K(8360960K) icms_dc=0 , 0.0103740 secs] [Times: user=0.10 sys=0.03, real=0.01 secs] 
2012-10-19T11:44:27.168-0400: [GC [ParNew: 225067K->3754K(249216K), 0.0101110 secs] 705898K->484948K(8360960K) icms_dc=0 , 0.0102850 secs] [Times: user=0.10 sys=0.02, real=0.01 secs] 
2012-10-19T11:44:40.388-0400: [GC [ParNew: 225322K->3438K(249216K), 0.0079590 secs] 706516K->485018K(8360960K) icms_dc=0 , 0.0081320 secs] [Times: user=0.07 sys=0.03, real=0.00 secs] 
2012-10-19T11:45:01.149-0400: [GC [ParNew: 225006K->4339K(249216K), 0.0112970 secs] 706586K->486371K(8360960K) icms_dc=0 , 0.0114800 secs] [Times: user=0.10 sys=0.03, real=0.02 secs] 
2012-10-19T11:45:10.250-0400: [GC [ParNew: 225907K->5341K(249216K), 0.0099920 secs] 707939K->487706K(8360960K) icms_dc=0 , 0.0101640 secs] [Times: user=0.10 sys=0.02, real=0.01 secs] 
2012-10-19T11:45:21.233-0400: [GC [ParNew: 226909K->7809K(249216K), 0.0114840 secs] 709274K->490636K(8360960K) icms_dc=0 , 0.0116730 secs] [Times: user=0.11 sys=0.03, real=0.02 secs] 
2012-10-19T11:45:37.097-0400: [GC [ParNew: 229377K->8288K(249216K), 0.0093360 secs] 712204K->491449K(8360960K) icms_dc=0 , 0.0095180 secs] [Times: user=0.10 sys=0.02, real=0.01 secs] 
2012-10-19T11:45:48.619-0400: [GC [ParNew: 229856K->8746K(249216K), 0.0120110 secs] 713017K->492421K(8360960K) icms_dc=0 , 0.0121860 secs] [Times: user=0.09 sys=0.02, real=0.01 secs] 
2012-10-19T11:46:02.525-0400: [GC [ParNew: 230314K->6907K(249216K), 0.0110200 secs] 713989K->491516K(8360960K) icms_dc=0 , 0.0112150 secs] [Times: user=0.10 sys=0.02, real=0.01 secs] 
2012-10-19T11:46:20.334-0400: [GC [ParNew: 228475K->5553K(249216K), 0.0116350 secs] 713084K->492625K(8360960K) icms_dc=0 , 0.0118170 secs] [Times: user=0.09 sys=0.01, real=0.01 secs] 
2012-10-19T11:46:36.216-0400: [GC [ParNew: 227121K->4333K(249216K), 0.0103110 secs] 714193K->491913K(8360960K) icms_dc=0 , 0.0104810 secs] [Times: user=0.10 sys=0.02, real=0.01 secs] 
2012-10-19T11:46:57.753-0400: [GC [ParNew: 225901K->4667K(249216K), 0.0116880 secs] 713481K->492677K(8360960K) icms_dc=0 , 0.0118700 secs] [Times: user=0.11 sys=0.03, real=0.01 secs] 
2012-10-19T11:47:17.815-0400: [GC [ParNew: 226235K->4341K(249216K), 0.0094990 secs] 714245K->492921K(8360960K) icms_dc=0 , 0.0096750 secs] [Times: user=0.09 sys=0.02, real=0.01 secs] 
2012-10-19T11:47:31.142-0400: [GC [ParNew: 225909K->4396K(249216K), 0.0104820 secs] 714489K->493449K(8360960K) icms_dc=0 , 0.0106550 secs] [Times: user=0.09 sys=0.02, real=0.02 secs] 
2012-10-19T11:47:43.675-0400: [GC [ParNew: 225964K->4224K(249216K), 0.0103510 secs] 715017K->493767K(8360960K) icms_dc=0 , 0.0105250 secs] [Times: user=0.10 sys=0.02, real=0.01 secs] 
2012-10-19T11:47:55.141-0400: [GC [ParNew: 225792K->4265K(249216K), 0.0113670 secs] 715335K->494206K(8360960K) icms_dc=0 , 0.0115280 secs] [Times: user=0.09 sys=0.03, real=0.01 secs] 
2012-10-19T11:48:12.571-0400: [GC [ParNew: 225833K->3617K(249216K), 0.0105750 secs] 715774K->494246K(8360960K) icms_dc=0 , 0.0107450 secs] [Times: user=0.10 sys=0.03, real=0.01 secs] 
2012-10-19T11:48:30.049-0400: [GC [ParNew: 225185K->3999K(249216K), 0.0093310 secs] 715814K->495120K(8360960K) icms_dc=0 , 0.0095090 secs] [Times: user=0.09 sys=0.02, real=0.01 secs] 
2012-10-19T11:48:46.420-0400: [GC [ParNew: 225567K->3968K(249216K), 0.0093700 secs] 716688K->495500K(8360960K) icms_dc=0 , 0.0095370 secs] [Times: user=0.09 sys=0.02, real=0.01 secs] 
2012-10-19T11:48:59.948-0400: [GC [ParNew: 225536K->4943K(249216K), 0.0144550 secs] 717068K->496854K(8360960K) icms_dc=0 , 0.0146750 secs] [Times: user=0.10 sys=0.01, real=0.01 secs] 
2012-10-19T11:49:10.238-0400: [GC [ParNew: 226511K->4429K(249216K), 0.0095980 secs] 718422K->496856K(8360960K) icms_dc=0 , 0.0097660 secs] [Times: user=0.08 sys=0.02, real=0.01 secs] 
2012-10-19T11:49:26.053-0400: [GC [ParNew: 225997K->4258K(249216K), 0.0110430 secs] 718424K->497195K(8360960K) icms_dc=0 , 0.0112250 secs] [Times: user=0.12 sys=0.02, real=0.01 secs] 
2012-10-19T11:49:43.331-0400: [GC [ParNew: 225826K->3962K(249216K), 0.0101230 secs] 718763K->497374K(8360960K) icms_dc=0 , 0.0102940 secs] [Times: user=0.10 sys=0.02, real=0.01 secs] 
2012-10-19T11:49:55.775-0400: [GC [ParNew: 225530K->4246K(249216K), 0.0139010 secs] 718942K->498088K(8360960K) icms_dc=0 , 0.0141270 secs] [Times: user=0.07 sys=0.01, real=0.01 secs] 
2012-10-19T11:50:03.550-0400: [GC [ParNew: 225814K->4375K(249216K), 0.0104180 secs] 719656K->498590K(8360960K) icms_dc=0 , 0.0106070 secs] [Times: user=0.08 sys=0.02, real=0.01 secs] 
2012-10-19T11:50:14.557-0400: [GC [ParNew: 225943K->5214K(249216K), 0.0084410 secs] 720158K->500037K(8360960K) icms_dc=0 , 0.0086380 secs] [Times: user=0.08 sys=0.02, real=0.01 secs] 
2012-10-19T11:50:23.537-0400: [GC [ParNew: 226782K->5284K(249216K), 0.0082060 secs] 721605K->500595K(8360960K) icms_dc=0 , 0.0083820 secs] [Times: user=0.08 sys=0.02, real=0.00 secs] 
2012-10-19T11:50:34.855-0400: [GC [ParNew: 226852K->5049K(249216K), 0.0099650 secs] 722163K->500806K(8360960K) icms_dc=0 , 0.0101540 secs] [Times: user=0.10 sys=0.02, real=0.01 secs] 
2012-10-19T11:50:48.522-0400: [GC [ParNew: 226617K->5129K(249216K), 0.0104420 secs] 722374K->501260K(8360960K) icms_dc=0 , 0.0106410 secs] [Times: user=0.09 sys=0.03, real=0.01 secs] 
2012-10-19T11:51:01.139-0400: [GC [ParNew: 226697K->4884K(249216K), 0.0115560 secs] 722828K->502099K(8360960K) icms_dc=0 , 0.0117600 secs] [Times: user=0.09 sys=0.02, real=0.01 secs] 
2012-10-19T11:51:14.082-0400: [GC [ParNew: 226452K->4077K(249216K), 0.0108490 secs] 723667K->501894K(8360960K) icms_dc=0 , 0.0110450 secs] [Times: user=0.09 sys=0.03, real=0.01 secs] 
2012-10-19T11:51:29.014-0400: [GC [ParNew: 225645K->4276K(249216K), 0.0097820 secs] 723462K->502659K(8360960K) icms_dc=0 , 0.0099790 secs] [Times: user=0.09 sys=0.02, real=0.01 secs] 
2012-10-19T11:51:41.786-0400: [GC [ParNew: 225844K->5063K(249216K), 0.0154550 secs] 724227K->503794K(8360960K) icms_dc=0 , 0.0156990 secs] [Times: user=0.10 sys=0.03, real=0.02 secs] 
2012-10-19T11:51:43.429-0400: [GC [ParNew: 226631K->4179K(249216K), 0.0129610 secs] 725362K->503388K(8360960K) icms_dc=0 , 0.0131330 secs] [Times: user=0.10 sys=0.02, real=0.02 secs] 
2012-10-19T11:51:53.032-0400: [GC [ParNew: 225747K->3813K(249216K), 0.0095780 secs] 724956K->503584K(8360960K) icms_dc=0 , 0.0097560 secs] [Times: user=0.10 sys=0.02, real=0.01 secs] 
2012-10-19T11:51:58.182-0400: [GC [ParNew: 225381K->3004K(249216K), 0.0107160 secs] 725152K->503401K(8360960K) icms_dc=0 , 0.0108870 secs] [Times: user=0.09 sys=0.02, real=0.01 secs] 
2012-10-19T11:52:11.565-0400: [GC [ParNew: 224572K->3317K(249216K), 0.0104340 secs] 724969K->504165K(8360960K) icms_dc=0 , 0.0106020 secs] [Times: user=0.10 sys=0.02, real=0.01 secs] 
2012-10-19T11:52:19.193-0400: [GC [ParNew: 224885K->4672K(249216K), 0.0080120 secs] 725733K->505690K(8360960K) icms_dc=0 , 0.0081850 secs] [Times: user=0.07 sys=0.01, real=0.01 secs] 
2012-10-19T11:52:28.593-0400: [GC [ParNew: 226240K->4508K(249216K), 0.0096760 secs] 727258K->505851K(8360960K) icms_dc=0 , 0.0098520 secs] [Times: user=0.08 sys=0.03, real=0.01 secs] 
2012-10-19T11:52:40.752-0400: [GC [ParNew: 226076K->4385K(249216K), 0.0097700 secs] 727419K->506236K(8360960K) icms_dc=0 , 0.0099420 secs] [Times: user=0.09 sys=0.03, real=0.01 secs] 
2012-10-19T11:52:57.284-0400: [GC [ParNew: 225953K->4675K(249216K), 0.0094580 secs] 727804K->507096K(8360960K) icms_dc=0 , 0.0096560 secs] [Times: user=0.08 sys=0.02, real=0.01 secs] 
2012-10-19T11:53:04.741-0400: [GC [ParNew: 226243K->4030K(249216K), 0.0101990 secs] 728664K->507118K(8360960K) icms_dc=0 , 0.0103760 secs] [Times: user=0.09 sys=0.03, real=0.01 secs] 
2012-10-19T11:53:09.951-0400: [GC [ParNew: 225598K->4191K(249216K), 0.0107140 secs] 728686K->507689K(8360960K) icms_dc=0 , 0.0109000 secs] [Times: user=0.11 sys=0.02, real=0.02 secs] 
2012-10-19T11:53:15.787-0400: [GC [ParNew: 225759K->3884K(249216K), 0.0102240 secs] 729257K->507915K(8360960K) icms_dc=0 , 0.0103910 secs] [Times: user=0.10 sys=0.02, real=0.01 secs] 
2012-10-19T11:53:24.553-0400: [GC [ParNew: 225452K->3800K(249216K), 0.0107280 secs] 729483K->508396K(8360960K) icms_dc=0 , 0.0109020 secs] [Times: user=0.10 sys=0.02, real=0.01 secs] 
2012-10-19T11:53:36.493-0400: [GC [ParNew: 225368K->3986K(249216K), 0.0084310 secs] 729964K->509084K(8360960K) icms_dc=0 , 0.0086010 secs] [Times: user=0.08 sys=0.02, real=0.01 secs] 
2012-10-19T11:53:49.168-0400: [GC [ParNew: 225554K->4111K(249216K), 0.0106980 secs] 730652K->509615K(8360960K) icms_dc=0 , 0.0108740 secs] [Times: user=0.09 sys=0.03, real=0.01 secs] 
2012-10-19T11:54:02.138-0400: [GC [ParNew: 225679K->4889K(249216K), 0.0086150 secs] 731183K->510887K(8360960K) icms_dc=0 , 0.0087930 secs] [Times: user=0.07 sys=0.02, real=0.01 secs] 
2012-10-19T11:54:16.515-0400: [GC [ParNew: 226457K->4349K(249216K), 0.0098440 secs] 732455K->510822K(8360960K) icms_dc=0 , 0.0100370 secs] [Times: user=0.08 sys=0.04, real=0.01 secs] 
2012-10-19T11:54:30.959-0400: [GC [ParNew: 225917K->4387K(249216K), 0.0106090 secs] 732390K->511496K(8360960K) icms_dc=0 , 0.0107810 secs] [Times: user=0.09 sys=0.02, real=0.01 secs] 
2012-10-19T11:54:45.179-0400: [GC [ParNew: 225955K->4641K(249216K), 0.0099260 secs] 733064K->512267K(8360960K) icms_dc=0 , 0.0100980 secs] [Times: user=0.09 sys=0.02, real=0.01 secs] 
2012-10-19T11:54:56.387-0400: [GC [ParNew: 226209K->4214K(249216K), 0.0101920 secs] 733835K->512406K(8360960K) icms_dc=0 , 0.0103690 secs] [Times: user=0.10 sys=0.02, real=0.02 secs] 
2012-10-19T11:55:06.925-0400: [GC [ParNew: 225782K->4184K(249216K), 0.0091210 secs] 733974K->512798K(8360960K) icms_dc=0 , 0.0092890 secs] [Times: user=0.09 sys=0.02, real=0.01 secs] 
2012-10-19T11:55:20.649-0400: [GC [ParNew: 225752K->4315K(249216K), 0.0103740 secs] 734366K->513393K(8360960K) icms_dc=0 , 0.0105490 secs] [Times: user=0.09 sys=0.04, real=0.01 secs] 
2012-10-19T11:55:33.299-0400: [GC [ParNew: 225883K->4457K(249216K), 0.0088050 secs] 734961K->514126K(8360960K) icms_dc=0 , 0.0089850 secs] [Times: user=0.07 sys=0.02, real=0.01 secs] 
2012-10-19T11:55:40.286-0400: [GC [ParNew: 226025K->3827K(249216K), 0.0095030 secs] 735694K->514069K(8360960K) icms_dc=0 , 0.0096710 secs] [Times: user=0.08 sys=0.03, real=0.01 secs] 
2012-10-19T11:55:53.343-0400: [GC [ParNew: 225395K->3817K(249216K), 0.0107820 secs] 735637K->514478K(8360960K) icms_dc=0 , 0.0109770 secs] [Times: user=0.08 sys=0.02, real=0.01 secs] 
2012-10-19T11:56:03.655-0400: [GC [ParNew: 225385K->3211K(249216K), 0.0091120 secs] 736046K->514649K(8360960K) icms_dc=0 , 0.0092880 secs] [Times: user=0.09 sys=0.02, real=0.01 secs] 
2012-10-19T11:56:14.850-0400: [GC [ParNew: 224779K->3179K(249216K), 0.0109570 secs] 736217K->514914K(8360960K) icms_dc=0 , 0.0111330 secs] [Times: user=0.09 sys=0.03, real=0.01 secs] 
2012-10-19T11:56:27.177-0400: [GC [ParNew: 224747K->3620K(249216K), 0.0065300 secs] 736482K->515707K(8360960K) icms_dc=0 , 0.0067000 secs] [Times: user=0.06 sys=0.01, real=0.01 secs] 
2012-10-19T11:56:38.230-0400: [GC [ParNew: 225188K->4027K(249216K), 0.0103880 secs] 737275K->516354K(8360960K) icms_dc=0 , 0.0105790 secs] [Times: user=0.09 sys=0.03, real=0.01 secs] 
2012-10-19T11:56:47.910-0400: [GC [ParNew: 225595K->5055K(249216K), 0.0124800 secs] 737922K->517710K(8360960K) icms_dc=0 , 0.0126910 secs] [Times: user=0.08 sys=0.03, real=0.01 secs] 
2012-10-19T11:56:54.378-0400: [GC [ParNew: 226623K->4163K(249216K), 0.0099430 secs] 739278K->517208K(8360960K) icms_dc=0 , 0.0101170 secs] [Times: user=0.08 sys=0.03, real=0.01 secs] 
2012-10-19T11:57:05.020-0400: [GC [ParNew: 225731K->3569K(249216K), 0.0093170 secs] 738776K->517158K(8360960K) icms_dc=0 , 0.0094810 secs] [Times: user=0.08 sys=0.03, real=0.01 secs] 
2012-10-19T11:57:17.022-0400: [GC [ParNew: 225137K->4317K(249216K), 0.0129200 secs] 738726K->518354K(8360960K) icms_dc=0 , 0.0131150 secs] [Times: user=0.06 sys=0.02, real=0.01 secs] 
2012-10-19T11:57:24.707-0400: [GC [ParNew: 225885K->4120K(249216K), 0.0072480 secs] 739922K->518614K(8360960K) icms_dc=0 , 0.0074490 secs] [Times: user=0.06 sys=0.00, real=0.01 secs] 
2012-10-19T11:57:35.402-0400: [GC [ParNew: 225688K->4291K(249216K), 0.0075590 secs] 740182K->519051K(8360960K) icms_dc=0 , 0.0077270 secs] [Times: user=0.07 sys=0.02, real=0.00 secs] 
2012-10-19T11:57:49.953-0400: [GC [ParNew: 225859K->3906K(249216K), 0.0100070 secs] 740619K->519163K(8360960K) icms_dc=0 , 0.0101810 secs] [Times: user=0.11 sys=0.02, real=0.01 secs] 
2012-10-19T11:58:04.068-0400: [GC [ParNew: 225474K->4160K(249216K), 0.0110380 secs] 740731K->519922K(8360960K) icms_dc=0 , 0.0112240 secs] [Times: user=0.10 sys=0.03, real=0.01 secs] 
2012-10-19T11:58:14.225-0400: [GC [ParNew: 225728K->3658K(249216K), 0.0097880 secs] 741490K->519828K(8360960K) icms_dc=0 , 0.0099560 secs] [Times: user=0.10 sys=0.01, real=0.01 secs] 
2012-10-19T11:58:24.858-0400: [GC [ParNew: 225226K->3562K(249216K), 0.0108880 secs] 741396K->520200K(8360960K) icms_dc=0 , 0.0110660 secs] [Times: user=0.11 sys=0.02, real=0.02 secs] 
2012-10-19T11:58:41.918-0400: [GC [ParNew: 225130K->3565K(249216K), 0.0107100 secs] 741768K->520830K(8360960K) icms_dc=0 , 0.0108800 secs] [Times: user=0.10 sys=0.02, real=0.01 secs] 
2012-10-19T11:58:54.146-0400: [GC [ParNew: 225133K->3832K(249216K), 0.0106390 secs] 742398K->521446K(8360960K) icms_dc=0 , 0.0108090 secs] [Times: user=0.08 sys=0.03, real=0.01 secs] 
2012-10-19T11:59:05.820-0400: [GC [ParNew: 225400K->4467K(249216K), 0.0109970 secs] 743014K->522463K(8360960K) icms_dc=0 , 0.0111660 secs] [Times: user=0.07 sys=0.03, real=0.01 secs] 
2012-10-19T11:59:19.476-0400: [GC [ParNew: 226035K->4910K(249216K), 0.0060220 secs] 744031K->523170K(8360960K) icms_dc=0 , 0.0062210 secs] [Times: user=0.07 sys=0.00, real=0.00 secs] 
2012-10-19T11:59:32.880-0400: [GC [ParNew: 226478K->4125K(249216K), 0.0090120 secs] 744738K->522904K(8360960K) icms_dc=0 , 0.0091850 secs] [Times: user=0.09 sys=0.02, real=0.01 secs] 
2012-10-19T11:59:41.687-0400: [GC [ParNew: 225693K->4098K(249216K), 0.0085820 secs] 744472K->523427K(8360960K) icms_dc=0 , 0.0087490 secs] [Times: user=0.08 sys=0.02, real=0.01 secs] 
2012-10-19T11:59:54.621-0400: [GC [ParNew: 225666K->3962K(249216K), 0.0086840 secs] 744995K->523749K(8360960K) icms_dc=0 , 0.0088420 secs] [Times: user=0.08 sys=0.03, real=0.00 secs] 
2012-10-19T12:00:03.500-0400: [GC [ParNew: 225530K->3941K(249216K), 0.0104330 secs] 745317K->524448K(8360960K) icms_dc=0 , 0.0106070 secs] [Times: user=0.10 sys=0.02, real=0.01 secs] 
2012-10-19T12:00:12.194-0400: [GC [ParNew: 225509K->4850K(249216K), 0.0108830 secs] 746016K->525757K(8360960K) icms_dc=0 , 0.0110620 secs] [Times: user=0.10 sys=0.03, real=0.01 secs] 
2012-10-19T12:00:21.841-0400: [GC [ParNew: 226418K->7271K(249216K), 0.0074110 secs] 747325K->528736K(8360960K) icms_dc=0 , 0.0076110 secs] [Times: user=0.08 sys=0.00, real=0.01 secs] 
2012-10-19T12:00:32.453-0400: [GC [ParNew: 228839K->8285K(249216K), 0.0095530 secs] 750304K->530205K(8360960K) icms_dc=0 , 0.0097350 secs] [Times: user=0.08 sys=0.01, real=0.01 secs] 
2012-10-19T12:00:41.848-0400: [GC [ParNew: 229853K->6548K(249216K), 0.0106100 secs] 751773K->529210K(8360960K) icms_dc=0 , 0.0107850 secs] [Times: user=0.10 sys=0.02, real=0.01 secs] 
2012-10-19T12:00:53.422-0400: [GC [ParNew: 228116K->6400K(249216K), 0.0105990 secs] 750778K->529867K(8360960K) icms_dc=0 , 0.0107720 secs] [Times: user=0.10 sys=0.02, real=0.01 secs] 
2012-10-19T12:01:01.641-0400: [GC [ParNew: 227968K->5724K(249216K), 0.0137850 secs] 751435K->531773K(8360960K) icms_dc=0 , 0.0139850 secs] [Times: user=0.12 sys=0.02, real=0.01 secs] 
2012-10-19T12:01:08.672-0400: [GC [ParNew: 227292K->4147K(249216K), 0.0198750 secs] 753341K->530722K(8360960K) icms_dc=0 , 0.0200750 secs] [Times: user=0.09 sys=0.02, real=0.02 secs] 
2012-10-19T12:01:17.914-0400: [GC [ParNew: 225715K->4536K(249216K), 0.0112890 secs] 752290K->531559K(8360960K) icms_dc=0 , 0.0114530 secs] [Times: user=0.09 sys=0.02, real=0.01 secs] 
2012-10-19T12:01:28.820-0400: [GC [ParNew: 226104K->4138K(249216K), 0.0097180 secs] 753127K->531722K(8360960K) icms_dc=0 , 0.0098830 secs] [Times: user=0.08 sys=0.02, real=0.01 secs] 
2012-10-19T12:01:46.004-0400: [GC [ParNew: 225706K->4050K(249216K), 0.0099050 secs] 753290K->532162K(8360960K) icms_dc=0 , 0.0100860 secs] [Times: user=0.08 sys=0.03, real=0.01 secs] 
2012-10-19T12:01:58.617-0400: [GC [ParNew: 225618K->4125K(249216K), 0.0075810 secs] 753730K->532750K(8360960K) icms_dc=0 , 0.0077610 secs] [Times: user=0.06 sys=0.02, real=0.01 secs] 
2012-10-19T12:02:13.246-0400: [GC [ParNew: 225693K->4222K(249216K), 0.0096530 secs] 754318K->533249K(8360960K) icms_dc=0 , 0.0098290 secs] [Times: user=0.08 sys=0.02, real=0.01 secs] 
2012-10-19T12:02:31.054-0400: [GC [ParNew: 225790K->4483K(249216K), 0.0093780 secs] 754817K->533947K(8360960K) icms_dc=0 , 0.0095510 secs] [Times: user=0.09 sys=0.02, real=0.00 secs] 
2012-10-19T12:02:50.199-0400: [GC [ParNew: 226051K->4152K(249216K), 0.0106520 secs] 755515K->534264K(8360960K) icms_dc=0 , 0.0108230 secs] [Times: user=0.10 sys=0.02, real=0.01 secs] 
2012-10-19T12:03:05.934-0400: [GC [ParNew: 225720K->3787K(249216K), 0.0101690 secs] 755832K->534315K(8360960K) icms_dc=0 , 0.0103400 secs] [Times: user=0.09 sys=0.02, real=0.01 secs] 
2012-10-19T12:03:23.809-0400: [GC [ParNew: 225355K->4044K(249216K), 0.0109370 secs] 755883K->535000K(8360960K) icms_dc=0 , 0.0111220 secs] [Times: user=0.11 sys=0.03, real=0.01 secs] 
2012-10-19T12:03:41.767-0400: [GC [ParNew: 225612K->4667K(249216K), 0.0080010 secs] 756568K->536035K(8360960K) icms_dc=0 , 0.0081690 secs] [Times: user=0.07 sys=0.02, real=0.01 secs] 
2012-10-19T12:03:57.214-0400: [GC [ParNew: 226235K->4708K(249216K), 0.0074030 secs] 757603K->536482K(8360960K) icms_dc=0 , 0.0075750 secs] [Times: user=0.06 sys=0.02, real=0.01 secs] 
2012-10-19T12:04:14.004-0400: [GC [ParNew: 226276K->4646K(249216K), 0.0097950 secs] 758050K->536883K(8360960K) icms_dc=0 , 0.0099850 secs] [Times: user=0.09 sys=0.03, real=0.01 secs] 
2012-10-19T12:04:31.847-0400: [GC [ParNew: 226214K->4388K(249216K), 0.0098830 secs] 758451K->537282K(8360960K) icms_dc=0 , 0.0100510 secs] [Times: user=0.09 sys=0.02, real=0.01 secs] 
2012-10-19T12:04:48.170-0400: [GC [ParNew: 225956K->4113K(249216K), 0.0119850 secs] 758850K->537633K(8360960K) icms_dc=0 , 0.0121590 secs] [Times: user=0.11 sys=0.02, real=0.01 secs] 
2012-10-19T12:05:04.330-0400: [GC [ParNew: 225681K->4087K(249216K), 0.0100910 secs] 759201K->538099K(8360960K) icms_dc=0 , 0.0102540 secs] [Times: user=0.09 sys=0.03, real=0.01 secs] 
2012-10-19T12:05:19.526-0400: [GC [ParNew: 225655K->5069K(249216K), 0.0119080 secs] 759667K->539516K(8360960K) icms_dc=0 , 0.0121080 secs] [Times: user=0.10 sys=0.02, real=0.01 secs] 
2012-10-19T12:05:30.951-0400: [GC [ParNew: 226637K->5203K(249216K), 0.0063960 secs] 761084K->540093K(8360960K) icms_dc=0 , 0.0065660 secs] [Times: user=0.05 sys=0.01, real=0.00 secs] 
2012-10-19T12:05:44.341-0400: [GC [ParNew: 226771K->5530K(249216K), 0.0079110 secs] 761661K->540749K(8360960K) icms_dc=0 , 0.0080900 secs] [Times: user=0.07 sys=0.02, real=0.01 secs] 
2012-10-19T12:05:53.767-0400: [GC [ParNew: 227098K->5123K(249216K), 0.0099020 secs] 762317K->541016K(8360960K) icms_dc=0 , 0.0100840 secs] [Times: user=0.09 sys=0.03, real=0.01 secs] 
2012-10-19T12:06:09.188-0400: [GC [ParNew: 226691K->4491K(249216K), 0.0107800 secs] 762584K->541442K(8360960K) icms_dc=0 , 0.0109570 secs] [Times: user=0.10 sys=0.01, real=0.01 secs] 
2012-10-19T12:06:25.946-0400: [GC [ParNew: 226059K->4295K(249216K), 0.0107820 secs] 763010K->541700K(8360960K) icms_dc=0 , 0.0109590 secs] [Times: user=0.10 sys=0.03, real=0.01 secs] 
2012-10-19T12:06:41.681-0400: [GC [ParNew: 225863K->6084K(249216K), 0.0083090 secs] 763268K->543989K(8360960K) icms_dc=0 , 0.0084900 secs] [Times: user=0.04 sys=0.00, real=0.01 secs] 
2012-10-19T12:06:58.422-0400: [GC [ParNew: 227652K->5438K(249216K), 0.0109550 secs] 765557K->543931K(8360960K) icms_dc=0 , 0.0111330 secs] [Times: user=0.08 sys=0.03, real=0.02 secs] 
2012-10-19T12:07:18.864-0400: [GC [ParNew: 227006K->4469K(249216K), 0.0082020 secs] 765499K->543412K(8360960K) icms_dc=0 , 0.0083820 secs] [Times: user=0.07 sys=0.01, real=0.01 secs] 
2012-10-19T12:07:36.643-0400: [GC [ParNew: 226037K->4328K(249216K), 0.0079010 secs] 764980K->543855K(8360960K) icms_dc=0 , 0.0080740 secs] [Times: user=0.07 sys=0.03, real=0.01 secs] 
2012-10-19T12:07:55.733-0400: [GC [ParNew: 225896K->4638K(249216K), 0.0120780 secs] 765423K->544977K(8360960K) icms_dc=0 , 0.0122520 secs] [Times: user=0.10 sys=0.03, real=0.01 secs] 
2012-10-19T12:08:13.894-0400: [GC [ParNew: 226206K->4958K(249216K), 0.0128560 secs] 766545K->545566K(8360960K) icms_dc=0 , 0.0130480 secs] [Times: user=0.07 sys=0.01, real=0.01 secs] 
2012-10-19T12:08:23.079-0400: [GC [ParNew: 226526K->4495K(249216K), 0.0116580 secs] 767134K->545529K(8360960K) icms_dc=0 , 0.0118720 secs] [Times: user=0.11 sys=0.02, real=0.01 secs] 
2012-10-19T12:08:37.482-0400: [GC [ParNew: 226063K->3867K(249216K), 0.0092730 secs] 767097K->545415K(8360960K) icms_dc=0 , 0.0094420 secs] [Times: user=0.08 sys=0.02, real=0.01 secs] 
2012-10-19T12:08:50.275-0400: [GC [ParNew: 225435K->3120K(249216K), 0.0090940 secs] 766983K->545138K(8360960K) icms_dc=0 , 0.0092580 secs] [Times: user=0.09 sys=0.01, real=0.01 secs] 
2012-10-19T12:09:06.856-0400: [GC [ParNew: 224688K->3985K(249216K), 0.0138470 secs] 766706K->546468K(8360960K) icms_dc=0 , 0.0140660 secs] [Times: user=0.07 sys=0.01, real=0.01 secs] 
2012-10-19T12:09:27.231-0400: [GC [ParNew: 225553K->4361K(249216K), 0.0107440 secs] 768036K->547132K(8360960K) icms_dc=0 , 0.0109230 secs] [Times: user=0.09 sys=0.03, real=0.01 secs] 
2012-10-19T12:09:38.295-0400: [GC [ParNew: 225929K->3840K(249216K), 0.0104130 secs] 768700K->546947K(8360960K) icms_dc=0 , 0.0105790 secs] [Times: user=0.11 sys=0.02, real=0.02 secs] 
2012-10-19T12:09:55.799-0400: [GC [ParNew: 225408K->4331K(249216K), 0.0097830 secs] 768515K->547673K(8360960K) icms_dc=0 , 0.0099520 secs] [Times: user=0.10 sys=0.02, real=0.01 secs] 
2012-10-19T12:10:14.032-0400: [GC [ParNew: 225899K->4076K(249216K), 0.0103310 secs] 769241K->548045K(8360960K) icms_dc=0 , 0.0105260 secs] [Times: user=0.10 sys=0.02, real=0.01 secs] 
2012-10-19T12:10:28.882-0400: [GC [ParNew: 225644K->4581K(249216K), 0.0091600 secs] 769613K->549030K(8360960K) icms_dc=0 , 0.0093520 secs] [Times: user=0.09 sys=0.02, real=0.01 secs] 
2012-10-19T12:10:47.782-0400: [GC [ParNew: 226149K->4881K(249216K), 0.0101110 secs] 770598K->549597K(8360960K) icms_dc=0 , 0.0102950 secs] [Times: user=0.09 sys=0.02, real=0.01 secs] 
2012-10-19T12:11:10.924-0400: [GC [ParNew: 226449K->4967K(249216K), 0.0094180 secs] 771165K->550373K(8360960K) icms_dc=0 , 0.0096200 secs] [Times: user=0.10 sys=0.02, real=0.01 secs] 
2012-10-19T12:11:26.195-0400: [GC [ParNew: 226535K->4267K(249216K), 0.0100710 secs] 771941K->550247K(8360960K) icms_dc=0 , 0.0102730 secs] [Times: user=0.09 sys=0.03, real=0.01 secs] 
2012-10-19T12:11:38.323-0400: [GC [ParNew: 225835K->4207K(249216K), 0.0110290 secs] 771815K->550793K(8360960K) icms_dc=0 , 0.0112190 secs] [Times: user=0.10 sys=0.04, real=0.02 secs] 
2012-10-19T12:11:54.053-0400: [GC [ParNew: 225775K->4469K(249216K), 0.0171020 secs] 772361K->551469K(8360960K) icms_dc=0 , 0.0173520 secs] [Times: user=0.06 sys=0.01, real=0.02 secs] 
2012-10-19T12:12:07.415-0400: [GC [ParNew: 226037K->3831K(249216K), 0.0105350 secs] 773037K->551300K(8360960K) icms_dc=0 , 0.0107040 secs] [Times: user=0.10 sys=0.03, real=0.01 secs] 
2012-10-19T12:12:26.128-0400: [GC [ParNew: 225399K->4353K(249216K), 0.0081460 secs] 772868K->552171K(8360960K) icms_dc=0 , 0.0083210 secs] [Times: user=0.08 sys=0.01, real=0.01 secs] 
2012-10-19T12:12:41.830-0400: [GC [ParNew: 225921K->4347K(249216K), 0.0115510 secs] 773739K->552677K(8360960K) icms_dc=0 , 0.0117560 secs] [Times: user=0.08 sys=0.03, real=0.01 secs] 
2012-10-19T12:12:46.988-0400: [GC [ParNew: 225915K->3989K(249216K), 0.0109400 secs] 774245K->552751K(8360960K) icms_dc=0 , 0.0111100 secs] [Times: user=0.08 sys=0.02, real=0.01 secs] 
2012-10-19T12:12:57.642-0400: [GC [ParNew: 225557K->3772K(249216K), 0.0095430 secs] 774319K->552946K(8360960K) icms_dc=0 , 0.0097390 secs] [Times: user=0.08 sys=0.02, real=0.01 secs] 
2012-10-19T12:13:00.190-0400: [GC [ParNew: 225340K->3789K(249216K), 0.0131990 secs] 774514K->553614K(8360960K) icms_dc=0 , 0.0133830 secs] [Times: user=0.09 sys=0.02, real=0.01 secs] 
2012-10-19T12:13:05.504-0400: [GC [ParNew: 225357K->3170K(249216K), 0.0102880 secs] 775182K->553534K(8360960K) icms_dc=0 , 0.0104590 secs] [Times: user=0.08 sys=0.04, real=0.01 secs] 
2012-10-19T12:13:12.144-0400: [GC [ParNew: 224738K->3138K(249216K), 0.0114530 secs] 775102K->553685K(8360960K) icms_dc=0 , 0.0116210 secs] [Times: user=0.10 sys=0.03, real=0.01 secs] 
2012-10-19T12:13:25.615-0400: [GC [ParNew: 224706K->4228K(249216K), 0.0108060 secs] 775253K->555191K(8360960K) icms_dc=0 , 0.0109900 secs] [Times: user=0.11 sys=0.02, real=0.01 secs] 
2012-10-19T12:13:42.150-0400: [GC [ParNew: 225796K->4108K(249216K), 0.0083390 secs] 776759K->555458K(8360960K) icms_dc=0 , 0.0085040 secs] [Times: user=0.08 sys=0.01, real=0.01 secs] 
2012-10-19T12:13:51.570-0400: [GC [ParNew: 225676K->4722K(249216K), 0.0106620 secs] 777026K->556483K(8360960K) icms_dc=0 , 0.0108390 secs] [Times: user=0.09 sys=0.04, real=0.01 secs] 
2012-10-19T12:14:04.694-0400: [GC [ParNew: 226290K->6274K(249216K), 0.0143010 secs] 778051K->558359K(8360960K) icms_dc=0 , 0.0145210 secs] [Times: user=0.07 sys=0.01, real=0.02 secs] 
2012-10-19T12:14:15.294-0400: [GC [ParNew: 227842K->4665K(249216K), 0.0107260 secs] 779927K->557561K(8360960K) icms_dc=0 , 0.0109050 secs] [Times: user=0.10 sys=0.02, real=0.01 secs] 
2012-10-19T12:14:31.852-0400: [GC [ParNew: 226233K->5119K(249216K), 0.0112480 secs] 779129K->558574K(8360960K) icms_dc=0 , 0.0114320 secs] [Times: user=0.10 sys=0.03, real=0.01 secs] 
2012-10-19T12:14:48.852-0400: [GC [ParNew: 226687K->4886K(249216K), 0.0100680 secs] 780142K->558867K(8360960K) icms_dc=0 , 0.0102390 secs] [Times: user=0.08 sys=0.04, real=0.01 secs] 
2012-10-19T12:15:01.649-0400: [GC [ParNew: 226454K->4628K(249216K), 0.0234270 secs] 780435K->559838K(8360960K) icms_dc=0 , 0.0236490 secs] [Times: user=0.11 sys=0.00, real=0.02 secs] 
2012-10-19T12:15:08.272-0400: [GC [ParNew: 226195K->5277K(249216K), 0.0083900 secs] 781406K->560744K(8360960K) icms_dc=0 , 0.0085670 secs] [Times: user=0.06 sys=0.01, real=0.01 secs] 
2012-10-19T12:15:11.432-0400: [GC [ParNew: 226845K->5796K(249216K), 0.0106320 secs] 782312K->561926K(8360960K) icms_dc=0 , 0.0108170 secs] [Times: user=0.08 sys=0.01, real=0.01 secs] 
2012-10-19T12:15:15.163-0400: [GC [ParNew: 227364K->6925K(249216K), 0.0148740 secs] 783494K->563528K(8360960K) icms_dc=0 , 0.0150630 secs] [Times: user=0.12 sys=0.02, real=0.02 secs] 
2012-10-19T12:15:22.648-0400: [GC [ParNew: 228493K->6453K(249216K), 0.0112890 secs] 785096K->563560K(8360960K) icms_dc=0 , 0.0114740 secs] [Times: user=0.12 sys=0.02, real=0.01 secs] 
2012-10-19T12:15:33.535-0400: [GC [ParNew: 228021K->6646K(249216K), 0.0081390 secs] 785128K->564354K(8360960K) icms_dc=0 , 0.0083460 secs] [Times: user=0.09 sys=0.01, real=0.01 secs] 
2012-10-19T12:15:43.921-0400: [GC [ParNew: 228214K->6053K(249216K), 0.0106270 secs] 785922K->564619K(8360960K) icms_dc=0 , 0.0107990 secs] [Times: user=0.10 sys=0.02, real=0.01 secs] 
2012-10-19T12:15:57.020-0400: [GC [ParNew: 227621K->5760K(249216K), 0.0120250 secs] 786187K->566235K(8360960K) icms_dc=0 , 0.0121990 secs] [Times: user=0.10 sys=0.02, real=0.02 secs] 
2012-10-19T12:16:11.440-0400: [GC [ParNew: 227328K->4375K(249216K), 0.0110430 secs] 787803K->565574K(8360960K) icms_dc=0 , 0.0112360 secs] [Times: user=0.09 sys=0.02, real=0.01 secs] 
2012-10-19T12:16:17.221-0400: [GC [ParNew: 225943K->6914K(249216K), 0.0134760 secs] 787142K->568477K(8360960K) icms_dc=0 , 0.0136860 secs] [Times: user=0.11 sys=0.03, real=0.02 secs] 
2012-10-19T12:16:18.530-0400: [GC [ParNew: 228482K->5222K(249216K), 0.0106000 secs] 790045K->567317K(8360960K) icms_dc=0 , 0.0107700 secs] [Times: user=0.09 sys=0.02, real=0.01 secs] 
2012-10-19T12:16:24.106-0400: [GC [ParNew: 226790K->3160K(249216K), 0.0097850 secs] 788885K->565773K(8360960K) icms_dc=0 , 0.0099730 secs] [Times: user=0.09 sys=0.03, real=0.01 secs] 
2012-10-19T12:16:33.010-0400: [GC [ParNew: 224728K->3555K(249216K), 0.0111660 secs] 787341K->566822K(8360960K) icms_dc=0 , 0.0113500 secs] [Times: user=0.10 sys=0.02, real=0.01 secs] 
2012-10-19T12:16:41.847-0400: [GC [ParNew: 225123K->3508K(249216K), 0.0125020 secs] 788390K->567313K(8360960K) icms_dc=0 , 0.0126710 secs] [Times: user=0.11 sys=0.02, real=0.02 secs] 
2012-10-19T12:16:52.068-0400: [GC [ParNew: 225076K->4438K(249216K), 0.0044380 secs] 788881K->568385K(8360960K) icms_dc=0 , 0.0046120 secs] [Times: user=0.05 sys=0.00, real=0.01 secs] 
2012-10-19T12:17:03.713-0400: [GC [ParNew: 226006K->4011K(249216K), 0.0098520 secs] 789953K->568275K(8360960K) icms_dc=0 , 0.0100370 secs] [Times: user=0.09 sys=0.02, real=0.01 secs] 
2012-10-19T12:17:13.131-0400: [GC [ParNew: 225579K->4501K(249216K), 0.0084590 secs] 789843K->569232K(8360960K) icms_dc=0 , 0.0086370 secs] [Times: user=0.08 sys=0.02, real=0.01 secs] 
2012-10-19T12:17:23.418-0400: [GC [ParNew: 226069K->4721K(249216K), 0.0107110 secs] 790800K->570013K(8360960K) icms_dc=0 , 0.0108930 secs] [Times: user=0.08 sys=0.03, real=0.01 secs] 
2012-10-19T12:17:32.950-0400: [GC [ParNew: 226289K->4836K(249216K), 0.0111430 secs] 791581K->570705K(8360960K) icms_dc=0 , 0.0113350 secs] [Times: user=0.08 sys=0.03, real=0.01 secs] 
2012-10-19T12:17:48.166-0400: [GC [ParNew: 226404K->5586K(249216K), 0.0083530 secs] 792273K->571923K(8360960K) icms_dc=0 , 0.0085220 secs] [Times: user=0.06 sys=0.01, real=0.01 secs] 
2012-10-19T12:17:58.661-0400: [GC [ParNew: 227154K->4166K(249216K), 0.0105790 secs] 793491K->571183K(8360960K) icms_dc=0 , 0.0107670 secs] [Times: user=0.07 sys=0.03, real=0.01 secs] 
2012-10-19T12:18:09.417-0400: [GC [ParNew: 225734K->4087K(249216K), 0.0112790 secs] 792751K->571509K(8360960K) icms_dc=0 , 0.0114680 secs] [Times: user=0.10 sys=0.02, real=0.01 secs] 
2012-10-19T12:18:22.367-0400: [GC [ParNew: 225655K->4303K(249216K), 0.0081050 secs] 793077K->572186K(8360960K) icms_dc=0 , 0.0082890 secs] [Times: user=0.08 sys=0.02, real=0.01 secs] 
2012-10-19T12:18:31.108-0400: [GC [ParNew: 225871K->4009K(249216K), 0.0091510 secs] 793754K->572324K(8360960K) icms_dc=0 , 0.0093110 secs] [Times: user=0.07 sys=0.03, real=0.01 secs] 
2012-10-19T12:18:49.021-0400: [GC [ParNew: 225577K->4492K(249216K), 0.0083880 secs] 793892K->573164K(8360960K) icms_dc=0 , 0.0085630 secs] [Times: user=0.08 sys=0.02, real=0.01 secs] 
2012-10-19T12:18:56.205-0400: [GC [ParNew: 226060K->4043K(249216K), 0.0145050 secs] 794732K->573316K(8360960K) icms_dc=0 , 0.0147240 secs] [Times: user=0.08 sys=0.02, real=0.02 secs] 
2012-10-19T12:19:03.132-0400: [GC [ParNew: 225611K->4520K(249216K), 0.0127870 secs] 794884K->574379K(8360960K) icms_dc=0 , 0.0129660 secs] [Times: user=0.11 sys=0.02, real=0.01 secs] 
2012-10-19T12:19:21.286-0400: [GC [ParNew: 226088K->4417K(249216K), 0.0103730 secs] 795947K->574744K(8360960K) icms_dc=0 , 0.0105940 secs] [Times: user=0.10 sys=0.02, real=0.01 secs] 
2012-10-19T12:19:24.561-0400: [GC [ParNew: 225985K->5616K(249216K), 0.0093730 secs] 796312K->576327K(8360960K) icms_dc=0 , 0.0095920 secs] [Times: user=0.07 sys=0.02, real=0.01 secs] 
2012-10-19T12:19:27.009-0400: [GC [ParNew: 227184K->4586K(249216K), 0.0113130 secs] 797895K->575681K(8360960K) icms_dc=0 , 0.0116260 secs] [Times: user=0.04 sys=0.01, real=0.01 secs] 
2012-10-19T12:19:36.991-0400: [GC [ParNew: 226154K->3500K(249216K), 0.0114060 secs] 797249K->575440K(8360960K) icms_dc=0 , 0.0116030 secs] [Times: user=0.08 sys=0.02, real=0.01 secs] 
2012-10-19T12:19:48.372-0400: [GC [ParNew: 225068K->3135K(249216K), 0.0109290 secs] 797008K->575592K(8360960K) icms_dc=0 , 0.0111190 secs] [Times: user=0.11 sys=0.02, real=0.01 secs] 
2012-10-19T12:20:01.884-0400: [GC [ParNew: 224703K->2798K(249216K), 0.0105760 secs] 797160K->575676K(8360960K) icms_dc=0 , 0.0107600 secs] [Times: user=0.10 sys=0.03, real=0.01 secs] 
2012-10-19T12:20:13.538-0400: [GC [ParNew: 224366K->4951K(249216K), 0.0086120 secs] 797243K->578024K(8360960K) icms_dc=0 , 0.0088170 secs] [Times: user=0.09 sys=0.02, real=0.01 secs] 
2012-10-19T12:20:21.073-0400: [GC [ParNew: 226456K->7440K(249216K), 0.0112950 secs] 799529K->580797K(8360960K) icms_dc=0 , 0.0114970 secs] [Times: user=0.11 sys=0.02, real=0.01 secs] 
2012-10-19T12:20:28.446-0400: [GC [ParNew: 229008K->7337K(249216K), 0.0091540 secs] 802365K->581041K(8360960K) icms_dc=0 , 0.0093500 secs] [Times: user=0.08 sys=0.01, real=0.01 secs] 
2012-10-19T12:20:40.245-0400: [GC [ParNew: 228905K->7181K(249216K), 0.0093850 secs] 802609K->581304K(8360960K) icms_dc=0 , 0.0095770 secs] [Times: user=0.09 sys=0.02, real=0.01 secs] 
2012-10-19T12:20:47.596-0400: [GC [ParNew: 228749K->6064K(249216K), 0.0113110 secs] 802872K->582013K(8360960K) icms_dc=0 , 0.0115190 secs] [Times: user=0.10 sys=0.02, real=0.01 secs] 
2012-10-19T12:20:58.034-0400: [GC [ParNew: 227632K->5231K(249216K), 0.0114280 secs] 803581K->582718K(8360960K) icms_dc=0 , 0.0116300 secs] [Times: user=0.09 sys=0.03, real=0.02 secs] 
2012-10-19T12:21:04.815-0400: [GC [ParNew: 226799K->5030K(249216K), 0.0102400 secs] 804286K->583189K(8360960K) icms_dc=0 , 0.0104290 secs] [Times: user=0.09 sys=0.01, real=0.01 secs] 
2012-10-19T12:21:19.354-0400: [GC [ParNew: 226598K->4754K(249216K), 0.0116430 secs] 804757K->583453K(8360960K) icms_dc=0 , 0.0118430 secs] [Times: user=0.10 sys=0.02, real=0.01 secs] 
2012-10-19T12:21:35.066-0400: [GC [ParNew: 226322K->4864K(249216K), 0.0111200 secs] 805021K->583886K(8360960K) icms_dc=0 , 0.0113340 secs] [Times: user=0.09 sys=0.02, real=0.01 secs] 
2012-10-19T12:21:38.983-0400: [GC [ParNew: 226432K->4505K(249216K), 0.0153860 secs] 805454K->584249K(8360960K) icms_dc=0 , 0.0156180 secs] [Times: user=0.10 sys=0.02, real=0.01 secs] 
2012-10-19T12:21:45.626-0400: [GC [ParNew: 226073K->4212K(249216K), 0.0107110 secs] 805817K->584529K(8360960K) icms_dc=0 , 0.0108990 secs] [Times: user=0.09 sys=0.03, real=0.01 secs] 
2012-10-19T12:21:57.087-0400: [GC [ParNew: 225780K->3780K(249216K), 0.0088610 secs] 806097K->584777K(8360960K) icms_dc=0 , 0.0090490 secs] [Times: user=0.06 sys=0.02, real=0.01 secs] 
2012-10-19T12:22:09.174-0400: [GC [ParNew: 225348K->3507K(249216K), 0.0120250 secs] 806345K->584930K(8360960K) icms_dc=0 , 0.0122000 secs] [Times: user=0.09 sys=0.03, real=0.02 secs] 
2012-10-19T12:22:22.960-0400: [GC [ParNew: 225075K->4238K(249216K), 0.0106170 secs] 806498K->586054K(8360960K) icms_dc=0 , 0.0107990 secs] [Times: user=0.03 sys=0.00, real=0.01 secs] 
2012-10-19T12:22:42.332-0400: [GC [ParNew: 225806K->4647K(249216K), 0.0103260 secs] 807622K->586734K(8360960K) icms_dc=0 , 0.0104940 secs] [Times: user=0.08 sys=0.02, real=0.01 secs] 
2012-10-19T12:22:55.604-0400: [GC [ParNew: 226215K->4271K(249216K), 0.0131340 secs] 808302K->586792K(8360960K) icms_dc=0 , 0.0133440 secs] [Times: user=0.11 sys=0.02, real=0.01 secs] 
2012-10-19T12:23:15.137-0400: [GC [ParNew: 225839K->4351K(249216K), 0.0107740 secs] 808360K->587251K(8360960K) icms_dc=0 , 0.0109700 secs] [Times: user=0.09 sys=0.02, real=0.01 secs] 
2012-10-19T12:23:35.359-0400: [GC [ParNew: 225919K->4106K(249216K), 0.0082150 secs] 808819K->587728K(8360960K) icms_dc=0 , 0.0084220 secs] [Times: user=0.08 sys=0.01, real=0.00 secs] 
2012-10-19T12:23:49.250-0400: [GC [ParNew: 225674K->4001K(249216K), 0.0101030 secs] 809296K->588057K(8360960K) icms_dc=0 , 0.0103000 secs] [Times: user=0.10 sys=0.02, real=0.02 secs] 
2012-10-19T12:24:03.065-0400: [GC [ParNew: 225569K->3909K(249216K), 0.0108580 secs] 809625K->588355K(8360960K) icms_dc=0 , 0.0110530 secs] [Times: user=0.12 sys=0.02, real=0.01 secs] 
2012-10-19T12:24:19.238-0400: [GC [ParNew: 225477K->3574K(249216K), 0.0101160 secs] 809923K->588494K(8360960K) icms_dc=0 , 0.0103100 secs] [Times: user=0.10 sys=0.02, real=0.01 secs] 
2012-10-19T12:24:37.669-0400: [GC [ParNew: 225142K->4079K(249216K), 0.0131170 secs] 810062K->589394K(8360960K) icms_dc=0 , 0.0133700 secs] [Times: user=0.08 sys=0.02, real=0.01 secs] 
2012-10-19T12:24:56.126-0400: [GC [ParNew: 225647K->3836K(249216K), 0.0105820 secs] 810962K->589532K(8360960K) icms_dc=0 , 0.0107680 secs] [Times: user=0.09 sys=0.02, real=0.01 secs] 
2012-10-19T12:25:11.262-0400: [GC [ParNew: 225404K->3687K(249216K), 0.0095280 secs] 811100K->589744K(8360960K) icms_dc=0 , 0.0097120 secs] [Times: user=0.10 sys=0.02, real=0.01 secs] 
2012-10-19T12:25:22.380-0400: [GC [ParNew: 225255K->3712K(249216K), 0.0100390 secs] 811312K->590092K(8360960K) icms_dc=0 , 0.0102380 secs] [Times: user=0.09 sys=0.03, real=0.01 secs] 
2012-10-19T12:25:39.056-0400: [GC [ParNew: 225280K->4006K(249216K), 0.0077850 secs] 811660K->590868K(8360960K) icms_dc=0 , 0.0079780 secs] [Times: user=0.08 sys=0.01, real=0.01 secs] 
2012-10-19T12:25:59.166-0400: [GC [ParNew: 225574K->4248K(249216K), 0.0087660 secs] 812436K->591499K(8360960K) icms_dc=0 , 0.0089770 secs] [Times: user=0.09 sys=0.02, real=0.01 secs] 
2012-10-19T12:26:14.032-0400: [GC [ParNew: 225816K->4519K(249216K), 0.0093170 secs] 813067K->592068K(8360960K) icms_dc=0 , 0.0095120 secs] [Times: user=0.08 sys=0.01, real=0.01 secs] 
2012-10-19T12:26:23.824-0400: [GC [ParNew: 226087K->4646K(249216K), 0.0067460 secs] 813636K->592609K(8360960K) icms_dc=0 , 0.0069360 secs] [Times: user=0.07 sys=0.02, real=0.00 secs] 
2012-10-19T12:26:38.520-0400: [GC [ParNew: 226214K->4346K(249216K), 0.0096420 secs] 814177K->592773K(8360960K) icms_dc=0 , 0.0098240 secs] [Times: user=0.09 sys=0.03, real=0.01 secs] 
2012-10-19T12:26:53.082-0400: [GC [ParNew: 225914K->4404K(249216K), 0.0089840 secs] 814341K->593271K(8360960K) icms_dc=0 , 0.0091720 secs] [Times: user=0.08 sys=0.02, real=0.01 secs] 
2012-10-19T12:27:02.361-0400: [GC [ParNew: 225972K->4317K(249216K), 0.0102090 secs] 814839K->593682K(8360960K) icms_dc=0 , 0.0103930 secs] [Times: user=0.10 sys=0.03, real=0.01 secs] 
2012-10-19T12:27:16.585-0400: [GC [ParNew: 225885K->4182K(249216K), 0.0103100 secs] 815250K->593998K(8360960K) icms_dc=0 , 0.0104990 secs] [Times: user=0.10 sys=0.03, real=0.01 secs] 
2012-10-19T12:27:31.437-0400: [GC [ParNew: 225750K->4584K(249216K), 0.0078690 secs] 815566K->594878K(8360960K) icms_dc=0 , 0.0080480 secs] [Times: user=0.07 sys=0.01, real=0.01 secs] 
2012-10-19T12:27:49.141-0400: [GC [ParNew: 226152K->3866K(249216K), 0.0092220 secs] 816446K->594735K(8360960K) icms_dc=0 , 0.0094150 secs] [Times: user=0.09 sys=0.02, real=0.01 secs] 
2012-10-19T12:27:53.850-0400: [GC [ParNew: 225434K->4208K(249216K), 0.0109360 secs] 816303K->595494K(8360960K) icms_dc=0 , 0.0111250 secs] [Times: user=0.09 sys=0.02, real=0.01 secs] 
2012-10-19T12:28:00.546-0400: [GC [ParNew: 225776K->3749K(249216K), 0.0101480 secs] 817062K->595620K(8360960K) icms_dc=0 , 0.0103660 secs] [Times: user=0.09 sys=0.02, real=0.01 secs] 
2012-10-19T12:28:09.057-0400: [GC [ParNew: 225317K->3650K(249216K), 0.0105880 secs] 817188K->595855K(8360960K) icms_dc=0 , 0.0107770 secs] [Times: user=0.10 sys=0.02, real=0.01 secs] 
2012-10-19T12:28:13.711-0400: [GC [ParNew: 225218K->3260K(249216K), 0.0103760 secs] 817423K->596007K(8360960K) icms_dc=0 , 0.0105680 secs] [Times: user=0.08 sys=0.02, real=0.01 secs] 
2012-10-19T12:28:20.976-0400: [GC [ParNew: 224828K->4536K(249216K), 0.0087380 secs] 817575K->597592K(8360960K) icms_dc=0 , 0.0089870 secs] [Times: user=0.07 sys=0.01, real=0.01 secs] 
2012-10-19T12:28:28.131-0400: [GC [ParNew: 226104K->3752K(249216K), 0.0099090 secs] 819160K->597091K(8360960K) icms_dc=0 , 0.0100860 secs] [Times: user=0.09 sys=0.02, real=0.02 secs] 
2012-10-19T12:28:34.690-0400: [GC [ParNew: 225320K->3642K(249216K), 0.0069720 secs] 818659K->597420K(8360960K) icms_dc=0 , 0.0071630 secs] [Times: user=0.07 sys=0.01, real=0.01 secs] 
2012-10-19T12:28:45.271-0400: [GC [ParNew: 225210K->4726K(249216K), 0.0094370 secs] 818988K->598707K(8360960K) icms_dc=0 , 0.0096250 secs] [Times: user=0.06 sys=0.03, real=0.01 secs] 
2012-10-19T12:28:59.963-0400: [GC [ParNew: 226294K->3547K(249216K), 0.0103310 secs] 820275K->598078K(8360960K) icms_dc=0 , 0.0105210 secs] [Times: user=0.09 sys=0.03, real=0.01 secs] 
2012-10-19T12:29:15.083-0400: [GC [ParNew: 225115K->3927K(249216K), 0.0091090 secs] 819646K->598798K(8360960K) icms_dc=0 , 0.0093040 secs] [Times: user=0.08 sys=0.02, real=0.01 secs] 
2012-10-19T12:29:27.052-0400: [GC [ParNew: 225495K->3669K(249216K), 0.0104230 secs] 820366K->598916K(8360960K) icms_dc=0 , 0.0106190 secs] [Times: user=0.09 sys=0.02, real=0.01 secs] 
2012-10-19T12:29:39.384-0400: [GC [ParNew: 225237K->3599K(249216K), 0.0106490 secs] 820484K->599273K(8360960K) icms_dc=0 , 0.0108420 secs] [Times: user=0.10 sys=0.02, real=0.01 secs] 
2012-10-19T12:29:57.893-0400: [GC [ParNew: 225167K->3824K(249216K), 0.0076800 secs] 820841K->599861K(8360960K) icms_dc=0 , 0.0078850 secs] [Times: user=0.08 sys=0.01, real=0.01 secs] 
2012-10-19T12:30:05.914-0400: [GC [ParNew: 225392K->4455K(249216K), 0.0138550 secs] 821429K->601065K(8360960K) icms_dc=0 , 0.0141090 secs] [Times: user=0.06 sys=0.01, real=0.02 secs] 
2012-10-19T12:30:16.110-0400: [GC [ParNew: 226023K->6501K(249216K), 0.0113380 secs] 822633K->603610K(8360960K) icms_dc=0 , 0.0115450 secs] [Times: user=0.09 sys=0.02, real=0.01 secs] 
2012-10-19T12:30:28.786-0400: [GC [ParNew: 228069K->8304K(249216K), 0.0068720 secs] 825178K->605824K(8360960K) icms_dc=0 , 0.0070800 secs] [Times: user=0.07 sys=0.01, real=0.01 secs] 
2012-10-19T12:30:41.955-0400: [GC [ParNew: 229872K->6869K(249216K), 0.0101270 secs] 827392K->604827K(8360960K) icms_dc=0 , 0.0103250 secs] [Times: user=0.10 sys=0.01, real=0.01 secs] 
2012-10-19T12:30:57.342-0400: [GC [ParNew: 228437K->6982K(249216K), 0.0103810 secs] 826395K->605405K(8360960K) icms_dc=0 , 0.0105860 secs] [Times: user=0.09 sys=0.03, real=0.02 secs] 
2012-10-19T12:31:16.048-0400: [GC [ParNew: 228550K->5147K(249216K), 0.0138280 secs] 826973K->606304K(8360960K) icms_dc=0 , 0.0140350 secs] [Times: user=0.12 sys=0.03, real=0.01 secs] 
2012-10-19T12:31:32.462-0400: [GC [ParNew: 226715K->3653K(249216K), 0.0102370 secs] 827872K->605248K(8360960K) icms_dc=0 , 0.0104400 secs] [Times: user=0.09 sys=0.03, real=0.01 secs] 
2012-10-19T12:31:48.552-0400: [GC [ParNew: 225221K->3962K(249216K), 0.0097710 secs] 826816K->605937K(8360960K) icms_dc=0 , 0.0099590 secs] [Times: user=0.08 sys=0.03, real=0.01 secs] 
2012-10-19T12:32:09.930-0400: [GC [ParNew: 225530K->3960K(249216K), 0.0087450 secs] 827505K->606235K(8360960K) icms_dc=0 , 0.0089340 secs] [Times: user=0.08 sys=0.02, real=0.01 secs] 
2012-10-19T12:32:23.833-0400: [GC [ParNew: 225528K->4079K(249216K), 0.0081500 secs] 827803K->606776K(8360960K) icms_dc=0 , 0.0083520 secs] [Times: user=0.07 sys=0.02, real=0.01 secs] 
2012-10-19T12:32:41.865-0400: [GC [ParNew: 225647K->3848K(249216K), 0.0099000 secs] 828344K->607024K(8360960K) icms_dc=0 , 0.0101220 secs] [Times: user=0.09 sys=0.03, real=0.01 secs] 
2012-10-19T12:32:56.703-0400: [GC [ParNew: 225416K->3964K(249216K), 0.0091220 secs] 828592K->607609K(8360960K) icms_dc=0 , 0.0093190 secs] [Times: user=0.08 sys=0.02, real=0.01 secs] 
2012-10-19T12:33:12.801-0400: [GC [ParNew: 225532K->3806K(249216K), 0.0090020 secs] 829177K->607871K(8360960K) icms_dc=0 , 0.0092030 secs] [Times: user=0.08 sys=0.01, real=0.01 secs] 
2012-10-19T12:33:30.104-0400: [GC [ParNew: 225374K->4572K(249216K), 0.0111870 secs] 829439K->608920K(8360960K) icms_dc=0 , 0.0113990 secs] [Times: user=0.08 sys=0.02, real=0.01 secs] 
2012-10-19T12:33:49.223-0400: [GC [ParNew: 226140K->5032K(249216K), 0.0101640 secs] 830488K->609725K(8360960K) icms_dc=0 , 0.0103690 secs] [Times: user=0.09 sys=0.03, real=0.01 secs] 
2012-10-19T12:34:07.427-0400: [GC [ParNew: 226600K->5245K(249216K), 0.0108390 secs] 831293K->610372K(8360960K) icms_dc=0 , 0.0110230 secs] [Times: user=0.09 sys=0.02, real=0.01 secs] 
2012-10-19T12:34:28.125-0400: [GC [ParNew: 226813K->4675K(249216K), 0.0095740 secs] 831940K->610162K(8360960K) icms_dc=0 , 0.0097570 secs] [Times: user=0.09 sys=0.02, real=0.01 secs] 
2012-10-19T12:34:53.293-0400: [GC [ParNew: 226243K->4391K(249216K), 0.0105030 secs] 831730K->610564K(8360960K) icms_dc=0 , 0.0106820 secs] [Times: user=0.10 sys=0.02, real=0.01 secs] 
2012-10-19T12:35:07.752-0400: [GC [ParNew: 225959K->5271K(249216K), 0.0092640 secs] 832132K->612042K(8360960K) icms_dc=0 , 0.0094410 secs] [Times: user=0.10 sys=0.01, real=0.01 secs] 
2012-10-19T12:35:26.210-0400: [GC [ParNew: 226839K->6358K(249216K), 0.0134800 secs] 833610K->613674K(8360960K) icms_dc=0 , 0.0136590 secs] [Times: user=0.08 sys=0.01, real=0.02 secs] 
2012-10-19T12:35:46.167-0400: [GC [ParNew: 227926K->5276K(249216K), 0.0104510 secs] 835242K->613061K(8360960K) icms_dc=0 , 0.0107250 secs] [Times: user=0.10 sys=0.02, real=0.01 secs] 
2012-10-19T12:36:04.770-0400: [GC [ParNew: 226844K->4792K(249216K), 0.0090340 secs] 834629K->613116K(8360960K) icms_dc=0 , 0.0092080 secs] [Times: user=0.09 sys=0.01, real=0.01 secs] 
2012-10-19T12:36:21.243-0400: [GC [ParNew: 226360K->4941K(249216K), 0.0113690 secs] 834684K->614161K(8360960K) icms_dc=0 , 0.0115490 secs] [Times: user=0.11 sys=0.03, real=0.01 secs] 
2012-10-19T12:36:44.297-0400: [GC [ParNew: 226509K->4579K(249216K), 0.0078140 secs] 835729K->614582K(8360960K) icms_dc=0 , 0.0079890 secs] [Times: user=0.08 sys=0.01, real=0.01 secs] 
2012-10-19T12:37:05.216-0400: [GC [ParNew: 226147K->4225K(249216K), 0.0097140 secs] 836150K->614732K(8360960K) icms_dc=0 , 0.0098910 secs] [Times: user=0.09 sys=0.03, real=0.01 secs] 
2012-10-19T12:37:23.574-0400: [GC [ParNew: 225793K->4615K(249216K), 0.0079900 secs] 836300K->615707K(8360960K) icms_dc=0 , 0.0081670 secs] [Times: user=0.07 sys=0.01, real=0.01 secs] 
2012-10-19T12:37:44.733-0400: [GC [ParNew: 226183K->4127K(249216K), 0.0105210 secs] 837275K->615640K(8360960K) icms_dc=0 , 0.0106920 secs] [Times: user=0.10 sys=0.02, real=0.01 secs] 
2012-10-19T12:38:05.000-0400: [GC [ParNew: 225695K->4354K(249216K), 0.0119520 secs] 837208K->616450K(8360960K) icms_dc=0 , 0.0121350 secs] [Times: user=0.12 sys=0.02, real=0.01 secs] 
2012-10-19T12:38:22.659-0400: [GC [ParNew: 225922K->4003K(249216K), 0.0145380 secs] 838018K->616590K(8360960K) icms_dc=0 , 0.0147780 secs] [Times: user=0.12 sys=0.02, real=0.01 secs] 
2012-10-19T12:38:31.446-0400: [GC [ParNew: 225571K->3750K(249216K), 0.0092620 secs] 838158K->616825K(8360960K) icms_dc=0 , 0.0094320 secs] [Times: user=0.10 sys=0.02, real=0.01 secs] 
2012-10-19T12:38:47.293-0400: [GC [ParNew: 225318K->4380K(249216K), 0.0097330 secs] 838393K->617826K(8360960K) icms_dc=0 , 0.0099110 secs] [Times: user=0.09 sys=0.02, real=0.01 secs] 
2012-10-19T12:39:06.433-0400: [GC [ParNew: 225948K->3777K(249216K), 0.0091080 secs] 839394K->617759K(8360960K) icms_dc=0 , 0.0092810 secs] [Times: user=0.07 sys=0.02, real=0.01 secs] 
2012-10-19T12:39:20.309-0400: [GC [ParNew: 225345K->4274K(249216K), 0.0155220 secs] 839327K->618668K(8360960K) icms_dc=0 , 0.0157420 secs] [Times: user=0.09 sys=0.02, real=0.01 secs] 
2012-10-19T12:39:28.298-0400: [GC [ParNew: 225842K->4094K(249216K), 0.0100910 secs] 840236K->618933K(8360960K) icms_dc=0 , 0.0102620 secs] [Times: user=0.09 sys=0.03, real=0.01 secs] 
2012-10-19T12:39:48.111-0400: [GC [ParNew: 225662K->3959K(249216K), 0.0120530 secs] 840501K->619219K(8360960K) icms_dc=0 , 0.0122360 secs] [Times: user=0.11 sys=0.03, real=0.01 secs] 
2012-10-19T12:40:10.488-0400: [GC [ParNew: 225527K->4006K(249216K), 0.0102570 secs] 840787K->619627K(8360960K) icms_dc=0 , 0.0104340 secs] [Times: user=0.09 sys=0.02, real=0.01 secs] 
2012-10-19T12:40:33.570-0400: [GC [ParNew: 225574K->4072K(249216K), 0.0120720 secs] 841195K->620111K(8360960K) icms_dc=0 , 0.0123510 secs] [Times: user=0.11 sys=0.03, real=0.01 secs] 
2012-10-19T12:40:56.156-0400: [GC [ParNew: 225640K->4544K(249216K), 0.0107390 secs] 841679K->621027K(8360960K) icms_dc=0 , 0.0109930 secs] [Times: user=0.11 sys=0.03, real=0.01 secs] 
2012-10-19T12:41:14.947-0400: [GC [ParNew: 226112K->4210K(249216K), 0.0069630 secs] 842595K->621153K(8360960K) icms_dc=0 , 0.0071640 secs] [Times: user=0.08 sys=0.00, real=0.01 secs] 
2012-10-19T12:41:34.388-0400: [GC [ParNew: 225778K->4191K(249216K), 0.0080640 secs] 842721K->621528K(8360960K) icms_dc=0 , 0.0083260 secs] [Times: user=0.08 sys=0.02, real=0.01 secs] 
2012-10-19T12:41:54.597-0400: [GC [ParNew: 225759K->3919K(249216K), 0.0101910 secs] 843096K->621738K(8360960K) icms_dc=0 , 0.0103730 secs] [Times: user=0.10 sys=0.02, real=0.01 secs] 
2012-10-19T12:42:18.604-0400: [GC [ParNew: 225487K->4161K(249216K), 0.0091630 secs] 843306K->622406K(8360960K) icms_dc=0 , 0.0093370 secs] [Times: user=0.08 sys=0.02, real=0.01 secs] 
2012-10-19T12:42:31.233-0400: [GC [ParNew: 225729K->4159K(249216K), 0.0096830 secs] 843974K->622782K(8360960K) icms_dc=0 , 0.0098560 secs] [Times: user=0.10 sys=0.03, real=0.01 secs] 
2012-10-19T12:42:50.446-0400: [GC [ParNew: 225727K->3981K(249216K), 0.0102420 secs] 844350K->623046K(8360960K) icms_dc=0 , 0.0104120 secs] [Times: user=0.09 sys=0.03, real=0.01 secs] 
2012-10-19T12:43:13.675-0400: [GC [ParNew: 225549K->3900K(249216K), 0.0110810 secs] 844614K->623446K(8360960K) icms_dc=0 , 0.0113060 secs] [Times: user=0.09 sys=0.03, real=0.01 secs] 
2012-10-19T12:43:36.734-0400: [GC [ParNew: 225468K->3840K(249216K), 0.0087800 secs] 845014K->623877K(8360960K) icms_dc=0 , 0.0090410 secs] [Times: user=0.10 sys=0.02, real=0.00 secs] 
2012-10-19T12:44:01.614-0400: [GC [ParNew: 225408K->4012K(249216K), 0.0102000 secs] 845445K->624473K(8360960K) icms_dc=0 , 0.0103690 secs] [Times: user=0.08 sys=0.03, real=0.01 secs] 
2012-10-19T12:44:24.533-0400: [GC [ParNew: 225580K->4537K(249216K), 0.0053870 secs] 846041K->625315K(8360960K) icms_dc=0 , 0.0055620 secs] [Times: user=0.06 sys=0.00, real=0.00 secs] 
2012-10-19T12:44:48.502-0400: [GC [ParNew: 226105K->4271K(249216K), 0.0068150 secs] 846883K->625478K(8360960K) icms_dc=0 , 0.0069910 secs] [Times: user=0.06 sys=0.01, real=0.01 secs] 
2012-10-19T12:45:07.084-0400: [GC [ParNew: 225839K->4823K(249216K), 0.0111570 secs] 847046K->626483K(8360960K) icms_dc=0 , 0.0113290 secs] [Times: user=0.11 sys=0.02, real=0.01 secs] 
2012-10-19T12:45:18.556-0400: [GC [ParNew: 226391K->7700K(249216K), 0.0129560 secs] 848051K->629768K(8360960K) icms_dc=0 , 0.0131470 secs] [Times: user=0.12 sys=0.01, real=0.02 secs] 
2012-10-19T12:45:38.167-0400: [GC [ParNew: 229268K->8027K(249216K), 0.0115700 secs] 851336K->630532K(8360960K) icms_dc=0 , 0.0117570 secs] [Times: user=0.12 sys=0.02, real=0.01 secs] 
2012-10-19T12:45:55.239-0400: [GC [ParNew: 229595K->7669K(249216K), 0.0086850 secs] 852100K->630537K(8360960K) icms_dc=0 , 0.0088940 secs] [Times: user=0.09 sys=0.01, real=0.01 secs] 
2012-10-19T12:46:13.370-0400: [GC [ParNew: 229237K->7684K(249216K), 0.0108520 secs] 852105K->631320K(8360960K) icms_dc=0 , 0.0110410 secs] [Times: user=0.10 sys=0.02, real=0.01 secs] 
2012-10-19T12:46:36.901-0400: [GC [ParNew: 229252K->5822K(249216K), 0.0112140 secs] 852888K->632015K(8360960K) icms_dc=0 , 0.0114010 secs] [Times: user=0.10 sys=0.03, real=0.01 secs] 
2012-10-19T12:46:55.494-0400: [GC [ParNew: 227390K->4597K(249216K), 0.0081520 secs] 853583K->631314K(8360960K) icms_dc=0 , 0.0083240 secs] [Times: user=0.08 sys=0.02, real=0.00 secs] 
2012-10-19T12:47:15.520-0400: [GC [ParNew: 226165K->4230K(249216K), 0.0099420 secs] 852882K->631396K(8360960K) icms_dc=0 , 0.0101500 secs] [Times: user=0.08 sys=0.01, real=0.01 secs] 
2012-10-19T12:47:32.608-0400: [GC [ParNew: 225798K->4216K(249216K), 0.0122140 secs] 852964K->631947K(8360960K) icms_dc=0 , 0.0123930 secs] [Times: user=0.10 sys=0.02, real=0.01 secs] 
2012-10-19T12:47:46.291-0400: [GC [ParNew: 225784K->3931K(249216K), 0.0102490 secs] 853515K->632231K(8360960K) icms_dc=0 , 0.0104250 secs] [Times: user=0.10 sys=0.02, real=0.01 secs] 
2012-10-19T12:48:04.736-0400: [GC [ParNew: 225499K->4524K(249216K), 0.0101070 secs] 853799K->633258K(8360960K) icms_dc=0 , 0.0102750 secs] [Times: user=0.11 sys=0.02, real=0.01 secs] 
2012-10-19T12:48:26.357-0400: [GC [ParNew: 226092K->4579K(249216K), 0.0118310 secs] 854826K->633696K(8360960K) icms_dc=0 , 0.0120210 secs] [Times: user=0.11 sys=0.03, real=0.01 secs] 
2012-10-19T12:48:46.184-0400: [GC [ParNew: 226147K->4196K(249216K), 0.0092850 secs] 855264K->633796K(8360960K) icms_dc=0 , 0.0094510 secs] [Times: user=0.09 sys=0.02, real=0.01 secs] 
2012-10-19T12:49:08.724-0400: [GC [ParNew: 225764K->4674K(249216K), 0.0104430 secs] 855364K->634682K(8360960K) icms_dc=0 , 0.0106220 secs] [Times: user=0.09 sys=0.02, real=0.01 secs] 
2012-10-19T12:49:32.096-0400: [GC [ParNew: 226242K->4477K(249216K), 0.0076700 secs] 856250K->635055K(8360960K) icms_dc=0 , 0.0078500 secs] [Times: user=0.08 sys=0.02, real=0.00 secs] 
2012-10-19T12:49:56.360-0400: [GC [ParNew: 226045K->4638K(249216K), 0.0102290 secs] 856623K->635711K(8360960K) icms_dc=0 , 0.0104160 secs] [Times: user=0.09 sys=0.02, real=0.01 secs] 
2012-10-19T12:50:16.844-0400: [GC [ParNew: 226206K->5809K(249216K), 0.0102900 secs] 857279K->637314K(8360960K) icms_dc=0 , 0.0104840 secs] [Times: user=0.09 sys=0.03, real=0.01 secs] 
2012-10-19T12:50:37.041-0400: [GC [ParNew: 227377K->4909K(249216K), 0.0107560 secs] 858882K->636785K(8360960K) icms_dc=0 , 0.0109420 secs] [Times: user=0.12 sys=0.01, real=0.01 secs] 
2012-10-19T12:50:55.455-0400: [GC [ParNew: 226477K->5160K(249216K), 0.0105200 secs] 858353K->637492K(8360960K) icms_dc=0 , 0.0106970 secs] [Times: user=0.10 sys=0.03, real=0.01 secs] 
2012-10-19T12:51:18.743-0400: [GC [ParNew: 226728K->5579K(249216K), 0.0086300 secs] 859060K->638550K(8360960K) icms_dc=0 , 0.0088390 secs] [Times: user=0.09 sys=0.01, real=0.01 secs] 
2012-10-19T12:51:37.623-0400: [GC [ParNew: 226569K->5483K(249216K), 0.0100370 secs] 859539K->639551K(8360960K) icms_dc=0 , 0.0102840 secs] [Times: user=0.05 sys=0.01, real=0.02 secs] 
2012-10-19T12:51:55.681-0400: [GC [ParNew: 227051K->4510K(249216K), 0.0099850 secs] 861119K->639244K(8360960K) icms_dc=0 , 0.0101860 secs] [Times: user=0.08 sys=0.04, real=0.01 secs] 
2012-10-19T12:52:14.762-0400: [GC [ParNew: 226078K->4450K(249216K), 0.0102370 secs] 860812K->639601K(8360960K) icms_dc=0 , 0.0104340 secs] [Times: user=0.10 sys=0.02, real=0.01 secs] 
2012-10-19T12:52:34.593-0400: [GC [ParNew: 226018K->4130K(249216K), 0.0098250 secs] 861169K->639735K(8360960K) icms_dc=0 , 0.0100290 secs] [Times: user=0.10 sys=0.02, real=0.01 secs] 
2012-10-19T12:52:53.173-0400: [GC [ParNew: 225698K->5186K(249216K), 0.0154760 secs] 861303K->641226K(8360960K) icms_dc=0 , 0.0156860 secs] [Times: user=0.10 sys=0.02, real=0.02 secs] 
2012-10-19T12:53:09.139-0400: [GC [ParNew: 226754K->4870K(249216K), 0.0114210 secs] 862794K->641386K(8360960K) icms_dc=0 , 0.0116130 secs] [Times: user=0.11 sys=0.02, real=0.01 secs] 
2012-10-19T12:53:30.693-0400: [GC [ParNew: 226438K->4437K(249216K), 0.0097100 secs] 862954K->641537K(8360960K) icms_dc=0 , 0.0098900 secs] [Times: user=0.10 sys=0.02, real=0.01 secs] 
2012-10-19T12:53:52.698-0400: [GC [ParNew: 226005K->3821K(249216K), 0.0104820 secs] 863105K->641390K(8360960K) icms_dc=0 , 0.0106540 secs] [Times: user=0.09 sys=0.03, real=0.01 secs] 
2012-10-19T12:54:10.310-0400: [GC [ParNew: 225389K->3611K(249216K), 0.0090650 secs] 862958K->641640K(8360960K) icms_dc=0 , 0.0092440 secs] [Times: user=0.08 sys=0.02, real=0.01 secs] 
2012-10-19T12:54:24.083-0400: [GC [ParNew: 225179K->4264K(249216K), 0.0108710 secs] 863208K->642746K(8360960K) icms_dc=0 , 0.0110510 secs] [Times: user=0.10 sys=0.02, real=0.01 secs] 
2012-10-19T12:54:39.008-0400: [GC [ParNew: 225832K->3872K(249216K), 0.0102340 secs] 864314K->642775K(8360960K) icms_dc=0 , 0.0104020 secs] [Times: user=0.09 sys=0.02, real=0.01 secs] 
2012-10-19T12:54:59.718-0400: [GC [ParNew: 225440K->3610K(249216K), 0.0095530 secs] 864343K->642954K(8360960K) icms_dc=0 , 0.0097470 secs] [Times: user=0.09 sys=0.03, real=0.01 secs] 
2012-10-19T12:55:19.548-0400: [GC [ParNew: 225178K->3785K(249216K), 0.0071240 secs] 864522K->643565K(8360960K) icms_dc=0 , 0.0072920 secs] [Times: user=0.08 sys=0.01, real=0.00 secs] 
2012-10-19T12:55:39.605-0400: [GC [ParNew: 225353K->4058K(249216K), 0.0080540 secs] 865133K->644355K(8360960K) icms_dc=0 , 0.0082160 secs] [Times: user=0.08 sys=0.01, real=0.01 secs] 
2012-10-19T12:55:44.512-0400: [GC [ParNew: 225626K->4217K(249216K), 0.0087700 secs] 865923K->644864K(8360960K) icms_dc=0 , 0.0089350 secs] [Times: user=0.09 sys=0.01, real=0.01 secs] 
2012-10-19T12:55:47.514-0400: [GC [ParNew: 225785K->4145K(249216K), 0.0069420 secs] 866432K->645218K(8360960K) icms_dc=0 , 0.0070970 secs] [Times: user=0.07 sys=0.01, real=0.01 secs] 
2012-10-19T12:56:02.151-0400: [GC [ParNew: 225713K->3879K(249216K), 0.0106810 secs] 866786K->645654K(8360960K) icms_dc=0 , 0.0108520 secs] [Times: user=0.09 sys=0.02, real=0.01 secs] 
2012-10-19T12:56:18.747-0400: [GC [ParNew: 225447K->4411K(249216K), 0.0096060 secs] 867222K->646629K(8360960K) icms_dc=0 , 0.0097760 secs] [Times: user=0.08 sys=0.02, real=0.01 secs] 
2012-10-19T12:56:28.234-0400: [GC [ParNew: 225979K->5419K(249216K), 0.0161680 secs] 868197K->647944K(8360960K) icms_dc=0 , 0.0163980 secs] [Times: user=0.06 sys=0.01, real=0.02 secs] 
2012-10-19T12:56:46.596-0400: [GC [ParNew: 226987K->5207K(249216K), 0.0111430 secs] 869512K->648060K(8360960K) icms_dc=0 , 0.0113100 secs] [Times: user=0.10 sys=0.03, real=0.01 secs] 
2012-10-19T12:57:06.536-0400: [GC [ParNew: 226775K->5532K(249216K), 0.0096250 secs] 869628K->648895K(8360960K) icms_dc=0 , 0.0098010 secs] [Times: user=0.09 sys=0.02, real=0.01 secs] 
2012-10-19T12:57:17.617-0400: [GC [ParNew: 227100K->4552K(249216K), 0.0105290 secs] 870463K->648720K(8360960K) icms_dc=0 , 0.0107070 secs] [Times: user=0.07 sys=0.02, real=0.01 secs] 
2012-10-19T12:57:39.980-0400: [GC [ParNew: 226120K->4146K(249216K), 0.0096180 secs] 870288K->648661K(8360960K) icms_dc=0 , 0.0097970 secs] [Times: user=0.09 sys=0.01, real=0.01 secs] 
2012-10-19T12:57:59.488-0400: [GC [ParNew: 225714K->4494K(249216K), 0.0103290 secs] 870229K->649441K(8360960K) icms_dc=0 , 0.0105050 secs] [Times: user=0.10 sys=0.02, real=0.01 secs] 
2012-10-19T12:58:08.527-0400: [GC [ParNew: 226062K->5185K(249216K), 0.0115370 secs] 871009K->650683K(8360960K) icms_dc=0 , 0.0118050 secs] [Times: user=0.06 sys=0.02, real=0.01 secs] 
2012-10-19T12:58:23.123-0400: [GC [ParNew: 226753K->4411K(249216K), 0.0113330 secs] 872251K->650204K(8360960K) icms_dc=0 , 0.0115300 secs] [Times: user=0.09 sys=0.03, real=0.01 secs] 
2012-10-19T12:58:40.122-0400: [GC [ParNew: 225979K->4474K(249216K), 0.0081150 secs] 871772K->650789K(8360960K) icms_dc=0 , 0.0083110 secs] [Times: user=0.07 sys=0.01, real=0.01 secs] 
2012-10-19T12:59:02.601-0400: [GC [ParNew: 226042K->4390K(249216K), 0.0079360 secs] 872357K->651225K(8360960K) icms_dc=0 , 0.0081300 secs] [Times: user=0.08 sys=0.01, real=0.01 secs] 
2012-10-19T12:59:26.279-0400: [GC [ParNew: 225958K->4640K(249216K), 0.0148450 secs] 872793K->651792K(8360960K) icms_dc=0 , 0.0150680 secs] [Times: user=0.10 sys=0.03, real=0.02 secs] 
2012-10-19T12:59:46.468-0400: [GC [ParNew: 226208K->4987K(249216K), 0.0102220 secs] 873360K->652606K(8360960K) icms_dc=0 , 0.0104150 secs] [Times: user=0.09 sys=0.02, real=0.01 secs] 
2012-10-19T13:00:00.022-0400: [GC [ParNew: 226555K->4907K(249216K), 0.0104200 secs] 874174K->652922K(8360960K) icms_dc=0 , 0.0106030 secs] [Times: user=0.09 sys=0.03, real=0.01 secs] 
2012-10-19T13:00:06.684-0400: [GC [ParNew: 226475K->5655K(249216K), 0.0104470 secs] 874490K->654143K(8360960K) icms_dc=0 , 0.0106750 secs] [Times: user=0.07 sys=0.01, real=0.01 secs] 
2012-10-19T13:00:11.990-0400: [GC [ParNew: 227223K->6009K(249216K), 0.0124770 secs] 875711K->655006K(8360960K) icms_dc=0 , 0.0126820 secs] [Times: user=0.10 sys=0.02, real=0.01 secs] 
2012-10-19T13:00:16.915-0400: [GC [ParNew: 227577K->7670K(249216K), 0.0145900 secs] 876574K->657272K(8360960K) icms_dc=0 , 0.0148240 secs] [Times: user=0.10 sys=0.02, real=0.02 secs] 
2012-10-19T13:00:24.448-0400: [GC [ParNew: 229238K->8526K(249216K), 0.0131800 secs] 878840K->658749K(8360960K) icms_dc=0 , 0.0134120 secs] [Times: user=0.11 sys=0.03, real=0.02 secs] 
2012-10-19T13:00:36.426-0400: [GC [ParNew: 230094K->6400K(249216K), 0.0092440 secs] 880317K->657156K(8360960K) icms_dc=0 , 0.0094500 secs] [Times: user=0.09 sys=0.02, real=0.01 secs] 
2012-10-19T13:00:52.454-0400: [GC [ParNew: 227968K->6721K(249216K), 0.0105080 secs] 878724K->658708K(8360960K) icms_dc=0 , 0.0107080 secs] [Times: user=0.10 sys=0.01, real=0.01 secs] 
2012-10-19T13:01:08.897-0400: [GC [ParNew: 228289K->5302K(249216K), 0.0133030 secs] 880276K->659132K(8360960K) icms_dc=0 , 0.0135110 secs] [Times: user=0.12 sys=0.02, real=0.01 secs] 
2012-10-19T13:01:28.741-0400: [GC [ParNew: 226870K->4475K(249216K), 0.0099480 secs] 880700K->658802K(8360960K) icms_dc=0 , 0.0101450 secs] [Times: user=0.09 sys=0.02, real=0.01 secs] 
2012-10-19T13:01:40.604-0400: [GC [ParNew: 226043K->4804K(249216K), 0.0108410 secs] 880370K->659523K(8360960K) icms_dc=0 , 0.0110520 secs] [Times: user=0.11 sys=0.03, real=0.01 secs] 
2012-10-19T13:02:02.001-0400: [GC [ParNew: 226372K->4214K(249216K), 0.0105030 secs] 881091K->659323K(8360960K) icms_dc=0 , 0.0106980 secs] [Times: user=0.10 sys=0.02, real=0.01 secs] 
2012-10-19T13:02:20.866-0400: [GC [ParNew: 225782K->4147K(249216K), 0.0101220 secs] 880891K->659787K(8360960K) icms_dc=0 , 0.0103260 secs] [Times: user=0.09 sys=0.03, real=0.01 secs] 
2012-10-19T13:02:34.689-0400: [GC [ParNew: 225715K->4342K(249216K), 0.0084420 secs] 881355K->660413K(8360960K) icms_dc=0 , 0.0086380 secs] [Times: user=0.08 sys=0.01, real=0.01 secs] 
2012-10-19T13:02:56.330-0400: [GC [ParNew: 225910K->4468K(249216K), 0.0082460 secs] 881981K->660903K(8360960K) icms_dc=0 , 0.0084440 secs] [Times: user=0.07 sys=0.02, real=0.01 secs] 
2012-10-19T13:03:09.275-0400: [GC [ParNew: 226036K->4142K(249216K), 0.0075220 secs] 882471K->661072K(8360960K) icms_dc=0 , 0.0077110 secs] [Times: user=0.07 sys=0.02, real=0.00 secs] 
2012-10-19T13:03:28.901-0400: [GC [ParNew: 225710K->4584K(249216K), 0.0087060 secs] 882640K->661898K(8360960K) icms_dc=0 , 0.0089030 secs] [Times: user=0.07 sys=0.03, real=0.01 secs] 
2012-10-19T13:03:47.135-0400: [GC [ParNew: 226152K->4379K(249216K), 0.0094790 secs] 883466K->662138K(8360960K) icms_dc=0 , 0.0096630 secs] [Times: user=0.10 sys=0.02, real=0.01 secs] 
2012-10-19T13:04:07.329-0400: [GC [ParNew: 225947K->4702K(249216K), 0.0106600 secs] 883706K->662820K(8360960K) icms_dc=0 , 0.0108520 secs] [Times: user=0.08 sys=0.02, real=0.01 secs] 
2012-10-19T13:04:13.615-0400: [GC [ParNew: 226270K->4020K(249216K), 0.0106800 secs] 884388K->662602K(8360960K) icms_dc=0 , 0.0108660 secs] [Times: user=0.11 sys=0.02, real=0.01 secs] 
2012-10-19T13:04:27.287-0400: [GC [ParNew: 225588K->4356K(249216K), 0.0112020 secs] 884170K->663497K(8360960K) icms_dc=0 , 0.0113930 secs] [Times: user=0.11 sys=0.02, real=0.01 secs] 
2012-10-19T13:04:52.951-0400: [GC [ParNew: 225924K->4444K(249216K), 0.0077500 secs] 885065K->664022K(8360960K) icms_dc=0 , 0.0079490 secs] [Times: user=0.07 sys=0.01, real=0.00 secs] 
2012-10-19T13:05:10.312-0400: [GC [ParNew: 226012K->4231K(249216K), 0.0104540 secs] 885590K->664313K(8360960K) icms_dc=0 , 0.0106820 secs] [Times: user=0.09 sys=0.02, real=0.01 secs] 
2012-10-19T13:05:31.124-0400: [GC [ParNew: 225799K->5715K(249216K), 0.0096090 secs] 885881K->666189K(8360960K) icms_dc=0 , 0.0098070 secs] [Times: user=0.08 sys=0.02, real=0.01 secs] 
2012-10-19T13:05:53.131-0400: [GC [ParNew: 227283K->5682K(249216K), 0.0060680 secs] 887757K->666491K(8360960K) icms_dc=0 , 0.0062630 secs] [Times: user=0.06 sys=0.01, real=0.00 secs] 
2012-10-19T13:06:12.596-0400: [GC [ParNew: 227250K->5197K(249216K), 0.0114040 secs] 888059K->666478K(8360960K) icms_dc=0 , 0.0116010 secs] [Times: user=0.11 sys=0.02, real=0.01 secs] 
2012-10-19T13:06:36.184-0400: [GC [ParNew: 226765K->4828K(249216K), 0.0108430 secs] 888046K->666902K(8360960K) icms_dc=0 , 0.0110390 secs] [Times: user=0.10 sys=0.03, real=0.01 secs] 
2012-10-19T13:07:01.826-0400: [GC [ParNew: 226396K->4865K(249216K), 0.0111290 secs] 888470K->667674K(8360960K) icms_dc=0 , 0.0113410 secs] [Times: user=0.11 sys=0.02, real=0.01 secs] 
2012-10-19T13:07:22.468-0400: [GC [ParNew: 226433K->4847K(249216K), 0.0092270 secs] 889242K->668184K(8360960K) icms_dc=0 , 0.0094230 secs] [Times: user=0.08 sys=0.02, real=0.01 secs] 
2012-10-19T13:07:39.535-0400: [GC [ParNew: 226415K->4673K(249216K), 0.0071770 secs] 889752K->668513K(8360960K) icms_dc=0 , 0.0073660 secs] [Times: user=0.07 sys=0.01, real=0.00 secs] 
2012-10-19T13:08:03.668-0400: [GC [ParNew: 226241K->4264K(249216K), 0.0093760 secs] 890081K->668468K(8360960K) icms_dc=0 , 0.0095690 secs] [Times: user=0.09 sys=0.02, real=0.01 secs] 
2012-10-19T13:08:18.754-0400: [GC [ParNew: 225832K->4673K(249216K), 0.0108680 secs] 890036K->669492K(8360960K) icms_dc=0 , 0.0110610 secs] [Times: user=0.10 sys=0.02, real=0.01 secs] 
2012-10-19T13:08:36.377-0400: [GC [ParNew: 226241K->4195K(249216K), 0.0106170 secs] 891060K->669520K(8360960K) icms_dc=0 , 0.0108000 secs] [Times: user=0.11 sys=0.02, real=0.01 secs] 
2012-10-19T13:09:00.340-0400: [GC [ParNew: 225763K->3831K(249216K), 0.0097520 secs] 891088K->669635K(8360960K) icms_dc=0 , 0.0099480 secs] [Times: user=0.10 sys=0.02, real=0.01 secs] 
2012-10-19T13:09:21.694-0400: [GC [ParNew: 225399K->3967K(249216K), 0.0093980 secs] 891203K->670211K(8360960K) icms_dc=0 , 0.0096330 secs] [Times: user=0.08 sys=0.02, real=0.01 secs] 
2012-10-19T13:09:38.309-0400: [GC [ParNew: 225535K->4434K(249216K), 0.0110050 secs] 891779K->671150K(8360960K) icms_dc=0 , 0.0111980 secs] [Times: user=0.08 sys=0.03, real=0.01 secs] 
2012-10-19T13:09:54.330-0400: [GC [ParNew: 226002K->5032K(249216K), 0.0069410 secs] 892718K->672231K(8360960K) icms_dc=0 , 0.0071280 secs] [Times: user=0.05 sys=0.01, real=0.01 secs] 
2012-10-19T13:10:04.868-0400: [GC [ParNew: 226600K->4307K(249216K), 0.0121240 secs] 893799K->671902K(8360960K) icms_dc=0 , 0.0122850 secs] [Times: user=0.08 sys=0.03, real=0.01 secs] 
2012-10-19T13:10:20.808-0400: [GC [ParNew: 225875K->3719K(249216K), 0.0113160 secs] 893470K->671827K(8360960K) icms_dc=0 , 0.0114850 secs] [Times: user=0.11 sys=0.02, real=0.01 secs] 
2012-10-19T13:10:42.530-0400: [GC [ParNew: 225287K->3778K(249216K), 0.0103770 secs] 893395K->672346K(8360960K) icms_dc=0 , 0.0105510 secs] [Times: user=0.10 sys=0.02, real=0.01 secs] 
2012-10-19T13:11:03.888-0400: [GC [ParNew: 225346K->3585K(249216K), 0.0101390 secs] 893914K->672663K(8360960K) icms_dc=0 , 0.0103090 secs] [Times: user=0.09 sys=0.02, real=0.01 secs] 
2012-10-19T13:11:23.528-0400: [GC [ParNew: 225153K->3699K(249216K), 0.0103750 secs] 894231K->673235K(8360960K) icms_dc=0 , 0.0105650 secs] [Times: user=0.09 sys=0.02, real=0.01 secs] 
2012-10-19T13:11:41.804-0400: [GC [ParNew: 225267K->4199K(249216K), 0.0080090 secs] 894803K->674073K(8360960K) icms_dc=0 , 0.0081690 secs] [Times: user=0.08 sys=0.02, real=0.01 secs] 
2012-10-19T13:11:56.903-0400: [GC [ParNew: 225767K->4003K(249216K), 0.0106310 secs] 895641K->674342K(8360960K) icms_dc=0 , 0.0108090 secs] [Times: user=0.09 sys=0.03, real=0.01 secs] 
2012-10-19T13:12:06.511-0400: [GC [ParNew: 225571K->4735K(249216K), 0.0084630 secs] 895910K->675515K(8360960K) icms_dc=0 , 0.0086560 secs] [Times: user=0.08 sys=0.02, real=0.01 secs] 
2012-10-19T13:12:28.295-0400: [GC [ParNew: 226303K->4097K(249216K), 0.0091000 secs] 897083K->675413K(8360960K) icms_dc=0 , 0.0092820 secs] [Times: user=0.09 sys=0.03, real=0.01 secs] 
2012-10-19T13:12:49.292-0400: [GC [ParNew: 225665K->4016K(249216K), 0.0094430 secs] 896981K->675731K(8360960K) icms_dc=0 , 0.0096130 secs] [Times: user=0.10 sys=0.02, real=0.01 secs] 
2012-10-19T13:13:12.531-0400: [GC [ParNew: 225584K->3812K(249216K), 0.0098080 secs] 897299K->676068K(8360960K) icms_dc=0 , 0.0099850 secs] [Times: user=0.10 sys=0.02, real=0.01 secs] 
2012-10-19T13:13:33.868-0400: [GC [ParNew: 225380K->4365K(249216K), 0.0106440 secs] 897636K->676966K(8360960K) icms_dc=0 , 0.0108710 secs] [Times: user=0.09 sys=0.02, real=0.01 secs] 
2012-10-19T13:13:51.687-0400: [GC [ParNew: 225933K->4099K(249216K), 0.0075310 secs] 898534K->677207K(8360960K) icms_dc=0 , 0.0077180 secs] [Times: user=0.08 sys=0.01, real=0.01 secs] 
2012-10-19T13:14:15.062-0400: [GC [ParNew: 225667K->3711K(249216K), 0.0088840 secs] 898775K->677256K(8360960K) icms_dc=0 , 0.0090820 secs] [Times: user=0.08 sys=0.02, real=0.01 secs] 
2012-10-19T13:14:26.214-0400: [GC [ParNew: 225279K->4668K(249216K), 0.0097010 secs] 898824K->678589K(8360960K) icms_dc=0 , 0.0099210 secs] [Times: user=0.09 sys=0.01, real=0.01 secs] 
2012-10-19T13:14:39.312-0400: [GC [ParNew: 226236K->3659K(249216K), 0.0087560 secs] 900157K->678059K(8360960K) icms_dc=0 , 0.0089420 secs] [Times: user=0.09 sys=0.02, real=0.01 secs] 
2012-10-19T13:14:52.402-0400: [GC [ParNew: 225227K->3956K(249216K), 0.0102330 secs] 899627K->678635K(8360960K) icms_dc=0 , 0.0104170 secs] [Times: user=0.08 sys=0.03, real=0.01 secs] 
2012-10-19T13:15:06.186-0400: [GC [ParNew: 225524K->4141K(249216K), 0.0107140 secs] 900203K->679249K(8360960K) icms_dc=0 , 0.0109080 secs] [Times: user=0.11 sys=0.02, real=0.01 secs] 
2012-10-19T13:15:14.188-0400: [GC [ParNew: 225709K->7125K(249216K), 0.0122440 secs] 900817K->682636K(8360960K) icms_dc=0 , 0.0124660 secs] [Times: user=0.11 sys=0.04, real=0.02 secs] 
2012-10-19T13:15:26.269-0400: [GC [ParNew: 228693K->8320K(249216K), 0.0114900 secs] 904204K->684097K(8360960K) icms_dc=0 , 0.0117070 secs] [Times: user=0.10 sys=0.03, real=0.01 secs] 
2012-10-19T13:15:39.253-0400: [GC [ParNew: 229888K->8686K(249216K), 0.0068160 secs] 905665K->684932K(8360960K) icms_dc=0 , 0.0070150 secs] [Times: user=0.07 sys=0.00, real=0.01 secs] 
2012-10-19T13:15:53.679-0400: [GC [ParNew: 230254K->8023K(249216K), 0.0096480 secs] 906500K->685017K(8360960K) icms_dc=0 , 0.0098520 secs] [Times: user=0.09 sys=0.01, real=0.01 secs] 
2012-10-19T13:16:09.835-0400: [GC [ParNew: 229591K->6704K(249216K), 0.0123470 secs] 906585K->686378K(8360960K) icms_dc=0 , 0.0125420 secs] [Times: user=0.10 sys=0.02, real=0.01 secs] 
2012-10-19T13:16:23.107-0400: [GC [ParNew: 228272K->5603K(249216K), 0.0055890 secs] 907946K->685782K(8360960K) icms_dc=0 , 0.0057840 secs] [Times: user=0.06 sys=0.00, real=0.01 secs] 
2012-10-19T13:16:39.103-0400: [GC [ParNew: 227171K->5524K(249216K), 0.0091290 secs] 907350K->686432K(8360960K) icms_dc=0 , 0.0093300 secs] [Times: user=0.09 sys=0.02, real=0.01 secs] 
2012-10-19T13:16:56.706-0400: [GC [ParNew: 227092K->4851K(249216K), 0.0101610 secs] 908000K->686293K(8360960K) icms_dc=0 , 0.0103500 secs] [Times: user=0.10 sys=0.02, real=0.02 secs] 
2012-10-19T13:17:10.720-0400: [GC [ParNew: 226419K->4766K(249216K), 0.0108210 secs] 907861K->686791K(8360960K) icms_dc=0 , 0.0110230 secs] [Times: user=0.11 sys=0.02, real=0.01 secs] 
2012-10-19T13:17:21.659-0400: [GC [ParNew: 226334K->4435K(249216K), 0.0112100 secs] 908359K->687126K(8360960K) icms_dc=0 , 0.0114030 secs] [Times: user=0.11 sys=0.03, real=0.02 secs] 
2012-10-19T13:17:35.538-0400: [GC [ParNew: 226003K->3875K(249216K), 0.0069120 secs] 908694K->687367K(8360960K) icms_dc=0 , 0.0070980 secs] [Times: user=0.08 sys=0.00, real=0.01 secs] 
2012-10-19T13:17:48.939-0400: [GC [ParNew: 225443K->4062K(249216K), 0.0087990 secs] 908935K->688071K(8360960K) icms_dc=0 , 0.0090270 secs] [Times: user=0.08 sys=0.02, real=0.01 secs] 
2012-10-19T13:18:03.940-0400: [GC [ParNew: 225630K->4305K(249216K), 0.0097970 secs] 909639K->688721K(8360960K) icms_dc=0 , 0.0099800 secs] [Times: user=0.09 sys=0.03, real=0.01 secs] 
2012-10-19T13:18:23.846-0400: [GC [ParNew: 225873K->3976K(249216K), 0.0098840 secs] 910289K->688952K(8360960K) icms_dc=0 , 0.0100760 secs] [Times: user=0.09 sys=0.02, real=0.01 secs] 
2012-10-19T13:18:39.175-0400: [GC [ParNew: 225544K->4351K(249216K), 0.0111460 secs] 910520K->689634K(8360960K) icms_dc=0 , 0.0113340 secs] [Times: user=0.11 sys=0.03, real=0.01 secs] 
2012-10-19T13:19:06.178-0400: [GC [ParNew: 225919K->4051K(249216K), 0.0108960 secs] 911202K->689897K(8360960K) icms_dc=0 , 0.0110960 secs] [Times: user=0.10 sys=0.02, real=0.01 secs] 
2012-10-19T13:19:25.371-0400: [GC [ParNew: 225619K->4957K(249216K), 0.0094180 secs] 911465K->691243K(8360960K) icms_dc=0 , 0.0096230 secs] [Times: user=0.08 sys=0.02, real=0.01 secs] 
2012-10-19T13:19:43.422-0400: [GC [ParNew: 226525K->4457K(249216K), 0.0090730 secs] 912811K->691225K(8360960K) icms_dc=0 , 0.0092570 secs] [Times: user=0.08 sys=0.02, real=0.01 secs] 
2012-10-19T13:19:52.558-0400: [GC [ParNew: 226025K->5113K(249216K), 0.0147760 secs] 912793K->692423K(8360960K) icms_dc=0 , 0.0149900 secs] [Times: user=0.12 sys=0.03, real=0.02 secs] 
2012-10-19T13:19:56.383-0400: [GC [ParNew: 226681K->4277K(249216K), 0.0116410 secs] 913991K->692116K(8360960K) icms_dc=0 , 0.0118320 secs] [Times: user=0.11 sys=0.02, real=0.01 secs] 
2012-10-19T13:20:11.580-0400: [GC [ParNew: 225845K->4650K(249216K), 0.0097040 secs] 913684K->693033K(8360960K) icms_dc=0 , 0.0098740 secs] [Times: user=0.07 sys=0.03, real=0.01 secs] 
2012-10-19T13:20:17.771-0400: [GC [ParNew: 226218K->5096K(249216K), 0.0117120 secs] 914601K->694097K(8360960K) icms_dc=0 , 0.0119060 secs] [Times: user=0.12 sys=0.03, real=0.01 secs] 
2012-10-19T13:20:24.287-0400: [GC [ParNew: 226664K->4591K(249216K), 0.0104980 secs] 915665K->694098K(8360960K) icms_dc=0 , 0.0106870 secs] [Times: user=0.09 sys=0.03, real=0.01 secs] 
2012-10-19T13:20:34.305-0400: [GC [ParNew: 226159K->5367K(249216K), 0.0051380 secs] 915666K->695248K(8360960K) icms_dc=0 , 0.0053400 secs] [Times: user=0.05 sys=0.00, real=0.01 secs] 
2012-10-19T13:20:49.061-0400: [GC [ParNew: 226935K->4652K(249216K), 0.0163660 secs] 916816K->695404K(8360960K) icms_dc=0 , 0.0165790 secs] [Times: user=0.11 sys=0.03, real=0.01 secs] 
2012-10-19T13:21:03.028-0400: [GC [ParNew: 226220K->4331K(249216K), 0.0096140 secs] 916972K->695730K(8360960K) icms_dc=0 , 0.0098060 secs] [Times: user=0.08 sys=0.01, real=0.01 secs] 
2012-10-19T13:21:23.322-0400: [GC [ParNew: 225899K->4954K(249216K), 0.0109870 secs] 917298K->696865K(8360960K) icms_dc=0 , 0.0111880 secs] [Times: user=0.10 sys=0.02, real=0.01 secs] 
2012-10-19T13:21:35.607-0400: [GC [ParNew: 226522K->4493K(249216K), 0.0107070 secs] 918433K->696732K(8360960K) icms_dc=0 , 0.0108960 secs] [Times: user=0.10 sys=0.02, real=0.01 secs] 
2012-10-19T13:21:45.798-0400: [GC [ParNew: 226061K->3775K(249216K), 0.0127970 secs] 918300K->696810K(8360960K) icms_dc=0 , 0.0129910 secs] [Times: user=0.13 sys=0.02, real=0.01 secs] 
2012-10-19T13:22:03.574-0400: [GC [ParNew: 225343K->3844K(249216K), 0.0091490 secs] 918378K->697492K(8360960K) icms_dc=0 , 0.0093380 secs] [Times: user=0.08 sys=0.03, real=0.01 secs] 
2012-10-19T13:22:25.425-0400: [GC [ParNew: 225412K->4265K(249216K), 0.0097400 secs] 919060K->698243K(8360960K) icms_dc=0 , 0.0099400 secs] [Times: user=0.09 sys=0.01, real=0.01 secs] 
2012-10-19T13:22:45.426-0400: [GC [ParNew: 225833K->3983K(249216K), 0.0100270 secs] 919811K->698420K(8360960K) icms_dc=0 , 0.0102960 secs] [Times: user=0.10 sys=0.02, real=0.01 secs] 
2012-10-19T13:23:05.045-0400: [GC [ParNew: 225551K->3933K(249216K), 0.0099540 secs] 919988K->698681K(8360960K) icms_dc=0 , 0.0101230 secs] [Times: user=0.09 sys=0.02, real=0.01 secs] 
2012-10-19T13:23:28.364-0400: [GC [ParNew: 225501K->4191K(249216K), 0.0105050 secs] 920249K->699530K(8360960K) icms_dc=0 , 0.0106880 secs] [Times: user=0.09 sys=0.02, real=0.01 secs] 
2012-10-19T13:23:46.791-0400: [GC [ParNew: 225759K->4401K(249216K), 0.0087790 secs] 921098K->700156K(8360960K) icms_dc=0 , 0.0089530 secs] [Times: user=0.08 sys=0.02, real=0.01 secs] 
2012-10-19T13:24:06.917-0400: [GC [ParNew: 225969K->4313K(249216K), 0.0100530 secs] 921724K->700506K(8360960K) icms_dc=0 , 0.0102280 secs] [Times: user=0.11 sys=0.03, real=0.01 secs] 
2012-10-19T13:24:26.422-0400: [GC [ParNew: 225881K->4552K(249216K), 0.0088860 secs] 922074K->701060K(8360960K) icms_dc=0 , 0.0090550 secs] [Times: user=0.09 sys=0.02, real=0.01 secs] 
2012-10-19T13:24:41.340-0400: [GC [ParNew: 226120K->5013K(249216K), 0.0064690 secs] 922628K->701867K(8360960K) icms_dc=0 , 0.0066460 secs] [Times: user=0.06 sys=0.01, real=0.01 secs] 
2012-10-19T13:25:00.587-0400: [GC [ParNew: 226581K->4681K(249216K), 0.0123520 secs] 923435K->702447K(8360960K) icms_dc=0 , 0.0125290 secs] [Times: user=0.10 sys=0.02, real=0.01 secs] 
2012-10-19T13:25:19.936-0400: [GC [ParNew: 226249K->4454K(249216K), 0.0105280 secs] 924015K->702754K(8360960K) icms_dc=0 , 0.0107110 secs] [Times: user=0.10 sys=0.03, real=0.01 secs] 
2012-10-19T13:25:34.510-0400: [GC [ParNew: 226022K->4303K(249216K), 0.0106850 secs] 924322K->703058K(8360960K) icms_dc=0 , 0.0108550 secs] [Times: user=0.11 sys=0.03, real=0.01 secs] 
2012-10-19T13:25:51.062-0400: [GC [ParNew: 225871K->4488K(249216K), 0.0106950 secs] 924626K->703582K(8360960K) icms_dc=0 , 0.0108770 secs] [Times: user=0.10 sys=0.03, real=0.01 secs] 
2012-10-19T13:26:14.535-0400: [GC [ParNew: 226056K->4717K(249216K), 0.0087890 secs] 925150K->704138K(8360960K) icms_dc=0 , 0.0089590 secs] [Times: user=0.08 sys=0.02, real=0.01 secs] 
2012-10-19T13:26:34.948-0400: [GC [ParNew: 226285K->3977K(249216K), 0.0106440 secs] 925706K->703984K(8360960K) icms_dc=0 , 0.0108190 secs] [Times: user=0.11 sys=0.02, real=0.01 secs] 
2012-10-19T13:26:50.321-0400: [GC [ParNew: 225545K->4074K(249216K), 0.0065110 secs] 925552K->704595K(8360960K) icms_dc=0 , 0.0066870 secs] [Times: user=0.06 sys=0.02, real=0.01 secs] 
2012-10-19T13:27:07.137-0400: [GC [ParNew: 225642K->4007K(249216K), 0.0102420 secs] 926163K->704920K(8360960K) icms_dc=0 , 0.0104380 secs] [Times: user=0.09 sys=0.02, real=0.01 secs] 
2012-10-19T13:27:28.020-0400: [GC [ParNew: 225575K->3668K(249216K), 0.0100050 secs] 926488K->705057K(8360960K) icms_dc=0 , 0.0101830 secs] [Times: user=0.10 sys=0.02, real=0.01 secs] 
2012-10-19T13:27:52.012-0400: [GC [ParNew: 225236K->3879K(249216K), 0.0102240 secs] 926625K->705718K(8360960K) icms_dc=0 , 0.0104050 secs] [Times: user=0.09 sys=0.03, real=0.01 secs] 
2012-10-19T13:28:05.011-0400: [GC [ParNew: 225447K->4523K(249216K), 0.0110230 secs] 927286K->706708K(8360960K) icms_dc=0 , 0.0111970 secs] [Times: user=0.09 sys=0.02, real=0.01 secs] 
2012-10-19T13:28:23.945-0400: [GC [ParNew: 226091K->4374K(249216K), 0.0134330 secs] 928276K->707041K(8360960K) icms_dc=0 , 0.0136050 secs] [Times: user=0.09 sys=0.03, real=0.02 secs] 
2012-10-19T13:28:43.721-0400: [GC [ParNew: 225942K->3984K(249216K), 0.0092300 secs] 928609K->707166K(8360960K) icms_dc=0 , 0.0094100 secs] [Times: user=0.08 sys=0.02, real=0.01 secs] 
2012-10-19T13:29:01.320-0400: [GC [ParNew: 225552K->4009K(249216K), 0.0090760 secs] 928734K->707705K(8360960K) icms_dc=0 , 0.0092700 secs] [Times: user=0.07 sys=0.03, real=0.01 secs] 
2012-10-19T13:29:28.750-0400: [GC [ParNew: 225577K->5023K(249216K), 0.0134630 secs] 929273K->709058K(8360960K) icms_dc=0 , 0.0136970 secs] [Times: user=0.10 sys=0.03, real=0.01 secs] 
2012-10-19T13:29:50.442-0400: [GC [ParNew: 226591K->4639K(249216K), 0.0097720 secs] 930626K->709151K(8360960K) icms_dc=0 , 0.0099460 secs] [Times: user=0.08 sys=0.01, real=0.01 secs] 
2012-10-19T13:30:08.549-0400: [GC [ParNew: 226207K->4407K(249216K), 0.0099900 secs] 930719K->709297K(8360960K) icms_dc=0 , 0.0101660 secs] [Times: user=0.09 sys=0.03, real=0.01 secs] 
2012-10-19T13:30:18.932-0400: [GC [ParNew: 225975K->7571K(249216K), 0.0110690 secs] 930865K->712999K(8360960K) icms_dc=0 , 0.0112570 secs] [Times: user=0.11 sys=0.02, real=0.02 secs] 
2012-10-19T13:30:36.791-0400: [GC [ParNew: 229139K->7530K(249216K), 0.0111090 secs] 934567K->713461K(8360960K) icms_dc=0 , 0.0112850 secs] [Times: user=0.11 sys=0.02, real=0.01 secs] 
2012-10-19T13:31:06.136-0400: [GC [ParNew: 229098K->7704K(249216K), 0.0092820 secs] 935029K->713979K(8360960K) icms_dc=0 , 0.0094570 secs] [Times: user=0.09 sys=0.01, real=0.01 secs] 
2012-10-19T13:31:28.114-0400: [GC [ParNew: 229272K->6637K(249216K), 0.0102250 secs] 935547K->713641K(8360960K) icms_dc=0 , 0.0104080 secs] [Times: user=0.10 sys=0.02, real=0.01 secs] 
2012-10-19T13:31:35.596-0400: [GC [ParNew: 228205K->5070K(249216K), 0.0116540 secs] 935209K->714589K(8360960K) icms_dc=0 , 0.0118440 secs] [Times: user=0.06 sys=0.01, real=0.01 secs] 
2012-10-19T13:31:46.353-0400: [GC [ParNew: 226638K->4188K(249216K), 0.0117990 secs] 936157K->714144K(8360960K) icms_dc=0 , 0.0120580 secs] [Times: user=0.08 sys=0.03, real=0.02 secs] 
2012-10-19T13:32:04.841-0400: [GC [ParNew: 225756K->4437K(249216K), 0.0111590 secs] 935712K->714770K(8360960K) icms_dc=0 , 0.0113360 secs] [Times: user=0.10 sys=0.02, real=0.01 secs] 
2012-10-19T13:32:21.202-0400: [GC [ParNew: 226005K->4072K(249216K), 0.0066520 secs] 936338K->714922K(8360960K) icms_dc=0 , 0.0068280 secs] [Times: user=0.06 sys=0.01, real=0.00 secs] 
2012-10-19T13:32:37.114-0400: [GC [ParNew: 225640K->3959K(249216K), 0.0096080 secs] 936490K->715089K(8360960K) icms_dc=0 , 0.0097860 secs] [Times: user=0.08 sys=0.03, real=0.01 secs] 
2012-10-19T13:32:54.716-0400: [GC [ParNew: 225527K->4052K(249216K), 0.0102530 secs] 936657K->715616K(8360960K) icms_dc=0 , 0.0104260 secs] [Times: user=0.10 sys=0.03, real=0.01 secs] 
2012-10-19T13:33:12.685-0400: [GC [ParNew: 225620K->3546K(249216K), 0.0094810 secs] 937184K->715560K(8360960K) icms_dc=0 , 0.0096560 secs] [Times: user=0.09 sys=0.02, real=0.01 secs] 
2012-10-19T13:33:32.639-0400: [GC [ParNew: 225114K->4399K(249216K), 0.0103350 secs] 937128K->716845K(8360960K) icms_dc=0 , 0.0105090 secs] [Times: user=0.11 sys=0.01, real=0.01 secs] 
2012-10-19T13:33:55.094-0400: [GC [ParNew: 225967K->3929K(249216K), 0.0101980 secs] 938413K->716734K(8360960K) icms_dc=0 , 0.0103710 secs] [Times: user=0.10 sys=0.02, real=0.01 secs] 
2012-10-19T13:34:14.925-0400: [GC [ParNew: 225497K->4348K(249216K), 0.0085850 secs] 938302K->717614K(8360960K) icms_dc=0 , 0.0087550 secs] [Times: user=0.09 sys=0.01, real=0.01 secs] 
2012-10-19T13:34:41.628-0400: [GC [ParNew: 225916K->4385K(249216K), 0.0101720 secs] 939182K->718063K(8360960K) icms_dc=0 , 0.0103540 secs] [Times: user=0.10 sys=0.01, real=0.01 secs] 
2012-10-19T13:35:05.105-0400: [GC [ParNew: 225953K->4680K(249216K), 0.0131120 secs] 939631K->718778K(8360960K) icms_dc=0 , 0.0133050 secs] [Times: user=0.05 sys=0.01, real=0.01 secs] 
2012-10-19T13:35:16.307-0400: [GC [ParNew: 226248K->5118K(249216K), 0.0113160 secs] 940346K->719770K(8360960K) icms_dc=0 , 0.0114940 secs] [Times: user=0.09 sys=0.03, real=0.01 secs] 
2012-10-19T13:35:30.091-0400: [GC [ParNew: 226686K->4989K(249216K), 0.0103590 secs] 941338K->720038K(8360960K) icms_dc=0 , 0.0105360 secs] [Times: user=0.09 sys=0.03, real=0.01 secs] 
2012-10-19T13:35:45.366-0400: [GC [ParNew: 226557K->4842K(249216K), 0.0111760 secs] 941606K->720551K(8360960K) icms_dc=0 , 0.0113490 secs] [Times: user=0.11 sys=0.01, real=0.01 secs] 
2012-10-19T13:36:04.393-0400: [GC [ParNew: 226410K->5189K(249216K), 0.0111430 secs] 942119K->721553K(8360960K) icms_dc=0 , 0.0113190 secs] [Times: user=0.10 sys=0.03, real=0.02 secs] 
2012-10-19T13:36:22.494-0400: [GC [ParNew: 226757K->4788K(249216K), 0.0082080 secs] 943121K->721864K(8360960K) icms_dc=0 , 0.0083890 secs] [Times: user=0.08 sys=0.02, real=0.01 secs] 
2012-10-19T13:36:43.375-0400: [GC [ParNew: 226356K->4671K(249216K), 0.0112130 secs] 943432K->722201K(8360960K) icms_dc=0 , 0.0113950 secs] [Times: user=0.10 sys=0.03, real=0.01 secs] 
2012-10-19T13:36:58.981-0400: [GC [ParNew: 226239K->4318K(249216K), 0.0102870 secs] 943769K->722438K(8360960K) icms_dc=0 , 0.0104680 secs] [Times: user=0.10 sys=0.02, real=0.01 secs] 
2012-10-19T13:37:13.826-0400: [GC [ParNew: 225886K->4633K(249216K), 0.0103880 secs] 944006K->723302K(8360960K) icms_dc=0 , 0.0105710 secs] [Times: user=0.11 sys=0.02, real=0.01 secs] 
2012-10-19T13:37:26.998-0400: [GC [ParNew: 226201K->4361K(249216K), 0.0103980 secs] 944870K->723379K(8360960K) icms_dc=0 , 0.0105860 secs] [Times: user=0.09 sys=0.03, real=0.01 secs] 
2012-10-19T13:37:49.754-0400: [GC [ParNew: 225929K->4459K(249216K), 0.0094450 secs] 944947K->723860K(8360960K) icms_dc=0 , 0.0096140 secs] [Times: user=0.09 sys=0.02, real=0.01 secs] 
2012-10-19T13:38:14.466-0400: [GC [ParNew: 226027K->4247K(249216K), 0.0103310 secs] 945428K->724161K(8360960K) icms_dc=0 , 0.0105360 secs] [Times: user=0.09 sys=0.02, real=0.01 secs] 
2012-10-19T13:38:34.029-0400: [GC [ParNew: 225815K->4499K(249216K), 0.0110900 secs] 945729K->724958K(8360960K) icms_dc=0 , 0.0113210 secs] [Times: user=0.05 sys=0.00, real=0.01 secs] 
2012-10-19T13:38:52.774-0400: [GC [ParNew: 226067K->4700K(249216K), 0.0107070 secs] 946526K->725504K(8360960K) icms_dc=0 , 0.0109000 secs] [Times: user=0.09 sys=0.02, real=0.01 secs] 
2012-10-19T13:39:09.386-0400: [GC [ParNew: 226268K->4209K(249216K), 0.0088360 secs] 947072K->725544K(8360960K) icms_dc=0 , 0.0090230 secs] [Times: user=0.08 sys=0.02, real=0.01 secs] 
2012-10-19T13:39:17.365-0400: [GC [ParNew: 225777K->3831K(249216K), 0.0098730 secs] 947112K->725629K(8360960K) icms_dc=0 , 0.0100640 secs] [Times: user=0.09 sys=0.02, real=0.01 secs] 
2012-10-19T13:39:23.163-0400: [GC [ParNew: 225399K->3987K(249216K), 0.0107400 secs] 947197K->726198K(8360960K) icms_dc=0 , 0.0109400 secs] [Times: user=0.10 sys=0.01, real=0.01 secs] 
2012-10-19T13:39:32.492-0400: [GC [ParNew: 225555K->3905K(249216K), 0.0130010 secs] 947766K->726691K(8360960K) icms_dc=0 , 0.0132010 secs] [Times: user=0.08 sys=0.03, real=0.02 secs] 
2012-10-19T13:39:42.836-0400: [GC [ParNew: 225473K->3881K(249216K), 0.0123700 secs] 948259K->727289K(8360960K) icms_dc=0 , 0.0125640 secs] [Times: user=0.12 sys=0.03, real=0.01 secs] 
2012-10-19T13:39:57.217-0400: [GC [ParNew: 225449K->3851K(249216K), 0.0088800 secs] 948857K->727610K(8360960K) icms_dc=0 , 0.0090680 secs] [Times: user=0.09 sys=0.02, real=0.01 secs] 
2012-10-19T13:40:17.644-0400: [GC [ParNew: 225419K->4590K(249216K), 0.0083380 secs] 949178K->728678K(8360960K) icms_dc=0 , 0.0085390 secs] [Times: user=0.07 sys=0.02, real=0.01 secs] 
2012-10-19T13:40:31.308-0400: [GC [ParNew: 226158K->3833K(249216K), 0.0085420 secs] 950246K->728265K(8360960K) icms_dc=0 , 0.0087350 secs] [Times: user=0.07 sys=0.02, real=0.01 secs] 
2012-10-19T13:40:47.086-0400: [GC [ParNew: 225401K->4558K(249216K), 0.0105090 secs] 949833K->729325K(8360960K) icms_dc=0 , 0.0107400 secs] [Times: user=0.06 sys=0.02, real=0.01 secs] 
2012-10-19T13:40:58.544-0400: [GC [ParNew: 226126K->4733K(249216K), 0.0108710 secs] 950893K->729938K(8360960K) icms_dc=0 , 0.0110610 secs] [Times: user=0.09 sys=0.02, real=0.01 secs] 
2012-10-19T13:41:13.328-0400: [GC [ParNew: 226301K->4409K(249216K), 0.0100480 secs] 951506K->730245K(8360960K) icms_dc=0 , 0.0102390 secs] [Times: user=0.09 sys=0.03, real=0.01 secs] 
2012-10-19T13:41:28.779-0400: [GC [ParNew: 225977K->4182K(249216K), 0.0104280 secs] 951813K->730373K(8360960K) icms_dc=0 , 0.0106250 secs] [Times: user=0.11 sys=0.03, real=0.01 secs] 
2012-10-19T13:41:30.825-0400: [GC [ParNew: 225750K->4125K(249216K), 0.0059930 secs] 951941K->730785K(8360960K) icms_dc=0 , 0.0061980 secs] [Times: user=0.06 sys=0.01, real=0.01 secs] 
2012-10-19T13:41:35.471-0400: [GC [ParNew: 225377K->4166K(249216K), 0.0095620 secs] 952037K->731329K(8360960K) icms_dc=0 , 0.0097560 secs] [Times: user=0.09 sys=0.01, real=0.01 secs] 
2012-10-19T13:41:42.928-0400: [GC [ParNew: 225734K->3803K(249216K), 0.0103810 secs] 952897K->731580K(8360960K) icms_dc=0 , 0.0105760 secs] [Times: user=0.09 sys=0.02, real=0.01 secs] 
2012-10-19T13:41:50.275-0400: [GC [ParNew: 225371K->3659K(249216K), 0.0110660 secs] 953148K->732141K(8360960K) icms_dc=0 , 0.0112450 secs] [Times: user=0.08 sys=0.01, real=0.01 secs] 
2012-10-19T13:41:58.074-0400: [GC [ParNew: 225227K->3980K(249216K), 0.0108120 secs] 953709K->732702K(8360960K) icms_dc=0 , 0.0110080 secs] [Times: user=0.10 sys=0.02, real=0.02 secs] 
2012-10-19T13:42:05.637-0400: [GC [ParNew: 225548K->3881K(249216K), 0.0102760 secs] 954270K->733064K(8360960K) icms_dc=0 , 0.0104450 secs] [Times: user=0.09 sys=0.03, real=0.01 secs] 
2012-10-19T13:42:20.190-0400: [GC [ParNew: 225449K->3573K(249216K), 0.0107790 secs] 954632K->733292K(8360960K) icms_dc=0 , 0.0109560 secs] [Times: user=0.09 sys=0.03, real=0.01 secs] 
2012-10-19T13:42:31.057-0400: [GC [ParNew: 225141K->3976K(249216K), 0.0099380 secs] 954860K->734014K(8360960K) icms_dc=0 , 0.0101110 secs] [Times: user=0.08 sys=0.03, real=0.01 secs] 
2012-10-19T13:42:45.643-0400: [GC [ParNew: 225544K->3449K(249216K), 0.0098470 secs] 955582K->734012K(8360960K) icms_dc=0 , 0.0100170 secs] [Times: user=0.09 sys=0.02, real=0.01 secs] 
2012-10-19T13:42:57.592-0400: [GC [ParNew: 225017K->3519K(249216K), 0.0091680 secs] 955580K->734661K(8360960K) icms_dc=0 , 0.0093310 secs] [Times: user=0.10 sys=0.01, real=0.01 secs] 
2012-10-19T13:43:10.168-0400: [GC [ParNew: 225087K->3422K(249216K), 0.0128590 secs] 956229K->734951K(8360960K) icms_dc=0 , 0.0130330 secs] [Times: user=0.12 sys=0.04, real=0.01 secs] 
2012-10-19T13:43:27.759-0400: [GC [ParNew: 224990K->4984K(249216K), 0.0165700 secs] 956519K->736906K(8360960K) icms_dc=0 , 0.0167870 secs] [Times: user=0.12 sys=0.02, real=0.01 secs] 
2012-10-19T13:43:30.771-0400: [GC [ParNew: 226552K->4182K(249216K), 0.0118480 secs] 958474K->736452K(8360960K) icms_dc=0 , 0.0119980 secs] [Times: user=0.09 sys=0.03, real=0.01 secs] 
2012-10-19T13:43:40.183-0400: [GC [ParNew: 225750K->3366K(249216K), 0.0104270 secs] 958020K->736106K(8360960K) icms_dc=0 , 0.0105990 secs] [Times: user=0.11 sys=0.02, real=0.01 secs] 
2012-10-19T13:43:51.892-0400: [GC [ParNew: 224934K->3493K(249216K), 0.0107510 secs] 957674K->736704K(8360960K) icms_dc=0 , 0.0109250 secs] [Times: user=0.10 sys=0.02, real=0.01 secs] 
2012-10-19T13:44:10.561-0400: [GC [ParNew: 225061K->3632K(249216K), 0.0101230 secs] 958272K->737314K(8360960K) icms_dc=0 , 0.0103320 secs] [Times: user=0.10 sys=0.02, real=0.01 secs] 
2012-10-19T13:44:27.016-0400: [GC [ParNew: 225200K->4564K(249216K), 0.0066460 secs] 958882K->738570K(8360960K) icms_dc=0 , 0.0068250 secs] [Times: user=0.06 sys=0.00, real=0.01 secs] 
2012-10-19T13:44:42.599-0400: [GC [ParNew: 226132K->4318K(249216K), 0.0120740 secs] 960138K->738627K(8360960K) icms_dc=0 , 0.0122640 secs] [Times: user=0.12 sys=0.03, real=0.01 secs] 
2012-10-19T13:45:03.909-0400: [GC [ParNew: 225886K->4432K(249216K), 0.0104840 secs] 960195K->739227K(8360960K) icms_dc=0 , 0.0106720 secs] [Times: user=0.10 sys=0.03, real=0.01 secs] 
2012-10-19T13:45:12.108-0400: [GC [ParNew: 226000K->5925K(249216K), 0.0126730 secs] 960795K->741151K(8360960K) icms_dc=0 , 0.0128600 secs] [Times: user=0.10 sys=0.03, real=0.01 secs] 
2012-10-19T13:45:16.606-0400: [GC [ParNew: 227493K->7638K(249216K), 0.0124940 secs] 962719K->743523K(8360960K) icms_dc=0 , 0.0127180 secs] [Times: user=0.11 sys=0.03, real=0.01 secs] 
2012-10-19T13:45:29.809-0400: [GC [ParNew: 229206K->7523K(249216K), 0.0122790 secs] 965091K->743923K(8360960K) icms_dc=0 , 0.0124650 secs] [Times: user=0.11 sys=0.03, real=0.01 secs] 
2012-10-19T13:45:49.386-0400: [GC [ParNew: 229091K->7711K(249216K), 0.0086270 secs] 965491K->744839K(8360960K) icms_dc=0 , 0.0088030 secs] [Times: user=0.09 sys=0.01, real=0.01 secs] 
2012-10-19T13:46:09.355-0400: [GC [ParNew: 229279K->6834K(249216K), 0.0117120 secs] 966407K->744956K(8360960K) icms_dc=0 , 0.0119230 secs] [Times: user=0.11 sys=0.03, real=0.01 secs] 
2012-10-19T13:46:29.385-0400: [GC [ParNew: 228402K->5582K(249216K), 0.0171870 secs] 966524K->745912K(8360960K) icms_dc=0 , 0.0174030 secs] [Times: user=0.12 sys=0.02, real=0.01 secs] 
2012-10-19T13:46:39.469-0400: [GC [ParNew: 227150K->4775K(249216K), 0.0093810 secs] 967480K->745789K(8360960K) icms_dc=0 , 0.0095600 secs] [Times: user=0.09 sys=0.03, real=0.01 secs] 
2012-10-19T13:46:57.159-0400: [GC [ParNew: 226343K->4823K(249216K), 0.0111860 secs] 967357K->746377K(8360960K) icms_dc=0 , 0.0113680 secs] [Times: user=0.09 sys=0.03, real=0.01 secs] 
2012-10-19T13:47:12.437-0400: [GC [ParNew: 226391K->3958K(249216K), 0.0114470 secs] 967945K->746193K(8360960K) icms_dc=0 , 0.0117580 secs] [Times: user=0.11 sys=0.02, real=0.01 secs] 
2012-10-19T13:47:24.950-0400: [GC [ParNew: 225526K->4254K(249216K), 0.0110240 secs] 967761K->746965K(8360960K) icms_dc=0 , 0.0111980 secs] [Times: user=0.09 sys=0.03, real=0.01 secs] 
2012-10-19T13:47:45.513-0400: [GC [ParNew: 225822K->4129K(249216K), 0.0079090 secs] 968533K->747217K(8360960K) icms_dc=0 , 0.0081060 secs] [Times: user=0.08 sys=0.02, real=0.01 secs] 
2012-10-19T13:48:05.430-0400: [GC [ParNew: 225697K->4499K(249216K), 0.0114400 secs] 968785K->748085K(8360960K) icms_dc=0 , 0.0116410 secs] [Times: user=0.09 sys=0.02, real=0.01 secs] 
2012-10-19T13:48:15.169-0400: [GC [ParNew: 226067K->4243K(249216K), 0.0100090 secs] 969653K->748281K(8360960K) icms_dc=0 , 0.0101880 secs] [Times: user=0.10 sys=0.02, real=0.01 secs] 
2012-10-19T13:48:28.621-0400: [GC [ParNew: 225811K->4569K(249216K), 0.0082020 secs] 969849K->749079K(8360960K) icms_dc=0 , 0.0083870 secs] [Times: user=0.08 sys=0.02, real=0.01 secs] 
2012-10-19T13:48:43.455-0400: [GC [ParNew: 226137K->5217K(249216K), 0.0108010 secs] 970647K->750219K(8360960K) icms_dc=0 , 0.0110000 secs] [Times: user=0.09 sys=0.02, real=0.01 secs] 
2012-10-19T13:48:51.067-0400: [GC [ParNew: 226785K->4426K(249216K), 0.0101110 secs] 971787K->750083K(8360960K) icms_dc=0 , 0.0102820 secs] [Times: user=0.11 sys=0.02, real=0.01 secs] 
2012-10-19T13:49:00.219-0400: [GC [ParNew: 225994K->4545K(249216K), 0.0111350 secs] 971651K->750463K(8360960K) icms_dc=0 , 0.0113330 secs] [Times: user=0.10 sys=0.02, real=0.01 secs] 
2012-10-19T13:49:04.976-0400: [GC [ParNew: 226113K->4127K(249216K), 0.0113030 secs] 972031K->750710K(8360960K) icms_dc=0 , 0.0114830 secs] [Times: user=0.10 sys=0.02, real=0.02 secs] 
2012-10-19T13:49:07.449-0400: [GC [ParNew: 225695K->6155K(249216K), 0.0127280 secs] 972278K->753356K(8360960K) icms_dc=0 , 0.0129560 secs] [Times: user=0.09 sys=0.01, real=0.01 secs] 
2012-10-19T13:49:08.028-0400: [GC [ParNew: 227723K->4573K(249216K), 0.0125780 secs] 974924K->752343K(8360960K) icms_dc=0 , 0.0127700 secs] [Times: user=0.08 sys=0.02, real=0.01 secs] 
2012-10-19T13:49:12.735-0400: [GC [ParNew: 226141K->3159K(249216K), 0.0127070 secs] 973911K->751256K(8360960K) icms_dc=0 , 0.0128880 secs] [Times: user=0.08 sys=0.02, real=0.01 secs] 
2012-10-19T13:49:17.235-0400: [GC [ParNew: 224727K->4502K(249216K), 0.0152640 secs] 972824K->753161K(8360960K) icms_dc=0 , 0.0154660 secs] [Times: user=0.10 sys=0.02, real=0.02 secs] 
2012-10-19T13:49:19.172-0400: [GC [ParNew: 226070K->3567K(249216K), 0.0113110 secs] 974729K->752656K(8360960K) icms_dc=0 , 0.0114700 secs] [Times: user=0.11 sys=0.03, real=0.01 secs] 
2012-10-19T13:49:24.442-0400: [GC [ParNew: 225135K->3337K(249216K), 0.0097770 secs] 974224K->752585K(8360960K) icms_dc=0 , 0.0099530 secs] [Times: user=0.09 sys=0.02, real=0.01 secs] 
2012-10-19T13:49:31.706-0400: [GC [ParNew: 224905K->3796K(249216K), 0.0085610 secs] 974153K->753513K(8360960K) icms_dc=0 , 0.0087240 secs] [Times: user=0.08 sys=0.01, real=0.01 secs] 
2012-10-19T13:49:41.577-0400: [GC [ParNew: 225364K->3974K(249216K), 0.0116700 secs] 975081K->754154K(8360960K) icms_dc=0 , 0.0118570 secs] [Times: user=0.08 sys=0.02, real=0.01 secs] 
2012-10-19T13:49:51.886-0400: [GC [ParNew: 225542K->3995K(249216K), 0.0069590 secs] 975722K->754340K(8360960K) icms_dc=0 , 0.0071270 secs] [Times: user=0.06 sys=0.02, real=0.00 secs] 
2012-10-19T13:50:00.975-0400: [GC [ParNew: 225563K->4432K(249216K), 0.0100330 secs] 975908K->755213K(8360960K) icms_dc=0 , 0.0102180 secs] [Times: user=0.10 sys=0.02, real=0.01 secs] 
2012-10-19T13:50:09.990-0400: [GC [ParNew: 226000K->4560K(249216K), 0.0092710 secs] 976781K->755960K(8360960K) icms_dc=0 , 0.0094440 secs] [Times: user=0.08 sys=0.02, real=0.01 secs] 
2012-10-19T13:50:18.486-0400: [GC [ParNew: 226128K->6184K(249216K), 0.0115230 secs] 977528K->757924K(8360960K) icms_dc=0 , 0.0117230 secs] [Times: user=0.09 sys=0.03, real=0.01 secs] 
2012-10-19T13:50:32.678-0400: [GC [ParNew: 227752K->5123K(249216K), 0.0109890 secs] 979492K->757658K(8360960K) icms_dc=0 , 0.0111640 secs] [Times: user=0.11 sys=0.02, real=0.01 secs] 
2012-10-19T13:50:43.307-0400: [GC [ParNew: 226691K->5116K(249216K), 0.0092650 secs] 979226K->758059K(8360960K) icms_dc=0 , 0.0094410 secs] [Times: user=0.09 sys=0.02, real=0.01 secs] 
2012-10-19T13:50:59.350-0400: [GC [ParNew: 226684K->4808K(249216K), 0.0113020 secs] 979627K->758757K(8360960K) icms_dc=0 , 0.0114730 secs] [Times: user=0.11 sys=0.02, real=0.01 secs] 
2012-10-19T13:51:18.288-0400: [GC [ParNew: 226376K->4534K(249216K), 0.0078270 secs] 980325K->759109K(8360960K) icms_dc=0 , 0.0080070 secs] [Times: user=0.08 sys=0.01, real=0.00 secs] 
2012-10-19T13:51:20.182-0400: [GC [ParNew: 226102K->4064K(249216K), 0.0107500 secs] 980677K->759228K(8360960K) icms_dc=0 , 0.0109270 secs] [Times: user=0.08 sys=0.01, real=0.01 secs] 
2012-10-19T13:51:25.918-0400: [GC [ParNew: 225632K->3694K(249216K), 0.0102210 secs] 980796K->759312K(8360960K) icms_dc=0 , 0.0104250 secs] [Times: user=0.06 sys=0.03, real=0.01 secs] 
2012-10-19T13:51:35.885-0400: [GC [ParNew: 225262K->3497K(249216K), 0.0093880 secs] 980880K->759715K(8360960K) icms_dc=0 , 0.0095550 secs] [Times: user=0.09 sys=0.02, real=0.01 secs] 
2012-10-19T13:51:42.766-0400: [GC [ParNew: 225065K->3594K(249216K), 0.0105520 secs] 981283K->760557K(8360960K) icms_dc=0 , 0.0107150 secs] [Times: user=0.09 sys=0.02, real=0.01 secs] 
2012-10-19T13:51:57.390-0400: [GC [ParNew: 225162K->3523K(249216K), 0.0095340 secs] 982125K->760818K(8360960K) icms_dc=0 , 0.0097000 secs] [Times: user=0.08 sys=0.03, real=0.01 secs] 
2012-10-19T13:52:17.183-0400: [GC [ParNew: 225091K->4342K(249216K), 0.0102020 secs] 982386K->761899K(8360960K) icms_dc=0 , 0.0104000 secs] [Times: user=0.09 sys=0.02, real=0.01 secs] 
2012-10-19T13:52:38.358-0400: [GC [ParNew: 225910K->4567K(249216K), 0.0145040 secs] 983467K->762458K(8360960K) icms_dc=0 , 0.0146980 secs] [Times: user=0.10 sys=0.03, real=0.01 secs] 
2012-10-19T13:52:49.006-0400: [GC [ParNew: 226135K->3728K(249216K), 0.0099600 secs] 984026K->762114K(8360960K) icms_dc=0 , 0.0101240 secs] [Times: user=0.10 sys=0.02, real=0.01 secs] 
2012-10-19T13:53:00.930-0400: [GC [ParNew: 225296K->3870K(249216K), 0.0100160 secs] 983682K->762659K(8360960K) icms_dc=0 , 0.0102040 secs] [Times: user=0.09 sys=0.04, real=0.01 secs] 
2012-10-19T13:53:16.721-0400: [GC [ParNew: 225438K->4140K(249216K), 0.0108910 secs] 984227K->763290K(8360960K) icms_dc=0 , 0.0110730 secs] [Times: user=0.10 sys=0.03, real=0.01 secs] 
2012-10-19T13:53:31.010-0400: [GC [ParNew: 225708K->4274K(249216K), 0.0087200 secs] 984858K->763881K(8360960K) icms_dc=0 , 0.0088930 secs] [Times: user=0.08 sys=0.02, real=0.01 secs] 
2012-10-19T13:53:47.270-0400: [GC [ParNew: 225842K->4732K(249216K), 0.0110950 secs] 985449K->764683K(8360960K) icms_dc=0 , 0.0112750 secs] [Times: user=0.09 sys=0.02, real=0.01 secs] 
2012-10-19T13:54:05.744-0400: [GC [ParNew: 226300K->4067K(249216K), 0.0074970 secs] 986251K->764382K(8360960K) icms_dc=0 , 0.0076560 secs] [Times: user=0.07 sys=0.01, real=0.01 secs] 
2012-10-19T13:54:18.462-0400: [GC [ParNew: 225635K->3746K(249216K), 0.0093720 secs] 985950K->764616K(8360960K) icms_dc=0 , 0.0095520 secs] [Times: user=0.08 sys=0.04, real=0.01 secs] 
2012-10-19T13:54:36.156-0400: [GC [ParNew: 225314K->4489K(249216K), 0.0081810 secs] 986184K->765655K(8360960K) icms_dc=0 , 0.0083580 secs] [Times: user=0.08 sys=0.01, real=0.00 secs] 
2012-10-19T13:54:47.643-0400: [GC [ParNew: 226057K->4305K(249216K), 0.0110390 secs] 987223K->765927K(8360960K) icms_dc=0 , 0.0112210 secs] [Times: user=0.10 sys=0.02, real=0.01 secs] 
2012-10-19T13:54:58.592-0400: [GC [ParNew: 225873K->4096K(249216K), 0.0106810 secs] 987495K->766020K(8360960K) icms_dc=0 , 0.0108470 secs] [Times: user=0.11 sys=0.02, real=0.01 secs] 
2012-10-19T13:55:14.777-0400: [GC [ParNew: 225664K->4931K(249216K), 0.0097690 secs] 987588K->767401K(8360960K) icms_dc=0 , 0.0099660 secs] [Times: user=0.06 sys=0.01, real=0.01 secs] 
2012-10-19T13:55:17.339-0400: [GC [ParNew: 226499K->3619K(249216K), 0.0149130 secs] 988969K->766705K(8360960K) icms_dc=0 , 0.0150750 secs] [Times: user=0.10 sys=0.01, real=0.02 secs] 
2012-10-19T13:55:20.683-0400: [GC [ParNew: 225187K->3269K(249216K), 0.0112060 secs] 988273K->766922K(8360960K) icms_dc=0 , 0.0113750 secs] [Times: user=0.08 sys=0.02, real=0.01 secs] 
2012-10-19T13:55:31.718-0400: [GC [ParNew: 224837K->3571K(249216K), 0.0091510 secs] 988490K->767620K(8360960K) icms_dc=0 , 0.0093360 secs] [Times: user=0.09 sys=0.02, real=0.01 secs] 
2012-10-19T13:55:45.554-0400: [GC [ParNew: 225139K->3756K(249216K), 0.0091100 secs] 989188K->768215K(8360960K) icms_dc=0 , 0.0092800 secs] [Times: user=0.09 sys=0.03, real=0.01 secs] 
2012-10-19T13:55:54.351-0400: [GC [ParNew: 225324K->3726K(249216K), 0.0102750 secs] 989783K->768503K(8360960K) icms_dc=0 , 0.0104580 secs] [Times: user=0.09 sys=0.03, real=0.01 secs] 
2012-10-19T13:56:04.408-0400: [GC [ParNew: 225294K->4365K(249216K), 0.0113770 secs] 990071K->769420K(8360960K) icms_dc=0 , 0.0115500 secs] [Times: user=0.10 sys=0.03, real=0.02 secs] 
2012-10-19T13:56:13.393-0400: [GC [ParNew: 225933K->3551K(249216K), 0.0102880 secs] 990988K->769111K(8360960K) icms_dc=0 , 0.0104610 secs] [Times: user=0.09 sys=0.03, real=0.01 secs] 
2012-10-19T13:56:26.030-0400: [GC [ParNew: 225119K->3589K(249216K), 0.0104950 secs] 990679K->769674K(8360960K) icms_dc=0 , 0.0106600 secs] [Times: user=0.10 sys=0.03, real=0.01 secs] 
2012-10-19T13:56:36.290-0400: [GC [ParNew: 225157K->3915K(249216K), 0.0093750 secs] 991242K->770408K(8360960K) icms_dc=0 , 0.0095480 secs] [Times: user=0.10 sys=0.01, real=0.01 secs] 
2012-10-19T13:56:51.631-0400: [GC [ParNew: 225483K->4217K(249216K), 0.0078330 secs] 991976K->770988K(8360960K) icms_dc=0 , 0.0080190 secs] [Times: user=0.06 sys=0.01, real=0.01 secs] 
2012-10-19T13:56:59.021-0400: [GC [ParNew: 225785K->3829K(249216K), 0.0093600 secs] 992556K->771032K(8360960K) icms_dc=0 , 0.0095260 secs] [Times: user=0.09 sys=0.02, real=0.01 secs] 
2012-10-19T13:57:11.801-0400: [GC [ParNew: 225397K->3667K(249216K), 0.0070540 secs] 992600K->771368K(8360960K) icms_dc=0 , 0.0072550 secs] [Times: user=0.07 sys=0.00, real=0.01 secs] 
2012-10-19T13:57:23.788-0400: [GC [ParNew: 225235K->4225K(249216K), 0.0135410 secs] 992936K->772243K(8360960K) icms_dc=0 , 0.0137340 secs] [Times: user=0.13 sys=0.03, real=0.02 secs] 
2012-10-19T13:57:35.083-0400: [GC [ParNew: 225793K->3955K(249216K), 0.0110290 secs] 993811K->772516K(8360960K) icms_dc=0 , 0.0112010 secs] [Times: user=0.10 sys=0.04, real=0.01 secs] 
2012-10-19T13:57:45.661-0400: [GC [ParNew: 225523K->3490K(249216K), 0.0115180 secs] 994084K->772360K(8360960K) icms_dc=0 , 0.0117040 secs] [Times: user=0.11 sys=0.02, real=0.01 secs] 
2012-10-19T13:57:57.431-0400: [GC [ParNew: 225058K->3558K(249216K), 0.0105180 secs] 993928K->772908K(8360960K) icms_dc=0 , 0.0106860 secs] [Times: user=0.10 sys=0.02, real=0.01 secs] 
2012-10-19T13:58:19.781-0400: [GC [ParNew: 225126K->3624K(249216K), 0.0082620 secs] 994476K->773383K(8360960K) icms_dc=0 , 0.0084410 secs] [Times: user=0.08 sys=0.02, real=0.01 secs] 
2012-10-19T13:58:39.000-0400: [GC [ParNew: 225192K->3361K(249216K), 0.0107970 secs] 994951K->773489K(8360960K) icms_dc=0 , 0.0109730 secs] [Times: user=0.09 sys=0.03, real=0.01 secs] 
2012-10-19T13:58:56.274-0400: [GC [ParNew: 224929K->3509K(249216K), 0.0069940 secs] 995057K->773939K(8360960K) icms_dc=0 , 0.0071730 secs] [Times: user=0.06 sys=0.01, real=0.00 secs] 
2012-10-19T13:59:08.033-0400: [GC [ParNew: 225077K->3134K(249216K), 0.0098170 secs] 995507K->773858K(8360960K) icms_dc=0 , 0.0099910 secs] [Times: user=0.08 sys=0.02, real=0.01 secs] 
2012-10-19T13:59:19.923-0400: [GC [ParNew: 224702K->3542K(249216K), 0.0081460 secs] 995426K->774620K(8360960K) icms_dc=0 , 0.0083200 secs] [Times: user=0.07 sys=0.02, real=0.01 secs] 
2012-10-19T13:59:37.328-0400: [GC [ParNew: 225110K->3292K(249216K), 0.0096790 secs] 996188K->774723K(8360960K) icms_dc=0 , 0.0098490 secs] [Times: user=0.10 sys=0.02, real=0.01 secs] 
2012-10-19T13:59:51.608-0400: [GC [ParNew: 224860K->3211K(249216K), 0.0090560 secs] 996291K->774990K(8360960K) icms_dc=0 , 0.0092260 secs] [Times: user=0.09 sys=0.02, real=0.01 secs] 
2012-10-19T14:00:06.333-0400: [GC [ParNew: 224779K->3559K(249216K), 0.0110800 secs] 996558K->775623K(8360960K) icms_dc=0 , 0.0112630 secs] [Times: user=0.11 sys=0.02, real=0.02 secs] 
2012-10-19T14:00:13.918-0400: [GC [ParNew: 225127K->6201K(249216K), 0.0125390 secs] 997191K->778617K(8360960K) icms_dc=0 , 0.0127350 secs] [Times: user=0.10 sys=0.02, real=0.01 secs] 
2012-10-19T14:00:25.608-0400: [GC [ParNew: 227769K->7502K(249216K), 0.0104990 secs] 1000185K->780187K(8360960K) icms_dc=0 , 0.0106780 secs] [Times: user=0.10 sys=0.03, real=0.01 secs] 
2012-10-19T14:00:38.767-0400: [GC [ParNew: 229070K->7085K(249216K), 0.0112910 secs] 1001755K->780169K(8360960K) icms_dc=0 , 0.0114770 secs] [Times: user=0.12 sys=0.02, real=0.02 secs] 
2012-10-19T14:00:58.057-0400: [GC [ParNew: 228653K->7214K(249216K), 0.0094070 secs] 1001737K->780874K(8360960K) icms_dc=0 , 0.0095900 secs] [Times: user=0.08 sys=0.02, real=0.01 secs] 
2012-10-19T14:01:11.090-0400: [GC [ParNew: 228782K->5499K(249216K), 0.0162030 secs] 1002442K->781503K(8360960K) icms_dc=0 , 0.0163960 secs] [Times: user=0.11 sys=0.02, real=0.02 secs] 
2012-10-19T14:01:32.128-0400: [GC [ParNew: 227067K->4457K(249216K), 0.0089800 secs] 1003071K->781082K(8360960K) icms_dc=0 , 0.0091670 secs] [Times: user=0.07 sys=0.03, real=0.00 secs] 
2012-10-19T14:01:54.020-0400: [GC [ParNew: 226025K->4276K(249216K), 0.0110310 secs] 1002650K->781311K(8360960K) icms_dc=0 , 0.0112720 secs] [Times: user=0.09 sys=0.02, real=0.01 secs] 
2012-10-19T14:02:09.661-0400: [GC [ParNew: 225844K->4086K(249216K), 0.0089120 secs] 1002879K->781487K(8360960K) icms_dc=0 , 0.0090810 secs] [Times: user=0.08 sys=0.01, real=0.01 secs] 
2012-10-19T14:02:25.029-0400: [GC [ParNew: 225654K->4793K(249216K), 0.0080790 secs] 1003055K->782571K(8360960K) icms_dc=0 , 0.0082820 secs] [Times: user=0.08 sys=0.01, real=0.01 secs] 
2012-10-19T14:02:42.616-0400: [GC [ParNew: 226361K->4355K(249216K), 0.0107140 secs] 1004139K->782703K(8360960K) icms_dc=0 , 0.0108890 secs] [Times: user=0.09 sys=0.04, real=0.02 secs] 
2012-10-19T14:03:02.984-0400: [GC [ParNew: 225923K->4070K(249216K), 0.0106340 secs] 1004271K->782882K(8360960K) icms_dc=0 , 0.0108200 secs] [Times: user=0.09 sys=0.03, real=0.01 secs] 
2012-10-19T14:03:16.207-0400: [GC [ParNew: 225638K->4120K(249216K), 0.0103670 secs] 1004450K->783406K(8360960K) icms_dc=0 , 0.0105390 secs] [Times: user=0.10 sys=0.03, real=0.01 secs] 
2012-10-19T14:03:34.372-0400: [GC [ParNew: 225688K->4063K(249216K), 0.0092100 secs] 1004974K->783785K(8360960K) icms_dc=0 , 0.0093830 secs] [Times: user=0.08 sys=0.03, real=0.01 secs] 
2012-10-19T14:03:54.889-0400: [GC [ParNew: 225631K->3617K(249216K), 0.0089900 secs] 1005353K->783848K(8360960K) icms_dc=0 , 0.0091650 secs] [Times: user=0.09 sys=0.02, real=0.01 secs] 
2012-10-19T14:04:11.118-0400: [GC [ParNew: 225185K->5146K(249216K), 0.0090080 secs] 1005416K->785760K(8360960K) icms_dc=0 , 0.0091890 secs] [Times: user=0.09 sys=0.02, real=0.01 secs] 
2012-10-19T14:04:23.435-0400: [GC [ParNew: 226714K->5384K(249216K), 0.0162040 secs] 1007328K->786294K(8360960K) icms_dc=0 , 0.0164520 secs] [Times: user=0.07 sys=0.00, real=0.01 secs] 
2012-10-19T14:04:35.483-0400: [GC [ParNew: 226952K->7335K(249216K), 0.0137850 secs] 1007862K->788732K(8360960K) icms_dc=0 , 0.0140070 secs] [Times: user=0.11 sys=0.02, real=0.01 secs] 
2012-10-19T14:04:38.022-0400: [GC [ParNew: 228903K->5626K(249216K), 0.0112790 secs] 1010300K->787561K(8360960K) icms_dc=0 , 0.0114580 secs] [Times: user=0.08 sys=0.03, real=0.02 secs] 
2012-10-19T14:04:44.168-0400: [GC [ParNew: 227194K->3796K(249216K), 0.0108960 secs] 1009129K->786781K(8360960K) icms_dc=0 , 0.0111070 secs] [Times: user=0.10 sys=0.03, real=0.01 secs] 
2012-10-19T14:04:56.010-0400: [GC [ParNew: 225364K->3351K(249216K), 0.0101500 secs] 1008349K->787165K(8360960K) icms_dc=0 , 0.0103580 secs] [Times: user=0.10 sys=0.02, real=0.01 secs] 
2012-10-19T14:05:10.119-0400: [GC [ParNew: 224919K->4128K(249216K), 0.0153120 secs] 1008733K->788443K(8360960K) icms_dc=0 , 0.0155890 secs] [Times: user=0.08 sys=0.00, real=0.01 secs] 
2012-10-19T14:05:22.889-0400: [GC [ParNew: 225696K->4781K(249216K), 0.0138930 secs] 1010011K->789234K(8360960K) icms_dc=0 , 0.0140930 secs] [Times: user=0.09 sys=0.02, real=0.02 secs] 
2012-10-19T14:05:38.506-0400: [GC [ParNew: 226349K->5270K(249216K), 0.0107520 secs] 1010802K->790032K(8360960K) icms_dc=0 , 0.0109200 secs] [Times: user=0.09 sys=0.03, real=0.01 secs] 
2012-10-19T14:05:48.716-0400: [GC [ParNew: 226838K->4997K(249216K), 0.0115000 secs] 1011600K->790114K(8360960K) icms_dc=0 , 0.0116800 secs] [Times: user=0.12 sys=0.02, real=0.01 secs] 
2012-10-19T14:06:08.533-0400: [GC [ParNew: 226565K->4641K(249216K), 0.0109410 secs] 1011682K->790663K(8360960K) icms_dc=0 , 0.0111190 secs] [Times: user=0.09 sys=0.02, real=0.01 secs] 
2012-10-19T14:06:26.946-0400: [GC [ParNew: 226209K->4302K(249216K), 0.0085780 secs] 1012231K->791014K(8360960K) icms_dc=0 , 0.0087600 secs] [Times: user=0.07 sys=0.02, real=0.01 secs] 
2012-10-19T14:06:46.079-0400: [GC [ParNew: 225870K->5595K(249216K), 0.0166370 secs] 1012582K->792812K(8360960K) icms_dc=0 , 0.0168790 secs] [Times: user=0.08 sys=0.01, real=0.02 secs] 
2012-10-19T14:06:59.492-0400: [GC [ParNew: 227163K->4145K(249216K), 0.0124250 secs] 1014380K->791803K(8360960K) icms_dc=0 , 0.0126070 secs] [Times: user=0.11 sys=0.02, real=0.02 secs] 
2012-10-19T14:07:09.051-0400: [GC [ParNew: 225713K->3635K(249216K), 0.0107240 secs] 1013371K->791739K(8360960K) icms_dc=0 , 0.0108930 secs] [Times: user=0.09 sys=0.03, real=0.01 secs] 
2012-10-19T14:07:26.152-0400: [GC [ParNew: 225203K->3557K(249216K), 0.0109400 secs] 1013307K->792184K(8360960K) icms_dc=0 , 0.0111250 secs] [Times: user=0.10 sys=0.02, real=0.01 secs] 
2012-10-19T14:07:43.938-0400: [GC [ParNew: 225125K->4290K(249216K), 0.0111690 secs] 1013752K->793356K(8360960K) icms_dc=0 , 0.0113460 secs] [Times: user=0.09 sys=0.02, real=0.01 secs] 
2012-10-19T14:08:07.768-0400: [GC [ParNew: 225858K->4651K(249216K), 0.0074550 secs] 1014924K->794012K(8360960K) icms_dc=0 , 0.0076360 secs] [Times: user=0.07 sys=0.01, real=0.01 secs] 
2012-10-19T14:08:29.873-0400: [GC [ParNew: 226219K->4461K(249216K), 0.0098060 secs] 1015580K->794087K(8360960K) icms_dc=0 , 0.0099830 secs] [Times: user=0.10 sys=0.02, real=0.01 secs] 
2012-10-19T14:08:49.886-0400: [GC [ParNew: 226029K->4608K(249216K), 0.0122020 secs] 1015655K->794675K(8360960K) icms_dc=0 , 0.0123800 secs] [Times: user=0.09 sys=0.02, real=0.01 secs] 
2012-10-19T14:09:12.089-0400: [GC [ParNew: 226176K->3887K(249216K), 0.0073160 secs] 1016243K->794390K(8360960K) icms_dc=0 , 0.0074900 secs] [Times: user=0.07 sys=0.01, real=0.01 secs] 
2012-10-19T14:09:33.462-0400: [GC [ParNew: 225455K->3800K(249216K), 0.0096130 secs] 1015958K->794743K(8360960K) icms_dc=0 , 0.0097820 secs] [Times: user=0.09 sys=0.03, real=0.01 secs] 
2012-10-19T14:09:51.633-0400: [GC [ParNew: 225368K->4476K(249216K), 0.0108690 secs] 1016311K->795779K(8360960K) icms_dc=0 , 0.0110430 secs] [Times: user=0.11 sys=0.01, real=0.01 secs] 
2012-10-19T14:10:02.429-0400: [GC [ParNew: 226044K->3880K(249216K), 0.0102450 secs] 1017347K->795581K(8360960K) icms_dc=0 , 0.0104180 secs] [Times: user=0.09 sys=0.03, real=0.01 secs] 
2012-10-19T14:10:21.461-0400: [GC [ParNew: 225448K->4242K(249216K), 0.0103440 secs] 1017149K->796340K(8360960K) icms_dc=0 , 0.0105270 secs] [Times: user=0.09 sys=0.03, real=0.01 secs] 
2012-10-19T14:10:32.913-0400: [GC [ParNew: 225810K->4018K(249216K), 0.0102970 secs] 1017908K->796547K(8360960K) icms_dc=0 , 0.0104630 secs] [Times: user=0.09 sys=0.03, real=0.01 secs] 
2012-10-19T14:10:48.298-0400: [GC [ParNew: 225586K->4110K(249216K), 0.0080320 secs] 1018115K->797174K(8360960K) icms_dc=0 , 0.0082060 secs] [Times: user=0.07 sys=0.01, real=0.00 secs] 
2012-10-19T14:10:59.627-0400: [GC [ParNew: 225678K->4307K(249216K), 0.0127010 secs] 1018742K->797686K(8360960K) icms_dc=0 , 0.0128780 secs] [Times: user=0.11 sys=0.02, real=0.02 secs] 
2012-10-19T14:11:14.877-0400: [GC [ParNew: 225875K->3797K(249216K), 0.0078330 secs] 1019254K->797761K(8360960K) icms_dc=0 , 0.0079980 secs] [Times: user=0.07 sys=0.01, real=0.01 secs] 
2012-10-19T14:11:33.771-0400: [GC [ParNew: 225365K->3494K(249216K), 0.0100580 secs] 1019329K->797760K(8360960K) icms_dc=0 , 0.0102330 secs] [Times: user=0.09 sys=0.01, real=0.01 secs] 
2012-10-19T14:11:45.708-0400: [GC [ParNew: 225062K->3970K(249216K), 0.0104850 secs] 1019328K->798684K(8360960K) icms_dc=0 , 0.0106590 secs] [Times: user=0.09 sys=0.02, real=0.01 secs] 
2012-10-19T14:12:08.127-0400: [GC [ParNew: 225538K->4037K(249216K), 0.0103960 secs] 1020252K->799068K(8360960K) icms_dc=0 , 0.0105970 secs] [Times: user=0.10 sys=0.02, real=0.01 secs] 
2012-10-19T14:12:23.792-0400: [GC [ParNew: 225605K->3821K(249216K), 0.0110040 secs] 1020636K->799230K(8360960K) icms_dc=0 , 0.0111850 secs] [Times: user=0.11 sys=0.03, real=0.01 secs] 
2012-10-19T14:12:44.056-0400: [GC [ParNew: 225389K->4231K(249216K), 0.0091130 secs] 1020798K->800003K(8360960K) icms_dc=0 , 0.0092900 secs] [Times: user=0.08 sys=0.02, real=0.01 secs] 
2012-10-19T14:13:04.835-0400: [GC [ParNew: 225799K->4303K(249216K), 0.0123860 secs] 1021571K->800538K(8360960K) icms_dc=0 , 0.0125630 secs] [Times: user=0.11 sys=0.03, real=0.02 secs] 
2012-10-19T14:13:16.165-0400: [GC [ParNew: 225871K->4651K(249216K), 0.0094520 secs] 1022106K->801312K(8360960K) icms_dc=0 , 0.0096120 secs] [Times: user=0.10 sys=0.03, real=0.01 secs] 
2012-10-19T14:13:37.938-0400: [GC [ParNew: 226219K->3966K(249216K), 0.0084620 secs] 1022880K->801185K(8360960K) icms_dc=0 , 0.0086430 secs] [Times: user=0.08 sys=0.02, real=0.01 secs] 
2012-10-19T14:14:00.245-0400: [GC [ParNew: 225534K->4556K(249216K), 0.0118890 secs] 1022753K->802231K(8360960K) icms_dc=0 , 0.0120980 secs] [Times: user=0.11 sys=0.02, real=0.02 secs] 
2012-10-19T14:14:15.775-0400: [GC [ParNew: 226124K->3757K(249216K), 0.0109410 secs] 1023799K->801889K(8360960K) icms_dc=0 , 0.0111170 secs] [Times: user=0.09 sys=0.02, real=0.01 secs] 
2012-10-19T14:14:36.436-0400: [GC [ParNew: 225325K->3777K(249216K), 0.0108050 secs] 1023457K->802235K(8360960K) icms_dc=0 , 0.0110140 secs] [Times: user=0.10 sys=0.02, real=0.01 secs] 
2012-10-19T14:14:56.960-0400: [GC [ParNew: 225345K->3656K(249216K), 0.0104340 secs] 1023803K->802549K(8360960K) icms_dc=0 , 0.0106080 secs] [Times: user=0.11 sys=0.02, real=0.01 secs] 
2012-10-19T14:15:12.719-0400: [GC [ParNew: 225224K->5430K(249216K), 0.0053920 secs] 1024117K->804689K(8360960K) icms_dc=0 , 0.0055840 secs] [Times: user=0.05 sys=0.00, real=0.00 secs] 
2012-10-19T14:15:29.562-0400: [GC [ParNew: 226998K->7928K(249216K), 0.0108510 secs] 1026257K->807458K(8360960K) icms_dc=0 , 0.0110320 secs] [Times: user=0.10 sys=0.03, real=0.01 secs] 
2012-10-19T14:15:49.447-0400: [GC [ParNew: 229496K->8428K(249216K), 0.0080920 secs] 1029026K->808337K(8360960K) icms_dc=0 , 0.0082860 secs] [Times: user=0.09 sys=0.00, real=0.01 secs] 
2012-10-19T14:16:09.723-0400: [GC [ParNew: 229996K->7783K(249216K), 0.0088500 secs] 1029905K->808000K(8360960K) icms_dc=0 , 0.0090310 secs] [Times: user=0.09 sys=0.01, real=0.01 secs] 
2012-10-19T14:16:21.490-0400: [GC [ParNew: 229351K->8503K(249216K), 0.0139390 secs] 1029568K->809807K(8360960K) icms_dc=0 , 0.0141610 secs] [Times: user=0.11 sys=0.01, real=0.01 secs] 
2012-10-19T14:16:26.538-0400: [GC [ParNew: 230071K->6310K(249216K), 0.0149310 secs] 1031375K->809814K(8360960K) icms_dc=0 , 0.0151280 secs] [Times: user=0.10 sys=0.03, real=0.01 secs] 
2012-10-19T14:16:38.568-0400: [GC [ParNew: 227878K->3900K(249216K), 0.0086980 secs] 1031382K->807887K(8360960K) icms_dc=0 , 0.0088630 secs] [Times: user=0.06 sys=0.02, real=0.01 secs] 
2012-10-19T14:16:55.973-0400: [GC [ParNew: 225468K->3818K(249216K), 0.0109060 secs] 1029455K->808229K(8360960K) icms_dc=0 , 0.0110980 secs] [Times: user=0.09 sys=0.03, real=0.01 secs] 
2012-10-19T14:17:12.867-0400: [GC [ParNew: 225386K->5300K(249216K), 0.0156320 secs] 1029797K->810136K(8360960K) icms_dc=0 , 0.0158240 secs] [Times: user=0.11 sys=0.02, real=0.01 secs] 
2012-10-19T14:17:26.346-0400: [GC [ParNew: 226868K->4564K(249216K), 0.0104560 secs] 1031704K->809695K(8360960K) icms_dc=0 , 0.0106650 secs] [Times: user=0.08 sys=0.02, real=0.02 secs] 
2012-10-19T14:17:40.204-0400: [GC [ParNew: 226132K->4193K(249216K), 0.0113850 secs] 1031263K->809699K(8360960K) icms_dc=0 , 0.0115550 secs] [Times: user=0.11 sys=0.02, real=0.01 secs] 
2012-10-19T14:17:55.760-0400: [GC [ParNew: 225761K->4527K(249216K), 0.0081580 secs] 1031267K->810676K(8360960K) icms_dc=0 , 0.0083340 secs] [Times: user=0.08 sys=0.02, real=0.00 secs] 
2012-10-19T14:18:07.290-0400: [GC [ParNew: 226095K->3801K(249216K), 0.0108980 secs] 1032244K->810404K(8360960K) icms_dc=0 , 0.0110730 secs] [Times: user=0.10 sys=0.04, real=0.01 secs] 
2012-10-19T14:18:30.877-0400: [GC [ParNew: 225369K->4032K(249216K), 0.0068950 secs] 1031972K->810946K(8360960K) icms_dc=0 , 0.0071180 secs] [Times: user=0.07 sys=0.01, real=0.00 secs] 
2012-10-19T14:18:49.884-0400: [GC [ParNew: 225600K->3629K(249216K), 0.0096780 secs] 1032514K->810881K(8360960K) icms_dc=0 , 0.0098500 secs] [Times: user=0.09 sys=0.02, real=0.01 secs] 
2012-10-19T14:19:15.880-0400: [GC [ParNew: 225197K->3690K(249216K), 0.0096940 secs] 1032449K->811364K(8360960K) icms_dc=0 , 0.0098740 secs] [Times: user=0.09 sys=0.02, real=0.01 secs] 
2012-10-19T14:19:33.641-0400: [GC [ParNew: 225258K->4781K(249216K), 0.0137280 secs] 1032932K->812760K(8360960K) icms_dc=0 , 0.0139140 secs] [Times: user=0.12 sys=0.02, real=0.02 secs] 
2012-10-19T14:19:41.263-0400: [GC [ParNew: 226349K->5030K(249216K), 0.0107340 secs] 1034328K->813489K(8360960K) icms_dc=0 , 0.0109030 secs] [Times: user=0.10 sys=0.03, real=0.01 secs] 
2012-10-19T14:19:47.464-0400: [GC [ParNew: 226598K->4208K(249216K), 0.0114140 secs] 1035057K->813115K(8360960K) icms_dc=0 , 0.0115920 secs] [Times: user=0.09 sys=0.03, real=0.01 secs] 
2012-10-19T14:20:02.877-0400: [GC [ParNew: 225776K->3690K(249216K), 0.0086530 secs] 1034683K->812966K(8360960K) icms_dc=0 , 0.0088190 secs] [Times: user=0.09 sys=0.01, real=0.01 secs] 
2012-10-19T14:20:17.254-0400: [GC [ParNew: 225258K->4472K(249216K), 0.0104200 secs] 1034534K->814192K(8360960K) icms_dc=0 , 0.0106060 secs] [Times: user=0.09 sys=0.02, real=0.01 secs] 
2012-10-19T14:20:37.144-0400: [GC [ParNew: 226040K->5498K(249216K), 0.0080540 secs] 1035760K->815471K(8360960K) icms_dc=0 , 0.0082260 secs] [Times: user=0.07 sys=0.02, real=0.00 secs] 
2012-10-19T14:20:52.934-0400: [GC [ParNew: 227066K->5727K(249216K), 0.0060150 secs] 1037039K->815988K(8360960K) icms_dc=0 , 0.0061910 secs] [Times: user=0.06 sys=0.01, real=0.01 secs] 
2012-10-19T14:21:09.660-0400: [GC [ParNew: 227295K->5576K(249216K), 0.0103880 secs] 1037556K->816286K(8360960K) icms_dc=0 , 0.0105750 secs] [Times: user=0.10 sys=0.02, real=0.01 secs] 
2012-10-19T14:21:20.287-0400: [GC [ParNew: 227144K->5121K(249216K), 0.0116200 secs] 1037854K->816879K(8360960K) icms_dc=0 , 0.0118140 secs] [Times: user=0.09 sys=0.03, real=0.01 secs] 
2012-10-19T14:21:29.277-0400: [GC [ParNew: 226689K->4152K(249216K), 0.0106210 secs] 1038447K->816691K(8360960K) icms_dc=0 , 0.0107920 secs] [Times: user=0.09 sys=0.02, real=0.01 secs] 
2012-10-19T14:21:42.254-0400: [GC [ParNew: 225720K->4951K(249216K), 0.0156780 secs] 1038259K->817919K(8360960K) icms_dc=0 , 0.0159250 secs] [Times: user=0.09 sys=0.02, real=0.01 secs] 
2012-10-19T14:21:51.688-0400: [GC [ParNew: 226519K->4142K(249216K), 0.0075770 secs] 1039487K->817603K(8360960K) icms_dc=0 , 0.0077450 secs] [Times: user=0.06 sys=0.01, real=0.01 secs] 
2012-10-19T14:22:09.731-0400: [GC [ParNew: 225710K->4360K(249216K), 0.0087390 secs] 1039171K->818220K(8360960K) icms_dc=0 , 0.0089300 secs] [Times: user=0.08 sys=0.01, real=0.01 secs] 
2012-10-19T14:22:25.582-0400: [GC [ParNew: 225928K->4632K(249216K), 0.0079100 secs] 1039788K->818833K(8360960K) icms_dc=0 , 0.0080880 secs] [Times: user=0.07 sys=0.02, real=0.01 secs] 
2012-10-19T14:22:39.398-0400: [GC [ParNew: 226200K->4920K(249216K), 0.0290440 secs] 1040401K->819646K(8360960K) icms_dc=0 , 0.0293040 secs] [Times: user=0.05 sys=0.01, real=0.03 secs] 
2012-10-19T14:22:48.926-0400: [GC [ParNew: 226488K->5233K(249216K), 0.0119440 secs] 1041214K->820296K(8360960K) icms_dc=0 , 0.0121240 secs] [Times: user=0.07 sys=0.03, real=0.01 secs] 
2012-10-19T14:23:03.216-0400: [GC [ParNew: 226801K->4181K(249216K), 0.0118110 secs] 1041864K->819849K(8360960K) icms_dc=0 , 0.0119790 secs] [Times: user=0.09 sys=0.03, real=0.01 secs] 
2012-10-19T14:23:18.823-0400: [GC [ParNew: 225749K->3927K(249216K), 0.0083690 secs] 1041417K->820163K(8360960K) icms_dc=0 , 0.0085710 secs] [Times: user=0.07 sys=0.02, real=0.01 secs] 
2012-10-19T14:23:37.304-0400: [GC [ParNew: 225495K->3853K(249216K), 0.0108190 secs] 1041731K->820449K(8360960K) icms_dc=0 , 0.0109910 secs] [Times: user=0.09 sys=0.03, real=0.01 secs] 
2012-10-19T14:23:52.552-0400: [GC [ParNew: 225421K->3995K(249216K), 0.0058690 secs] 1042017K->820890K(8360960K) icms_dc=0 , 0.0060400 secs] [Times: user=0.06 sys=0.00, real=0.00 secs] 
2012-10-19T14:24:09.876-0400: [GC [ParNew: 225563K->4113K(249216K), 0.0105250 secs] 1042458K->821386K(8360960K) icms_dc=0 , 0.0107370 secs] [Times: user=0.08 sys=0.03, real=0.01 secs] 
2012-10-19T14:24:26.975-0400: [GC [ParNew: 225681K->3739K(249216K), 0.0099500 secs] 1042954K->821507K(8360960K) icms_dc=0 , 0.0101290 secs] [Times: user=0.09 sys=0.02, real=0.01 secs] 
2012-10-19T14:24:44.489-0400: [GC [ParNew: 225307K->3703K(249216K), 0.0099200 secs] 1043075K->821830K(8360960K) icms_dc=0 , 0.0100850 secs] [Times: user=0.10 sys=0.02, real=0.01 secs] 
2012-10-19T14:25:07.150-0400: [GC [ParNew: 225271K->3748K(249216K), 0.0101740 secs] 1043398K->822187K(8360960K) icms_dc=0 , 0.0103460 secs] [Times: user=0.10 sys=0.02, real=0.01 secs] 
2012-10-19T14:25:26.038-0400: [GC [ParNew: 225316K->3858K(249216K), 0.0104090 secs] 1043755K->822663K(8360960K) icms_dc=0 , 0.0105830 secs] [Times: user=0.09 sys=0.03, real=0.01 secs] 
2012-10-19T14:25:43.824-0400: [GC [ParNew: 225426K->4383K(249216K), 0.0073060 secs] 1044231K->823563K(8360960K) icms_dc=0 , 0.0074650 secs] [Times: user=0.07 sys=0.01, real=0.01 secs] 
2012-10-19T14:25:59.737-0400: [GC [ParNew: 225951K->4357K(249216K), 0.0076720 secs] 1045131K->823974K(8360960K) icms_dc=0 , 0.0078570 secs] [Times: user=0.07 sys=0.01, real=0.01 secs] 
2012-10-19T14:26:00.479-0400: [GC [ParNew: 225925K->3742K(249216K), 0.0114560 secs] 1045542K->823964K(8360960K) icms_dc=0 , 0.0116260 secs] [Times: user=0.09 sys=0.03, real=0.01 secs] 
2012-10-19T14:26:03.822-0400: [GC [ParNew: 225310K->3693K(249216K), 0.0090550 secs] 1045532K->824474K(8360960K) icms_dc=0 , 0.0092230 secs] [Times: user=0.09 sys=0.01, real=0.01 secs] 
2012-10-19T14:26:10.859-0400: [GC [ParNew: 225261K->3191K(249216K), 0.0096940 secs] 1046042K->824587K(8360960K) icms_dc=0 , 0.0098600 secs] [Times: user=0.08 sys=0.03, real=0.01 secs] 
2012-10-19T14:26:20.789-0400: [GC [ParNew: 224759K->3693K(249216K), 0.0115040 secs] 1046155K->825624K(8360960K) icms_dc=0 , 0.0117360 secs] [Times: user=0.05 sys=0.01, real=0.01 secs] 
2012-10-19T14:26:24.563-0400: [GC [ParNew: 225261K->3218K(249216K), 0.0103930 secs] 1047192K->825345K(8360960K) icms_dc=0 , 0.0105670 secs] [Times: user=0.08 sys=0.03, real=0.02 secs] 
2012-10-19T14:26:32.919-0400: [GC [ParNew: 224786K->3450K(249216K), 0.0100390 secs] 1046913K->825845K(8360960K) icms_dc=0 , 0.0102200 secs] [Times: user=0.09 sys=0.03, real=0.01 secs] 
2012-10-19T14:26:42.361-0400: [GC [ParNew: 225018K->3908K(249216K), 0.0082750 secs] 1047413K->826681K(8360960K) icms_dc=0 , 0.0084650 secs] [Times: user=0.09 sys=0.01, real=0.01 secs] 
2012-10-19T14:26:56.001-0400: [GC [ParNew: 225476K->4156K(249216K), 0.0158570 secs] 1048249K->827375K(8360960K) icms_dc=0 , 0.0160700 secs] [Times: user=0.10 sys=0.02, real=0.01 secs] 
2012-10-19T14:27:05.242-0400: [GC [ParNew: 225724K->3865K(249216K), 0.0089550 secs] 1048943K->827498K(8360960K) icms_dc=0 , 0.0091630 secs] [Times: user=0.09 sys=0.01, real=0.01 secs] 
2012-10-19T14:27:18.502-0400: [GC [ParNew: 225433K->3715K(249216K), 0.0103580 secs] 1049066K->827723K(8360960K) icms_dc=0 , 0.0105520 secs] [Times: user=0.10 sys=0.03, real=0.01 secs] 
2012-10-19T14:27:32.011-0400: [GC [ParNew: 225283K->3964K(249216K), 0.0104850 secs] 1049291K->828425K(8360960K) icms_dc=0 , 0.0106750 secs] [Times: user=0.09 sys=0.02, real=0.01 secs] 
2012-10-19T14:27:44.354-0400: [GC [ParNew: 225532K->3332K(249216K), 0.0108990 secs] 1049993K->828356K(8360960K) icms_dc=0 , 0.0111010 secs] [Times: user=0.08 sys=0.03, real=0.01 secs] 
2012-10-19T14:27:57.638-0400: [GC [ParNew: 224900K->4517K(249216K), 0.0146440 secs] 1049924K->829838K(8360960K) icms_dc=0 , 0.0148330 secs] [Times: user=0.11 sys=0.02, real=0.01 secs] 
2012-10-19T14:28:06.454-0400: [GC [ParNew: 226085K->4131K(249216K), 0.0109200 secs] 1051406K->829879K(8360960K) icms_dc=0 , 0.0110930 secs] [Times: user=0.08 sys=0.02, real=0.01 secs] 
2012-10-19T14:28:20.099-0400: [GC [ParNew: 225699K->3646K(249216K), 0.0080350 secs] 1051447K->829763K(8360960K) icms_dc=0 , 0.0082140 secs] [Times: user=0.07 sys=0.02, real=0.01 secs] 
2012-10-19T14:28:30.430-0400: [GC [ParNew: 225214K->4546K(249216K), 0.0117020 secs] 1051331K->831015K(8360960K) icms_dc=0 , 0.0119060 secs] [Times: user=0.08 sys=0.02, real=0.02 secs] 
2012-10-19T14:28:42.788-0400: [GC [ParNew: 226114K->3419K(249216K), 0.0135010 secs] 1052583K->830401K(8360960K) icms_dc=0 , 0.0137040 secs] [Times: user=0.11 sys=0.02, real=0.01 secs] 
2012-10-19T14:28:53.841-0400: [GC [ParNew: 224987K->3698K(249216K), 0.0098800 secs] 1051969K->831127K(8360960K) icms_dc=0 , 0.0100710 secs] [Times: user=0.08 sys=0.02, real=0.01 secs] 
2012-10-19T14:29:01.288-0400: [GC [ParNew: 225266K->3121K(249216K), 0.0102360 secs] 1052695K->830888K(8360960K) icms_dc=0 , 0.0104130 secs] [Times: user=0.10 sys=0.02, real=0.01 secs] 
2012-10-19T14:29:12.639-0400: [GC [ParNew: 224689K->3287K(249216K), 0.0095370 secs] 1052456K->831361K(8360960K) icms_dc=0 , 0.0097230 secs] [Times: user=0.09 sys=0.03, real=0.01 secs] 
2012-10-19T14:29:18.334-0400: [GC [ParNew: 224855K->3151K(249216K), 0.0116200 secs] 1052929K->831618K(8360960K) icms_dc=0 , 0.0118070 secs] [Times: user=0.10 sys=0.03, real=0.01 secs] 
2012-10-19T14:29:23.313-0400: [GC [ParNew: 224719K->3309K(249216K), 0.0118410 secs] 1053186K->832205K(8360960K) icms_dc=0 , 0.0120420 secs] [Times: user=0.09 sys=0.03, real=0.01 secs] 
2012-10-19T14:29:26.560-0400: [GC [ParNew: 224877K->2936K(249216K), 0.0109840 secs] 1053773K->832183K(8360960K) icms_dc=0 , 0.0111640 secs] [Times: user=0.10 sys=0.03, real=0.02 secs] 
2012-10-19T14:29:33.544-0400: [GC [ParNew: 224504K->3133K(249216K), 0.0058670 secs] 1053751K->832905K(8360960K) icms_dc=0 , 0.0060570 secs] [Times: user=0.05 sys=0.01, real=0.00 secs] 
2012-10-19T14:29:42.471-0400: [GC [ParNew: 224701K->3229K(249216K), 0.0098930 secs] 1054473K->833260K(8360960K) icms_dc=0 , 0.0100770 secs] [Times: user=0.09 sys=0.02, real=0.01 secs] 
2012-10-19T14:29:52.629-0400: [GC [ParNew: 224797K->3215K(249216K), 0.0079900 secs] 1054828K->833586K(8360960K) icms_dc=0 , 0.0081690 secs] [Times: user=0.07 sys=0.02, real=0.01 secs] 
2012-10-19T14:30:05.729-0400: [GC [ParNew: 224783K->3875K(249216K), 0.0102460 secs] 1055154K->834453K(8360960K) icms_dc=0 , 0.0104680 secs] [Times: user=0.08 sys=0.03, real=0.01 secs] 
2012-10-19T14:30:15.271-0400: [GC [ParNew: 225443K->5947K(249216K), 0.0116710 secs] 1056021K->837019K(8360960K) icms_dc=0 , 0.0118620 secs] [Times: user=0.09 sys=0.02, real=0.01 secs] 
2012-10-19T14:30:27.026-0400: [GC [ParNew: 227515K->7932K(249216K), 0.0117420 secs] 1058587K->839386K(8360960K) icms_dc=0 , 0.0119460 secs] [Times: user=0.11 sys=0.03, real=0.01 secs] 
2012-10-19T14:30:38.590-0400: [GC [ParNew: 229500K->8190K(249216K), 0.0138230 secs] 1060954K->840066K(8360960K) icms_dc=0 , 0.0140240 secs] [Times: user=0.11 sys=0.02, real=0.02 secs] 
2012-10-19T14:30:52.845-0400: [GC [ParNew: 229758K->6422K(249216K), 0.0119120 secs] 1061634K->838827K(8360960K) icms_dc=0 , 0.0121130 secs] [Times: user=0.11 sys=0.02, real=0.01 secs] 
2012-10-19T14:31:13.057-0400: [GC [ParNew: 227990K->5521K(249216K), 0.0104840 secs] 1060395K->839710K(8360960K) icms_dc=0 , 0.0106940 secs] [Times: user=0.09 sys=0.02, real=0.01 secs] 
2012-10-19T14:31:27.959-0400: [GC [ParNew: 227089K->4656K(249216K), 0.0177240 secs] 1061278K->840118K(8360960K) icms_dc=0 , 0.0179290 secs] [Times: user=0.11 sys=0.02, real=0.01 secs] 
2012-10-19T14:31:43.024-0400: [GC [ParNew: 226224K->5129K(249216K), 0.0080860 secs] 1061686K->840955K(8360960K) icms_dc=0 , 0.0083440 secs] [Times: user=0.04 sys=0.00, real=0.01 secs] 
2012-10-19T14:31:51.042-0400: [GC [ParNew: 226697K->4287K(249216K), 0.0114990 secs] 1062523K->840404K(8360960K) icms_dc=0 , 0.0116870 secs] [Times: user=0.09 sys=0.03, real=0.01 secs] 
2012-10-19T14:32:01.607-0400: [GC [ParNew: 225855K->3825K(249216K), 0.0082560 secs] 1061972K->840386K(8360960K) icms_dc=0 , 0.0084540 secs] [Times: user=0.07 sys=0.02, real=0.01 secs] 
2012-10-19T14:32:24.645-0400: [GC [ParNew: 225393K->4436K(249216K), 0.0078050 secs] 1061954K->841465K(8360960K) icms_dc=0 , 0.0080030 secs] [Times: user=0.08 sys=0.02, real=0.01 secs] 
2012-10-19T14:32:35.967-0400: [GC [ParNew: 226004K->4739K(249216K), 0.0107390 secs] 1063033K->842083K(8360960K) icms_dc=0 , 0.0109230 secs] [Times: user=0.08 sys=0.02, real=0.01 secs] 
2012-10-19T14:32:52.549-0400: [GC [ParNew: 226307K->4536K(249216K), 0.0090790 secs] 1063651K->842181K(8360960K) icms_dc=0 , 0.0092760 secs] [Times: user=0.09 sys=0.02, real=0.01 secs] 
2012-10-19T14:33:14.541-0400: [GC [ParNew: 226104K->4295K(249216K), 0.0101850 secs] 1063749K->842324K(8360960K) icms_dc=0 , 0.0104080 secs] [Times: user=0.08 sys=0.02, real=0.01 secs] 
2012-10-19T14:33:33.242-0400: [GC [ParNew: 225863K->4136K(249216K), 0.0098060 secs] 1063892K->842781K(8360960K) icms_dc=0 , 0.0100050 secs] [Times: user=0.09 sys=0.02, real=0.01 secs] 
2012-10-19T14:33:46.842-0400: [GC [ParNew: 225704K->3954K(249216K), 0.0088490 secs] 1064349K->842874K(8360960K) icms_dc=0 , 0.0090390 secs] [Times: user=0.08 sys=0.02, real=0.01 secs] 
2012-10-19T14:34:02.547-0400: [GC [ParNew: 225522K->4048K(249216K), 0.0105100 secs] 1064442K->843341K(8360960K) icms_dc=0 , 0.0107030 secs] [Times: user=0.09 sys=0.03, real=0.01 secs] 
2012-10-19T14:34:10.870-0400: [GC [ParNew: 225616K->4581K(249216K), 0.0091450 secs] 1064909K->844422K(8360960K) icms_dc=0 , 0.0093410 secs] [Times: user=0.09 sys=0.01, real=0.01 secs] 
2012-10-19T14:34:26.935-0400: [GC [ParNew: 226149K->4581K(249216K), 0.0102190 secs] 1065990K->844788K(8360960K) icms_dc=0 , 0.0104120 secs] [Times: user=0.08 sys=0.03, real=0.01 secs] 
2012-10-19T14:34:44.916-0400: [GC [ParNew: 226149K->5099K(249216K), 0.0083800 secs] 1066356K->845645K(8360960K) icms_dc=0 , 0.0085790 secs] [Times: user=0.09 sys=0.01, real=0.01 secs] 
2012-10-19T14:34:58.270-0400: [GC [ParNew: 226667K->4761K(249216K), 0.0105480 secs] 1067213K->845837K(8360960K) icms_dc=0 , 0.0107390 secs] [Times: user=0.10 sys=0.03, real=0.01 secs] 
2012-10-19T14:35:11.117-0400: [GC [ParNew: 226329K->4915K(249216K), 0.0120060 secs] 1067405K->846420K(8360960K) icms_dc=0 , 0.0122280 secs] [Times: user=0.11 sys=0.02, real=0.01 secs] 
2012-10-19T14:35:28.413-0400: [GC [ParNew: 226483K->4581K(249216K), 0.0125630 secs] 1067988K->846715K(8360960K) icms_dc=0 , 0.0127740 secs] [Times: user=0.10 sys=0.03, real=0.01 secs] 
2012-10-19T14:35:40.391-0400: [GC [ParNew: 226149K->5432K(249216K), 0.0075750 secs] 1068283K->848151K(8360960K) icms_dc=0 , 0.0077640 secs] [Times: user=0.07 sys=0.01, real=0.01 secs] 
2012-10-19T14:35:53.426-0400: [GC [ParNew: 227000K->4918K(249216K), 0.0094640 secs] 1069719K->848074K(8360960K) icms_dc=0 , 0.0096680 secs] [Times: user=0.10 sys=0.02, real=0.01 secs] 
2012-10-19T14:36:08.944-0400: [GC [ParNew: 226486K->4881K(249216K), 0.0095890 secs] 1069642K->848957K(8360960K) icms_dc=0 , 0.0098060 secs] [Times: user=0.08 sys=0.02, real=0.01 secs] 
2012-10-19T14:36:20.224-0400: [GC [ParNew: 226449K->4334K(249216K), 0.0138030 secs] 1070525K->848993K(8360960K) icms_dc=0 , 0.0140080 secs] [Times: user=0.10 sys=0.03, real=0.01 secs] 
2012-10-19T14:36:34.004-0400: [GC [ParNew: 225902K->3961K(249216K), 0.0102300 secs] 1070561K->849116K(8360960K) icms_dc=0 , 0.0104270 secs] [Times: user=0.09 sys=0.03, real=0.01 secs] 
2012-10-19T14:36:48.001-0400: [GC [ParNew: 225529K->3760K(249216K), 0.0127190 secs] 1070684K->849326K(8360960K) icms_dc=0 , 0.0129180 secs] [Times: user=0.12 sys=0.03, real=0.01 secs] 
2012-10-19T14:37:02.983-0400: [GC [ParNew: 225328K->4391K(249216K), 0.0084820 secs] 1070894K->850422K(8360960K) icms_dc=0 , 0.0086760 secs] [Times: user=0.06 sys=0.02, real=0.01 secs] 
2012-10-19T14:37:15.103-0400: [GC [ParNew: 225959K->3827K(249216K), 0.0107800 secs] 1071990K->850282K(8360960K) icms_dc=0 , 0.0109730 secs] [Times: user=0.09 sys=0.03, real=0.01 secs] 
2012-10-19T14:37:25.753-0400: [GC [ParNew: 225395K->4089K(249216K), 0.0091350 secs] 1071850K->850947K(8360960K) icms_dc=0 , 0.0093380 secs] [Times: user=0.08 sys=0.02, real=0.01 secs] 
2012-10-19T14:37:42.123-0400: [GC [ParNew: 225657K->4241K(249216K), 0.0113240 secs] 1072515K->851624K(8360960K) icms_dc=0 , 0.0115030 secs] [Times: user=0.09 sys=0.03, real=0.01 secs] 
2012-10-19T14:37:54.509-0400: [GC [ParNew: 225809K->4016K(249216K), 0.0093110 secs] 1073192K->851798K(8360960K) icms_dc=0 , 0.0094850 secs] [Times: user=0.08 sys=0.02, real=0.01 secs] 
2012-10-19T14:38:12.640-0400: [GC [ParNew: 225584K->4160K(249216K), 0.0110680 secs] 1073366K->852268K(8360960K) icms_dc=0 , 0.0112460 secs] [Times: user=0.11 sys=0.02, real=0.01 secs] 
2012-10-19T14:38:27.584-0400: [GC [ParNew: 225728K->3788K(249216K), 0.0104540 secs] 1073836K->852228K(8360960K) icms_dc=0 , 0.0106300 secs] [Times: user=0.10 sys=0.02, real=0.01 secs] 
2012-10-19T14:38:41.000-0400: [GC [ParNew: 225356K->4286K(249216K), 0.0177160 secs] 1073796K->853137K(8360960K) icms_dc=0 , 0.0179330 secs] [Times: user=0.11 sys=0.02, real=0.02 secs] 
2012-10-19T14:39:00.330-0400: [GC [ParNew: 225854K->4378K(249216K), 0.0100940 secs] 1074705K->853666K(8360960K) icms_dc=0 , 0.0102640 secs] [Times: user=0.09 sys=0.01, real=0.01 secs] 
2012-10-19T14:39:19.205-0400: [GC [ParNew: 225946K->4369K(249216K), 0.0096650 secs] 1075234K->854074K(8360960K) icms_dc=0 , 0.0098430 secs] [Times: user=0.10 sys=0.02, real=0.01 secs] 
2012-10-19T14:39:38.158-0400: [GC [ParNew: 225937K->4514K(249216K), 0.0071520 secs] 1075642K->854671K(8360960K) icms_dc=0 , 0.0073200 secs] [Times: user=0.07 sys=0.02, real=0.01 secs] 
2012-10-19T14:39:50.767-0400: [GC [ParNew: 226082K->4154K(249216K), 0.0088570 secs] 1076239K->854664K(8360960K) icms_dc=0 , 0.0090380 secs] [Times: user=0.09 sys=0.03, real=0.01 secs] 
2012-10-19T14:40:07.712-0400: [GC [ParNew: 225722K->4303K(249216K), 0.0099280 secs] 1076232K->855212K(8360960K) icms_dc=0 , 0.0101290 secs] [Times: user=0.09 sys=0.03, real=0.01 secs] 
2012-10-19T14:40:26.492-0400: [GC [ParNew: 225871K->3660K(249216K), 0.0104160 secs] 1076780K->855007K(8360960K) icms_dc=0 , 0.0106010 secs] [Times: user=0.10 sys=0.03, real=0.01 secs] 
2012-10-19T14:40:47.810-0400: [GC [ParNew: 225228K->3605K(249216K), 0.0110060 secs] 1076575K->855392K(8360960K) icms_dc=0 , 0.0111930 secs] [Times: user=0.11 sys=0.03, real=0.02 secs] 
2012-10-19T14:41:02.300-0400: [GC [ParNew: 225173K->3842K(249216K), 0.0118670 secs] 1076960K->855945K(8360960K) icms_dc=0 , 0.0120690 secs] [Times: user=0.10 sys=0.02, real=0.02 secs] 
2012-10-19T14:41:15.544-0400: [GC [ParNew: 225410K->3751K(249216K), 0.0101520 secs] 1077513K->856236K(8360960K) icms_dc=0 , 0.0103230 secs] [Times: user=0.08 sys=0.03, real=0.01 secs] 
2012-10-19T14:41:31.065-0400: [GC [ParNew: 225319K->3965K(249216K), 0.0173180 secs] 1077804K->856751K(8360960K) icms_dc=0 , 0.0175670 secs] [Times: user=0.06 sys=0.02, real=0.02 secs] 
2012-10-19T14:41:32.561-0400: [GC [ParNew: 225533K->3760K(249216K), 0.0109840 secs] 1078319K->857021K(8360960K) icms_dc=0 , 0.0111970 secs] [Times: user=0.08 sys=0.01, real=0.01 secs] 
2012-10-19T14:41:37.863-0400: [GC [ParNew: 225328K->3316K(249216K), 0.0103250 secs] 1078589K->856910K(8360960K) icms_dc=0 , 0.0105060 secs] [Times: user=0.10 sys=0.02, real=0.01 secs] 
2012-10-19T14:41:49.242-0400: [GC [ParNew: 224884K->3849K(249216K), 0.0098640 secs] 1078478K->857917K(8360960K) icms_dc=0 , 0.0100500 secs] [Times: user=0.10 sys=0.01, real=0.01 secs] 
2012-10-19T14:42:03.337-0400: [GC [ParNew: 225417K->3844K(249216K), 0.0109690 secs] 1079485K->858415K(8360960K) icms_dc=0 , 0.0111620 secs] [Times: user=0.11 sys=0.03, real=0.01 secs] 
2012-10-19T14:42:19.971-0400: [GC [ParNew: 225412K->4220K(249216K), 0.0106390 secs] 1079983K->859042K(8360960K) icms_dc=0 , 0.0108320 secs] [Times: user=0.10 sys=0.03, real=0.01 secs] 
2012-10-19T14:42:25.966-0400: [GC [ParNew: 225788K->4044K(249216K), 0.0109090 secs] 1080610K->859247K(8360960K) icms_dc=0 , 0.0110820 secs] [Times: user=0.11 sys=0.03, real=0.01 secs] 
2012-10-19T14:42:34.956-0400: [GC [ParNew: 225612K->3963K(249216K), 0.0106970 secs] 1080815K->859621K(8360960K) icms_dc=0 , 0.0108720 secs] [Times: user=0.10 sys=0.02, real=0.01 secs] 
2012-10-19T14:42:50.295-0400: [GC [ParNew: 225531K->4126K(249216K), 0.0101350 secs] 1081189K->860441K(8360960K) icms_dc=0 , 0.0103070 secs] [Times: user=0.10 sys=0.02, real=0.01 secs] 
2012-10-19T14:43:04.707-0400: [GC [ParNew: 225694K->3450K(249216K), 0.0090310 secs] 1082009K->860290K(8360960K) icms_dc=0 , 0.0092020 secs] [Times: user=0.09 sys=0.01, real=0.01 secs] 
2012-10-19T14:43:16.768-0400: [GC [ParNew: 225018K->4515K(249216K), 0.0097160 secs] 1081858K->861633K(8360960K) icms_dc=0 , 0.0099000 secs] [Times: user=0.09 sys=0.02, real=0.01 secs] 
2012-10-19T14:43:35.276-0400: [GC [ParNew: 226083K->4086K(249216K), 0.0094750 secs] 1083201K->861622K(8360960K) icms_dc=0 , 0.0096540 secs] [Times: user=0.10 sys=0.02, real=0.01 secs] 
2012-10-19T14:43:54.873-0400: [GC [ParNew: 225654K->3775K(249216K), 0.0106810 secs] 1083190K->861760K(8360960K) icms_dc=0 , 0.0108560 secs] [Times: user=0.10 sys=0.03, real=0.01 secs] 
2012-10-19T14:44:12.387-0400: [GC [ParNew: 225343K->3919K(249216K), 0.0104370 secs] 1083328K->862300K(8360960K) icms_dc=0 , 0.0106110 secs] [Times: user=0.10 sys=0.03, real=0.01 secs] 
2012-10-19T14:44:25.950-0400: [GC [ParNew: 225487K->4123K(249216K), 0.0102070 secs] 1083868K->862823K(8360960K) icms_dc=0 , 0.0103810 secs] [Times: user=0.11 sys=0.03, real=0.01 secs] 
2012-10-19T14:44:38.438-0400: [GC [ParNew: 225691K->3742K(249216K), 0.0084100 secs] 1084391K->862930K(8360960K) icms_dc=0 , 0.0085830 secs] [Times: user=0.08 sys=0.00, real=0.01 secs] 
2012-10-19T14:44:53.083-0400: [GC [ParNew: 225310K->3702K(249216K), 0.0100720 secs] 1084498K->863368K(8360960K) icms_dc=0 , 0.0102460 secs] [Times: user=0.08 sys=0.03, real=0.01 secs] 
2012-10-19T14:45:09.151-0400: [GC [ParNew: 225270K->4726K(249216K), 0.0092020 secs] 1084936K->864881K(8360960K) icms_dc=0 , 0.0093830 secs] [Times: user=0.09 sys=0.02, real=0.01 secs] 
2012-10-19T14:45:17.938-0400: [GC [ParNew: 226294K->7176K(249216K), 0.0093520 secs] 1086449K->867620K(8360960K) icms_dc=0 , 0.0095330 secs] [Times: user=0.09 sys=0.01, real=0.01 secs] 
2012-10-19T14:45:31.282-0400: [GC [ParNew: 228744K->7947K(249216K), 0.0103430 secs] 1089188K->868745K(8360960K) icms_dc=0 , 0.0105230 secs] [Times: user=0.11 sys=0.02, real=0.01 secs] 
2012-10-19T14:45:49.079-0400: [GC [ParNew: 229515K->8846K(249216K), 0.0119420 secs] 1090313K->869990K(8360960K) icms_dc=0 , 0.0121210 secs] [Times: user=0.09 sys=0.03, real=0.01 secs] 
2012-10-19T14:46:04.579-0400: [GC [ParNew: 230414K->7169K(249216K), 0.0118700 secs] 1091558K->869281K(8360960K) icms_dc=0 , 0.0120550 secs] [Times: user=0.11 sys=0.01, real=0.01 secs] 
2012-10-19T14:46:19.554-0400: [GC [ParNew: 228737K->5585K(249216K), 0.0140250 secs] 1090849K->870106K(8360960K) icms_dc=0 , 0.0142110 secs] [Times: user=0.10 sys=0.04, real=0.02 secs] 
2012-10-19T14:46:33.202-0400: [GC [ParNew: 227153K->4234K(249216K), 0.0106260 secs] 1091674K->869131K(8360960K) icms_dc=0 , 0.0107950 secs] [Times: user=0.11 sys=0.03, real=0.01 secs] 
2012-10-19T14:46:48.971-0400: [GC [ParNew: 225802K->3867K(249216K), 0.0066040 secs] 1090699K->869313K(8360960K) icms_dc=0 , 0.0067810 secs] [Times: user=0.07 sys=0.01, real=0.01 secs] 
2012-10-19T14:47:05.168-0400: [GC [ParNew: 225435K->3503K(249216K), 0.0089080 secs] 1090881K->869346K(8360960K) icms_dc=0 , 0.0090940 secs] [Times: user=0.08 sys=0.01, real=0.01 secs] 
2012-10-19T14:47:20.492-0400: [GC [ParNew: 225071K->4180K(249216K), 0.0120750 secs] 1090914K->870339K(8360960K) icms_dc=0 , 0.0122830 secs] [Times: user=0.08 sys=0.03, real=0.01 secs] 
2012-10-19T14:47:35.413-0400: [GC [ParNew: 225748K->4716K(249216K), 0.0066000 secs] 1091907K->871183K(8360960K) icms_dc=0 , 0.0067670 secs] [Times: user=0.05 sys=0.01, real=0.00 secs] 
2012-10-19T14:47:54.100-0400: [GC [ParNew: 226284K->4095K(249216K), 0.0127100 secs] 1092751K->870983K(8360960K) icms_dc=0 , 0.0128910 secs] [Times: user=0.11 sys=0.02, real=0.02 secs] 
2012-10-19T14:48:09.881-0400: [GC [ParNew: 225663K->4801K(249216K), 0.0170000 secs] 1092551K->872062K(8360960K) icms_dc=0 , 0.0172020 secs] [Times: user=0.09 sys=0.02, real=0.02 secs] 
2012-10-19T14:48:19.470-0400: [GC [ParNew: 226369K->4446K(249216K), 0.0112260 secs] 1093630K->872089K(8360960K) icms_dc=0 , 0.0113990 secs] [Times: user=0.10 sys=0.02, real=0.01 secs] 
2012-10-19T14:48:30.540-0400: [GC [ParNew: 226014K->4581K(249216K), 0.0111130 secs] 1093657K->872613K(8360960K) icms_dc=0 , 0.0112880 secs] [Times: user=0.10 sys=0.03, real=0.01 secs] 
2012-10-19T14:48:42.807-0400: [GC [ParNew: 226149K->3751K(249216K), 0.0110400 secs] 1094181K->872471K(8360960K) icms_dc=0 , 0.0112100 secs] [Times: user=0.11 sys=0.03, real=0.01 secs] 
2012-10-19T14:48:57.956-0400: [GC [ParNew: 225319K->5186K(249216K), 0.0096960 secs] 1094039K->874255K(8360960K) icms_dc=0 , 0.0099240 secs] [Times: user=0.08 sys=0.02, real=0.01 secs] 
2012-10-19T14:49:14.958-0400: [GC [ParNew: 226754K->3897K(249216K), 0.0099340 secs] 1095823K->873384K(8360960K) icms_dc=0 , 0.0101230 secs] [Times: user=0.10 sys=0.02, real=0.01 secs] 
2012-10-19T14:49:27.685-0400: [GC [ParNew: 225465K->4292K(249216K), 0.0096280 secs] 1094952K->874258K(8360960K) icms_dc=0 , 0.0098030 secs] [Times: user=0.09 sys=0.02, real=0.01 secs] 
2012-10-19T14:49:40.944-0400: [GC [ParNew: 225860K->4270K(249216K), 0.0097680 secs] 1095826K->874572K(8360960K) icms_dc=0 , 0.0099630 secs] [Times: user=0.10 sys=0.02, real=0.01 secs] 
2012-10-19T14:49:54.825-0400: [GC [ParNew: 225838K->4014K(249216K), 0.0109200 secs] 1096140K->874832K(8360960K) icms_dc=0 , 0.0111070 secs] [Times: user=0.11 sys=0.01, real=0.01 secs] 
2012-10-19T14:50:09.324-0400: [GC [ParNew: 225582K->5189K(249216K), 0.0104610 secs] 1096400K->876340K(8360960K) icms_dc=0 , 0.0106580 secs] [Times: user=0.09 sys=0.03, real=0.01 secs] 
2012-10-19T14:50:23.377-0400: [GC [ParNew: 226757K->4860K(249216K), 0.0120890 secs] 1097908K->876441K(8360960K) icms_dc=0 , 0.0122720 secs] [Times: user=0.12 sys=0.03, real=0.01 secs] 
2012-10-19T14:50:41.813-0400: [GC [ParNew: 226428K->5188K(249216K), 0.0091410 secs] 1098009K->877215K(8360960K) icms_dc=0 , 0.0093190 secs] [Times: user=0.10 sys=0.01, real=0.01 secs] 
2012-10-19T14:51:03.076-0400: [GC [ParNew: 226756K->5788K(249216K), 0.0095580 secs] 1098783K->878199K(8360960K) icms_dc=0 , 0.0097370 secs] [Times: user=0.08 sys=0.02, real=0.01 secs] 
2012-10-19T14:51:19.439-0400: [GC [ParNew: 227356K->5270K(249216K), 0.0099000 secs] 1099767K->878551K(8360960K) icms_dc=0 , 0.0100860 secs] [Times: user=0.09 sys=0.02, real=0.01 secs] 
2012-10-19T14:51:36.567-0400: [GC [ParNew: 226838K->4190K(249216K), 0.0104180 secs] 1100119K->878126K(8360960K) icms_dc=0 , 0.0105930 secs] [Times: user=0.09 sys=0.03, real=0.01 secs] 
2012-10-19T14:51:55.111-0400: [GC [ParNew: 225758K->4270K(249216K), 0.0099000 secs] 1099694K->878765K(8360960K) icms_dc=0 , 0.0100720 secs] [Times: user=0.09 sys=0.01, real=0.01 secs] 
2012-10-19T14:52:02.375-0400: [GC [ParNew: 225838K->4154K(249216K), 0.0114990 secs] 1100333K->879239K(8360960K) icms_dc=0 , 0.0116690 secs] [Times: user=0.11 sys=0.02, real=0.01 secs] 
2012-10-19T14:52:06.963-0400: [GC [ParNew: 225722K->3815K(249216K), 0.0074980 secs] 1100807K->879334K(8360960K) icms_dc=0 , 0.0076670 secs] [Times: user=0.07 sys=0.02, real=0.01 secs] 
2012-10-19T14:52:18.467-0400: [GC [ParNew: 225383K->4193K(249216K), 0.0081820 secs] 1100902K->880101K(8360960K) icms_dc=0 , 0.0083560 secs] [Times: user=0.08 sys=0.01, real=0.01 secs] 
2012-10-19T14:52:32.384-0400: [GC [ParNew: 225761K->4213K(249216K), 0.0073930 secs] 1101669K->880767K(8360960K) icms_dc=0 , 0.0075660 secs] [Times: user=0.07 sys=0.01, real=0.00 secs] 
2012-10-19T14:52:43.085-0400: [GC [ParNew: 225781K->4583K(249216K), 0.0108640 secs] 1102335K->881433K(8360960K) icms_dc=0 , 0.0110790 secs] [Times: user=0.09 sys=0.03, real=0.01 secs] 
2012-10-19T14:52:57.166-0400: [GC [ParNew: 226151K->4607K(249216K), 0.0107240 secs] 1103001K->881691K(8360960K) icms_dc=0 , 0.0109140 secs] [Times: user=0.09 sys=0.02, real=0.01 secs] 
2012-10-19T14:53:13.169-0400: [GC [ParNew: 226175K->3979K(249216K), 0.0115600 secs] 1103259K->881904K(8360960K) icms_dc=0 , 0.0117380 secs] [Times: user=0.08 sys=0.03, real=0.01 secs] 
2012-10-19T14:53:22.158-0400: [GC [ParNew: 225547K->4152K(249216K), 0.0108490 secs] 1103472K->882527K(8360960K) icms_dc=0 , 0.0110600 secs] [Times: user=0.08 sys=0.02, real=0.01 secs] 
2012-10-19T14:53:33.914-0400: [GC [ParNew: 225720K->4226K(249216K), 0.0112030 secs] 1104095K->882964K(8360960K) icms_dc=0 , 0.0113820 secs] [Times: user=0.09 sys=0.03, real=0.01 secs] 
2012-10-19T14:53:39.265-0400: [GC [ParNew: 225794K->4510K(249216K), 0.0146000 secs] 1104532K->883638K(8360960K) icms_dc=0 , 0.0147820 secs] [Times: user=0.07 sys=0.02, real=0.01 secs] 
2012-10-19T14:53:43.033-0400: [GC [ParNew: 226078K->5249K(249216K), 0.0169460 secs] 1105206K->884822K(8360960K) icms_dc=0 , 0.0171690 secs] [Times: user=0.08 sys=0.02, real=0.01 secs] 
2012-10-19T14:53:48.635-0400: [GC [ParNew: 226817K->3867K(249216K), 0.0318840 secs] 1106390K->884072K(8360960K) icms_dc=0 , 0.0321670 secs] [Times: user=0.05 sys=0.00, real=0.03 secs] 
2012-10-19T14:54:02.057-0400: [GC [ParNew: 225435K->3719K(249216K), 0.0110300 secs] 1105640K->884538K(8360960K) icms_dc=0 , 0.0112030 secs] [Times: user=0.07 sys=0.02, real=0.01 secs] 
2012-10-19T14:54:14.881-0400: [GC [ParNew: 225287K->3490K(249216K), 0.0120450 secs] 1106106K->884538K(8360960K) icms_dc=0 , 0.0122450 secs] [Times: user=0.11 sys=0.04, real=0.01 secs] 
2012-10-19T14:54:29.407-0400: [GC [ParNew: 225058K->3687K(249216K), 0.0105350 secs] 1106106K->885000K(8360960K) icms_dc=0 , 0.0107190 secs] [Times: user=0.10 sys=0.03, real=0.01 secs] 
2012-10-19T14:54:43.414-0400: [GC [ParNew: 225255K->3565K(249216K), 0.0107170 secs] 1106568K->885501K(8360960K) icms_dc=0 , 0.0109070 secs] [Times: user=0.10 sys=0.02, real=0.01 secs] 
2012-10-19T14:55:00.644-0400: [GC [ParNew: 225133K->3808K(249216K), 0.0080720 secs] 1107069K->885965K(8360960K) icms_dc=0 , 0.0082590 secs] [Times: user=0.08 sys=0.01, real=0.01 secs] 
2012-10-19T14:55:08.404-0400: [GC [ParNew: 225376K->3947K(249216K), 0.0091800 secs] 1107533K->886703K(8360960K) icms_dc=0 , 0.0093770 secs] [Times: user=0.09 sys=0.01, real=0.01 secs] 
2012-10-19T14:55:15.441-0400: [GC [ParNew: 225515K->4909K(249216K), 0.0122500 secs] 1108271K->888102K(8360960K) icms_dc=0 , 0.0125160 secs] [Times: user=0.08 sys=0.01, real=0.01 secs] 
2012-10-19T14:55:28.206-0400: [GC [ParNew: 226477K->4083K(249216K), 0.0093660 secs] 1109670K->887672K(8360960K) icms_dc=0 , 0.0095530 secs] [Times: user=0.08 sys=0.02, real=0.01 secs] 
2012-10-19T14:55:41.707-0400: [GC [ParNew: 225651K->3809K(249216K), 0.0117940 secs] 1109240K->887938K(8360960K) icms_dc=0 , 0.0119980 secs] [Times: user=0.10 sys=0.02, real=0.01 secs] 
2012-10-19T14:55:50.611-0400: [GC [ParNew: 225377K->4233K(249216K), 0.0109040 secs] 1109506K->888671K(8360960K) icms_dc=0 , 0.0110930 secs] [Times: user=0.09 sys=0.03, real=0.02 secs] 
2012-10-19T14:56:02.642-0400: [GC [ParNew: 225801K->3471K(249216K), 0.0106190 secs] 1110239K->888397K(8360960K) icms_dc=0 , 0.0108090 secs] [Times: user=0.11 sys=0.02, real=0.01 secs] 
2012-10-19T14:56:14.078-0400: [GC [ParNew: 225039K->3729K(249216K), 0.0069790 secs] 1109965K->888925K(8360960K) icms_dc=0 , 0.0071690 secs] [Times: user=0.08 sys=0.01, real=0.01 secs] 
2012-10-19T14:56:23.972-0400: [GC [ParNew: 225297K->3925K(249216K), 0.0092530 secs] 1110493K->889638K(8360960K) icms_dc=0 , 0.0094510 secs] [Times: user=0.08 sys=0.02, real=0.01 secs] 
2012-10-19T14:56:37.958-0400: [GC [ParNew: 225493K->3836K(249216K), 0.0093990 secs] 1111206K->889887K(8360960K) icms_dc=0 , 0.0095790 secs] [Times: user=0.07 sys=0.03, real=0.01 secs] 
2012-10-19T14:56:51.176-0400: [GC [ParNew: 225404K->3465K(249216K), 0.0077400 secs] 1111455K->889979K(8360960K) icms_dc=0 , 0.0079500 secs] [Times: user=0.07 sys=0.02, real=0.01 secs] 
2012-10-19T14:57:01.432-0400: [GC [ParNew: 225033K->3330K(249216K), 0.0090640 secs] 1111547K->890078K(8360960K) icms_dc=0 , 0.0092700 secs] [Times: user=0.09 sys=0.01, real=0.01 secs] 
2012-10-19T14:57:13.065-0400: [GC [ParNew: 224898K->3539K(249216K), 0.0104040 secs] 1111646K->890764K(8360960K) icms_dc=0 , 0.0105990 secs] [Times: user=0.09 sys=0.03, real=0.01 secs] 
2012-10-19T14:57:25.112-0400: [GC [ParNew: 225107K->3718K(249216K), 0.0099320 secs] 1112332K->891250K(8360960K) icms_dc=0 , 0.0101270 secs] [Times: user=0.11 sys=0.02, real=0.01 secs] 
2012-10-19T14:57:30.339-0400: [GC [ParNew: 225286K->3527K(249216K), 0.0115620 secs] 1112818K->891621K(8360960K) icms_dc=0 , 0.0117640 secs] [Times: user=0.10 sys=0.03, real=0.01 secs] 
2012-10-19T14:57:43.829-0400: [GC [ParNew: 225095K->3942K(249216K), 0.0106940 secs] 1113189K->892264K(8360960K) icms_dc=0 , 0.0108770 secs] [Times: user=0.12 sys=0.02, real=0.01 secs] 
2012-10-19T14:57:59.143-0400: [GC [ParNew: 225510K->3670K(249216K), 0.0084650 secs] 1113832K->892467K(8360960K) icms_dc=0 , 0.0086600 secs] [Times: user=0.08 sys=0.01, real=0.01 secs] 
2012-10-19T14:58:07.129-0400: [GC [ParNew: 225238K->3739K(249216K), 0.0105420 secs] 1114035K->892884K(8360960K) icms_dc=0 , 0.0107400 secs] [Times: user=0.09 sys=0.03, real=0.01 secs] 
2012-10-19T14:58:16.034-0400: [GC [ParNew: 225307K->3758K(249216K), 0.0056100 secs] 1114452K->893435K(8360960K) icms_dc=0 , 0.0057990 secs] [Times: user=0.05 sys=0.00, real=0.00 secs] 
2012-10-19T14:58:23.912-0400: [GC [ParNew: 225326K->3469K(249216K), 0.0076580 secs] 1115003K->893466K(8360960K) icms_dc=0 , 0.0078460 secs] [Times: user=0.06 sys=0.02, real=0.01 secs] 
2012-10-19T14:58:30.870-0400: [GC [ParNew: 225037K->3242K(249216K), 0.0100310 secs] 1115034K->893885K(8360960K) icms_dc=0 , 0.0102090 secs] [Times: user=0.09 sys=0.02, real=0.01 secs] 
2012-10-19T14:58:38.765-0400: [GC [ParNew: 224810K->3188K(249216K), 0.0109790 secs] 1115453K->894079K(8360960K) icms_dc=0 , 0.0111810 secs] [Times: user=0.10 sys=0.04, real=0.02 secs] 
2012-10-19T14:58:46.884-0400: [GC [ParNew: 224756K->3246K(249216K), 0.0100030 secs] 1115647K->894558K(8360960K) icms_dc=0 , 0.0101870 secs] [Times: user=0.10 sys=0.01, real=0.01 secs] 
2012-10-19T14:58:55.681-0400: [GC [ParNew: 224814K->3215K(249216K), 0.0112200 secs] 1116126K->894895K(8360960K) icms_dc=0 , 0.0114140 secs] [Times: user=0.12 sys=0.02, real=0.01 secs] 
2012-10-19T14:59:03.253-0400: [GC [ParNew: 224783K->3957K(249216K), 0.0081680 secs] 1116463K->895892K(8360960K) icms_dc=0 , 0.0083370 secs] [Times: user=0.06 sys=0.01, real=0.01 secs] 
2012-10-19T14:59:11.127-0400: [GC [ParNew: 225525K->3503K(249216K), 0.0108860 secs] 1117460K->896122K(8360960K) icms_dc=0 , 0.0110810 secs] [Times: user=0.09 sys=0.03, real=0.01 secs] 
2012-10-19T14:59:18.260-0400: [GC [ParNew: 225071K->3197K(249216K), 0.0101920 secs] 1117690K->896142K(8360960K) icms_dc=0 , 0.0103790 secs] [Times: user=0.09 sys=0.03, real=0.01 secs] 
2012-10-19T14:59:26.318-0400: [GC [ParNew: 224765K->3892K(249216K), 0.0101150 secs] 1117710K->897213K(8360960K) icms_dc=0 , 0.0103140 secs] [Times: user=0.09 sys=0.04, real=0.01 secs] 
2012-10-19T14:59:34.069-0400: [GC [ParNew: 225460K->3309K(249216K), 0.0106150 secs] 1118781K->897167K(8360960K) icms_dc=0 , 0.0107920 secs] [Times: user=0.10 sys=0.02, real=0.01 secs] 
2012-10-19T14:59:42.777-0400: [GC [ParNew: 224877K->3486K(249216K), 0.0112090 secs] 1118735K->897644K(8360960K) icms_dc=0 , 0.0114320 secs] [Times: user=0.11 sys=0.03, real=0.01 secs] 
2012-10-19T14:59:54.486-0400: [GC [ParNew: 225054K->3502K(249216K), 0.0103790 secs] 1119212K->898129K(8360960K) icms_dc=0 , 0.0105780 secs] [Times: user=0.10 sys=0.02, real=0.01 secs] 
2012-10-19T15:00:03.989-0400: [GC [ParNew: 225070K->3693K(249216K), 0.0142080 secs] 1119697K->898825K(8360960K) icms_dc=0 , 0.0143920 secs] [Times: user=0.14 sys=0.03, real=0.01 secs] 
2012-10-19T15:00:09.595-0400: [GC [ParNew: 225261K->4824K(249216K), 0.0079480 secs] 1120393K->900177K(8360960K) icms_dc=0 , 0.0081550 secs] [Times: user=0.08 sys=0.01, real=0.01 secs] 
2012-10-19T15:00:15.512-0400: [GC [ParNew: 226392K->7026K(249216K), 0.0124020 secs] 1121745K->902919K(8360960K) icms_dc=0 , 0.0126170 secs] [Times: user=0.13 sys=0.02, real=0.01 secs] 
2012-10-19T15:00:25.843-0400: [GC [ParNew: 228594K->7231K(249216K), 0.0077620 secs] 1124487K->903601K(8360960K) icms_dc=0 , 0.0079620 secs] [Times: user=0.07 sys=0.02, real=0.00 secs] 
2012-10-19T15:00:31.766-0400: [GC [ParNew: 228799K->7144K(249216K), 0.0071280 secs] 1125169K->903924K(8360960K) icms_dc=0 , 0.0073240 secs] [Times: user=0.07 sys=0.01, real=0.01 secs] 
2012-10-19T15:00:49.197-0400: [GC [ParNew: 228712K->6603K(249216K), 0.0104400 secs] 1125492K->904118K(8360960K) icms_dc=0 , 0.0106350 secs] [Times: user=0.09 sys=0.03, real=0.01 secs] 
2012-10-19T15:01:03.498-0400: [GC [ParNew: 228171K->5227K(249216K), 0.0141430 secs] 1125686K->904864K(8360960K) icms_dc=0 , 0.0143520 secs] [Times: user=0.10 sys=0.02, real=0.01 secs] 
2012-10-19T15:01:11.800-0400: [GC [ParNew: 226795K->4082K(249216K), 0.0108910 secs] 1126432K->904321K(8360960K) icms_dc=0 , 0.0110790 secs] [Times: user=0.11 sys=0.02, real=0.01 secs] 
2012-10-19T15:01:24.902-0400: [GC [ParNew: 225650K->3591K(249216K), 0.0099600 secs] 1125889K->904268K(8360960K) icms_dc=0 , 0.0101540 secs] [Times: user=0.08 sys=0.03, real=0.01 secs] 
2012-10-19T15:01:41.124-0400: [GC [ParNew: 225159K->3813K(249216K), 0.0106560 secs] 1125836K->904943K(8360960K) icms_dc=0 , 0.0108530 secs] [Times: user=0.09 sys=0.03, real=0.01 secs] 
2012-10-19T15:01:57.550-0400: [GC [ParNew: 225381K->3552K(249216K), 0.0104220 secs] 1126511K->905081K(8360960K) icms_dc=0 , 0.0106110 secs] [Times: user=0.09 sys=0.03, real=0.01 secs] 
2012-10-19T15:02:15.484-0400: [GC [ParNew: 225120K->4042K(249216K), 0.0074190 secs] 1126649K->905922K(8360960K) icms_dc=0 , 0.0076080 secs] [Times: user=0.09 sys=0.01, real=0.01 secs] 
2012-10-19T15:02:31.688-0400: [GC [ParNew: 225610K->4121K(249216K), 0.0103410 secs] 1127490K->906321K(8360960K) icms_dc=0 , 0.0105530 secs] [Times: user=0.10 sys=0.03, real=0.01 secs] 
2012-10-19T15:02:36.201-0400: [GC [ParNew: 225689K->4162K(249216K), 0.0106980 secs] 1127889K->906888K(8360960K) icms_dc=0 , 0.0108970 secs] [Times: user=0.07 sys=0.03, real=0.01 secs] 
2012-10-19T15:02:42.167-0400: [GC [ParNew: 225730K->3682K(249216K), 0.0069110 secs] 1128456K->906872K(8360960K) icms_dc=0 , 0.0071100 secs] [Times: user=0.07 sys=0.01, real=0.01 secs] 
2012-10-19T15:02:53.497-0400: [GC [ParNew: 225250K->5053K(249216K), 0.0105820 secs] 1128440K->908520K(8360960K) icms_dc=0 , 0.0108120 secs] [Times: user=0.06 sys=0.01, real=0.01 secs] 
2012-10-19T15:03:04.494-0400: [GC [ParNew: 226621K->3865K(249216K), 0.0105040 secs] 1130088K->907851K(8360960K) icms_dc=0 , 0.0106950 secs] [Times: user=0.08 sys=0.03, real=0.01 secs] 
2012-10-19T15:03:23.589-0400: [GC [ParNew: 225433K->3487K(249216K), 0.0095080 secs] 1129419K->907732K(8360960K) icms_dc=0 , 0.0097080 secs] [Times: user=0.09 sys=0.02, real=0.01 secs] 
2012-10-19T15:03:37.433-0400: [GC [ParNew: 225055K->3360K(249216K), 0.0117120 secs] 1129300K->907981K(8360960K) icms_dc=0 , 0.0119020 secs] [Times: user=0.11 sys=0.02, real=0.01 secs] 
2012-10-19T15:03:51.232-0400: [GC [ParNew: 224928K->4406K(249216K), 0.0128250 secs] 1129549K->909424K(8360960K) icms_dc=0 , 0.0130260 secs] [Times: user=0.09 sys=0.02, real=0.01 secs] 
2012-10-19T15:04:10.266-0400: [GC [ParNew: 225974K->4107K(249216K), 0.0091630 secs] 1130992K->909364K(8360960K) icms_dc=0 , 0.0093260 secs] [Times: user=0.06 sys=0.01, real=0.01 secs] 
2012-10-19T15:04:20.433-0400: [GC [ParNew: 225675K->3825K(249216K), 0.0138980 secs] 1130932K->909442K(8360960K) icms_dc=0 , 0.0140950 secs] [Times: user=0.10 sys=0.02, real=0.02 secs] 
2012-10-19T15:04:36.097-0400: [GC [ParNew: 225393K->4731K(249216K), 0.0121010 secs] 1131010K->910701K(8360960K) icms_dc=0 , 0.0122850 secs] [Times: user=0.09 sys=0.02, real=0.02 secs] 
2012-10-19T15:04:46.400-0400: [GC [ParNew: 226299K->4127K(249216K), 0.0112250 secs] 1132269K->910699K(8360960K) icms_dc=0 , 0.0113960 secs] [Times: user=0.08 sys=0.02, real=0.01 secs] 
2012-10-19T15:05:01.189-0400: [GC [ParNew: 225695K->3538K(249216K), 0.0084450 secs] 1132267K->910462K(8360960K) icms_dc=0 , 0.0086220 secs] [Times: user=0.07 sys=0.02, real=0.01 secs] 
2012-10-19T15:05:14.125-0400: [GC [ParNew: 225106K->3829K(249216K), 0.0104030 secs] 1132030K->911456K(8360960K) icms_dc=0 , 0.0105860 secs] [Times: user=0.09 sys=0.02, real=0.01 secs] 
2012-10-19T15:05:24.643-0400: [GC [ParNew: 225397K->3806K(249216K), 0.0110170 secs] 1133024K->911839K(8360960K) icms_dc=0 , 0.0111980 secs] [Times: user=0.10 sys=0.02, real=0.01 secs] 
2012-10-19T15:05:42.905-0400: [GC [ParNew: 225374K->4120K(249216K), 0.0088530 secs] 1133407K->912410K(8360960K) icms_dc=0 , 0.0090310 secs] [Times: user=0.09 sys=0.01, real=0.01 secs] 
2012-10-19T15:06:02.145-0400: [GC [ParNew: 225688K->4587K(249216K), 0.0113980 secs] 1133978K->913223K(8360960K) icms_dc=0 , 0.0115890 secs] [Times: user=0.11 sys=0.02, real=0.01 secs] 
2012-10-19T15:06:17.679-0400: [GC [ParNew: 226155K->4363K(249216K), 0.0094830 secs] 1134791K->913856K(8360960K) icms_dc=0 , 0.0096570 secs] [Times: user=0.09 sys=0.02, real=0.01 secs] 
2012-10-19T15:06:31.799-0400: [GC [ParNew: 225931K->4489K(249216K), 0.0093900 secs] 1135424K->914533K(8360960K) icms_dc=0 , 0.0095680 secs] [Times: user=0.08 sys=0.03, real=0.01 secs] 
2012-10-19T15:06:46.933-0400: [GC [ParNew: 226057K->4527K(249216K), 0.0107300 secs] 1136101K->915115K(8360960K) icms_dc=0 , 0.0109210 secs] [Times: user=0.09 sys=0.02, real=0.01 secs] 
2012-10-19T15:06:57.009-0400: [GC [ParNew: 226095K->4564K(249216K), 0.0105030 secs] 1136683K->915559K(8360960K) icms_dc=0 , 0.0106720 secs] [Times: user=0.10 sys=0.03, real=0.01 secs] 
2012-10-19T15:07:12.183-0400: [GC [ParNew: 226132K->3607K(249216K), 0.0100560 secs] 1137127K->914991K(8360960K) icms_dc=0 , 0.0102320 secs] [Times: user=0.10 sys=0.03, real=0.01 secs] 
2012-10-19T15:07:28.628-0400: [GC [ParNew: 225175K->4561K(249216K), 0.0319600 secs] 1136559K->916489K(8360960K) icms_dc=0 , 0.0322120 secs] [Times: user=0.05 sys=0.00, real=0.03 secs] 
2012-10-19T15:07:32.972-0400: [GC [ParNew: 226129K->4016K(249216K), 0.0115920 secs] 1138057K->916349K(8360960K) icms_dc=0 , 0.0117470 secs] [Times: user=0.09 sys=0.02, real=0.01 secs] 
2012-10-19T15:07:46.829-0400: [GC [ParNew: 225584K->3956K(249216K), 0.0062810 secs] 1137917K->916650K(8360960K) icms_dc=0 , 0.0064610 secs] [Times: user=0.06 sys=0.01, real=0.00 secs] 
2012-10-19T15:08:01.368-0400: [GC [ParNew: 225524K->3702K(249216K), 0.0099740 secs] 1138218K->916760K(8360960K) icms_dc=0 , 0.0101440 secs] [Times: user=0.10 sys=0.02, real=0.01 secs] 
2012-10-19T15:08:13.695-0400: [GC [ParNew: 225270K->4069K(249216K), 0.0062400 secs] 1138328K->917559K(8360960K) icms_dc=0 , 0.0064080 secs] [Times: user=0.06 sys=0.00, real=0.01 secs] 
2012-10-19T15:08:23.530-0400: [GC [ParNew: 225637K->3938K(249216K), 0.0094200 secs] 1139127K->917770K(8360960K) icms_dc=0 , 0.0096050 secs] [Times: user=0.08 sys=0.02, real=0.01 secs] 
2012-10-19T15:08:36.461-0400: [GC [ParNew: 225506K->4601K(249216K), 0.0126370 secs] 1139338K->918972K(8360960K) icms_dc=0 , 0.0128350 secs] [Times: user=0.08 sys=0.02, real=0.02 secs] 
2012-10-19T15:08:42.881-0400: [GC [ParNew: 226169K->3581K(249216K), 0.0124930 secs] 1140540K->918479K(8360960K) icms_dc=0 , 0.0126450 secs] [Times: user=0.09 sys=0.03, real=0.01 secs] 
2012-10-19T15:08:54.865-0400: [GC [ParNew: 225149K->3494K(249216K), 0.0099350 secs] 1140047K->918704K(8360960K) icms_dc=0 , 0.0101140 secs] [Times: user=0.09 sys=0.02, real=0.01 secs] 
2012-10-19T15:09:03.211-0400: [GC [ParNew: 225062K->4333K(249216K), 0.0078930 secs] 1140272K->919950K(8360960K) icms_dc=0 , 0.0080900 secs] [Times: user=0.04 sys=0.01, real=0.01 secs] 
2012-10-19T15:09:10.156-0400: [GC [ParNew: 225901K->3427K(249216K), 0.0082830 secs] 1141518K->919488K(8360960K) icms_dc=0 , 0.0084460 secs] [Times: user=0.08 sys=0.01, real=0.01 secs] 
2012-10-19T15:09:20.763-0400: [GC [ParNew: 224995K->3519K(249216K), 0.0083090 secs] 1141056K->919936K(8360960K) icms_dc=0 , 0.0084760 secs] [Times: user=0.08 sys=0.02, real=0.01 secs] 
2012-10-19T15:09:36.774-0400: [GC [ParNew: 225087K->4017K(249216K), 0.0131860 secs] 1141504K->920811K(8360960K) icms_dc=0 , 0.0133900 secs] [Times: user=0.08 sys=0.03, real=0.01 secs] 
2012-10-19T15:09:50.844-0400: [GC [ParNew: 225585K->4203K(249216K), 0.0091580 secs] 1142379K->921321K(8360960K) icms_dc=0 , 0.0093440 secs] [Times: user=0.09 sys=0.02, real=0.01 secs] 
2012-10-19T15:10:04.615-0400: [GC [ParNew: 225771K->4217K(249216K), 0.0075990 secs] 1142889K->921686K(8360960K) icms_dc=0 , 0.0077960 secs] [Times: user=0.06 sys=0.03, real=0.01 secs] 
2012-10-19T15:10:13.206-0400: [GC [ParNew: 225785K->3769K(249216K), 0.0101680 secs] 1143254K->921585K(8360960K) icms_dc=0 , 0.0103550 secs] [Times: user=0.10 sys=0.02, real=0.01 secs] 
2012-10-19T15:10:26.397-0400: [GC [ParNew: 225337K->3719K(249216K), 0.0096230 secs] 1143153K->922058K(8360960K) icms_dc=0 , 0.0098130 secs] [Times: user=0.09 sys=0.03, real=0.01 secs] 
2012-10-19T15:10:41.178-0400: [GC [ParNew: 225287K->3400K(249216K), 0.0151450 secs] 1143626K->922195K(8360960K) icms_dc=0 , 0.0153540 secs] [Times: user=0.12 sys=0.02, real=0.02 secs] 
2012-10-19T15:10:52.594-0400: [GC [ParNew: 224968K->4708K(249216K), 0.0112330 secs] 1143763K->923979K(8360960K) icms_dc=0 , 0.0114060 secs] [Times: user=0.08 sys=0.03, real=0.01 secs] 
2012-10-19T15:10:59.426-0400: [GC [ParNew: 226276K->3667K(249216K), 0.0099870 secs] 1145547K->923118K(8360960K) icms_dc=0 , 0.0101770 secs] [Times: user=0.10 sys=0.02, real=0.01 secs] 
2012-10-19T15:11:05.075-0400: [GC [ParNew: 225235K->3089K(249216K), 0.0085530 secs] 1144686K->922992K(8360960K) icms_dc=0 , 0.0087300 secs] [Times: user=0.09 sys=0.01, real=0.01 secs] 
2012-10-19T15:11:18.392-0400: [GC [ParNew: 224657K->3419K(249216K), 0.0086110 secs] 1144560K->923716K(8360960K) icms_dc=0 , 0.0088140 secs] [Times: user=0.08 sys=0.02, real=0.01 secs] 
2012-10-19T15:11:38.696-0400: [GC [ParNew: 224987K->2963K(249216K), 0.0105500 secs] 1145284K->923652K(8360960K) icms_dc=0 , 0.0107430 secs] [Times: user=0.10 sys=0.03, real=0.01 secs] 
2012-10-19T15:11:49.729-0400: [GC [ParNew: 224531K->3335K(249216K), 0.0098190 secs] 1145220K->924300K(8360960K) icms_dc=0 , 0.0100120 secs] [Times: user=0.09 sys=0.03, real=0.01 secs] 
2012-10-19T15:12:03.816-0400: [GC [ParNew: 224903K->3742K(249216K), 0.0098750 secs] 1145868K->925051K(8360960K) icms_dc=0 , 0.0100660 secs] [Times: user=0.10 sys=0.02, real=0.01 secs] 
2012-10-19T15:12:18.837-0400: [GC [ParNew: 225310K->3460K(249216K), 0.0101420 secs] 1146619K->925059K(8360960K) icms_dc=0 , 0.0103300 secs] [Times: user=0.10 sys=0.02, real=0.01 secs] 
2012-10-19T15:12:32.271-0400: [GC [ParNew: 225028K->3778K(249216K), 0.0106520 secs] 1146627K->925756K(8360960K) icms_dc=0 , 0.0108540 secs] [Times: user=0.09 sys=0.04, real=0.01 secs] 
2012-10-19T15:12:47.679-0400: [GC [ParNew: 225346K->4054K(249216K), 0.0093480 secs] 1147324K->926424K(8360960K) icms_dc=0 , 0.0095430 secs] [Times: user=0.09 sys=0.03, real=0.01 secs] 
2012-10-19T15:13:01.375-0400: [GC [ParNew: 225622K->3765K(249216K), 0.0075270 secs] 1147992K->926501K(8360960K) icms_dc=0 , 0.0077270 secs] [Times: user=0.07 sys=0.02, real=0.01 secs] 
2012-10-19T15:13:17.533-0400: [GC [ParNew: 225333K->4002K(249216K), 0.0095210 secs] 1148069K->927035K(8360960K) icms_dc=0 , 0.0097190 secs] [Times: user=0.09 sys=0.02, real=0.01 secs] 
2012-10-19T15:13:35.002-0400: [GC [ParNew: 225570K->3501K(249216K), 0.0094150 secs] 1148603K->926917K(8360960K) icms_dc=0 , 0.0096080 secs] [Times: user=0.09 sys=0.03, real=0.01 secs] 
2012-10-19T15:13:41.559-0400: [GC [ParNew: 225069K->3599K(249216K), 0.0112020 secs] 1148485K->927625K(8360960K) icms_dc=0 , 0.0114000 secs] [Times: user=0.08 sys=0.03, real=0.01 secs] 
2012-10-19T15:13:55.076-0400: [GC [ParNew: 225167K->3132K(249216K), 0.0131420 secs] 1149193K->927555K(8360960K) icms_dc=0 , 0.0133560 secs] [Times: user=0.13 sys=0.03, real=0.01 secs] 
2012-10-19T15:14:13.204-0400: [GC [ParNew: 224700K->3318K(249216K), 0.0108010 secs] 1149123K->928087K(8360960K) icms_dc=0 , 0.0110050 secs] [Times: user=0.10 sys=0.02, real=0.01 secs] 
2012-10-19T15:14:33.649-0400: [GC [ParNew: 224886K->3556K(249216K), 0.0103070 secs] 1149655K->928604K(8360960K) icms_dc=0 , 0.0104910 secs] [Times: user=0.09 sys=0.04, real=0.01 secs] 
2012-10-19T15:14:49.490-0400: [GC [ParNew: 225124K->4496K(249216K), 0.0146360 secs] 1150172K->929727K(8360960K) icms_dc=0 , 0.0148680 secs] [Times: user=0.12 sys=0.03, real=0.01 secs] 
2012-10-19T15:15:01.487-0400: [GC [ParNew: 226064K->4042K(249216K), 0.0083970 secs] 1151295K->929722K(8360960K) icms_dc=0 , 0.0085880 secs] [Times: user=0.08 sys=0.01, real=0.01 secs] 
2012-10-19T15:15:08.977-0400: [GC [ParNew: 225610K->4891K(249216K), 0.0147780 secs] 1151290K->930962K(8360960K) icms_dc=0 , 0.0149970 secs] [Times: user=0.07 sys=0.01, real=0.02 secs] 
2012-10-19T15:15:16.446-0400: [GC [ParNew: 226459K->7370K(249216K), 0.0133520 secs] 1152530K->934017K(8360960K) icms_dc=0 , 0.0135650 secs] [Times: user=0.10 sys=0.02, real=0.01 secs] 
2012-10-19T15:15:30.735-0400: [GC [ParNew: 228938K->6840K(249216K), 0.0094480 secs] 1155585K->933887K(8360960K) icms_dc=0 , 0.0096690 secs] [Times: user=0.10 sys=0.01, real=0.01 secs] 
2012-10-19T15:15:39.137-0400: [GC [ParNew: 228408K->6675K(249216K), 0.0099560 secs] 1155455K->934073K(8360960K) icms_dc=0 , 0.0101500 secs] [Times: user=0.10 sys=0.02, real=0.01 secs] 
2012-10-19T15:15:48.382-0400: [GC [ParNew: 228243K->6418K(249216K), 0.0106350 secs] 1155641K->934576K(8360960K) icms_dc=0 , 0.0108340 secs] [Times: user=0.09 sys=0.03, real=0.01 secs] 
2012-10-19T15:16:00.020-0400: [GC [ParNew: 227986K->5047K(249216K), 0.0178400 secs] 1156144K->935682K(8360960K) icms_dc=0 , 0.0180730 secs] [Times: user=0.12 sys=0.02, real=0.01 secs] 
2012-10-19T15:16:14.232-0400: [GC [ParNew: 226615K->3699K(249216K), 0.0112080 secs] 1157250K->934868K(8360960K) icms_dc=0 , 0.0114010 secs] [Times: user=0.07 sys=0.03, real=0.01 secs] 
2012-10-19T15:16:26.768-0400: [GC [ParNew: 225267K->3093K(249216K), 0.0100370 secs] 1156436K->934579K(8360960K) icms_dc=0 , 0.0102510 secs] [Times: user=0.09 sys=0.03, real=0.01 secs] 
2012-10-19T15:16:40.390-0400: [GC [ParNew: 224661K->4338K(249216K), 0.0158380 secs] 1156147K->936132K(8360960K) icms_dc=0 , 0.0160940 secs] [Times: user=0.10 sys=0.01, real=0.02 secs] 
2012-10-19T15:16:44.980-0400: [GC [ParNew: 225906K->3762K(249216K), 0.0131560 secs] 1157700K->935979K(8360960K) icms_dc=0 , 0.0133710 secs] [Times: user=0.09 sys=0.03, real=0.01 secs] 
2012-10-19T15:16:57.524-0400: [GC [ParNew: 225330K->4011K(249216K), 0.0108460 secs] 1157547K->936580K(8360960K) icms_dc=0 , 0.0110550 secs] [Times: user=0.10 sys=0.02, real=0.01 secs] 
2012-10-19T15:17:09.482-0400: [GC [ParNew: 225579K->3643K(249216K), 0.0084020 secs] 1158148K->936675K(8360960K) icms_dc=0 , 0.0085950 secs] [Times: user=0.09 sys=0.02, real=0.01 secs] 
2012-10-19T15:17:22.951-0400: [GC [ParNew: 225211K->4093K(249216K), 0.0056830 secs] 1158243K->937443K(8360960K) icms_dc=0 , 0.0058650 secs] [Times: user=0.05 sys=0.00, real=0.00 secs] 
2012-10-19T15:17:36.350-0400: [GC [ParNew: 225661K->4080K(249216K), 0.0094540 secs] 1159011K->937674K(8360960K) icms_dc=0 , 0.0096380 secs] [Times: user=0.09 sys=0.02, real=0.01 secs] 
2012-10-19T15:17:43.069-0400: [GC [ParNew: 225648K->3996K(249216K), 0.0099590 secs] 1159242K->938231K(8360960K) icms_dc=0 , 0.0101470 secs] [Times: user=0.10 sys=0.03, real=0.01 secs] 
2012-10-19T15:17:55.577-0400: [GC [ParNew: 225564K->3693K(249216K), 0.0106150 secs] 1159799K->938415K(8360960K) icms_dc=0 , 0.0108090 secs] [Times: user=0.10 sys=0.02, real=0.01 secs] 
2012-10-19T15:18:05.250-0400: [GC [ParNew: 225261K->3552K(249216K), 0.0091200 secs] 1159983K->938640K(8360960K) icms_dc=0 , 0.0093080 secs] [Times: user=0.08 sys=0.02, real=0.01 secs] 
2012-10-19T15:18:19.066-0400: [GC [ParNew: 225120K->3946K(249216K), 0.0108800 secs] 1160208K->939485K(8360960K) icms_dc=0 , 0.0110780 secs] [Times: user=0.08 sys=0.03, real=0.01 secs] 
2012-10-19T15:18:36.828-0400: [GC [ParNew: 225514K->3088K(249216K), 0.0086850 secs] 1161053K->938909K(8360960K) icms_dc=0 , 0.0088740 secs] [Times: user=0.08 sys=0.02, real=0.01 secs] 
2012-10-19T15:18:52.909-0400: [GC [ParNew: 224656K->3157K(249216K), 0.0088930 secs] 1160477K->939314K(8360960K) icms_dc=0 , 0.0090850 secs] [Times: user=0.08 sys=0.03, real=0.01 secs] 
2012-10-19T15:19:00.088-0400: [GC [ParNew: 224725K->3491K(249216K), 0.0106780 secs] 1160882K->939936K(8360960K) icms_dc=0 , 0.0108650 secs] [Times: user=0.08 sys=0.02, real=0.01 secs] 
2012-10-19T15:19:07.973-0400: [GC [ParNew: 225059K->3119K(249216K), 0.0150910 secs] 1161504K->939998K(8360960K) icms_dc=0 , 0.0153240 secs] [Times: user=0.09 sys=0.02, real=0.02 secs] 
2012-10-19T15:19:13.853-0400: [GC [ParNew: 224687K->3394K(249216K), 0.0109050 secs] 1161566K->940708K(8360960K) icms_dc=0 , 0.0110970 secs] [Times: user=0.09 sys=0.02, real=0.01 secs] 
2012-10-19T15:19:23.106-0400: [GC [ParNew: 224962K->2956K(249216K), 0.0105630 secs] 1162276K->940751K(8360960K) icms_dc=0 , 0.0107810 secs] [Times: user=0.09 sys=0.03, real=0.01 secs] 
2012-10-19T15:19:30.540-0400: [GC [ParNew: 224524K->2931K(249216K), 0.0106600 secs] 1162319K->941073K(8360960K) icms_dc=0 , 0.0108440 secs] [Times: user=0.11 sys=0.01, real=0.01 secs] 
2012-10-19T15:19:41.729-0400: [GC [ParNew: 224499K->3369K(249216K), 0.0114580 secs] 1162641K->941804K(8360960K) icms_dc=0 , 0.0116680 secs] [Times: user=0.08 sys=0.01, real=0.02 secs] 
2012-10-19T15:19:52.225-0400: [GC [ParNew: 224937K->3624K(249216K), 0.0096740 secs] 1163372K->942370K(8360960K) icms_dc=0 , 0.0098600 secs] [Times: user=0.07 sys=0.03, real=0.01 secs] 
2012-10-19T15:20:03.625-0400: [GC [ParNew: 225192K->3513K(249216K), 0.0101850 secs] 1163938K->942826K(8360960K) icms_dc=0 , 0.0103850 secs] [Times: user=0.09 sys=0.01, real=0.01 secs] 
2012-10-19T15:20:14.395-0400: [GC [ParNew: 225081K->4531K(249216K), 0.0080400 secs] 1164394K->944057K(8360960K) icms_dc=0 , 0.0082350 secs] [Times: user=0.07 sys=0.01, real=0.01 secs] 
2012-10-19T15:20:25.007-0400: [GC [ParNew: 226099K->4493K(249216K), 0.0112920 secs] 1165625K->944473K(8360960K) icms_dc=0 , 0.0115140 secs] [Times: user=0.10 sys=0.02, real=0.01 secs] 
2012-10-19T15:20:36.562-0400: [GC [ParNew: 226061K->4038K(249216K), 0.0102970 secs] 1166041K->944423K(8360960K) icms_dc=0 , 0.0104950 secs] [Times: user=0.10 sys=0.03, real=0.01 secs] 
2012-10-19T15:20:48.607-0400: [GC [ParNew: 225606K->5133K(249216K), 0.0126420 secs] 1165991K->946030K(8360960K) icms_dc=0 , 0.0128430 secs] [Times: user=0.11 sys=0.03, real=0.01 secs] 
2012-10-19T15:21:00.708-0400: [GC [ParNew: 226701K->4063K(249216K), 0.0137250 secs] 1167598K->945813K(8360960K) icms_dc=0 , 0.0139580 secs] [Times: user=0.09 sys=0.02, real=0.02 secs] 
2012-10-19T15:21:07.873-0400: [GC [ParNew: 225631K->3887K(249216K), 0.0088350 secs] 1167381K->946205K(8360960K) icms_dc=0 , 0.0090590 secs] [Times: user=0.09 sys=0.02, real=0.00 secs] 
2012-10-19T15:21:13.990-0400: [GC [ParNew: 225455K->3879K(249216K), 0.0099030 secs] 1167773K->946712K(8360960K) icms_dc=0 , 0.0101080 secs] [Times: user=0.08 sys=0.03, real=0.01 secs] 
2012-10-19T15:21:21.956-0400: [GC [ParNew: 225447K->3304K(249216K), 0.0077230 secs] 1168280K->946689K(8360960K) icms_dc=0 , 0.0079220 secs] [Times: user=0.08 sys=0.02, real=0.00 secs] 
2012-10-19T15:21:31.479-0400: [GC [ParNew: 224872K->3391K(249216K), 0.0125100 secs] 1168257K->947262K(8360960K) icms_dc=0 , 0.0127280 secs] [Times: user=0.13 sys=0.02, real=0.01 secs] 
2012-10-19T15:21:37.857-0400: [GC [ParNew: 224959K->3305K(249216K), 0.0099040 secs] 1168830K->947492K(8360960K) icms_dc=0 , 0.0100970 secs] [Times: user=0.09 sys=0.03, real=0.01 secs] 
2012-10-19T15:21:46.789-0400: [GC [ParNew: 224873K->3660K(249216K), 0.0105750 secs] 1169060K->948211K(8360960K) icms_dc=0 , 0.0107690 secs] [Times: user=0.10 sys=0.02, real=0.01 secs] 
2012-10-19T15:21:54.109-0400: [GC [ParNew: 225228K->3947K(249216K), 0.0101560 secs] 1169779K->948922K(8360960K) icms_dc=0 , 0.0103450 secs] [Times: user=0.10 sys=0.02, real=0.02 secs] 
2012-10-19T15:22:01.278-0400: [GC [ParNew: 225515K->3683K(249216K), 0.0076420 secs] 1170490K->949030K(8360960K) icms_dc=0 , 0.0078430 secs] [Times: user=0.07 sys=0.01, real=0.01 secs] 
2012-10-19T15:22:12.785-0400: [GC [ParNew: 225251K->3833K(249216K), 0.0082040 secs] 1170598K->949699K(8360960K) icms_dc=0 , 0.0084180 secs] [Times: user=0.08 sys=0.01, real=0.01 secs] 
2012-10-19T15:22:17.515-0400: [GC [ParNew: 225401K->3817K(249216K), 0.0100840 secs] 1171267K->950267K(8360960K) icms_dc=0 , 0.0102870 secs] [Times: user=0.08 sys=0.04, real=0.01 secs] 
2012-10-19T15:22:28.376-0400: [GC [ParNew: 225385K->4084K(249216K), 0.0092570 secs] 1171835K->950731K(8360960K) icms_dc=0 , 0.0094450 secs] [Times: user=0.08 sys=0.03, real=0.01 secs] 
2012-10-19T15:22:40.763-0400: [GC [ParNew: 225652K->4217K(249216K), 0.0156450 secs] 1172299K->951387K(8360960K) icms_dc=0 , 0.0158590 secs] [Times: user=0.07 sys=0.02, real=0.02 secs] 
2012-10-19T15:22:47.076-0400: [GC [ParNew: 225785K->3798K(249216K), 0.0122090 secs] 1172955K->951415K(8360960K) icms_dc=0 , 0.0123920 secs] [Times: user=0.10 sys=0.01, real=0.02 secs] 
2012-10-19T15:22:59.031-0400: [GC [ParNew: 225366K->3445K(249216K), 0.0112400 secs] 1172983K->951343K(8360960K) icms_dc=0 , 0.0114420 secs] [Times: user=0.09 sys=0.03, real=0.01 secs] 
2012-10-19T15:23:10.287-0400: [GC [ParNew: 225013K->3433K(249216K), 0.0102420 secs] 1172911K->951821K(8360960K) icms_dc=0 , 0.0104260 secs] [Times: user=0.10 sys=0.02, real=0.01 secs] 
2012-10-19T15:23:25.203-0400: [GC [ParNew: 225001K->3654K(249216K), 0.0089290 secs] 1173389K->952366K(8360960K) icms_dc=0 , 0.0091520 secs] [Times: user=0.09 sys=0.01, real=0.01 secs] 
2012-10-19T15:23:36.586-0400: [GC [ParNew: 225222K->4160K(249216K), 0.0117930 secs] 1173934K->953229K(8360960K) icms_dc=0 , 0.0119870 secs] [Times: user=0.12 sys=0.03, real=0.01 secs] 
2012-10-19T15:23:46.504-0400: [GC [ParNew: 225728K->4150K(249216K), 0.0087390 secs] 1174797K->953516K(8360960K) icms_dc=0 , 0.0089250 secs] [Times: user=0.08 sys=0.03, real=0.01 secs] 
2012-10-19T15:23:59.964-0400: [GC [ParNew: 225718K->4183K(249216K), 0.0092080 secs] 1175084K->953978K(8360960K) icms_dc=0 , 0.0094270 secs] [Times: user=0.08 sys=0.02, real=0.01 secs] 
2012-10-19T15:24:08.538-0400: [GC [ParNew: 225751K->3537K(249216K), 0.0104630 secs] 1175546K->953692K(8360960K) icms_dc=0 , 0.0106580 secs] [Times: user=0.09 sys=0.04, real=0.01 secs] 
2012-10-19T15:24:18.494-0400: [GC [ParNew: 225105K->3878K(249216K), 0.0111790 secs] 1175260K->954473K(8360960K) icms_dc=0 , 0.0113780 secs] [Times: user=0.10 sys=0.02, real=0.01 secs] 
2012-10-19T15:24:30.110-0400: [GC [ParNew: 225446K->3665K(249216K), 0.0100450 secs] 1176041K->954575K(8360960K) icms_dc=0 , 0.0102350 secs] [Times: user=0.10 sys=0.02, real=0.01 secs] 
2012-10-19T15:24:39.188-0400: [GC [ParNew: 225233K->4282K(249216K), 0.0139030 secs] 1176143K->955674K(8360960K) icms_dc=0 , 0.0141250 secs] [Times: user=0.09 sys=0.02, real=0.01 secs] 
2012-10-19T15:24:44.405-0400: [GC [ParNew: 225850K->3776K(249216K), 0.0112710 secs] 1177242K->955458K(8360960K) icms_dc=0 , 0.0114440 secs] [Times: user=0.08 sys=0.03, real=0.01 secs] 
2012-10-19T15:24:59.551-0400: [GC [ParNew: 225344K->3260K(249216K), 0.0102170 secs] 1177026K->955541K(8360960K) icms_dc=0 , 0.0104000 secs] [Times: user=0.09 sys=0.01, real=0.01 secs] 
2012-10-19T15:25:10.065-0400: [GC [ParNew: 224828K->3702K(249216K), 0.0087880 secs] 1177109K->956428K(8360960K) icms_dc=0 , 0.0089760 secs] [Times: user=0.08 sys=0.02, real=0.01 secs] 
2012-10-19T15:25:22.331-0400: [GC [ParNew: 225270K->3591K(249216K), 0.0078940 secs] 1177996K->956683K(8360960K) icms_dc=0 , 0.0080810 secs] [Times: user=0.08 sys=0.02, real=0.00 secs] 
2012-10-19T15:25:27.177-0400: [GC [ParNew: 225159K->3705K(249216K), 0.0115600 secs] 1178251K->957084K(8360960K) icms_dc=0 , 0.0117540 secs] [Times: user=0.11 sys=0.02, real=0.01 secs] 
2012-10-19T15:25:40.078-0400: [GC [ParNew: 225273K->3474K(249216K), 0.0099770 secs] 1178652K->957288K(8360960K) icms_dc=0 , 0.0101580 secs] [Times: user=0.09 sys=0.03, real=0.01 secs] 
2012-10-19T15:25:51.048-0400: [GC [ParNew: 225042K->3502K(249216K), 0.0110510 secs] 1178856K->957658K(8360960K) icms_dc=0 , 0.0112630 secs] [Times: user=0.09 sys=0.04, real=0.01 secs] 
2012-10-19T15:26:05.049-0400: [GC [ParNew: 225070K->3577K(249216K), 0.0125030 secs] 1179226K->958147K(8360960K) icms_dc=0 , 0.0126940 secs] [Times: user=0.11 sys=0.02, real=0.01 secs] 
2012-10-19T15:26:18.634-0400: [GC [ParNew: 225145K->3775K(249216K), 0.0116590 secs] 1179715K->958622K(8360960K) icms_dc=0 , 0.0118560 secs] [Times: user=0.12 sys=0.02, real=0.01 secs] 
2012-10-19T15:26:33.307-0400: [GC [ParNew: 225343K->3817K(249216K), 0.0072810 secs] 1180190K->958978K(8360960K) icms_dc=0 , 0.0074680 secs] [Times: user=0.08 sys=0.01, real=0.01 secs] 
2012-10-19T15:26:43.292-0400: [GC [ParNew: 225385K->3567K(249216K), 0.0089230 secs] 1180546K->959177K(8360960K) icms_dc=0 , 0.0091110 secs] [Times: user=0.09 sys=0.02, real=0.00 secs] 
2012-10-19T15:26:52.474-0400: [GC [ParNew: 225135K->3599K(249216K), 0.0107020 secs] 1180745K->959499K(8360960K) icms_dc=0 , 0.0109120 secs] [Times: user=0.09 sys=0.03, real=0.02 secs] 
2012-10-19T15:27:05.330-0400: [GC [ParNew: 225167K->3572K(249216K), 0.0090400 secs] 1181067K->960095K(8360960K) icms_dc=0 , 0.0092330 secs] [Times: user=0.09 sys=0.02, real=0.01 secs] 
2012-10-19T15:27:17.262-0400: [GC [ParNew: 225140K->4254K(249216K), 0.0125720 secs] 1181663K->961218K(8360960K) icms_dc=0 , 0.0127840 secs] [Times: user=0.09 sys=0.02, real=0.01 secs] 
2012-10-19T15:27:31.024-0400: [GC [ParNew: 225822K->3961K(249216K), 0.0113250 secs] 1182786K->961325K(8360960K) icms_dc=0 , 0.0115260 secs] [Times: user=0.09 sys=0.03, real=0.01 secs] 
2012-10-19T15:27:43.013-0400: [GC [ParNew: 225529K->3740K(249216K), 0.0107310 secs] 1182893K->961379K(8360960K) icms_dc=0 , 0.0109180 secs] [Times: user=0.11 sys=0.02, real=0.01 secs] 
2012-10-19T15:27:52.025-0400: [GC [ParNew: 225308K->3703K(249216K), 0.0100010 secs] 1182947K->961672K(8360960K) icms_dc=0 , 0.0101980 secs] [Times: user=0.10 sys=0.02, real=0.01 secs] 
2012-10-19T15:28:04.682-0400: [GC [ParNew: 225271K->3634K(249216K), 0.0105120 secs] 1183240K->962098K(8360960K) icms_dc=0 , 0.0107040 secs] [Times: user=0.11 sys=0.02, real=0.01 secs] 
2012-10-19T15:28:15.921-0400: [GC [ParNew: 225202K->3778K(249216K), 0.0094420 secs] 1183666K->962685K(8360960K) icms_dc=0 , 0.0096310 secs] [Times: user=0.09 sys=0.01, real=0.01 secs] 
2012-10-19T15:28:22.263-0400: [GC [ParNew: 225346K->3639K(249216K), 0.0080050 secs] 1184253K->962954K(8360960K) icms_dc=0 , 0.0081680 secs] [Times: user=0.08 sys=0.01, real=0.01 secs] 
2012-10-19T15:28:25.298-0400: [GC [ParNew: 225207K->3993K(249216K), 0.0121230 secs] 1184522K->963754K(8360960K) icms_dc=0 , 0.0123430 secs] [Times: user=0.10 sys=0.02, real=0.01 secs] 
2012-10-19T15:28:33.144-0400: [GC [ParNew: 225561K->2997K(249216K), 0.0099230 secs] 1185322K->963189K(8360960K) icms_dc=0 , 0.0100900 secs] [Times: user=0.10 sys=0.02, real=0.01 secs] 
2012-10-19T15:28:40.666-0400: [GC [ParNew: 224565K->3291K(249216K), 0.0092620 secs] 1184757K->963916K(8360960K) icms_dc=0 , 0.0094290 secs] [Times: user=0.09 sys=0.02, real=0.01 secs] 
2012-10-19T15:28:47.695-0400: [GC [ParNew: 224859K->3265K(249216K), 0.0101860 secs] 1185484K->964237K(8360960K) icms_dc=0 , 0.0103580 secs] [Times: user=0.08 sys=0.03, real=0.01 secs] 
2012-10-19T15:28:57.432-0400: [GC [ParNew: 224833K->3219K(249216K), 0.0100370 secs] 1185805K->964383K(8360960K) icms_dc=0 , 0.0102430 secs] [Times: user=0.10 sys=0.01, real=0.01 secs] 
2012-10-19T15:29:05.445-0400: [GC [ParNew: 224787K->3077K(249216K), 0.0107330 secs] 1185951K->964721K(8360960K) icms_dc=0 , 0.0109100 secs] [Times: user=0.12 sys=0.02, real=0.01 secs] 
2012-10-19T15:29:14.828-0400: [GC [ParNew: 224645K->2955K(249216K), 0.0079820 secs] 1186289K->965101K(8360960K) icms_dc=0 , 0.0081580 secs] [Times: user=0.08 sys=0.01, real=0.01 secs] 
2012-10-19T15:29:21.490-0400: [GC [ParNew: 224523K->3526K(249216K), 0.0096350 secs] 1186669K->965898K(8360960K) icms_dc=0 , 0.0097960 secs] [Times: user=0.09 sys=0.03, real=0.01 secs] 
2012-10-19T15:29:31.035-0400: [GC [ParNew: 225094K->3514K(249216K), 0.0089990 secs] 1187466K->966322K(8360960K) icms_dc=0 , 0.0091710 secs] [Times: user=0.08 sys=0.02, real=0.01 secs] 
2012-10-19T15:29:32.696-0400: [GC [ParNew: 225082K->2519K(249216K), 0.0092000 secs] 1187890K->965658K(8360960K) icms_dc=0 , 0.0093790 secs] [Times: user=0.08 sys=0.02, real=0.01 secs] 
2012-10-19T15:29:36.886-0400: [GC [ParNew: 224087K->3047K(249216K), 0.0330050 secs] 1187226K->966633K(8360960K) icms_dc=0 , 0.0332800 secs] [Times: user=0.06 sys=0.00, real=0.04 secs] 
2012-10-19T15:29:42.026-0400: [GC [ParNew: 224615K->3024K(249216K), 0.0106990 secs] 1188201K->967010K(8360960K) icms_dc=0 , 0.0108880 secs] [Times: user=0.09 sys=0.02, real=0.01 secs] 
2012-10-19T15:29:43.311-0400: [GC [ParNew: 224592K->3446K(249216K), 0.0085210 secs] 1188578K->967984K(8360960K) icms_dc=0 , 0.0087070 secs] [Times: user=0.05 sys=0.00, real=0.01 secs] 
2012-10-19T15:29:47.515-0400: [GC [ParNew: 225014K->2909K(249216K), 0.0107030 secs] 1189552K->967676K(8360960K) icms_dc=0 , 0.0108910 secs] [Times: user=0.09 sys=0.02, real=0.01 secs] 
2012-10-19T15:29:53.217-0400: [GC [ParNew: 224477K->2467K(249216K), 0.0128260 secs] 1189244K->967484K(8360960K) icms_dc=0 , 0.0129850 secs] [Times: user=0.14 sys=0.02, real=0.02 secs] 
2012-10-19T15:30:01.724-0400: [GC [ParNew: 224035K->2504K(249216K), 0.0101160 secs] 1189052K->967889K(8360960K) icms_dc=0 , 0.0102810 secs] [Times: user=0.10 sys=0.03, real=0.01 secs] 
2012-10-19T15:30:09.718-0400: [GC [ParNew: 224072K->3928K(249216K), 0.0107500 secs] 1189457K->969513K(8360960K) icms_dc=0 , 0.0109300 secs] [Times: user=0.08 sys=0.01, real=0.01 secs] 
2012-10-19T15:30:14.284-0400: [GC [ParNew: 225496K->6144K(249216K), 0.0114520 secs] 1191081K->972111K(8360960K) icms_dc=0 , 0.0116500 secs] [Times: user=0.10 sys=0.02, real=0.01 secs] 
2012-10-19T15:30:23.739-0400: [GC [ParNew: 227712K->7144K(249216K), 0.0065570 secs] 1193679K->973310K(8360960K) icms_dc=0 , 0.0067410 secs] [Times: user=0.07 sys=0.01, real=0.01 secs] 
2012-10-19T15:30:35.348-0400: [GC [ParNew: 228712K->8085K(249216K), 0.0196050 secs] 1194878K->974699K(8360960K) icms_dc=0 , 0.0198120 secs] [Times: user=0.12 sys=0.03, real=0.02 secs] 
2012-10-19T15:30:43.882-0400: [GC [ParNew: 229653K->8580K(249216K), 0.0162530 secs] 1196267K->976118K(8360960K) icms_dc=0 , 0.0164440 secs] [Times: user=0.12 sys=0.02, real=0.02 secs] 
2012-10-19T15:30:51.460-0400: [GC [ParNew: 230148K->4424K(249216K), 0.0133260 secs] 1197686K->974103K(8360960K) icms_dc=0 , 0.0135040 secs] [Times: user=0.10 sys=0.04, real=0.01 secs] 
2012-10-19T15:31:05.868-0400: [GC [ParNew: 225992K->3820K(249216K), 0.0106050 secs] 1195671K->974374K(8360960K) icms_dc=0 , 0.0107820 secs] [Times: user=0.10 sys=0.03, real=0.01 secs] 
2012-10-19T15:31:16.144-0400: [GC [ParNew: 225388K->3660K(249216K), 0.0113850 secs] 1195942K->974753K(8360960K) icms_dc=0 , 0.0116360 secs] [Times: user=0.10 sys=0.03, real=0.01 secs] 
2012-10-19T15:31:22.845-0400: [GC [ParNew: 225228K->3399K(249216K), 0.0102250 secs] 1196321K->974785K(8360960K) icms_dc=0 , 0.0103890 secs] [Times: user=0.09 sys=0.02, real=0.01 secs] 
2012-10-19T15:31:34.359-0400: [GC [ParNew: 224967K->3863K(249216K), 0.0118670 secs] 1196353K->975713K(8360960K) icms_dc=0 , 0.0120470 secs] [Times: user=0.10 sys=0.01, real=0.01 secs] 
2012-10-19T15:31:38.306-0400: [GC [ParNew: 225431K->3379K(249216K), 0.0100850 secs] 1197281K->975692K(8360960K) icms_dc=0 , 0.0102500 secs] [Times: user=0.09 sys=0.03, real=0.01 secs] 
2012-10-19T15:31:50.184-0400: [GC [ParNew: 224947K->3289K(249216K), 0.0088030 secs] 1197260K->975978K(8360960K) icms_dc=0 , 0.0089670 secs] [Times: user=0.07 sys=0.03, real=0.01 secs] 
2012-10-19T15:32:03.237-0400: [GC [ParNew: 224857K->3341K(249216K), 0.0105890 secs] 1197546K->976372K(8360960K) icms_dc=0 , 0.0107880 secs] [Times: user=0.09 sys=0.03, real=0.01 secs] 
2012-10-19T15:32:16.945-0400: [GC [ParNew: 224909K->3581K(249216K), 0.0141510 secs] 1197940K->976962K(8360960K) icms_dc=0 , 0.0143630 secs] [Times: user=0.10 sys=0.02, real=0.01 secs] 
2012-10-19T15:32:22.490-0400: [GC [ParNew: 225149K->4229K(249216K), 0.0124350 secs] 1198530K->977923K(8360960K) icms_dc=0 , 0.0126190 secs] [Times: user=0.06 sys=0.01, real=0.02 secs] 
2012-10-19T15:32:25.932-0400: [GC [ParNew: 225797K->3751K(249216K), 0.0109180 secs] 1199491K->977754K(8360960K) icms_dc=0 , 0.0111100 secs] [Times: user=0.10 sys=0.02, real=0.01 secs] 
2012-10-19T15:32:35.548-0400: [GC [ParNew: 225319K->3187K(249216K), 0.0114380 secs] 1199322K->977678K(8360960K) icms_dc=0 , 0.0116130 secs] [Times: user=0.09 sys=0.03, real=0.01 secs] 
2012-10-19T15:32:46.131-0400: [GC [ParNew: 224755K->3933K(249216K), 0.0140150 secs] 1199246K->978892K(8360960K) icms_dc=0 , 0.0142470 secs] [Times: user=0.09 sys=0.03, real=0.01 secs] 
2012-10-19T15:32:58.036-0400: [GC [ParNew: 225501K->3323K(249216K), 0.0058290 secs] 1200460K->978673K(8360960K) icms_dc=0 , 0.0059990 secs] [Times: user=0.06 sys=0.00, real=0.01 secs] 
2012-10-19T15:33:09.811-0400: [GC [ParNew: 224891K->3251K(249216K), 0.0144350 secs] 1200241K->978853K(8360960K) icms_dc=0 , 0.0146080 secs] [Times: user=0.10 sys=0.02, real=0.01 secs] 
2012-10-19T15:33:16.310-0400: [GC [ParNew: 224819K->3140K(249216K), 0.0085350 secs] 1200421K->979063K(8360960K) icms_dc=0 , 0.0087060 secs] [Times: user=0.08 sys=0.01, real=0.00 secs] 
2012-10-19T15:33:31.686-0400: [GC [ParNew: 224708K->3197K(249216K), 0.0105960 secs] 1200631K->979714K(8360960K) icms_dc=0 , 0.0107670 secs] [Times: user=0.09 sys=0.03, real=0.01 secs] 
2012-10-19T15:33:43.751-0400: [GC [ParNew: 224765K->3491K(249216K), 0.0097180 secs] 1201282K->980215K(8360960K) icms_dc=0 , 0.0098830 secs] [Times: user=0.08 sys=0.04, real=0.01 secs] 
2012-10-19T15:33:55.710-0400: [GC [ParNew: 225059K->3464K(249216K), 0.0107990 secs] 1201783K->980584K(8360960K) icms_dc=0 , 0.0109720 secs] [Times: user=0.11 sys=0.02, real=0.01 secs] 
2012-10-19T15:34:05.916-0400: [GC [ParNew: 225032K->3410K(249216K), 0.0108170 secs] 1202152K->980767K(8360960K) icms_dc=0 , 0.0110010 secs] [Times: user=0.09 sys=0.03, real=0.01 secs] 
2012-10-19T15:34:18.778-0400: [GC [ParNew: 224978K->3927K(249216K), 0.0155830 secs] 1202335K->981741K(8360960K) icms_dc=0 , 0.0157980 secs] [Times: user=0.11 sys=0.03, real=0.02 secs] 
2012-10-19T15:34:33.633-0400: [GC [ParNew: 225495K->3688K(249216K), 0.0111620 secs] 1203309K->981779K(8360960K) icms_dc=0 , 0.0113420 secs] [Times: user=0.10 sys=0.03, real=0.01 secs] 
2012-10-19T15:34:48.143-0400: [GC [ParNew: 225256K->3665K(249216K), 0.0084570 secs] 1203347K->982206K(8360960K) icms_dc=0 , 0.0086530 secs] [Times: user=0.08 sys=0.01, real=0.00 secs] 
2012-10-19T15:34:55.345-0400: [GC [ParNew: 225233K->4512K(249216K), 0.0106580 secs] 1203774K->983293K(8360960K) icms_dc=0 , 0.0108970 secs] [Times: user=0.07 sys=0.01, real=0.01 secs] 
2012-10-19T15:35:05.748-0400: [GC [ParNew: 226080K->4277K(249216K), 0.0089930 secs] 1204861K->983662K(8360960K) icms_dc=0 , 0.0091680 secs] [Times: user=0.07 sys=0.01, real=0.01 secs] 
2012-10-19T15:35:15.003-0400: [GC [ParNew: 225845K->4832K(249216K), 0.0083050 secs] 1205230K->984583K(8360960K) icms_dc=0 , 0.0085270 secs] [Times: user=0.06 sys=0.02, real=0.01 secs] 
2012-10-19T15:35:24.388-0400: [GC [ParNew: 226400K->4722K(249216K), 0.0101110 secs] 1206151K->984903K(8360960K) icms_dc=0 , 0.0103220 secs] [Times: user=0.10 sys=0.02, real=0.01 secs] 
2012-10-19T15:35:40.269-0400: [GC [ParNew: 226290K->5300K(249216K), 0.0120220 secs] 1206471K->985748K(8360960K) icms_dc=0 , 0.0122430 secs] [Times: user=0.10 sys=0.02, real=0.02 secs] 
2012-10-19T15:35:49.278-0400: [GC [ParNew: 226868K->4641K(249216K), 0.0108790 secs] 1207316K->985716K(8360960K) icms_dc=0 , 0.0110690 secs] [Times: user=0.10 sys=0.03, real=0.01 secs] 
2012-10-19T15:35:58.984-0400: [GC [ParNew: 226209K->4513K(249216K), 0.0124980 secs] 1207284K->986207K(8360960K) icms_dc=0 , 0.0127240 secs] [Times: user=0.12 sys=0.03, real=0.01 secs] 
2012-10-19T15:36:08.696-0400: [GC [ParNew: 226081K->4509K(249216K), 0.0135930 secs] 1207775K->986856K(8360960K) icms_dc=0 , 0.0138000 secs] [Times: user=0.11 sys=0.02, real=0.01 secs] 
2012-10-19T15:36:19.926-0400: [GC [ParNew: 226077K->3754K(249216K), 0.0101260 secs] 1208424K->986518K(8360960K) icms_dc=0 , 0.0103190 secs] [Times: user=0.10 sys=0.01, real=0.01 secs] 
2012-10-19T15:36:24.715-0400: [GC [ParNew: 225322K->3640K(249216K), 0.0129540 secs] 1208086K->986883K(8360960K) icms_dc=0 , 0.0131510 secs] [Times: user=0.11 sys=0.04, real=0.02 secs] 
2012-10-19T15:36:32.769-0400: [GC [ParNew: 225208K->4387K(249216K), 0.0123240 secs] 1208451K->987955K(8360960K) icms_dc=0 , 0.0125110 secs] [Times: user=0.10 sys=0.03, real=0.01 secs] 
2012-10-19T15:36:43.121-0400: [GC [ParNew: 225955K->3775K(249216K), 0.0120490 secs] 1209523K->987897K(8360960K) icms_dc=0 , 0.0122470 secs] [Times: user=0.10 sys=0.03, real=0.01 secs] 
2012-10-19T15:36:53.450-0400: [GC [ParNew: 225343K->3524K(249216K), 0.0108020 secs] 1209465K->988065K(8360960K) icms_dc=0 , 0.0109850 secs] [Times: user=0.10 sys=0.03, real=0.01 secs] 
2012-10-19T15:37:03.494-0400: [GC [ParNew: 225092K->3352K(249216K), 0.0109770 secs] 1209633K->988129K(8360960K) icms_dc=0 , 0.0111640 secs] [Times: user=0.09 sys=0.04, real=0.01 secs] 
2012-10-19T15:37:14.092-0400: [GC [ParNew: 224920K->3266K(249216K), 0.0094670 secs] 1209697K->988433K(8360960K) icms_dc=0 , 0.0096550 secs] [Times: user=0.10 sys=0.02, real=0.01 secs] 
2012-10-19T15:37:25.500-0400: [GC [ParNew: 224834K->3664K(249216K), 0.0098770 secs] 1210001K->989135K(8360960K) icms_dc=0 , 0.0100650 secs] [Times: user=0.09 sys=0.02, real=0.01 secs] 
2012-10-19T15:37:35.291-0400: [GC [ParNew: 225232K->3469K(249216K), 0.0090450 secs] 1210703K->989365K(8360960K) icms_dc=0 , 0.0092310 secs] [Times: user=0.08 sys=0.01, real=0.01 secs] 
2012-10-19T15:37:46.627-0400: [GC [ParNew: 225037K->3512K(249216K), 0.0090400 secs] 1210933K->989713K(8360960K) icms_dc=0 , 0.0092240 secs] [Times: user=0.08 sys=0.02, real=0.01 secs] 
2012-10-19T15:37:58.093-0400: [GC [ParNew: 225080K->3393K(249216K), 0.0088220 secs] 1211281K->989911K(8360960K) icms_dc=0 , 0.0090450 secs] [Times: user=0.08 sys=0.01, real=0.01 secs] 
2012-10-19T15:38:04.007-0400: [GC [ParNew: 224961K->3458K(249216K), 0.0116770 secs] 1211479K->990401K(8360960K) icms_dc=0 , 0.0118650 secs] [Times: user=0.09 sys=0.03, real=0.01 secs] 
2012-10-19T15:38:14.422-0400: [GC [ParNew: 225026K->3036K(249216K), 0.0108760 secs] 1211969K->990434K(8360960K) icms_dc=0 , 0.0110640 secs] [Times: user=0.10 sys=0.03, real=0.02 secs] 
2012-10-19T15:38:23.648-0400: [GC [ParNew: 224604K->3908K(249216K), 0.0108460 secs] 1212002K->991629K(8360960K) icms_dc=0 , 0.0110370 secs] [Times: user=0.10 sys=0.03, real=0.01 secs] 
2012-10-19T15:38:26.230-0400: [GC [ParNew: 225476K->3588K(249216K), 0.0106160 secs] 1213197K->991696K(8360960K) icms_dc=0 , 0.0108080 secs] [Times: user=0.10 sys=0.02, real=0.01 secs] 
2012-10-19T15:38:35.772-0400: [GC [ParNew: 225156K->3215K(249216K), 0.0112880 secs] 1213264K->991710K(8360960K) icms_dc=0 , 0.0115020 secs] [Times: user=0.09 sys=0.03, real=0.01 secs] 
2012-10-19T15:38:43.440-0400: [GC [ParNew: 224783K->3475K(249216K), 0.0100060 secs] 1213278K->992230K(8360960K) icms_dc=0 , 0.0101830 secs] [Times: user=0.10 sys=0.01, real=0.01 secs] 
2012-10-19T15:38:52.010-0400: [GC [ParNew: 225043K->3434K(249216K), 0.0088210 secs] 1213798K->992829K(8360960K) icms_dc=0 , 0.0090200 secs] [Times: user=0.07 sys=0.02, real=0.01 secs] 
2012-10-19T15:38:56.438-0400: [GC [ParNew: 225002K->3356K(249216K), 0.0096330 secs] 1214397K->992974K(8360960K) icms_dc=0 , 0.0098020 secs] [Times: user=0.08 sys=0.02, real=0.01 secs] 
2012-10-19T15:39:03.155-0400: [GC [ParNew: 224924K->2997K(249216K), 0.0114800 secs] 1214542K->992928K(8360960K) icms_dc=0 , 0.0116960 secs] [Times: user=0.11 sys=0.03, real=0.01 secs] 
2012-10-19T15:39:11.658-0400: [GC [ParNew: 224565K->3461K(249216K), 0.0112320 secs] 1214496K->993733K(8360960K) icms_dc=0 , 0.0114280 secs] [Times: user=0.10 sys=0.02, real=0.01 secs] 
2012-10-19T15:39:17.245-0400: [GC [ParNew: 225029K->3327K(249216K), 0.0109180 secs] 1215301K->993970K(8360960K) icms_dc=0 , 0.0111020 secs] [Times: user=0.11 sys=0.02, real=0.01 secs] 
2012-10-19T15:39:27.151-0400: [GC [ParNew: 224895K->3389K(249216K), 0.0100200 secs] 1215538K->994231K(8360960K) icms_dc=0 , 0.0102050 secs] [Times: user=0.10 sys=0.03, real=0.01 secs] 
2012-10-19T15:39:36.650-0400: [GC [ParNew: 224957K->3508K(249216K), 0.0111790 secs] 1215799K->994727K(8360960K) icms_dc=0 , 0.0113790 secs] [Times: user=0.11 sys=0.03, real=0.01 secs] 
2012-10-19T15:39:47.715-0400: [GC [ParNew: 225076K->3630K(249216K), 0.0120760 secs] 1216295K->995508K(8360960K) icms_dc=0 , 0.0122710 secs] [Times: user=0.11 sys=0.03, real=0.01 secs] 
2012-10-19T15:39:56.866-0400: [GC [ParNew: 225198K->3669K(249216K), 0.0093240 secs] 1217076K->995907K(8360960K) icms_dc=0 , 0.0095230 secs] [Times: user=0.09 sys=0.02, real=0.01 secs] 
2012-10-19T15:40:06.913-0400: [GC [ParNew: 225237K->3925K(249216K), 0.0116390 secs] 1217475K->996481K(8360960K) icms_dc=0 , 0.0118470 secs] [Times: user=0.10 sys=0.02, real=0.01 secs] 
2012-10-19T15:40:14.799-0400: [GC [ParNew: 225493K->3367K(249216K), 0.0100530 secs] 1218049K->996496K(8360960K) icms_dc=0 , 0.0102520 secs] [Times: user=0.09 sys=0.03, real=0.01 secs] 
2012-10-19T15:40:21.684-0400: [GC [ParNew: 224935K->3548K(249216K), 0.0103940 secs] 1218064K->997042K(8360960K) icms_dc=0 , 0.0105810 secs] [Times: user=0.09 sys=0.03, real=0.01 secs] 
2012-10-19T15:40:33.020-0400: [GC [ParNew: 225116K->3835K(249216K), 0.0122770 secs] 1218610K->997747K(8360960K) icms_dc=0 , 0.0124570 secs] [Times: user=0.10 sys=0.02, real=0.01 secs] 
2012-10-19T15:40:44.439-0400: [GC [ParNew: 225403K->3596K(249216K), 0.0107800 secs] 1219315K->997803K(8360960K) icms_dc=0 , 0.0109710 secs] [Times: user=0.12 sys=0.01, real=0.01 secs] 
2012-10-19T15:40:57.217-0400: [GC [ParNew: 225164K->3853K(249216K), 0.0109630 secs] 1219371K->998402K(8360960K) icms_dc=0 , 0.0111480 secs] [Times: user=0.11 sys=0.02, real=0.01 secs] 
2012-10-19T15:41:08.884-0400: [GC [ParNew: 225421K->3837K(249216K), 0.0114320 secs] 1219970K->999014K(8360960K) icms_dc=0 , 0.0116360 secs] [Times: user=0.11 sys=0.02, real=0.01 secs] 
2012-10-19T15:41:21.329-0400: [GC [ParNew: 225405K->3979K(249216K), 0.0098460 secs] 1220582K->999438K(8360960K) icms_dc=0 , 0.0100360 secs] [Times: user=0.10 sys=0.01, real=0.01 secs] 
2012-10-19T15:41:32.834-0400: [GC [ParNew: 225547K->3593K(249216K), 0.0118800 secs] 1221006K->999520K(8360960K) icms_dc=0 , 0.0120820 secs] [Times: user=0.11 sys=0.03, real=0.01 secs] 
2012-10-19T15:41:44.272-0400: [GC [ParNew: 225161K->3616K(249216K), 0.0100570 secs] 1221088K->999875K(8360960K) icms_dc=0 , 0.0102600 secs] [Times: user=0.10 sys=0.03, real=0.01 secs] 
2012-10-19T15:41:57.263-0400: [GC [ParNew: 225184K->3460K(249216K), 0.0113640 secs] 1221443K->1000159K(8360960K) icms_dc=0 , 0.0115640 secs] [Times: user=0.11 sys=0.03, real=0.01 secs] 
2012-10-19T15:42:03.741-0400: [GC [ParNew: 225028K->3281K(249216K), 0.0109170 secs] 1221727K->1000460K(8360960K) icms_dc=0 , 0.0110970 secs] [Times: user=0.09 sys=0.03, real=0.01 secs] 
2012-10-19T15:42:15.440-0400: [GC [ParNew: 224849K->3044K(249216K), 0.0102930 secs] 1222028K->1000555K(8360960K) icms_dc=0 , 0.0104790 secs] [Times: user=0.08 sys=0.03, real=0.01 secs] 
2012-10-19T15:42:28.672-0400: [GC [ParNew: 224612K->3351K(249216K), 0.0106510 secs] 1222123K->1001196K(8360960K) icms_dc=0 , 0.0108400 secs] [Times: user=0.09 sys=0.02, real=0.01 secs] 
2012-10-19T15:42:39.716-0400: [GC [ParNew: 224919K->3822K(249216K), 0.0081050 secs] 1222764K->1002126K(8360960K) icms_dc=0 , 0.0082940 secs] [Times: user=0.06 sys=0.01, real=0.01 secs] 
2012-10-19T15:42:44.427-0400: [GC [ParNew: 225390K->3167K(249216K), 0.0095760 secs] 1223694K->1001704K(8360960K) icms_dc=0 , 0.0097660 secs] [Times: user=0.09 sys=0.02, real=0.01 secs] 
2012-10-19T15:42:47.192-0400: [GC [ParNew: 224735K->3917K(249216K), 0.0142300 secs] 1223272K->1002956K(8360960K) icms_dc=0 , 0.0144310 secs] [Times: user=0.11 sys=0.02, real=0.02 secs] 
2012-10-19T15:42:53.109-0400: [GC [ParNew: 225485K->3245K(249216K), 0.0127270 secs] 1224524K->1002843K(8360960K) icms_dc=0 , 0.0129270 secs] [Times: user=0.12 sys=0.03, real=0.01 secs] 
2012-10-19T15:43:01.111-0400: [GC [ParNew: 224813K->2361K(249216K), 0.0117130 secs] 1224411K->1002377K(8360960K) icms_dc=0 , 0.0119010 secs] [Times: user=0.11 sys=0.03, real=0.01 secs] 
2012-10-19T15:43:11.177-0400: [GC [ParNew: 223929K->2586K(249216K), 0.0117710 secs] 1223945K->1002815K(8360960K) icms_dc=0 , 0.0119730 secs] [Times: user=0.11 sys=0.03, real=0.01 secs] 
2012-10-19T15:43:23.135-0400: [GC [ParNew: 224154K->3472K(249216K), 0.0115730 secs] 1224383K->1003888K(8360960K) icms_dc=0 , 0.0117590 secs] [Times: user=0.11 sys=0.02, real=0.01 secs] 
2012-10-19T15:43:32.766-0400: [GC [ParNew: 225040K->4219K(249216K), 0.0102420 secs] 1225456K->1004911K(8360960K) icms_dc=0 , 0.0104180 secs] [Times: user=0.08 sys=0.02, real=0.01 secs] 
2012-10-19T15:43:41.144-0400: [GC [ParNew: 225787K->3628K(249216K), 0.0133990 secs] 1226479K->1004680K(8360960K) icms_dc=0 , 0.0136080 secs] [Times: user=0.11 sys=0.03, real=0.01 secs] 
2012-10-19T15:43:46.918-0400: [GC [ParNew: 225196K->3582K(249216K), 0.0100070 secs] 1226248K->1004943K(8360960K) icms_dc=0 , 0.0102100 secs] [Times: user=0.10 sys=0.01, real=0.01 secs] 
2012-10-19T15:43:52.586-0400: [GC [ParNew: 225150K->4860K(249216K), 0.0165490 secs] 1226511K->1006856K(8360960K) icms_dc=0 , 0.0167550 secs] [Times: user=0.08 sys=0.02, real=0.02 secs] 
2012-10-19T15:43:54.862-0400: [GC [ParNew: 226428K->4073K(249216K), 0.0095380 secs] 1228424K->1006410K(8360960K) icms_dc=0 , 0.0096920 secs] [Times: user=0.08 sys=0.01, real=0.01 secs] 
2012-10-19T15:43:59.956-0400: [GC [ParNew: 225641K->2963K(249216K), 0.0099090 secs] 1227978K->1005689K(8360960K) icms_dc=0 , 0.0100750 secs] [Times: user=0.09 sys=0.02, real=0.01 secs] 
2012-10-19T15:44:08.182-0400: [GC [ParNew: 224531K->2539K(249216K), 0.0102130 secs] 1227257K->1005666K(8360960K) icms_dc=0 , 0.0103810 secs] [Times: user=0.10 sys=0.02, real=0.01 secs] 
2012-10-19T15:44:16.603-0400: [GC [ParNew: 224107K->2833K(249216K), 0.0103870 secs] 1227234K->1006242K(8360960K) icms_dc=0 , 0.0105670 secs] [Times: user=0.10 sys=0.02, real=0.01 secs] 
2012-10-19T15:44:29.068-0400: [GC [ParNew: 224401K->3389K(249216K), 0.0107760 secs] 1227810K->1006915K(8360960K) icms_dc=0 , 0.0109430 secs] [Times: user=0.10 sys=0.02, real=0.01 secs] 
2012-10-19T15:44:38.872-0400: [GC [ParNew: 224957K->3587K(249216K), 0.0106630 secs] 1228483K->1007507K(8360960K) icms_dc=0 , 0.0108590 secs] [Times: user=0.11 sys=0.02, real=0.01 secs] 
2012-10-19T15:44:50.029-0400: [GC [ParNew: 225155K->4217K(249216K), 0.0123020 secs] 1229075K->1008461K(8360960K) icms_dc=0 , 0.0125340 secs] [Times: user=0.08 sys=0.02, real=0.02 secs] 
2012-10-19T15:44:56.668-0400: [GC [ParNew: 225785K->3639K(249216K), 0.0132160 secs] 1230029K->1008283K(8360960K) icms_dc=0 , 0.0134250 secs] [Times: user=0.10 sys=0.04, real=0.01 secs] 
2012-10-19T15:45:00.195-0400: [GC [ParNew: 225207K->4178K(249216K), 0.0154090 secs] 1229851K->1009379K(8360960K) icms_dc=0 , 0.0156220 secs] [Times: user=0.10 sys=0.03, real=0.01 secs] 
2012-10-19T15:45:01.654-0400: [GC [ParNew: 225746K->3443K(249216K), 0.0084460 secs] 1230947K->1009134K(8360960K) icms_dc=0 , 0.0086580 secs] [Times: user=0.06 sys=0.03, real=0.01 secs] 
2012-10-19T15:45:06.013-0400: [GC [ParNew: 225011K->3227K(249216K), 0.0106430 secs] 1230702K->1009428K(8360960K) icms_dc=0 , 0.0108330 secs] [Times: user=0.08 sys=0.03, real=0.02 secs] 
2012-10-19T15:45:11.293-0400: [GC [ParNew: 224795K->3963K(249216K), 0.0140970 secs] 1230996K->1010805K(8360960K) icms_dc=0 , 0.0143560 secs] [Times: user=0.10 sys=0.02, real=0.02 secs] 
2012-10-19T15:45:16.453-0400: [GC [ParNew: 225531K->3233K(249216K), 0.0116640 secs] 1232373K->1010292K(8360960K) icms_dc=0 , 0.0118590 secs] [Times: user=0.08 sys=0.03, real=0.02 secs] 
2012-10-19T15:45:22.519-0400: [GC [ParNew: 224801K->4052K(249216K), 0.0151480 secs] 1231860K->1011393K(8360960K) icms_dc=0 , 0.0153500 secs] [Times: user=0.12 sys=0.03, real=0.01 secs] 
2012-10-19T15:45:30.599-0400: [GC [ParNew: 225620K->4162K(249216K), 0.0127850 secs] 1232961K->1011929K(8360960K) icms_dc=0 , 0.0129940 secs] [Times: user=0.10 sys=0.02, real=0.01 secs] 
2012-10-19T15:45:40.596-0400: [GC [ParNew: 225730K->3462K(249216K), 0.0115710 secs] 1233497K->1011647K(8360960K) icms_dc=0 , 0.0117560 secs] [Times: user=0.11 sys=0.03, real=0.01 secs] 
2012-10-19T15:45:45.920-0400: [GC [ParNew: 225030K->4973K(249216K), 0.0205540 secs] 1233215K->1013451K(8360960K) icms_dc=0 , 0.0207960 secs] [Times: user=0.04 sys=0.00, real=0.02 secs] 
2012-10-19T15:45:54.049-0400: [GC [ParNew: 226541K->3676K(249216K), 0.0184870 secs] 1235019K->1012741K(8360960K) icms_dc=0 , 0.0187640 secs] [Times: user=0.11 sys=0.03, real=0.02 secs] 
2012-10-19T15:46:04.272-0400: [GC [ParNew: 225244K->3678K(249216K), 0.0103640 secs] 1234309K->1013164K(8360960K) icms_dc=0 , 0.0105470 secs] [Times: user=0.08 sys=0.03, real=0.02 secs] 
2012-10-19T15:46:14.673-0400: [GC [ParNew: 225246K->3998K(249216K), 0.0120490 secs] 1234732K->1013819K(8360960K) icms_dc=0 , 0.0122730 secs] [Times: user=0.11 sys=0.02, real=0.02 secs] 
2012-10-19T15:46:22.579-0400: [GC [ParNew: 225566K->4028K(249216K), 0.0129170 secs] 1235387K->1014310K(8360960K) icms_dc=0 , 0.0131400 secs] [Times: user=0.05 sys=0.01, real=0.01 secs] 
2012-10-19T15:46:31.725-0400: [GC [ParNew: 225596K->4043K(249216K), 0.0139090 secs] 1235878K->1014736K(8360960K) icms_dc=0 , 0.0140830 secs] [Times: user=0.11 sys=0.03, real=0.02 secs] 
2012-10-19T15:46:41.899-0400: [GC [ParNew: 225611K->3624K(249216K), 0.0111400 secs] 1236304K->1014686K(8360960K) icms_dc=0 , 0.0113450 secs] [Times: user=0.11 sys=0.02, real=0.01 secs] 
2012-10-19T15:46:51.179-0400: [GC [ParNew: 225192K->3439K(249216K), 0.0115860 secs] 1236254K->1014919K(8360960K) icms_dc=0 , 0.0117820 secs] [Times: user=0.11 sys=0.02, real=0.01 secs] 
2012-10-19T15:46:58.603-0400: [GC [ParNew: 225007K->4169K(249216K), 0.0093470 secs] 1236487K->1015977K(8360960K) icms_dc=0 , 0.0095620 secs] [Times: user=0.04 sys=0.00, real=0.01 secs] 
2012-10-19T15:47:09.402-0400: [GC [ParNew: 225737K->3534K(249216K), 0.0106570 secs] 1237545K->1015850K(8360960K) icms_dc=0 , 0.0108420 secs] [Times: user=0.09 sys=0.03, real=0.01 secs] 
2012-10-19T15:47:12.918-0400: [GC [ParNew: 225102K->3768K(249216K), 0.0086310 secs] 1237418K->1016432K(8360960K) icms_dc=0 , 0.0088350 secs] [Times: user=0.08 sys=0.02, real=0.01 secs] 
2012-10-19T15:47:24.454-0400: [GC [ParNew: 225336K->3372K(249216K), 0.0153900 secs] 1238000K->1016551K(8360960K) icms_dc=0 , 0.0155820 secs] [Times: user=0.13 sys=0.04, real=0.01 secs] 
2012-10-19T15:47:34.648-0400: [GC [ParNew: 224940K->3346K(249216K), 0.0506720 secs] 1238119K->1016750K(8360960K) icms_dc=0 , 0.0509100 secs] [Times: user=0.04 sys=0.00, real=0.05 secs] 
2012-10-19T15:47:37.850-0400: [GC [ParNew: 224914K->4386K(249216K), 0.0135100 secs] 1238318K->1018102K(8360960K) icms_dc=0 , 0.0136740 secs] [Times: user=0.08 sys=0.02, real=0.01 secs] 
2012-10-19T15:47:46.640-0400: [GC [ParNew: 225954K->3057K(249216K), 0.0104920 secs] 1239670K->1017254K(8360960K) icms_dc=0 , 0.0106690 secs] [Times: user=0.09 sys=0.02, real=0.01 secs] 
2012-10-19T15:47:58.375-0400: [GC [ParNew: 224625K->3244K(249216K), 0.0109680 secs] 1238822K->1017811K(8360960K) icms_dc=0 , 0.0111320 secs] [Times: user=0.10 sys=0.03, real=0.01 secs] 
2012-10-19T15:48:07.579-0400: [GC [ParNew: 224812K->3345K(249216K), 0.0117300 secs] 1239379K->1018220K(8360960K) icms_dc=0 , 0.0118990 secs] [Times: user=0.12 sys=0.03, real=0.02 secs] 
2012-10-19T15:48:20.434-0400: [GC [ParNew: 224913K->3520K(249216K), 0.0111490 secs] 1239788K->1018748K(8360960K) icms_dc=0 , 0.0113330 secs] [Times: user=0.11 sys=0.02, real=0.01 secs] 
2012-10-19T15:48:30.253-0400: [GC [ParNew: 225088K->4208K(249216K), 0.0079930 secs] 1240316K->1019723K(8360960K) icms_dc=0 , 0.0081680 secs] [Times: user=0.08 sys=0.02, real=0.00 secs] 
2012-10-19T15:48:39.356-0400: [GC [ParNew: 225776K->3657K(249216K), 0.0112890 secs] 1241291K->1019607K(8360960K) icms_dc=0 , 0.0114730 secs] [Times: user=0.10 sys=0.02, real=0.01 secs] 
2012-10-19T15:48:47.814-0400: [GC [ParNew: 225225K->3638K(249216K), 0.0094110 secs] 1241175K->1019983K(8360960K) icms_dc=0 , 0.0095790 secs] [Times: user=0.08 sys=0.03, real=0.01 secs] 
2012-10-19T15:48:58.738-0400: [GC [ParNew: 225206K->3149K(249216K), 0.0102670 secs] 1241551K->1019879K(8360960K) icms_dc=0 , 0.0104450 secs] [Times: user=0.10 sys=0.03, real=0.01 secs] 
2012-10-19T15:49:08.293-0400: [GC [ParNew: 224717K->4718K(249216K), 0.0130590 secs] 1241447K->1021920K(8360960K) icms_dc=0 , 0.0132790 secs] [Times: user=0.06 sys=0.01, real=0.01 secs] 
2012-10-19T15:49:17.148-0400: [GC [ParNew: 226286K->4248K(249216K), 0.0111990 secs] 1243488K->1021732K(8360960K) icms_dc=0 , 0.0113950 secs] [Times: user=0.09 sys=0.02, real=0.01 secs] 
2012-10-19T15:49:24.302-0400: [GC [ParNew: 225816K->3713K(249216K), 0.0151390 secs] 1243300K->1021644K(8360960K) icms_dc=0 , 0.0153400 secs] [Times: user=0.11 sys=0.03, real=0.01 secs] 
2012-10-19T15:49:34.060-0400: [GC [ParNew: 225281K->4540K(249216K), 0.0150920 secs] 1243212K->1022806K(8360960K) icms_dc=0 , 0.0153040 secs] [Times: user=0.11 sys=0.02, real=0.02 secs] 
2012-10-19T15:49:44.903-0400: [GC [ParNew: 226108K->4051K(249216K), 0.0093160 secs] 1244374K->1022830K(8360960K) icms_dc=0 , 0.0095090 secs] [Times: user=0.09 sys=0.02, real=0.01 secs] 
2012-10-19T15:49:53.201-0400: [GC [ParNew: 225619K->4314K(249216K), 0.0162340 secs] 1244398K->1023565K(8360960K) icms_dc=0 , 0.0164300 secs] [Times: user=0.06 sys=0.02, real=0.02 secs] 
2012-10-19T15:49:59.876-0400: [GC [ParNew: 225882K->4617K(249216K), 0.0133410 secs] 1245133K->1024203K(8360960K) icms_dc=0 , 0.0135520 secs] [Times: user=0.11 sys=0.02, real=0.02 secs] 
2012-10-19T15:50:15.198-0400: [GC [ParNew: 226185K->11184K(249216K), 0.0138370 secs] 1245771K->1031265K(8360960K) icms_dc=0 , 0.0140500 secs] [Times: user=0.11 sys=0.01, real=0.02 secs] 
2012-10-19T15:50:18.039-0400: [GC [ParNew: 232752K->15012K(249216K), 0.0095060 secs] 1252833K->1035486K(8360960K) icms_dc=0 , 0.0096870 secs] [Times: user=0.10 sys=0.01, real=0.01 secs] 
2012-10-19T15:50:18.630-0400: [GC [ParNew: 236580K->10910K(249216K), 0.0119980 secs] 1257054K->1031713K(8360960K) icms_dc=0 , 0.0121680 secs] [Times: user=0.13 sys=0.02, real=0.01 secs] 
2012-10-19T15:50:20.546-0400: [GC [ParNew: 232478K->7947K(249216K), 0.0168060 secs] 1253281K->1029285K(8360960K) icms_dc=0 , 0.0172970 secs] [Times: user=0.12 sys=0.04, real=0.02 secs] 
2012-10-19T15:50:27.775-0400: [GC [ParNew: 229515K->3672K(249216K), 0.0184510 secs] 1250853K->1027040K(8360960K) icms_dc=0 , 0.0186600 secs] [Times: user=0.14 sys=0.03, real=0.02 secs] 
2012-10-19T15:50:38.255-0400: [GC [ParNew: 225240K->2395K(249216K), 0.0139120 secs] 1248608K->1026275K(8360960K) icms_dc=0 , 0.0141120 secs] [Times: user=0.11 sys=0.03, real=0.01 secs] 
2012-10-19T15:50:44.952-0400: [GC [ParNew: 223963K->2798K(249216K), 0.0130280 secs] 1247843K->1026955K(8360960K) icms_dc=0 , 0.0132120 secs] [Times: user=0.12 sys=0.04, real=0.02 secs] 
2012-10-19T15:50:56.511-0400: [GC [ParNew: 224366K->3541K(249216K), 0.0109590 secs] 1248523K->1028024K(8360960K) icms_dc=0 , 0.0111810 secs] [Times: user=0.10 sys=0.02, real=0.01 secs] 
2012-10-19T15:51:07.175-0400: [GC [ParNew: 225109K->3852K(249216K), 0.0154130 secs] 1249592K->1028631K(8360960K) icms_dc=0 , 0.0155890 secs] [Times: user=0.13 sys=0.03, real=0.02 secs] 
2012-10-19T15:51:14.812-0400: [GC [ParNew: 225420K->4461K(249216K), 0.0192460 secs] 1250199K->1029586K(8360960K) icms_dc=0 , 0.0194660 secs] [Times: user=0.09 sys=0.02, real=0.02 secs] 
2012-10-19T15:51:20.418-0400: [GC [ParNew: 226029K->4173K(249216K), 0.0155250 secs] 1251154K->1029722K(8360960K) icms_dc=0 , 0.0156990 secs] [Times: user=0.15 sys=0.03, real=0.01 secs] 
2012-10-19T15:51:30.790-0400: [GC [ParNew: 225741K->3644K(249216K), 0.0150720 secs] 1251290K->1030202K(8360960K) icms_dc=0 , 0.0152520 secs] [Times: user=0.12 sys=0.03, real=0.01 secs] 
2012-10-19T15:51:41.678-0400: [GC [ParNew: 225212K->3265K(249216K), 0.0146170 secs] 1251770K->1030258K(8360960K) icms_dc=0 , 0.0147930 secs] [Times: user=0.12 sys=0.04, real=0.02 secs] 
2012-10-19T15:51:53.027-0400: [GC [ParNew: 224833K->3213K(249216K), 0.0135580 secs] 1251826K->1030457K(8360960K) icms_dc=0 , 0.0137360 secs] [Times: user=0.10 sys=0.03, real=0.01 secs] 
2012-10-19T15:52:03.038-0400: [GC [ParNew: 224781K->3227K(249216K), 0.0144470 secs] 1252025K->1030833K(8360960K) icms_dc=0 , 0.0146100 secs] [Times: user=0.14 sys=0.03, real=0.01 secs] 
2012-10-19T15:52:14.105-0400: [GC [ParNew: 224795K->3076K(249216K), 0.0133230 secs] 1252401K->1031117K(8360960K) icms_dc=0 , 0.0135000 secs] [Times: user=0.13 sys=0.03, real=0.02 secs] 
2012-10-19T15:52:25.053-0400: [GC [ParNew: 224644K->3198K(249216K), 0.0151940 secs] 1252685K->1031547K(8360960K) icms_dc=0 , 0.0153770 secs] [Times: user=0.13 sys=0.03, real=0.02 secs] 
2012-10-19T15:52:37.587-0400: [GC [ParNew: 224766K->3318K(249216K), 0.0147680 secs] 1253115K->1032076K(8360960K) icms_dc=0 , 0.0149310 secs] [Times: user=0.14 sys=0.03, real=0.02 secs] 
2012-10-19T15:52:49.108-0400: [GC [ParNew: 224886K->3510K(249216K), 0.0152740 secs] 1253644K->1032568K(8360960K) icms_dc=0 , 0.0154550 secs] [Times: user=0.13 sys=0.03, real=0.02 secs] 
2012-10-19T15:52:59.556-0400: [GC [ParNew: 225078K->3472K(249216K), 0.0147680 secs] 1254136K->1032905K(8360960K) icms_dc=0 , 0.0149440 secs] [Times: user=0.14 sys=0.04, real=0.01 secs] 
2012-10-19T15:53:11.249-0400: [GC [ParNew: 225040K->3084K(249216K), 0.0127400 secs] 1254473K->1032909K(8360960K) icms_dc=0 , 0.0129090 secs] [Times: user=0.11 sys=0.03, real=0.01 secs] 
2012-10-19T15:53:23.134-0400: [GC [ParNew: 224652K->3239K(249216K), 0.0164350 secs] 1254477K->1033449K(8360960K) icms_dc=0 , 0.0166250 secs] [Times: user=0.15 sys=0.04, real=0.02 secs] 
2012-10-19T15:53:29.846-0400: [GC [ParNew: 224807K->4719K(249216K), 0.0149870 secs] 1255017K->1035330K(8360960K) icms_dc=0 , 0.0151690 secs] [Times: user=0.13 sys=0.04, real=0.02 secs] 
2012-10-19T15:53:40.471-0400: [GC [ParNew: 226287K->5444K(249216K), 0.0134960 secs] 1256898K->1036413K(8360960K) icms_dc=0 , 0.0136740 secs] [Times: user=0.11 sys=0.03, real=0.01 secs] 
2012-10-19T15:53:48.643-0400: [GC [ParNew: 227012K->5853K(249216K), 0.0122690 secs] 1257981K->1037150K(8360960K) icms_dc=0 , 0.0124970 secs] [Times: user=0.11 sys=0.02, real=0.01 secs] 
2012-10-19T15:54:00.448-0400: [GC [ParNew: 227421K->4814K(249216K), 0.0224100 secs] 1258718K->1036614K(8360960K) icms_dc=0 , 0.0226060 secs] [Times: user=0.09 sys=0.02, real=0.03 secs] 
2012-10-19T15:54:04.596-0400: [GC [ParNew: 226382K->6547K(249216K), 0.0196020 secs] 1258182K->1039746K(8360960K) icms_dc=0 , 0.0198650 secs] [Times: user=0.10 sys=0.03, real=0.02 secs] 
2012-10-19T15:54:06.675-0400: [GC [ParNew: 228115K->4747K(249216K), 0.0159930 secs] 1261314K->1038759K(8360960K) icms_dc=0 , 0.0161820 secs] [Times: user=0.11 sys=0.03, real=0.01 secs] 
2012-10-19T15:54:13.836-0400: [GC [ParNew: 226315K->3156K(249216K), 0.0101160 secs] 1260327K->1037700K(8360960K) icms_dc=0 , 0.0102960 secs] [Times: user=0.08 sys=0.01, real=0.01 secs] 
2012-10-19T15:54:23.067-0400: [GC [ParNew: 224724K->2922K(249216K), 0.0140290 secs] 1259268K->1037825K(8360960K) icms_dc=0 , 0.0142240 secs] [Times: user=0.11 sys=0.05, real=0.01 secs] 
2012-10-19T15:54:32.267-0400: [GC [ParNew: 224490K->2892K(249216K), 0.0134770 secs] 1259393K->1038069K(8360960K) icms_dc=0 , 0.0136590 secs] [Times: user=0.11 sys=0.03, real=0.01 secs] 
2012-10-19T15:54:38.986-0400: [GC [ParNew: 224460K->3722K(249216K), 0.0157950 secs] 1259637K->1039115K(8360960K) icms_dc=0 , 0.0160210 secs] [Times: user=0.13 sys=0.04, real=0.02 secs] 
2012-10-19T15:54:47.186-0400: [GC [ParNew: 225290K->3715K(249216K), 0.0141140 secs] 1260683K->1039435K(8360960K) icms_dc=0 , 0.0143010 secs] [Times: user=0.13 sys=0.03, real=0.02 secs] 
2012-10-19T15:54:55.883-0400: [GC [ParNew: 225283K->3986K(249216K), 0.0133230 secs] 1261003K->1040095K(8360960K) icms_dc=0 , 0.0134930 secs] [Times: user=0.12 sys=0.03, real=0.01 secs] 
2012-10-19T15:55:00.343-0400: [GC [ParNew: 225554K->4995K(249216K), 0.0149360 secs] 1261663K->1041494K(8360960K) icms_dc=0 , 0.0151190 secs] [Times: user=0.08 sys=0.01, real=0.01 secs] 
2012-10-19T15:55:04.044-0400: [GC [ParNew: 226563K->4837K(249216K), 0.0163050 secs] 1263062K->1041653K(8360960K) icms_dc=0 , 0.0164910 secs] [Times: user=0.12 sys=0.03, real=0.01 secs] 
2012-10-19T15:55:12.196-0400: [GC [ParNew: 226405K->4798K(249216K), 0.0161100 secs] 1263221K->1042127K(8360960K) icms_dc=0 , 0.0163110 secs] [Times: user=0.12 sys=0.03, real=0.02 secs] 
2012-10-19T15:55:17.041-0400: [GC [ParNew: 226366K->5322K(249216K), 0.0216960 secs] 1263695K->1043410K(8360960K) icms_dc=0 , 0.0218980 secs] [Times: user=0.12 sys=0.05, real=0.03 secs] 
2012-10-19T15:55:26.797-0400: [GC [ParNew: 226890K->4003K(249216K), 0.0101100 secs] 1264978K->1042475K(8360960K) icms_dc=0 , 0.0102930 secs] [Times: user=0.08 sys=0.02, real=0.01 secs] 
2012-10-19T15:55:35.899-0400: [GC [ParNew: 225571K->3821K(249216K), 0.0161420 secs] 1264043K->1042932K(8360960K) icms_dc=0 , 0.0163400 secs] [Times: user=0.13 sys=0.03, real=0.02 secs] 
2012-10-19T15:55:43.878-0400: [GC [ParNew: 225389K->3911K(249216K), 0.0130100 secs] 1264500K->1043391K(8360960K) icms_dc=0 , 0.0131800 secs] [Times: user=0.12 sys=0.04, real=0.01 secs] 
2012-10-19T15:55:47.502-0400: [GC [ParNew: 225479K->3708K(249216K), 0.0131030 secs] 1264959K->1043602K(8360960K) icms_dc=0 , 0.0132710 secs] [Times: user=0.13 sys=0.03, real=0.01 secs] 
2012-10-19T15:55:54.507-0400: [GC [ParNew: 225276K->3485K(249216K), 0.0146980 secs] 1265170K->1043985K(8360960K) icms_dc=0 , 0.0148640 secs] [Times: user=0.15 sys=0.03, real=0.02 secs] 
2012-10-19T15:56:04.883-0400: [GC [ParNew: 225053K->3031K(249216K), 0.0152060 secs] 1265553K->1043936K(8360960K) icms_dc=0 , 0.0153810 secs] [Times: user=0.15 sys=0.04, real=0.01 secs] 
2012-10-19T15:56:15.573-0400: [GC [ParNew: 224599K->3662K(249216K), 0.0210350 secs] 1265504K->1044923K(8360960K) icms_dc=0 , 0.0212790 secs] [Times: user=0.12 sys=0.03, real=0.02 secs] 
2012-10-19T15:56:25.261-0400: [GC [ParNew: 225230K->3634K(249216K), 0.0142060 secs] 1266491K->1045224K(8360960K) icms_dc=0 , 0.0144080 secs] [Times: user=0.12 sys=0.04, real=0.02 secs] 
2012-10-19T15:56:34.336-0400: [GC [ParNew: 225202K->3403K(249216K), 0.0149770 secs] 1266792K->1045300K(8360960K) icms_dc=0 , 0.0151720 secs] [Times: user=0.13 sys=0.03, real=0.01 secs] 
2012-10-19T15:56:42.693-0400: [GC [ParNew: 224971K->3266K(249216K), 0.0133960 secs] 1266868K->1045535K(8360960K) icms_dc=0 , 0.0135840 secs] [Times: user=0.13 sys=0.03, real=0.02 secs] 
2012-10-19T15:56:53.313-0400: [GC [ParNew: 224834K->3379K(249216K), 0.0128210 secs] 1267103K->1046000K(8360960K) icms_dc=0 , 0.0130250 secs] [Times: user=0.12 sys=0.03, real=0.01 secs] 
2012-10-19T15:56:58.225-0400: [GC [ParNew: 224947K->3403K(249216K), 0.0134120 secs] 1267568K->1046469K(8360960K) icms_dc=0 , 0.0136100 secs] [Times: user=0.12 sys=0.03, real=0.02 secs] 
2012-10-19T15:57:04.679-0400: [GC [ParNew: 224971K->3427K(249216K), 0.0129990 secs] 1268037K->1046817K(8360960K) icms_dc=0 , 0.0131930 secs] [Times: user=0.13 sys=0.04, real=0.01 secs] 
2012-10-19T15:57:12.398-0400: [GC [ParNew: 224995K->3483K(249216K), 0.0145690 secs] 1268385K->1047250K(8360960K) icms_dc=0 , 0.0147920 secs] [Times: user=0.12 sys=0.03, real=0.02 secs] 
2012-10-19T15:57:18.307-0400: [GC [ParNew: 225051K->3102K(249216K), 0.0172260 secs] 1268818K->1047304K(8360960K) icms_dc=0 , 0.0174440 secs] [Times: user=0.14 sys=0.04, real=0.02 secs] 
2012-10-19T15:57:24.384-0400: [GC [ParNew: 224670K->3338K(249216K), 0.0150940 secs] 1268872K->1047788K(8360960K) icms_dc=0 , 0.0153070 secs] [Times: user=0.12 sys=0.03, real=0.01 secs] 
2012-10-19T15:57:32.952-0400: [GC [ParNew: 224906K->3585K(249216K), 0.0132570 secs] 1269356K->1048406K(8360960K) icms_dc=0 , 0.0134460 secs] [Times: user=0.12 sys=0.04, real=0.02 secs] 
2012-10-19T15:57:40.734-0400: [GC [ParNew: 225153K->3265K(249216K), 0.0145510 secs] 1269974K->1048434K(8360960K) icms_dc=0 , 0.0147850 secs] [Times: user=0.13 sys=0.04, real=0.01 secs] 
2012-10-19T15:57:49.032-0400: [GC [ParNew: 224833K->3657K(249216K), 0.0157610 secs] 1270002K->1049153K(8360960K) icms_dc=0 , 0.0159790 secs] [Times: user=0.13 sys=0.03, real=0.02 secs] 
2012-10-19T15:57:59.630-0400: [GC [ParNew: 225225K->3918K(249216K), 0.0143960 secs] 1270721K->1049767K(8360960K) icms_dc=0 , 0.0145700 secs] [Times: user=0.12 sys=0.03, real=0.01 secs] 
2012-10-19T15:58:05.792-0400: [GC [ParNew: 225486K->3428K(249216K), 0.0148010 secs] 1271335K->1049787K(8360960K) icms_dc=0 , 0.0149710 secs] [Times: user=0.13 sys=0.03, real=0.01 secs] 
2012-10-19T15:58:13.318-0400: [GC [ParNew: 224996K->3092K(249216K), 0.0129460 secs] 1271355K->1049882K(8360960K) icms_dc=0 , 0.0131100 secs] [Times: user=0.13 sys=0.03, real=0.02 secs] 
2012-10-19T15:58:19.354-0400: [GC [ParNew: 224660K->3457K(249216K), 0.0136980 secs] 1271450K->1050657K(8360960K) icms_dc=0 , 0.0138670 secs] [Times: user=0.13 sys=0.04, real=0.01 secs] 
2012-10-19T15:58:27.185-0400: [GC [ParNew: 225025K->3401K(249216K), 0.0158000 secs] 1272225K->1051101K(8360960K) icms_dc=0 , 0.0159740 secs] [Times: user=0.14 sys=0.05, real=0.02 secs] 
2012-10-19T15:58:33.558-0400: [GC [ParNew: 224969K->3367K(249216K), 0.0158580 secs] 1272669K->1051402K(8360960K) icms_dc=0 , 0.0160330 secs] [Times: user=0.11 sys=0.03, real=0.02 secs] 
2012-10-19T15:58:41.365-0400: [GC [ParNew: 224935K->3244K(249216K), 0.0141650 secs] 1272970K->1051646K(8360960K) icms_dc=0 , 0.0143300 secs] [Times: user=0.13 sys=0.03, real=0.01 secs] 
2012-10-19T15:58:47.580-0400: [GC [ParNew: 224812K->2884K(249216K), 0.0139720 secs] 1273214K->1051767K(8360960K) icms_dc=0 , 0.0141680 secs] [Times: user=0.13 sys=0.03, real=0.02 secs] 
2012-10-19T15:58:55.313-0400: [GC [ParNew: 224452K->2944K(249216K), 0.0144520 secs] 1273335K->1052117K(8360960K) icms_dc=0 , 0.0146480 secs] [Times: user=0.12 sys=0.04, real=0.02 secs] 
2012-10-19T15:58:59.122-0400: [GC [ParNew: 224512K->2669K(249216K), 0.0136620 secs] 1273685K->1052137K(8360960K) icms_dc=0 , 0.0138590 secs] [Times: user=0.12 sys=0.03, real=0.02 secs] 
2012-10-19T15:59:02.559-0400: [GC [ParNew: 224237K->2776K(249216K), 0.0159940 secs] 1273705K->1052595K(8360960K) icms_dc=0 , 0.0162040 secs] [Times: user=0.14 sys=0.04, real=0.02 secs] 
2012-10-19T15:59:07.171-0400: [GC [ParNew: 224344K->3324K(249216K), 0.0158330 secs] 1274163K->1053479K(8360960K) icms_dc=0 , 0.0160760 secs] [Times: user=0.10 sys=0.03, real=0.02 secs] 
2012-10-19T15:59:13.102-0400: [GC [ParNew: 224892K->3313K(249216K), 0.0152610 secs] 1275047K->1053852K(8360960K) icms_dc=0 , 0.0154510 secs] [Times: user=0.13 sys=0.03, real=0.02 secs] 
2012-10-19T15:59:17.529-0400: [GC [ParNew: 224881K->2548K(249216K), 0.0140320 secs] 1275420K->1053519K(8360960K) icms_dc=0 , 0.0142260 secs] [Times: user=0.13 sys=0.04, real=0.01 secs] 
2012-10-19T15:59:22.392-0400: [GC [ParNew: 224116K->2722K(249216K), 0.0150520 secs] 1275087K->1054125K(8360960K) icms_dc=0 , 0.0152360 secs] [Times: user=0.15 sys=0.03, real=0.01 secs] 
2012-10-19T15:59:26.620-0400: [GC [ParNew: 224290K->3464K(249216K), 0.0168090 secs] 1275693K->1055185K(8360960K) icms_dc=0 , 0.0170240 secs] [Times: user=0.13 sys=0.02, real=0.01 secs] 
2012-10-19T15:59:30.234-0400: [GC [ParNew: 225032K->3710K(249216K), 0.0152950 secs] 1276753K->1055713K(8360960K) icms_dc=0 , 0.0154810 secs] [Times: user=0.11 sys=0.03, real=0.02 secs] 
2012-10-19T15:59:33.388-0400: [GC [ParNew: 225278K->3186K(249216K), 0.0163450 secs] 1277281K->1055688K(8360960K) icms_dc=0 , 0.0165490 secs] [Times: user=0.12 sys=0.04, real=0.02 secs] 
2012-10-19T15:59:37.253-0400: [GC [ParNew: 224754K->2884K(249216K), 0.0140110 secs] 1277256K->1055897K(8360960K) icms_dc=0 , 0.0142320 secs] [Times: user=0.11 sys=0.03, real=0.01 secs] 
2012-10-19T15:59:41.168-0400: [GC [ParNew: 224452K->2969K(249216K), 0.0145730 secs] 1277465K->1056474K(8360960K) icms_dc=0 , 0.0147640 secs] [Times: user=0.12 sys=0.02, real=0.02 secs] 
2012-10-19T15:59:45.064-0400: [GC [ParNew: 224537K->2635K(249216K), 0.0166410 secs] 1278042K->1056424K(8360960K) icms_dc=0 , 0.0168960 secs] [Times: user=0.15 sys=0.02, real=0.01 secs] 
2012-10-19T15:59:48.304-0400: [GC [ParNew: 224203K->3454K(249216K), 0.0174070 secs] 1277992K->1057534K(8360960K) icms_dc=0 , 0.0176390 secs] [Times: user=0.12 sys=0.02, real=0.01 secs] 
2012-10-19T15:59:51.059-0400: [GC [ParNew: 225022K->3139K(249216K), 0.0159370 secs] 1279102K->1057548K(8360960K) icms_dc=0 , 0.0161330 secs] [Times: user=0.13 sys=0.05, real=0.02 secs] 
2012-10-19T15:59:55.040-0400: [GC [ParNew: 224707K->3190K(249216K), 0.0200130 secs] 1279116K->1057985K(8360960K) icms_dc=0 , 0.0202490 secs] [Times: user=0.11 sys=0.02, real=0.02 secs] 
2012-10-19T15:59:57.609-0400: [GC [ParNew: 224758K->3163K(249216K), 0.0184090 secs] 1279553K->1058482K(8360960K) icms_dc=0 , 0.0186050 secs] [Times: user=0.13 sys=0.03, real=0.02 secs] 
2012-10-19T15:59:59.816-0400: [GC [ParNew: 224731K->2219K(249216K), 0.0175890 secs] 1280050K->1058070K(8360960K) icms_dc=0 , 0.0178380 secs] [Times: user=0.06 sys=0.01, real=0.02 secs] 
2012-10-19T16:03:09.142-0400: [GC [ParNew: 223787K->3883K(249216K), 0.0175690 secs] 1279638K->1059991K(8360960K) icms_dc=0 , 0.0177630 secs] [Times: user=0.16 sys=0.05, real=0.01 secs] 
2012-10-19T16:10:51.673-0400: [GC [ParNew: 225451K->5070K(249216K), 0.0246280 secs] 1281559K->1061439K(8360960K) icms_dc=0 , 0.0248320 secs] [Times: user=0.24 sys=0.07, real=0.02 secs] 
2012-10-19T16:21:33.460-0400: [GC [ParNew: 226638K->6464K(249216K), 0.0305010 secs] 1283007K->1063095K(8360960K) icms_dc=0 , 0.0307010 secs] [Times: user=0.31 sys=0.09, real=0.03 secs] 
2012-10-19T16:28:08.790-0400: [GC[YG occupancy: 149537 K (249216 K)][Rescan (parallel) , 0.1350490 secs][weak refs processing, 0.0000260 secs] [1 CMS-remark: 1056631K(8111744K)] 1206169K(8360960K), 0.1352230 secs] [Times: user=0.17 sys=0.03, real=0.14 secs]