GC_PARAMS='-verbose:gc -Xms8192m -Xmx8192m -XX:PermSize=256m -XX:MaxPermSize=256m -XX:+UseLargePages -XX:+PrintGCDateStamps -XX:+UseConcMarkSweepGC -XX:MaxGCPauseMillis=1000 -XX:+CMSIncrementalMode -XX:+PrintGCDetails -verbose:gc'
2012-10-19T06:25:09.774-0400: [GC [ParNew: 221568K->18652K(249216K), 0.0145810 secs] 221568K->18652K(8360960K), 0.0146550 secs] [Times: user=0.14 sys=0.02, real=0.02 secs] 
2012-10-19T06:25:11.248-0400: [GC [1 CMS-initial-mark: 0K(8111744K)] 121807K(8360960K), 0.0770630 secs] [Times: user=0.14 sys=0.00, real=0.07 secs] 
2012-10-19T06:25:12.556-0400: [GC [ParNew: 240220K->19661K(249216K), 0.0369600 secs] 240220K->39818K(8360960K), 0.0370280 secs] [Times: user=0.22 sys=0.04, real=0.04 secs] 
2012-10-19T06:25:16.471-0400: [GC[YG occupancy: 127417 K (249216 K)][Rescan (parallel) , 0.0525750 secs][weak refs processing, 0.0000100 secs] [1 CMS-remark: 20157K(8111744K)] 147575K(8360960K), 0.0527180 secs] [Times: user=0.08 sys=0.01, real=0.05 secs] 
2012-10-19T06:25:33.501-0400: [GC [ParNew: 241229K->19747K(249216K), 0.0223710 secs] 261386K->54315K(8360960K) icms_dc=5 , 0.0226100 secs] [Times: user=0.19 sys=0.02, real=0.03 secs] 
2012-10-19T06:50:56.205-0400: [GC [1 CMS-initial-mark: 34568K(8111744K)] 159642K(8360960K), 0.0493710 secs] [Times: user=0.05 sys=0.00, real=0.05 secs] 
2012-10-19T06:51:01.383-0400: [GC[YG occupancy: 126805 K (249216 K)][Rescan (parallel) , 0.0449800 secs][weak refs processing, 0.0000130 secs] [1 CMS-remark: 34568K(8111744K)] 161374K(8360960K), 0.0451180 secs] [Times: user=0.06 sys=0.01, real=0.04 secs] 
2012-10-19T07:25:33.528-0400: [Full GC (System) [CMS[Unloading class sun.reflect.GeneratedConstructorAccessor33]
2012-10-19T07:25:33.872-0400: [GC [1 CMS-initial-mark: 49032K(8111744K)] 49032K(8360960K), 0.0019110 secs] [Times: user=0.00 sys=0.00, real=0.00 secs] 
2012-10-19T08:24:06.906-0400: [GC [ParNew: 221568K->10174K(249216K), 0.0039140 secs] 270600K->59206K(8360960K) icms_dc=0 , 0.0041230 secs] [Times: user=0.04 sys=0.00, real=0.00 secs] 
2012-10-19T08:43:05.129-0400: [GC [ParNew: 231742K->16605K(249216K), 0.0061060 secs] 280774K->65638K(8360960K) icms_dc=0 , 0.0062970 secs] [Times: user=0.07 sys=0.00, real=0.01 secs] 
2012-10-19T08:50:02.634-0400: [GC [ParNew: 238173K->16757K(249216K), 0.0162170 secs] 287206K->71915K(8360960K) icms_dc=0 , 0.0164150 secs] [Times: user=0.10 sys=0.01, real=0.01 secs] 
2012-10-19T08:58:28.646-0400: [GC [ParNew: 238325K->19055K(249216K), 0.0053680 secs] 293483K->74213K(8360960K) icms_dc=0 , 0.0055560 secs] [Times: user=0.06 sys=0.01, real=0.00 secs] 
2012-10-19T09:07:01.673-0400: [GC [ParNew: 240623K->17905K(249216K), 0.0058930 secs] 295781K->73063K(8360960K) icms_dc=0 , 0.0060790 secs] [Times: user=0.06 sys=0.00, real=0.01 secs] 
2012-10-19T09:14:27.109-0400: [GC [ParNew: 239473K->13495K(249216K), 0.0217140 secs] 294631K->76738K(8360960K) icms_dc=0 , 0.0219110 secs] [Times: user=0.10 sys=0.01, real=0.02 secs] 
2012-10-19T09:21:42.257-0400: [GC [ParNew: 235063K->6699K(249216K), 0.0238780 secs] 298306K->74077K(8360960K) icms_dc=0 , 0.0240650 secs] [Times: user=0.16 sys=0.07, real=0.03 secs] 
2012-10-19T09:26:50.798-0400: [GC [ParNew: 228267K->4305K(249216K), 0.0196000 secs] 295645K->72319K(8360960K) icms_dc=0 , 0.0197800 secs] [Times: user=0.19 sys=0.06, real=0.02 secs] 
2012-10-19T09:28:22.140-0400: [GC [ParNew: 225836K->4596K(249216K), 0.0197000 secs] 293850K->73173K(8360960K) icms_dc=0 , 0.0198750 secs] [Times: user=0.20 sys=0.04, real=0.02 secs] 
2012-10-19T09:29:31.042-0400: [GC [ParNew: 226164K->4774K(249216K), 0.0185240 secs] 294741K->73970K(8360960K) icms_dc=0 , 0.0187130 secs] [Times: user=0.17 sys=0.07, real=0.02 secs] 
2012-10-19T09:30:01.759-0400: [GC [ParNew: 226342K->6856K(249216K), 0.0272080 secs] 295538K->76925K(8360960K) icms_dc=0 , 0.0273970 secs] [Times: user=0.18 sys=0.05, real=0.03 secs] 
2012-10-19T09:30:05.079-0400: [GC [ParNew: 228424K->7790K(249216K), 0.0159180 secs] 298493K->78478K(8360960K) icms_dc=0 , 0.0161050 secs] [Times: user=0.13 sys=0.03, real=0.02 secs] 
2012-10-19T09:30:10.839-0400: [GC [ParNew: 229358K->7439K(249216K), 0.0168170 secs] 300046K->78875K(8360960K) icms_dc=0 , 0.0170240 secs] [Times: user=0.13 sys=0.05, real=0.02 secs] 
2012-10-19T09:30:20.264-0400: [GC [ParNew: 229007K->5963K(249216K), 0.0131590 secs] 300443K->77893K(8360960K) icms_dc=0 , 0.0133510 secs] [Times: user=0.13 sys=0.03, real=0.01 secs] 
2012-10-19T09:30:31.188-0400: [GC [ParNew: 227531K->4778K(249216K), 0.0128450 secs] 299461K->77999K(8360960K) icms_dc=0 , 0.0130470 secs] [Times: user=0.10 sys=0.04, real=0.01 secs] 
2012-10-19T09:30:42.755-0400: [GC [ParNew: 226346K->4149K(249216K), 0.0094110 secs] 299567K->78408K(8360960K) icms_dc=0 , 0.0095990 secs] [Times: user=0.08 sys=0.03, real=0.01 secs] 
2012-10-19T09:30:54.118-0400: [GC [ParNew: 225717K->3202K(249216K), 0.0106130 secs] 299976K->78242K(8360960K) icms_dc=0 , 0.0108040 secs] [Times: user=0.08 sys=0.03, real=0.01 secs] 
2012-10-19T09:31:03.800-0400: [GC [ParNew: 224770K->3064K(249216K), 0.0097980 secs] 299810K->78610K(8360960K) icms_dc=0 , 0.0099670 secs] [Times: user=0.09 sys=0.02, real=0.01 secs] 
2012-10-19T09:31:14.832-0400: [GC [ParNew: 224632K->2750K(249216K), 0.0116590 secs] 300178K->78611K(8360960K) icms_dc=0 , 0.0118380 secs] [Times: user=0.10 sys=0.03, real=0.01 secs] 
2012-10-19T09:31:24.517-0400: [GC [ParNew: 224318K->3261K(249216K), 0.0105090 secs] 300179K->79444K(8360960K) icms_dc=0 , 0.0106990 secs] [Times: user=0.07 sys=0.03, real=0.01 secs] 
2012-10-19T09:31:32.452-0400: [GC [ParNew: 224829K->2988K(249216K), 0.0112600 secs] 301012K->79689K(8360960K) icms_dc=0 , 0.0114420 secs] [Times: user=0.08 sys=0.04, real=0.01 secs] 
2012-10-19T09:31:40.080-0400: [GC [ParNew: 224556K->2709K(249216K), 0.0091030 secs] 301257K->79695K(8360960K) icms_dc=0 , 0.0092830 secs] [Times: user=0.08 sys=0.02, real=0.01 secs] 
2012-10-19T09:31:48.326-0400: [GC [ParNew: 224277K->2791K(249216K), 0.0108160 secs] 301263K->80137K(8360960K) icms_dc=0 , 0.0109940 secs] [Times: user=0.10 sys=0.03, real=0.01 secs] 
2012-10-19T09:31:58.102-0400: [GC [ParNew: 224359K->2456K(249216K), 0.0099380 secs] 301705K->80268K(8360960K) icms_dc=0 , 0.0101010 secs] [Times: user=0.09 sys=0.03, real=0.01 secs] 
2012-10-19T09:32:06.740-0400: [GC [ParNew: 224024K->2308K(249216K), 0.0085270 secs] 301836K->80483K(8360960K) icms_dc=0 , 0.0086840 secs] [Times: user=0.09 sys=0.01, real=0.01 secs] 
2012-10-19T09:32:21.423-0400: [GC [ParNew: 223876K->2462K(249216K), 0.0099820 secs] 302051K->80922K(8360960K) icms_dc=0 , 0.0102260 secs] [Times: user=0.10 sys=0.01, real=0.01 secs] 
2012-10-19T09:32:35.129-0400: [GC [ParNew: 224030K->2702K(249216K), 0.0093550 secs] 302490K->81454K(8360960K) icms_dc=0 , 0.0095460 secs] [Times: user=0.08 sys=0.02, real=0.00 secs] 
2012-10-19T09:32:45.378-0400: [GC [ParNew: 224270K->2523K(249216K), 0.0089900 secs] 303022K->81543K(8360960K) icms_dc=0 , 0.0091660 secs] [Times: user=0.07 sys=0.03, real=0.01 secs] 
2012-10-19T09:33:00.023-0400: [GC [ParNew: 224091K->2761K(249216K), 0.0092780 secs] 303111K->82031K(8360960K) icms_dc=0 , 0.0094630 secs] [Times: user=0.08 sys=0.03, real=0.01 secs] 
2012-10-19T09:33:12.008-0400: [GC [ParNew: 224329K->2909K(249216K), 0.0095510 secs] 303599K->82497K(8360960K) icms_dc=0 , 0.0097260 secs] [Times: user=0.09 sys=0.02, real=0.01 secs] 
2012-10-19T09:33:33.825-0400: [GC [ParNew: 225556K->4432K(249216K), 0.0092750 secs] 305441K->84591K(8360960K) icms_dc=0 , 0.0094620 secs] [Times: user=0.08 sys=0.03, real=0.01 secs] 
2012-10-19T09:33:45.787-0400: [GC [ParNew: 226000K->4561K(249216K), 0.0093510 secs] 306159K->85115K(8360960K) icms_dc=0 , 0.0095450 secs] [Times: user=0.09 sys=0.02, real=0.01 secs] 
2012-10-19T09:33:57.877-0400: [GC [ParNew: 226129K->4447K(249216K), 0.0097950 secs] 306683K->85341K(8360960K) icms_dc=0 , 0.0100020 secs] [Times: user=0.09 sys=0.03, real=0.01 secs] 
2012-10-19T09:34:03.990-0400: [GC [ParNew: 226015K->4162K(249216K), 0.0093140 secs] 306909K->86008K(8360960K) icms_dc=0 , 0.0094960 secs] [Times: user=0.09 sys=0.03, real=0.01 secs] 
2012-10-19T09:34:09.011-0400: [GC [ParNew: 225730K->3185K(249216K), 0.0100710 secs] 307576K->85977K(8360960K) icms_dc=0 , 0.0102460 secs] [Times: user=0.08 sys=0.02, real=0.01 secs] 
2012-10-19T09:34:19.009-0400: [GC [ParNew: 224753K->3010K(249216K), 0.0094940 secs] 307545K->86213K(8360960K) icms_dc=0 , 0.0096620 secs] [Times: user=0.08 sys=0.03, real=0.01 secs] 
2012-10-19T09:34:36.217-0400: [GC [ParNew: 224578K->2774K(249216K), 0.0089360 secs] 307781K->86391K(8360960K) icms_dc=0 , 0.0091110 secs] [Times: user=0.08 sys=0.02, real=0.01 secs] 
2012-10-19T09:34:50.032-0400: [GC [ParNew: 224342K->2887K(249216K), 0.0099080 secs] 307959K->86750K(8360960K) icms_dc=0 , 0.0100740 secs] [Times: user=0.09 sys=0.03, real=0.01 secs] 
2012-10-19T09:35:02.399-0400: [GC [ParNew: 224455K->4884K(249216K), 0.0107560 secs] 308318K->88986K(8360960K) icms_dc=0 , 0.0109360 secs] [Times: user=0.09 sys=0.02, real=0.01 secs] 
2012-10-19T09:35:07.591-0400: [GC [ParNew: 226452K->7451K(249216K), 0.0067960 secs] 310554K->91989K(8360960K) icms_dc=0 , 0.0069640 secs] [Times: user=0.05 sys=0.00, real=0.00 secs] 
2012-10-19T09:35:13.104-0400: [GC [ParNew: 229019K->8687K(249216K), 0.0153220 secs] 313557K->93586K(8360960K) icms_dc=0 , 0.0155110 secs] [Times: user=0.10 sys=0.03, real=0.02 secs] 
2012-10-19T09:35:19.091-0400: [GC [ParNew: 230255K->10534K(249216K), 0.0088910 secs] 315154K->95884K(8360960K) icms_dc=0 , 0.0091090 secs] [Times: user=0.09 sys=0.02, real=0.01 secs] 
2012-10-19T09:35:27.022-0400: [GC [ParNew: 232102K->9089K(249216K), 0.0102940 secs] 317452K->95488K(8360960K) icms_dc=0 , 0.0104960 secs] [Times: user=0.10 sys=0.02, real=0.01 secs] 
2012-10-19T09:35:36.168-0400: [GC [ParNew: 230657K->9470K(249216K), 0.0076900 secs] 317056K->97361K(8360960K) icms_dc=0 , 0.0078840 secs] [Times: user=0.06 sys=0.00, real=0.01 secs] 
2012-10-19T09:35:44.463-0400: [GC [ParNew: 231038K->7428K(249216K), 0.0076060 secs] 318929K->96845K(8360960K) icms_dc=0 , 0.0078110 secs] [Times: user=0.07 sys=0.02, real=0.00 secs] 
2012-10-19T09:35:51.506-0400: [GC [ParNew: 228996K->6986K(249216K), 0.0063550 secs] 318413K->97753K(8360960K) icms_dc=0 , 0.0065590 secs] [Times: user=0.05 sys=0.00, real=0.00 secs] 
2012-10-19T09:36:00.014-0400: [GC [ParNew: 228554K->6259K(249216K), 0.0102750 secs] 319321K->98009K(8360960K) icms_dc=0 , 0.0104830 secs] [Times: user=0.07 sys=0.03, real=0.01 secs] 
2012-10-19T09:36:07.695-0400: [GC [ParNew: 227827K->5000K(249216K), 0.0108800 secs] 319577K->97679K(8360960K) icms_dc=0 , 0.0110740 secs] [Times: user=0.11 sys=0.02, real=0.02 secs] 
2012-10-19T09:36:16.025-0400: [GC [ParNew: 226568K->5904K(249216K), 0.0066950 secs] 319247K->99381K(8360960K) icms_dc=0 , 0.0068910 secs] [Times: user=0.06 sys=0.02, real=0.01 secs] 
2012-10-19T09:36:25.770-0400: [GC [ParNew: 227472K->5830K(249216K), 0.0104890 secs] 320949K->99804K(8360960K) icms_dc=0 , 0.0107200 secs] [Times: user=0.09 sys=0.03, real=0.01 secs] 
2012-10-19T09:36:34.379-0400: [GC [ParNew: 227398K->5612K(249216K), 0.0091250 secs] 321372K->100259K(8360960K) icms_dc=0 , 0.0093210 secs] [Times: user=0.08 sys=0.02, real=0.01 secs] 
2012-10-19T09:36:44.899-0400: [GC [ParNew: 227180K->5986K(249216K), 0.0074750 secs] 321827K->101341K(8360960K) icms_dc=0 , 0.0076980 secs] [Times: user=0.04 sys=0.00, real=0.01 secs] 
2012-10-19T09:36:54.607-0400: [GC [ParNew: 227554K->5576K(249216K), 0.0110410 secs] 322909K->101928K(8360960K) icms_dc=0 , 0.0112460 secs] [Times: user=0.10 sys=0.02, real=0.01 secs] 
2012-10-19T09:37:02.575-0400: [GC [ParNew: 227144K->5779K(249216K), 0.0087300 secs] 323496K->102774K(8360960K) icms_dc=0 , 0.0089340 secs] [Times: user=0.08 sys=0.02, real=0.01 secs] 
2012-10-19T09:37:13.615-0400: [GC [ParNew: 227347K->5863K(249216K), 0.0076740 secs] 324342K->103521K(8360960K) icms_dc=0 , 0.0078790 secs] [Times: user=0.07 sys=0.02, real=0.00 secs] 
2012-10-19T09:37:23.250-0400: [GC [ParNew: 227431K->6019K(249216K), 0.0100050 secs] 325089K->104406K(8360960K) icms_dc=0 , 0.0102150 secs] [Times: user=0.09 sys=0.02, real=0.01 secs] 
2012-10-19T09:37:33.181-0400: [GC [ParNew: 227587K->5556K(249216K), 0.0121420 secs] 325974K->104633K(8360960K) icms_dc=0 , 0.0123620 secs] [Times: user=0.06 sys=0.02, real=0.01 secs] 
2012-10-19T09:37:42.333-0400: [GC [ParNew: 227124K->6006K(249216K), 0.0075700 secs] 326201K->105833K(8360960K) icms_dc=0 , 0.0077610 secs] [Times: user=0.08 sys=0.01, real=0.01 secs] 
2012-10-19T09:37:51.202-0400: [GC [ParNew: 227574K->5659K(249216K), 0.0089220 secs] 327401K->106363K(8360960K) icms_dc=0 , 0.0091160 secs] [Times: user=0.07 sys=0.03, real=0.01 secs] 
2012-10-19T09:37:58.949-0400: [GC [ParNew: 227227K->5047K(249216K), 0.0086820 secs] 327931K->106668K(8360960K) icms_dc=0 , 0.0088670 secs] [Times: user=0.08 sys=0.02, real=0.01 secs] 
2012-10-19T09:38:08.656-0400: [GC [ParNew: 226615K->5015K(249216K), 0.0084310 secs] 328236K->107048K(8360960K) icms_dc=0 , 0.0086260 secs] [Times: user=0.08 sys=0.01, real=0.01 secs] 
2012-10-19T09:38:18.826-0400: [GC [ParNew: 226583K->5012K(249216K), 0.0100140 secs] 328616K->107696K(8360960K) icms_dc=0 , 0.0102170 secs] [Times: user=0.09 sys=0.02, real=0.01 secs] 
2012-10-19T09:38:30.357-0400: [GC [ParNew: 226580K->4782K(249216K), 0.0099180 secs] 329264K->108366K(8360960K) icms_dc=0 , 0.0101110 secs] [Times: user=0.09 sys=0.02, real=0.01 secs] 
2012-10-19T09:38:39.745-0400: [GC [ParNew: 226350K->5621K(249216K), 0.0079980 secs] 329934K->109576K(8360960K) icms_dc=0 , 0.0081910 secs] [Times: user=0.07 sys=0.01, real=0.00 secs] 
2012-10-19T09:38:51.394-0400: [GC [ParNew: 227189K->5422K(249216K), 0.0096910 secs] 331144K->109859K(8360960K) icms_dc=0 , 0.0098890 secs] [Times: user=0.09 sys=0.02, real=0.01 secs] 
2012-10-19T09:39:01.890-0400: [GC [ParNew: 226990K->5306K(249216K), 0.0092220 secs] 331427K->110602K(8360960K) icms_dc=0 , 0.0094140 secs] [Times: user=0.08 sys=0.02, real=0.01 secs] 
2012-10-19T09:39:09.718-0400: [GC [ParNew: 226874K->5077K(249216K), 0.0098670 secs] 332170K->111008K(8360960K) icms_dc=0 , 0.0100650 secs] [Times: user=0.09 sys=0.02, real=0.01 secs] 
2012-10-19T09:39:23.565-0400: [GC [ParNew: 226645K->4948K(249216K), 0.0081830 secs] 332576K->111667K(8360960K) icms_dc=0 , 0.0083940 secs] [Times: user=0.08 sys=0.02, real=0.01 secs] 
2012-10-19T09:39:36.527-0400: [GC [ParNew: 226516K->5224K(249216K), 0.0080930 secs] 333235K->112437K(8360960K) icms_dc=0 , 0.0082820 secs] [Times: user=0.07 sys=0.02, real=0.01 secs] 
2012-10-19T09:39:48.248-0400: [GC [ParNew: 226792K->4712K(249216K), 0.0096610 secs] 334005K->112509K(8360960K) icms_dc=0 , 0.0098500 secs] [Times: user=0.08 sys=0.02, real=0.01 secs] 
2012-10-19T09:40:00.296-0400: [GC [ParNew: 226280K->4588K(249216K), 0.0089070 secs] 334077K->112893K(8360960K) icms_dc=0 , 0.0091000 secs] [Times: user=0.08 sys=0.03, real=0.01 secs] 
2012-10-19T09:40:08.591-0400: [GC [ParNew: 226156K->4897K(249216K), 0.0095200 secs] 334461K->113954K(8360960K) icms_dc=0 , 0.0097190 secs] [Times: user=0.08 sys=0.02, real=0.01 secs] 
2012-10-19T09:40:15.885-0400: [GC [ParNew: 226465K->4646K(249216K), 0.0075430 secs] 335522K->114217K(8360960K) icms_dc=0 , 0.0077470 secs] [Times: user=0.07 sys=0.02, real=0.01 secs] 
2012-10-19T09:40:25.422-0400: [GC [ParNew: 226214K->4885K(249216K), 0.0183460 secs] 335785K->115117K(8360960K) icms_dc=0 , 0.0185870 secs] [Times: user=0.07 sys=0.03, real=0.02 secs] 
2012-10-19T09:40:33.590-0400: [GC [ParNew: 226453K->4400K(249216K), 0.0084580 secs] 336685K->115065K(8360960K) icms_dc=0 , 0.0086710 secs] [Times: user=0.07 sys=0.03, real=0.01 secs] 
2012-10-19T09:40:41.868-0400: [GC [ParNew: 225968K->5075K(249216K), 0.0124980 secs] 336633K->116364K(8360960K) icms_dc=0 , 0.0127620 secs] [Times: user=0.11 sys=0.02, real=0.02 secs] 
2012-10-19T09:40:50.051-0400: [GC [ParNew: 226643K->5002K(249216K), 0.0107700 secs] 337932K->117122K(8360960K) icms_dc=0 , 0.0109960 secs] [Times: user=0.08 sys=0.02, real=0.01 secs] 
2012-10-19T09:40:58.248-0400: [GC [ParNew: 226570K->5038K(249216K), 0.0066660 secs] 338690K->117731K(8360960K) icms_dc=0 , 0.0068820 secs] [Times: user=0.06 sys=0.01, real=0.01 secs] 
2012-10-19T09:41:07.005-0400: [GC [ParNew: 226606K->4502K(249216K), 0.0078510 secs] 339299K->117719K(8360960K) icms_dc=0 , 0.0080610 secs] [Times: user=0.07 sys=0.02, real=0.01 secs] 
2012-10-19T09:41:14.052-0400: [GC [ParNew: 226070K->4926K(249216K), 0.0091890 secs] 339287K->118895K(8360960K) icms_dc=0 , 0.0093920 secs] [Times: user=0.08 sys=0.02, real=0.01 secs] 
2012-10-19T09:41:22.333-0400: [GC [ParNew: 226494K->4294K(249216K), 0.0096830 secs] 340463K->118878K(8360960K) icms_dc=0 , 0.0098910 secs] [Times: user=0.07 sys=0.03, real=0.01 secs] 
2012-10-19T09:41:28.944-0400: [GC [ParNew: 225862K->4800K(249216K), 0.0123680 secs] 340446K->119891K(8360960K) icms_dc=0 , 0.0126170 secs] [Times: user=0.07 sys=0.01, real=0.02 secs] 
2012-10-19T09:41:31.173-0400: [GC [ParNew: 226368K->4103K(249216K), 0.0110040 secs] 341459K->119829K(8360960K) icms_dc=0 , 0.0111900 secs] [Times: user=0.08 sys=0.03, real=0.01 secs] 
2012-10-19T09:41:35.638-0400: [GC [ParNew: 225671K->3931K(249216K), 0.0089880 secs] 341397K->120207K(8360960K) icms_dc=0 , 0.0092030 secs] [Times: user=0.06 sys=0.03, real=0.01 secs] 
2012-10-19T09:41:40.351-0400: [GC [ParNew: 225499K->3784K(249216K), 0.0107380 secs] 341775K->120630K(8360960K) icms_dc=0 , 0.0109230 secs] [Times: user=0.08 sys=0.02, real=0.01 secs] 
2012-10-19T09:41:46.562-0400: [GC [ParNew: 225352K->3276K(249216K), 0.0085500 secs] 342198K->120733K(8360960K) icms_dc=0 , 0.0087150 secs] [Times: user=0.08 sys=0.03, real=0.01 secs] 
2012-10-19T09:41:54.457-0400: [GC [ParNew: 224844K->3758K(249216K), 0.0096090 secs] 342301K->121607K(8360960K) icms_dc=0 , 0.0098160 secs] [Times: user=0.10 sys=0.02, real=0.01 secs] 
2012-10-19T09:42:03.434-0400: [GC [ParNew: 225326K->4204K(249216K), 0.0076780 secs] 343175K->122568K(8360960K) icms_dc=0 , 0.0078740 secs] [Times: user=0.07 sys=0.01, real=0.01 secs] 
2012-10-19T09:42:12.097-0400: [GC [ParNew: 225772K->4325K(249216K), 0.0087680 secs] 344136K->122965K(8360960K) icms_dc=0 , 0.0089650 secs] [Times: user=0.09 sys=0.01, real=0.01 secs] 
2012-10-19T09:42:22.170-0400: [GC [ParNew: 225893K->5124K(249216K), 0.0067200 secs] 344533K->124140K(8360960K) icms_dc=0 , 0.0069220 secs] [Times: user=0.06 sys=0.01, real=0.01 secs] 
2012-10-19T09:42:27.769-0400: [GC [ParNew: 226692K->3977K(249216K), 0.0090940 secs] 345708K->123714K(8360960K) icms_dc=0 , 0.0092850 secs] [Times: user=0.09 sys=0.02, real=0.01 secs] 
2012-10-19T09:42:34.059-0400: [GC [ParNew: 225545K->4678K(249216K), 0.0100280 secs] 345282K->124929K(8360960K) icms_dc=0 , 0.0102300 secs] [Times: user=0.10 sys=0.02, real=0.01 secs] 
2012-10-19T09:42:43.063-0400: [GC [ParNew: 226246K->4937K(249216K), 0.0099930 secs] 346497K->125773K(8360960K) icms_dc=0 , 0.0101920 secs] [Times: user=0.09 sys=0.02, real=0.01 secs] 
2012-10-19T09:42:52.593-0400: [GC [ParNew: 226505K->4599K(249216K), 0.0099860 secs] 347341K->126254K(8360960K) icms_dc=0 , 0.0101980 secs] [Times: user=0.09 sys=0.02, real=0.01 secs] 
2012-10-19T09:43:03.077-0400: [GC [ParNew: 226167K->4649K(249216K), 0.0094160 secs] 347822K->126806K(8360960K) icms_dc=0 , 0.0096660 secs] [Times: user=0.08 sys=0.03, real=0.00 secs] 
2012-10-19T09:43:11.678-0400: [GC [ParNew: 226217K->4556K(249216K), 0.0108070 secs] 348374K->127418K(8360960K) icms_dc=0 , 0.0110150 secs] [Times: user=0.09 sys=0.03, real=0.02 secs] 
2012-10-19T09:43:22.031-0400: [GC [ParNew: 226124K->5356K(249216K), 0.0077340 secs] 348986K->128561K(8360960K) icms_dc=0 , 0.0079170 secs] [Times: user=0.07 sys=0.02, real=0.00 secs] 
2012-10-19T09:43:28.160-0400: [GC [ParNew: 226924K->4972K(249216K), 0.0099250 secs] 350129K->128807K(8360960K) icms_dc=0 , 0.0101160 secs] [Times: user=0.09 sys=0.04, real=0.01 secs] 
2012-10-19T09:43:39.597-0400: [GC [ParNew: 226540K->5017K(249216K), 0.0101950 secs] 350375K->129275K(8360960K) icms_dc=0 , 0.0103970 secs] [Times: user=0.08 sys=0.02, real=0.01 secs] 
2012-10-19T09:43:52.203-0400: [GC [ParNew: 226585K->4591K(249216K), 0.0093570 secs] 350843K->129734K(8360960K) icms_dc=0 , 0.0095440 secs] [Times: user=0.09 sys=0.02, real=0.01 secs] 
2012-10-19T09:44:02.505-0400: [GC [ParNew: 226159K->4413K(249216K), 0.0102210 secs] 351302K->130133K(8360960K) icms_dc=0 , 0.0104210 secs] [Times: user=0.08 sys=0.03, real=0.01 secs] 
2012-10-19T09:44:12.504-0400: [GC [ParNew: 225981K->4180K(249216K), 0.0097500 secs] 351701K->130431K(8360960K) icms_dc=0 , 0.0099440 secs] [Times: user=0.08 sys=0.02, real=0.01 secs] 
2012-10-19T09:44:17.492-0400: [GC [ParNew: 225748K->3918K(249216K), 0.0089460 secs] 351999K->130755K(8360960K) icms_dc=0 , 0.0091280 secs] [Times: user=0.08 sys=0.02, real=0.01 secs] 
2012-10-19T09:44:27.800-0400: [GC [ParNew: 225486K->3926K(249216K), 0.0090240 secs] 352323K->131344K(8360960K) icms_dc=0 , 0.0092120 secs] [Times: user=0.08 sys=0.02, real=0.01 secs] 
2012-10-19T09:44:34.863-0400: [GC [ParNew: 225494K->3935K(249216K), 0.0099020 secs] 352912K->131935K(8360960K) icms_dc=0 , 0.0100990 secs] [Times: user=0.08 sys=0.02, real=0.01 secs] 
2012-10-19T09:44:42.119-0400: [GC [ParNew: 225503K->4701K(249216K), 0.0085500 secs] 353503K->133067K(8360960K) icms_dc=0 , 0.0087510 secs] [Times: user=0.08 sys=0.01, real=0.00 secs] 
2012-10-19T09:44:49.779-0400: [GC [ParNew: 226269K->4702K(249216K), 0.0096860 secs] 354635K->133545K(8360960K) icms_dc=0 , 0.0098760 secs] [Times: user=0.09 sys=0.02, real=0.01 secs] 
2012-10-19T09:44:58.757-0400: [GC [ParNew: 226270K->4148K(249216K), 0.0073720 secs] 355113K->133671K(8360960K) icms_dc=0 , 0.0075630 secs] [Times: user=0.06 sys=0.02, real=0.01 secs] 
2012-10-19T09:45:06.609-0400: [GC [ParNew: 225716K->6423K(249216K), 0.0093730 secs] 355239K->136291K(8360960K) icms_dc=0 , 0.0096080 secs] [Times: user=0.08 sys=0.02, real=0.01 secs] 
2012-10-19T09:45:12.688-0400: [GC [ParNew: 227991K->9046K(249216K), 0.0067760 secs] 357859K->139753K(8360960K) icms_dc=0 , 0.0069990 secs] [Times: user=0.08 sys=0.00, real=0.01 secs] 
2012-10-19T09:45:21.714-0400: [GC [ParNew: 230614K->10451K(249216K), 0.0095250 secs] 361321K->141876K(8360960K) icms_dc=0 , 0.0097390 secs] [Times: user=0.09 sys=0.02, real=0.01 secs] 
2012-10-19T09:45:31.986-0400: [GC [ParNew: 232019K->10265K(249216K), 0.0077610 secs] 363444K->142205K(8360960K) icms_dc=0 , 0.0079840 secs] [Times: user=0.07 sys=0.01, real=0.00 secs] 
2012-10-19T09:45:39.433-0400: [GC [ParNew: 231833K->9527K(249216K), 0.0116420 secs] 363773K->142798K(8360960K) icms_dc=0 , 0.0118580 secs] [Times: user=0.11 sys=0.02, real=0.01 secs] 
2012-10-19T09:45:48.451-0400: [GC [ParNew: 231095K->6823K(249216K), 0.0137530 secs] 364366K->143464K(8360960K) icms_dc=0 , 0.0139620 secs] [Times: user=0.10 sys=0.02, real=0.01 secs] 
2012-10-19T09:45:55.461-0400: [GC [ParNew: 228391K->4692K(249216K), 0.0085090 secs] 365032K->142071K(8360960K) icms_dc=0 , 0.0086980 secs] [Times: user=0.08 sys=0.02, real=0.01 secs] 
2012-10-19T09:46:04.331-0400: [GC [ParNew: 226260K->4654K(249216K), 0.0086080 secs] 363639K->142579K(8360960K) icms_dc=0 , 0.0088060 secs] [Times: user=0.08 sys=0.01, real=0.01 secs] 
2012-10-19T09:46:13.700-0400: [GC [ParNew: 226222K->4546K(249216K), 0.0106370 secs] 364147K->142980K(8360960K) icms_dc=0 , 0.0108590 secs] [Times: user=0.09 sys=0.03, real=0.02 secs] 
2012-10-19T09:46:20.787-0400: [GC [ParNew: 226114K->4872K(249216K), 0.0098880 secs] 364548K->144068K(8360960K) icms_dc=0 , 0.0101080 secs] [Times: user=0.09 sys=0.02, real=0.01 secs] 
2012-10-19T09:46:30.043-0400: [GC [ParNew: 226440K->4731K(249216K), 0.0096260 secs] 365636K->144438K(8360960K) icms_dc=0 , 0.0098230 secs] [Times: user=0.09 sys=0.02, real=0.01 secs] 
2012-10-19T09:46:42.160-0400: [GC [ParNew: 226299K->5246K(249216K), 0.0061050 secs] 366006K->145500K(8360960K) icms_dc=0 , 0.0063010 secs] [Times: user=0.06 sys=0.01, real=0.01 secs] 
2012-10-19T09:46:51.066-0400: [GC [ParNew: 226814K->5407K(249216K), 0.0087140 secs] 367068K->146252K(8360960K) icms_dc=0 , 0.0089150 secs] [Times: user=0.07 sys=0.02, real=0.01 secs] 
2012-10-19T09:47:00.531-0400: [GC [ParNew: 226975K->5793K(249216K), 0.0102280 secs] 367820K->147496K(8360960K) icms_dc=0 , 0.0104300 secs] [Times: user=0.09 sys=0.01, real=0.01 secs] 
2012-10-19T09:47:06.972-0400: [GC [ParNew: 227361K->5235K(249216K), 0.0099020 secs] 369064K->147681K(8360960K) icms_dc=0 , 0.0100930 secs] [Times: user=0.09 sys=0.02, real=0.01 secs] 
2012-10-19T09:47:15.901-0400: [GC [ParNew: 226803K->5312K(249216K), 0.0082050 secs] 369249K->148322K(8360960K) icms_dc=0 , 0.0084040 secs] [Times: user=0.08 sys=0.03, real=0.01 secs] 
2012-10-19T09:47:26.050-0400: [GC [ParNew: 226880K->4737K(249216K), 0.0094100 secs] 369890K->148713K(8360960K) icms_dc=0 , 0.0096050 secs] [Times: user=0.08 sys=0.03, real=0.01 secs] 
2012-10-19T09:47:34.608-0400: [GC [ParNew: 226305K->5219K(249216K), 0.0092220 secs] 370281K->149622K(8360960K) icms_dc=0 , 0.0094140 secs] [Times: user=0.09 sys=0.02, real=0.01 secs] 
2012-10-19T09:47:45.406-0400: [GC [ParNew: 226787K->5294K(249216K), 0.0097990 secs] 371190K->150287K(8360960K) icms_dc=0 , 0.0100060 secs] [Times: user=0.10 sys=0.02, real=0.01 secs] 
2012-10-19T09:47:55.885-0400: [GC [ParNew: 226862K->5841K(249216K), 0.0093650 secs] 371855K->151663K(8360960K) icms_dc=0 , 0.0095650 secs] [Times: user=0.08 sys=0.02, real=0.01 secs] 
2012-10-19T09:48:05.682-0400: [GC [ParNew: 227409K->6866K(249216K), 0.0113210 secs] 373231K->153222K(8360960K) icms_dc=0 , 0.0115200 secs] [Times: user=0.09 sys=0.03, real=0.01 secs] 
2012-10-19T09:48:13.623-0400: [GC [ParNew: 228434K->5944K(249216K), 0.0094340 secs] 374790K->153252K(8360960K) icms_dc=0 , 0.0096430 secs] [Times: user=0.08 sys=0.01, real=0.01 secs] 
2012-10-19T09:48:22.193-0400: [GC [ParNew: 227512K->5528K(249216K), 0.0086020 secs] 374820K->153615K(8360960K) icms_dc=0 , 0.0087960 secs] [Times: user=0.08 sys=0.02, real=0.01 secs] 
2012-10-19T09:48:33.708-0400: [GC [ParNew: 227096K->5188K(249216K), 0.0094340 secs] 375183K->154298K(8360960K) icms_dc=0 , 0.0096230 secs] [Times: user=0.09 sys=0.02, real=0.00 secs] 
2012-10-19T09:48:45.921-0400: [GC [ParNew: 226756K->4268K(249216K), 0.0091170 secs] 375866K->154151K(8360960K) icms_dc=0 , 0.0093150 secs] [Times: user=0.08 sys=0.02, real=0.01 secs] 
2012-10-19T09:48:53.795-0400: [GC [ParNew: 225836K->5519K(249216K), 0.0084910 secs] 375719K->155724K(8360960K) icms_dc=0 , 0.0086910 secs] [Times: user=0.08 sys=0.02, real=0.01 secs] 
2012-10-19T09:49:02.588-0400: [GC [ParNew: 227087K->5479K(249216K), 0.0094660 secs] 377292K->156369K(8360960K) icms_dc=0 , 0.0096600 secs] [Times: user=0.08 sys=0.02, real=0.01 secs] 
2012-10-19T09:49:14.762-0400: [GC [ParNew: 227047K->4874K(249216K), 0.0095410 secs] 377937K->156281K(8360960K) icms_dc=0 , 0.0097440 secs] [Times: user=0.09 sys=0.03, real=0.01 secs] 
2012-10-19T09:49:25.463-0400: [GC [ParNew: 226442K->4772K(249216K), 0.0091970 secs] 377849K->156842K(8360960K) icms_dc=0 , 0.0094000 secs] [Times: user=0.09 sys=0.03, real=0.01 secs] 
2012-10-19T09:49:39.506-0400: [GC [ParNew: 226340K->4004K(249216K), 0.0078200 secs] 378410K->156922K(8360960K) icms_dc=0 , 0.0080030 secs] [Times: user=0.06 sys=0.03, real=0.00 secs] 
2012-10-19T09:49:51.799-0400: [GC [ParNew: 225572K->4828K(249216K), 0.0092060 secs] 378490K->158244K(8360960K) icms_dc=0 , 0.0093910 secs] [Times: user=0.09 sys=0.02, real=0.01 secs] 
2012-10-19T09:50:01.169-0400: [GC [ParNew: 226396K->5533K(249216K), 0.0118820 secs] 379812K->159355K(8360960K) icms_dc=0 , 0.0121470 secs] [Times: user=0.08 sys=0.02, real=0.01 secs] 
2012-10-19T09:50:07.404-0400: [GC [ParNew: 227101K->5358K(249216K), 0.0093440 secs] 380923K->159799K(8360960K) icms_dc=0 , 0.0095330 secs] [Times: user=0.09 sys=0.02, real=0.01 secs] 
2012-10-19T09:50:14.437-0400: [GC [ParNew: 226926K->5419K(249216K), 0.0091790 secs] 381367K->160590K(8360960K) icms_dc=0 , 0.0093920 secs] [Times: user=0.07 sys=0.03, real=0.01 secs] 
2012-10-19T09:50:22.042-0400: [GC [ParNew: 226987K->5383K(249216K), 0.0070440 secs] 382158K->161294K(8360960K) icms_dc=0 , 0.0072750 secs] [Times: user=0.08 sys=0.02, real=0.00 secs] 
2012-10-19T09:50:31.551-0400: [GC [ParNew: 226951K->5216K(249216K), 0.0076500 secs] 382862K->161779K(8360960K) icms_dc=0 , 0.0078620 secs] [Times: user=0.07 sys=0.02, real=0.01 secs] 
2012-10-19T09:50:40.570-0400: [GC [ParNew: 226784K->5169K(249216K), 0.0073000 secs] 383347K->162624K(8360960K) icms_dc=0 , 0.0075050 secs] [Times: user=0.06 sys=0.02, real=0.01 secs] 
2012-10-19T09:50:47.286-0400: [GC [ParNew: 226737K->5152K(249216K), 0.0107790 secs] 384192K->163421K(8360960K) icms_dc=0 , 0.0109770 secs] [Times: user=0.08 sys=0.03, real=0.01 secs] 
2012-10-19T09:50:57.921-0400: [GC [ParNew: 226720K->4881K(249216K), 0.0065480 secs] 384989K->163864K(8360960K) icms_dc=0 , 0.0067490 secs] [Times: user=0.06 sys=0.01, real=0.01 secs] 
2012-10-19T09:51:06.861-0400: [GC [ParNew: 226449K->4373K(249216K), 0.0103810 secs] 385432K->164234K(8360960K) icms_dc=0 , 0.0106090 secs] [Times: user=0.09 sys=0.03, real=0.01 secs] 
2012-10-19T09:51:16.183-0400: [GC [ParNew: 225941K->3937K(249216K), 0.0087920 secs] 385802K->164283K(8360960K) icms_dc=0 , 0.0090070 secs] [Times: user=0.08 sys=0.03, real=0.01 secs] 
2012-10-19T09:51:26.116-0400: [GC [ParNew: 225505K->3655K(249216K), 0.0094940 secs] 385851K->164784K(8360960K) icms_dc=0 , 0.0096870 secs] [Times: user=0.09 sys=0.02, real=0.01 secs] 
2012-10-19T09:51:32.789-0400: [GC [ParNew: 225223K->4119K(249216K), 0.0106510 secs] 386352K->165716K(8360960K) icms_dc=0 , 0.0108420 secs] [Times: user=0.08 sys=0.02, real=0.02 secs] 
2012-10-19T09:51:44.036-0400: [GC [ParNew: 225687K->4647K(249216K), 0.0082860 secs] 387284K->166680K(8360960K) icms_dc=0 , 0.0084820 secs] [Times: user=0.08 sys=0.01, real=0.01 secs] 
2012-10-19T09:51:55.911-0400: [GC [ParNew: 226215K->4223K(249216K), 0.0093450 secs] 388248K->166684K(8360960K) icms_dc=0 , 0.0095620 secs] [Times: user=0.07 sys=0.02, real=0.01 secs] 
2012-10-19T09:52:08.206-0400: [GC [ParNew: 225791K->4773K(249216K), 0.0083420 secs] 388252K->167745K(8360960K) icms_dc=0 , 0.0085300 secs] [Times: user=0.08 sys=0.02, real=0.00 secs] 
2012-10-19T09:52:19.687-0400: [GC [ParNew: 226341K->4968K(249216K), 0.0095780 secs] 389313K->168557K(8360960K) icms_dc=0 , 0.0097790 secs] [Times: user=0.08 sys=0.03, real=0.01 secs] 
2012-10-19T09:52:29.761-0400: [GC [ParNew: 226536K->4653K(249216K), 0.0120270 secs] 390125K->168747K(8360960K) icms_dc=0 , 0.0122400 secs] [Times: user=0.08 sys=0.03, real=0.01 secs] 
2012-10-19T09:52:39.262-0400: [GC [ParNew: 226221K->4745K(249216K), 0.0097400 secs] 390315K->169458K(8360960K) icms_dc=0 , 0.0099300 secs] [Times: user=0.08 sys=0.02, real=0.01 secs] 
2012-10-19T09:52:52.214-0400: [GC [ParNew: 226313K->4692K(249216K), 0.0094900 secs] 391026K->170076K(8360960K) icms_dc=0 , 0.0096890 secs] [Times: user=0.08 sys=0.03, real=0.01 secs] 
2012-10-19T09:53:03.631-0400: [GC [ParNew: 226260K->4432K(249216K), 0.0085920 secs] 391644K->170431K(8360960K) icms_dc=0 , 0.0087890 secs] [Times: user=0.07 sys=0.02, real=0.01 secs] 
2012-10-19T09:53:15.192-0400: [GC [ParNew: 226000K->4934K(249216K), 0.0077760 secs] 391999K->171304K(8360960K) icms_dc=0 , 0.0079630 secs] [Times: user=0.07 sys=0.02, real=0.01 secs] 
2012-10-19T09:53:25.038-0400: [GC [ParNew: 226502K->4389K(249216K), 0.0111260 secs] 392872K->171517K(8360960K) icms_dc=0 , 0.0113270 secs] [Times: user=0.08 sys=0.03, real=0.01 secs] 
2012-10-19T09:53:37.134-0400: [GC [ParNew: 225957K->4565K(249216K), 0.0087910 secs] 393085K->172512K(8360960K) icms_dc=0 , 0.0089860 secs] [Times: user=0.08 sys=0.02, real=0.01 secs] 
2012-10-19T09:53:51.802-0400: [GC [ParNew: 226133K->4554K(249216K), 0.0099640 secs] 394080K->172925K(8360960K) icms_dc=0 , 0.0101540 secs] [Times: user=0.09 sys=0.02, real=0.01 secs] 
2012-10-19T09:53:57.942-0400: [GC [ParNew: 226122K->5204K(249216K), 0.0076330 secs] 394493K->174107K(8360960K) icms_dc=0 , 0.0078590 secs] [Times: user=0.05 sys=0.01, real=0.01 secs] 
2012-10-19T09:54:09.753-0400: [GC [ParNew: 226772K->5398K(249216K), 0.0100020 secs] 395675K->174808K(8360960K) icms_dc=0 , 0.0102140 secs] [Times: user=0.08 sys=0.02, real=0.01 secs] 
2012-10-19T09:54:19.892-0400: [GC [ParNew: 226966K->4819K(249216K), 0.0084000 secs] 396376K->174856K(8360960K) icms_dc=0 , 0.0085930 secs] [Times: user=0.09 sys=0.02, real=0.01 secs] 
2012-10-19T09:54:33.744-0400: [GC [ParNew: 226387K->3989K(249216K), 0.0088980 secs] 396424K->174765K(8360960K) icms_dc=0 , 0.0091140 secs] [Times: user=0.08 sys=0.03, real=0.01 secs] 
2012-10-19T09:54:47.106-0400: [GC [ParNew: 225557K->4450K(249216K), 0.0091290 secs] 396333K->175614K(8360960K) icms_dc=0 , 0.0093170 secs] [Times: user=0.09 sys=0.03, real=0.01 secs] 
2012-10-19T09:55:01.001-0400: [GC [ParNew: 226018K->5084K(249216K), 0.0096410 secs] 397182K->176799K(8360960K) icms_dc=0 , 0.0098390 secs] [Times: user=0.09 sys=0.03, real=0.01 secs] 
2012-10-19T09:55:12.749-0400: [GC [ParNew: 226652K->4936K(249216K), 0.0091000 secs] 398367K->177217K(8360960K) icms_dc=0 , 0.0093090 secs] [Times: user=0.09 sys=0.02, real=0.01 secs] 
2012-10-19T09:55:23.609-0400: [GC [ParNew: 226504K->5762K(249216K), 0.0085510 secs] 398785K->178378K(8360960K) icms_dc=0 , 0.0087420 secs] [Times: user=0.09 sys=0.01, real=0.00 secs] 
2012-10-19T09:55:34.086-0400: [GC [ParNew: 227330K->4936K(249216K), 0.0095260 secs] 399946K->178182K(8360960K) icms_dc=0 , 0.0097230 secs] [Times: user=0.09 sys=0.02, real=0.01 secs] 
2012-10-19T09:55:46.678-0400: [GC [ParNew: 226504K->4610K(249216K), 0.0084090 secs] 399750K->178601K(8360960K) icms_dc=0 , 0.0086000 secs] [Times: user=0.08 sys=0.01, real=0.01 secs] 
2012-10-19T09:56:00.319-0400: [GC [ParNew: 226178K->4442K(249216K), 0.0098520 secs] 400169K->179025K(8360960K) icms_dc=0 , 0.0100460 secs] [Times: user=0.10 sys=0.02, real=0.01 secs] 
2012-10-19T09:56:12.622-0400: [GC [ParNew: 226010K->4777K(249216K), 0.0075760 secs] 400593K->179916K(8360960K) icms_dc=0 , 0.0077800 secs] [Times: user=0.06 sys=0.02, real=0.01 secs] 
2012-10-19T09:56:25.991-0400: [GC [ParNew: 226345K->4755K(249216K), 0.0084750 secs] 401484K->180425K(8360960K) icms_dc=0 , 0.0086640 secs] [Times: user=0.07 sys=0.02, real=0.01 secs] 
2012-10-19T09:56:39.075-0400: [GC [ParNew: 226323K->5528K(249216K), 0.0142870 secs] 401993K->181613K(8360960K) icms_dc=0 , 0.0145260 secs] [Times: user=0.08 sys=0.02, real=0.02 secs] 
2012-10-19T09:56:46.022-0400: [GC [ParNew: 227096K->5980K(249216K), 0.0113420 secs] 403181K->182665K(8360960K) icms_dc=0 , 0.0115260 secs] [Times: user=0.07 sys=0.02, real=0.01 secs] 
2012-10-19T09:56:58.303-0400: [GC [ParNew: 227548K->6535K(249216K), 0.0113150 secs] 404233K->183871K(8360960K) icms_dc=0 , 0.0115270 secs] [Times: user=0.09 sys=0.03, real=0.01 secs] 
2012-10-19T09:57:11.426-0400: [GC [ParNew: 228103K->5829K(249216K), 0.0093560 secs] 405439K->183696K(8360960K) icms_dc=0 , 0.0095560 secs] [Times: user=0.09 sys=0.03, real=0.01 secs] 
2012-10-19T09:57:24.548-0400: [GC [ParNew: 227397K->7114K(249216K), 0.0061740 secs] 405264K->185470K(8360960K) icms_dc=0 , 0.0064330 secs] [Times: user=0.05 sys=0.00, real=0.01 secs] 
2012-10-19T09:57:34.682-0400: [GC [ParNew: 228682K->6373K(249216K), 0.0109750 secs] 407038K->185780K(8360960K) icms_dc=0 , 0.0111750 secs] [Times: user=0.08 sys=0.03, real=0.01 secs] 
2012-10-19T09:57:48.033-0400: [GC [ParNew: 227941K->5095K(249216K), 0.0109920 secs] 407348K->185747K(8360960K) icms_dc=0 , 0.0111940 secs] [Times: user=0.10 sys=0.02, real=0.01 secs] 
2012-10-19T09:57:58.102-0400: [GC [ParNew: 226663K->5573K(249216K), 0.0109750 secs] 407315K->186757K(8360960K) icms_dc=0 , 0.0111780 secs] [Times: user=0.10 sys=0.01, real=0.01 secs] 
2012-10-19T09:58:12.289-0400: [GC [ParNew: 227141K->4695K(249216K), 0.0084040 secs] 408325K->186410K(8360960K) icms_dc=0 , 0.0085950 secs] [Times: user=0.07 sys=0.02, real=0.01 secs] 
2012-10-19T09:58:23.681-0400: [GC [ParNew: 226263K->5205K(249216K), 0.0101010 secs] 407978K->187364K(8360960K) icms_dc=0 , 0.0102950 secs] [Times: user=0.09 sys=0.03, real=0.01 secs] 
2012-10-19T09:58:37.027-0400: [GC [ParNew: 226773K->5012K(249216K), 0.0130940 secs] 408932K->187726K(8360960K) icms_dc=0 , 0.0133210 secs] [Times: user=0.08 sys=0.03, real=0.01 secs] 
2012-10-19T09:58:49.034-0400: [GC [ParNew: 226580K->4555K(249216K), 0.0085420 secs] 409294K->187905K(8360960K) icms_dc=0 , 0.0087330 secs] [Times: user=0.07 sys=0.02, real=0.01 secs] 
2012-10-19T09:58:59.864-0400: [GC [ParNew: 226123K->4645K(249216K), 0.0090160 secs] 409473K->188544K(8360960K) icms_dc=0 , 0.0092130 secs] [Times: user=0.08 sys=0.02, real=0.01 secs] 
2012-10-19T09:59:07.973-0400: [GC [ParNew: 226213K->3676K(249216K), 0.0099280 secs] 410112K->188381K(8360960K) icms_dc=0 , 0.0101150 secs] [Times: user=0.08 sys=0.03, real=0.01 secs] 
2012-10-19T09:59:19.194-0400: [GC [ParNew: 225244K->4315K(249216K), 0.0088920 secs] 409949K->189538K(8360960K) icms_dc=0 , 0.0090860 secs] [Times: user=0.09 sys=0.03, real=0.01 secs] 
2012-10-19T09:59:30.828-0400: [GC [ParNew: 225883K->3756K(249216K), 0.0074510 secs] 411106K->189472K(8360960K) icms_dc=0 , 0.0076400 secs] [Times: user=0.07 sys=0.02, real=0.01 secs] 
2012-10-19T09:59:42.224-0400: [GC [ParNew: 225324K->4255K(249216K), 0.0091560 secs] 411040K->190306K(8360960K) icms_dc=0 , 0.0093490 secs] [Times: user=0.09 sys=0.03, real=0.01 secs] 
2012-10-19T09:59:52.546-0400: [GC [ParNew: 225823K->4957K(249216K), 0.0098940 secs] 411874K->191274K(8360960K) icms_dc=0 , 0.0100960 secs] [Times: user=0.08 sys=0.03, real=0.01 secs] 
2012-10-19T09:59:59.594-0400: [GC [ParNew: 226525K->6303K(249216K), 0.0134210 secs] 412842K->193345K(8360960K) icms_dc=0 , 0.0136500 secs] [Times: user=0.08 sys=0.02, real=0.01 secs] 
2012-10-19T10:00:01.590-0400: [GC [ParNew: 227871K->5844K(249216K), 0.0104580 secs] 414913K->193424K(8360960K) icms_dc=0 , 0.0107320 secs] [Times: user=0.07 sys=0.03, real=0.01 secs] 
2012-10-19T10:00:06.171-0400: [GC [ParNew: 227412K->4480K(249216K), 0.0121200 secs] 414992K->192916K(8360960K) icms_dc=0 , 0.0123330 secs] [Times: user=0.09 sys=0.01, real=0.02 secs] 
2012-10-19T10:00:11.566-0400: [GC [ParNew: 226048K->5592K(249216K), 0.0098880 secs] 414484K->194676K(8360960K) icms_dc=0 , 0.0100910 secs] [Times: user=0.10 sys=0.01, real=0.01 secs] 
2012-10-19T10:00:18.260-0400: [GC [ParNew: 227160K->8199K(249216K), 0.0091480 secs] 416244K->197869K(8360960K) icms_dc=0 , 0.0093890 secs] [Times: user=0.09 sys=0.01, real=0.01 secs] 
2012-10-19T10:00:23.195-0400: [GC [ParNew: 229767K->8272K(249216K), 0.0084040 secs] 419437K->198420K(8360960K) icms_dc=0 , 0.0086150 secs] [Times: user=0.08 sys=0.02, real=0.01 secs] 
2012-10-19T10:00:34.441-0400: [GC [ParNew: 229840K->7511K(249216K), 0.0119140 secs] 419988K->198380K(8360960K) icms_dc=0 , 0.0121300 secs] [Times: user=0.11 sys=0.03, real=0.01 secs] 
2012-10-19T10:00:44.422-0400: [GC [ParNew: 229079K->6419K(249216K), 0.0102420 secs] 419948K->198181K(8360960K) icms_dc=0 , 0.0104160 secs] [Times: user=0.09 sys=0.01, real=0.01 secs] 
2012-10-19T10:00:53.788-0400: [GC [ParNew: 227987K->6284K(249216K), 0.0135030 secs] 419749K->200471K(8360960K) icms_dc=0 , 0.0137280 secs] [Times: user=0.11 sys=0.03, real=0.02 secs] 
2012-10-19T10:01:04.504-0400: [GC [ParNew: 227852K->4222K(249216K), 0.0122910 secs] 422039K->199013K(8360960K) icms_dc=0 , 0.0125160 secs] [Times: user=0.08 sys=0.02, real=0.01 secs] 
2012-10-19T10:01:11.834-0400: [GC [ParNew: 225790K->3962K(249216K), 0.0074030 secs] 420581K->199391K(8360960K) icms_dc=0 , 0.0075750 secs] [Times: user=0.07 sys=0.01, real=0.00 secs] 
2012-10-19T10:01:20.273-0400: [GC [ParNew: 225530K->4333K(249216K), 0.0098600 secs] 420959K->200109K(8360960K) icms_dc=0 , 0.0100470 secs] [Times: user=0.08 sys=0.02, real=0.01 secs] 
2012-10-19T10:01:32.374-0400: [GC [ParNew: 225901K->3828K(249216K), 0.0086450 secs] 421677K->200313K(8360960K) icms_dc=0 , 0.0088270 secs] [Times: user=0.08 sys=0.02, real=0.00 secs] 
2012-10-19T10:01:45.343-0400: [GC [ParNew: 225396K->4814K(249216K), 0.0098730 secs] 421881K->201580K(8360960K) icms_dc=0 , 0.0100880 secs] [Times: user=0.06 sys=0.03, real=0.01 secs] 
2012-10-19T10:01:51.492-0400: [GC [ParNew: 226382K->6577K(249216K), 0.0062350 secs] 423148K->203824K(8360960K) icms_dc=0 , 0.0064230 secs] [Times: user=0.06 sys=0.01, real=0.01 secs] 
2012-10-19T10:01:58.820-0400: [GC [ParNew: 228145K->6542K(249216K), 0.0112450 secs] 425392K->204339K(8360960K) icms_dc=0 , 0.0114800 secs] [Times: user=0.09 sys=0.02, real=0.01 secs] 
2012-10-19T10:02:03.963-0400: [GC [ParNew: 228110K->5659K(249216K), 0.0081960 secs] 425907K->204086K(8360960K) icms_dc=0 , 0.0083910 secs] [Times: user=0.08 sys=0.01, real=0.01 secs] 
2012-10-19T10:02:12.139-0400: [GC [ParNew: 227227K->5828K(249216K), 0.0088610 secs] 425654K->204889K(8360960K) icms_dc=0 , 0.0090670 secs] [Times: user=0.08 sys=0.02, real=0.00 secs] 
2012-10-19T10:02:20.605-0400: [GC [ParNew: 227396K->6059K(249216K), 0.0126690 secs] 426457K->206681K(8360960K) icms_dc=0 , 0.0128870 secs] [Times: user=0.09 sys=0.03, real=0.01 secs] 
2012-10-19T10:02:28.048-0400: [GC [ParNew: 227627K->5761K(249216K), 0.0102280 secs] 428249K->207143K(8360960K) icms_dc=0 , 0.0104310 secs] [Times: user=0.08 sys=0.02, real=0.01 secs] 
2012-10-19T10:02:40.625-0400: [GC [ParNew: 227329K->5878K(249216K), 0.0087600 secs] 428711K->207550K(8360960K) icms_dc=0 , 0.0089630 secs] [Times: user=0.08 sys=0.02, real=0.01 secs] 
2012-10-19T10:02:52.174-0400: [GC [ParNew: 227446K->6209K(249216K), 0.0084740 secs] 429118K->208565K(8360960K) icms_dc=0 , 0.0086660 secs] [Times: user=0.08 sys=0.02, real=0.01 secs] 
2012-10-19T10:03:03.429-0400: [GC [ParNew: 227777K->5489K(249216K), 0.0105670 secs] 430133K->209040K(8360960K) icms_dc=0 , 0.0107800 secs] [Times: user=0.09 sys=0.03, real=0.01 secs] 
2012-10-19T10:03:16.574-0400: [GC [ParNew: 227057K->5172K(249216K), 0.0124110 secs] 430608K->209105K(8360960K) icms_dc=0 , 0.0126330 secs] [Times: user=0.09 sys=0.03, real=0.01 secs] 
2012-10-19T10:03:28.210-0400: [GC [ParNew: 226740K->4976K(249216K), 0.0075730 secs] 430673K->209604K(8360960K) icms_dc=0 , 0.0077700 secs] [Times: user=0.07 sys=0.01, real=0.00 secs] 
2012-10-19T10:03:40.022-0400: [GC [ParNew: 226544K->5632K(249216K), 0.0132860 secs] 431172K->210980K(8360960K) icms_dc=0 , 0.0135260 secs] [Times: user=0.07 sys=0.02, real=0.01 secs] 
2012-10-19T10:03:49.555-0400: [GC [ParNew: 227200K->4857K(249216K), 0.0098410 secs] 432548K->210615K(8360960K) icms_dc=0 , 0.0100160 secs] [Times: user=0.09 sys=0.03, real=0.01 secs] 
2012-10-19T10:04:02.091-0400: [GC [ParNew: 226425K->4898K(249216K), 0.0101120 secs] 432183K->211204K(8360960K) icms_dc=0 , 0.0103250 secs] [Times: user=0.08 sys=0.02, real=0.01 secs] 
2012-10-19T10:04:12.328-0400: [GC [ParNew: 226466K->4161K(249216K), 0.0099190 secs] 432772K->211391K(8360960K) icms_dc=0 , 0.0101280 secs] [Times: user=0.09 sys=0.03, real=0.01 secs] 
2012-10-19T10:04:22.958-0400: [GC [ParNew: 225729K->4623K(249216K), 0.0101820 secs] 432959K->212221K(8360960K) icms_dc=0 , 0.0103920 secs] [Times: user=0.08 sys=0.03, real=0.01 secs] 
2012-10-19T10:04:31.161-0400: [GC [ParNew: 226191K->4108K(249216K), 0.0088170 secs] 433789K->212185K(8360960K) icms_dc=0 , 0.0090060 secs] [Times: user=0.08 sys=0.02, real=0.01 secs] 
2012-10-19T10:04:42.500-0400: [GC [ParNew: 225676K->4612K(249216K), 0.0094340 secs] 433753K->213077K(8360960K) icms_dc=0 , 0.0096270 secs] [Times: user=0.09 sys=0.02, real=0.01 secs] 
2012-10-19T10:04:53.468-0400: [GC [ParNew: 226180K->5296K(249216K), 0.0094960 secs] 434645K->214204K(8360960K) icms_dc=0 , 0.0097000 secs] [Times: user=0.08 sys=0.03, real=0.01 secs] 
2012-10-19T10:05:03.321-0400: [GC [ParNew: 226864K->4577K(249216K), 0.0095250 secs] 435772K->214144K(8360960K) icms_dc=0 , 0.0097210 secs] [Times: user=0.08 sys=0.03, real=0.01 secs] 
2012-10-19T10:05:11.341-0400: [GC [ParNew: 226145K->5720K(249216K), 0.0081390 secs] 435712K->215863K(8360960K) icms_dc=0 , 0.0083640 secs] [Times: user=0.08 sys=0.01, real=0.01 secs] 
2012-10-19T10:05:22.967-0400: [GC [ParNew: 227288K->6732K(249216K), 0.0083760 secs] 437431K->217347K(8360960K) icms_dc=0 , 0.0085990 secs] [Times: user=0.07 sys=0.01, real=0.01 secs] 
2012-10-19T10:05:30.072-0400: [GC [ParNew: 228300K->6376K(249216K), 0.0112540 secs] 438915K->217856K(8360960K) icms_dc=0 , 0.0114580 secs] [Times: user=0.10 sys=0.03, real=0.01 secs] 
2012-10-19T10:05:44.151-0400: [GC [ParNew: 227944K->6322K(249216K), 0.0089740 secs] 439424K->218378K(8360960K) icms_dc=0 , 0.0091700 secs] [Times: user=0.09 sys=0.02, real=0.01 secs] 
2012-10-19T10:05:55.253-0400: [GC [ParNew: 227890K->6173K(249216K), 0.0106230 secs] 439946K->219261K(8360960K) icms_dc=0 , 0.0108290 secs] [Times: user=0.09 sys=0.02, real=0.01 secs] 
2012-10-19T10:06:09.550-0400: [GC [ParNew: 227741K->5075K(249216K), 0.0111530 secs] 440829K->219062K(8360960K) icms_dc=0 , 0.0113500 secs] [Times: user=0.10 sys=0.02, real=0.01 secs] 
2012-10-19T10:06:24.681-0400: [GC [ParNew: 226643K->5816K(249216K), 0.0106310 secs] 440630K->220443K(8360960K) icms_dc=0 , 0.0108360 secs] [Times: user=0.09 sys=0.02, real=0.01 secs] 
2012-10-19T10:06:38.921-0400: [GC [ParNew: 227384K->4575K(249216K), 0.0083850 secs] 442011K->219768K(8360960K) icms_dc=0 , 0.0085810 secs] [Times: user=0.08 sys=0.02, real=0.01 secs] 
2012-10-19T10:06:50.171-0400: [GC [ParNew: 226143K->5018K(249216K), 0.0100180 secs] 441336K->220888K(8360960K) icms_dc=0 , 0.0102120 secs] [Times: user=0.09 sys=0.03, real=0.01 secs] 
2012-10-19T10:07:00.553-0400: [GC [ParNew: 226586K->4697K(249216K), 0.0101820 secs] 442456K->221087K(8360960K) icms_dc=0 , 0.0103770 secs] [Times: user=0.10 sys=0.02, real=0.01 secs] 
2012-10-19T10:07:12.467-0400: [GC [ParNew: 226265K->4809K(249216K), 0.0082710 secs] 442655K->221728K(8360960K) icms_dc=0 , 0.0084850 secs] [Times: user=0.07 sys=0.02, real=0.00 secs] 
2012-10-19T10:07:23.935-0400: [GC [ParNew: 226377K->4710K(249216K), 0.0101570 secs] 443296K->222179K(8360960K) icms_dc=0 , 0.0103700 secs] [Times: user=0.07 sys=0.03, real=0.01 secs] 
2012-10-19T10:07:33.726-0400: [GC [ParNew: 226278K->4204K(249216K), 0.0081070 secs] 443747K->222259K(8360960K) icms_dc=0 , 0.0082910 secs] [Times: user=0.08 sys=0.02, real=0.01 secs] 
2012-10-19T10:07:43.530-0400: [GC [ParNew: 225772K->4470K(249216K), 0.0094450 secs] 443827K->223006K(8360960K) icms_dc=0 , 0.0096370 secs] [Times: user=0.09 sys=0.03, real=0.01 secs] 
2012-10-19T10:07:57.152-0400: [GC [ParNew: 226038K->5759K(249216K), 0.0100080 secs] 444574K->224811K(8360960K) icms_dc=0 , 0.0102090 secs] [Times: user=0.09 sys=0.02, real=0.01 secs] 
2012-10-19T10:08:06.996-0400: [GC [ParNew: 227327K->5434K(249216K), 0.0093810 secs] 446379K->225081K(8360960K) icms_dc=0 , 0.0095720 secs] [Times: user=0.09 sys=0.02, real=0.01 secs] 
2012-10-19T10:08:19.407-0400: [GC [ParNew: 227002K->6232K(249216K), 0.0105050 secs] 446649K->226295K(8360960K) icms_dc=0 , 0.0107010 secs] [Times: user=0.10 sys=0.03, real=0.01 secs] 
2012-10-19T10:08:32.003-0400: [GC [ParNew: 227800K->5105K(249216K), 0.0093680 secs] 447863K->225995K(8360960K) icms_dc=0 , 0.0095660 secs] [Times: user=0.08 sys=0.02, real=0.01 secs] 
2012-10-19T10:08:46.641-0400: [GC [ParNew: 226673K->5005K(249216K), 0.0101040 secs] 447563K->226932K(8360960K) icms_dc=0 , 0.0102890 secs] [Times: user=0.09 sys=0.03, real=0.01 secs] 
2012-10-19T10:08:58.459-0400: [GC [ParNew: 226573K->4874K(249216K), 0.0095420 secs] 448500K->227213K(8360960K) icms_dc=0 , 0.0097470 secs] [Times: user=0.09 sys=0.02, real=0.01 secs] 
2012-10-19T10:09:10.998-0400: [GC [ParNew: 226442K->4190K(249216K), 0.0099950 secs] 448781K->227303K(8360960K) icms_dc=0 , 0.0101880 secs] [Times: user=0.09 sys=0.03, real=0.01 secs] 
2012-10-19T10:09:23.743-0400: [GC [ParNew: 225758K->4178K(249216K), 0.0082910 secs] 448871K->227849K(8360960K) icms_dc=0 , 0.0084880 secs] [Times: user=0.07 sys=0.03, real=0.00 secs] 
2012-10-19T10:09:32.111-0400: [GC [ParNew: 225746K->3906K(249216K), 0.0090170 secs] 449417K->228031K(8360960K) icms_dc=0 , 0.0091970 secs] [Times: user=0.08 sys=0.03, real=0.01 secs] 
2012-10-19T10:09:34.644-0400: [GC [ParNew: 225474K->3360K(249216K), 0.0094410 secs] 449599K->228122K(8360960K) icms_dc=0 , 0.0096170 secs] [Times: user=0.07 sys=0.03, real=0.01 secs] 
2012-10-19T10:09:42.483-0400: [GC [ParNew: 224928K->3360K(249216K), 0.0094060 secs] 449690K->228643K(8360960K) icms_dc=0 , 0.0096040 secs] [Times: user=0.09 sys=0.03, real=0.01 secs] 
2012-10-19T10:09:52.540-0400: [GC [ParNew: 224928K->4296K(249216K), 0.0134120 secs] 450211K->230143K(8360960K) icms_dc=0 , 0.0136460 secs] [Times: user=0.09 sys=0.03, real=0.01 secs] 
2012-10-19T10:10:01.004-0400: [GC [ParNew: 225864K->4443K(249216K), 0.0082190 secs] 451711K->230722K(8360960K) icms_dc=0 , 0.0084410 secs] [Times: user=0.06 sys=0.02, real=0.01 secs] 
2012-10-19T10:10:12.112-0400: [GC [ParNew: 226011K->5190K(249216K), 0.0094700 secs] 452290K->231728K(8360960K) icms_dc=0 , 0.0096590 secs] [Times: user=0.07 sys=0.04, real=0.01 secs] 
2012-10-19T10:10:27.014-0400: [GC [ParNew: 226758K->4812K(249216K), 0.0088080 secs] 453296K->231730K(8360960K) icms_dc=0 , 0.0089970 secs] [Times: user=0.09 sys=0.01, real=0.01 secs] 
2012-10-19T10:10:39.929-0400: [GC [ParNew: 226380K->4645K(249216K), 0.0094520 secs] 453298K->232265K(8360960K) icms_dc=0 , 0.0096540 secs] [Times: user=0.08 sys=0.02, real=0.01 secs] 
2012-10-19T10:10:54.039-0400: [GC [ParNew: 226213K->4868K(249216K), 0.0113970 secs] 453833K->232879K(8360960K) icms_dc=0 , 0.0116030 secs] [Times: user=0.09 sys=0.02, real=0.01 secs] 
2012-10-19T10:11:03.947-0400: [GC [ParNew: 226436K->5321K(249216K), 0.0103020 secs] 454447K->233863K(8360960K) icms_dc=0 , 0.0105070 secs] [Times: user=0.09 sys=0.04, real=0.01 secs] 
2012-10-19T10:11:11.502-0400: [GC [ParNew: 226889K->4673K(249216K), 0.0092710 secs] 455431K->233799K(8360960K) icms_dc=0 , 0.0094690 secs] [Times: user=0.09 sys=0.02, real=0.01 secs] 
2012-10-19T10:11:21.864-0400: [GC [ParNew: 226241K->4731K(249216K), 0.0070210 secs] 455367K->234444K(8360960K) icms_dc=0 , 0.0072160 secs] [Times: user=0.07 sys=0.01, real=0.01 secs] 
2012-10-19T10:11:32.822-0400: [GC [ParNew: 226299K->4146K(249216K), 0.0097380 secs] 456012K->234655K(8360960K) icms_dc=0 , 0.0099360 secs] [Times: user=0.09 sys=0.02, real=0.01 secs] 
2012-10-19T10:11:43.238-0400: [GC [ParNew: 225714K->3606K(249216K), 0.0087020 secs] 456223K->234780K(8360960K) icms_dc=0 , 0.0088940 secs] [Times: user=0.08 sys=0.02, real=0.01 secs] 
2012-10-19T10:11:56.322-0400: [GC [ParNew: 225174K->5403K(249216K), 0.0111970 secs] 456348K->236966K(8360960K) icms_dc=0 , 0.0114290 secs] [Times: user=0.07 sys=0.02, real=0.01 secs] 
2012-10-19T10:12:08.003-0400: [GC [ParNew: 226971K->4784K(249216K), 0.0100640 secs] 458534K->236933K(8360960K) icms_dc=0 , 0.0102620 secs] [Times: user=0.09 sys=0.03, real=0.01 secs] 
2012-10-19T10:12:16.639-0400: [GC [ParNew: 226352K->4795K(249216K), 0.0098170 secs] 458501K->237312K(8360960K) icms_dc=0 , 0.0100160 secs] [Times: user=0.08 sys=0.03, real=0.01 secs] 
2012-10-19T10:12:30.055-0400: [GC [ParNew: 226363K->4615K(249216K), 0.0084770 secs] 458880K->237599K(8360960K) icms_dc=0 , 0.0086610 secs] [Times: user=0.08 sys=0.02, real=0.01 secs] 
2012-10-19T10:12:37.171-0400: [GC [ParNew: 226183K->3814K(249216K), 0.0089010 secs] 459167K->237763K(8360960K) icms_dc=0 , 0.0090950 secs] [Times: user=0.08 sys=0.02, real=0.01 secs] 
2012-10-19T10:12:44.832-0400: [GC [ParNew: 225382K->3815K(249216K), 0.0092000 secs] 459331K->238119K(8360960K) icms_dc=0 , 0.0093790 secs] [Times: user=0.09 sys=0.02, real=0.01 secs] 
2012-10-19T10:12:56.341-0400: [GC [ParNew: 225383K->3916K(249216K), 0.0094070 secs] 459687K->238880K(8360960K) icms_dc=0 , 0.0096050 secs] [Times: user=0.08 sys=0.03, real=0.01 secs] 
2012-10-19T10:13:01.448-0400: [GC [ParNew: 225484K->4395K(249216K), 0.0090090 secs] 460448K->239795K(8360960K) icms_dc=0 , 0.0092010 secs] [Times: user=0.06 sys=0.02, real=0.01 secs] 
2012-10-19T10:13:12.186-0400: [GC [ParNew: 225963K->4453K(249216K), 0.0115060 secs] 461363K->240274K(8360960K) icms_dc=0 , 0.0117010 secs] [Times: user=0.09 sys=0.02, real=0.01 secs] 
2012-10-19T10:13:21.654-0400: [GC [ParNew: 226021K->4212K(249216K), 0.0086790 secs] 461842K->240481K(8360960K) icms_dc=0 , 0.0088760 secs] [Times: user=0.08 sys=0.02, real=0.01 secs] 
2012-10-19T10:13:32.107-0400: [GC [ParNew: 225780K->4201K(249216K), 0.0091580 secs] 462049K->240995K(8360960K) icms_dc=0 , 0.0093560 secs] [Times: user=0.09 sys=0.02, real=0.01 secs] 
2012-10-19T10:13:49.782-0400: [GC [ParNew: 225769K->4034K(249216K), 0.0083210 secs] 462563K->241377K(8360960K) icms_dc=0 , 0.0085180 secs] [Times: user=0.08 sys=0.03, real=0.01 secs] 
2012-10-19T10:14:05.612-0400: [GC [ParNew: 225602K->4491K(249216K), 0.0088680 secs] 462945K->242159K(8360960K) icms_dc=0 , 0.0090660 secs] [Times: user=0.07 sys=0.02, real=0.01 secs] 
2012-10-19T10:14:21.559-0400: [GC [ParNew: 226059K->4232K(249216K), 0.0095390 secs] 463727K->242577K(8360960K) icms_dc=0 , 0.0097340 secs] [Times: user=0.08 sys=0.02, real=0.01 secs] 
2012-10-19T10:14:36.931-0400: [GC [ParNew: 225800K->3666K(249216K), 0.0089750 secs] 464145K->242428K(8360960K) icms_dc=0 , 0.0091620 secs] [Times: user=0.09 sys=0.02, real=0.01 secs] 
2012-10-19T10:14:48.676-0400: [GC [ParNew: 225234K->3979K(249216K), 0.0097580 secs] 463996K->243193K(8360960K) icms_dc=0 , 0.0099340 secs] [Times: user=0.08 sys=0.02, real=0.01 secs] 
2012-10-19T10:15:02.115-0400: [GC [ParNew: 225547K->4209K(249216K), 0.0105670 secs] 464761K->243864K(8360960K) icms_dc=0 , 0.0107570 secs] [Times: user=0.10 sys=0.02, real=0.01 secs] 
2012-10-19T10:15:09.717-0400: [GC [ParNew: 225777K->5196K(249216K), 0.0073700 secs] 465432K->245402K(8360960K) icms_dc=0 , 0.0075710 secs] [Times: user=0.06 sys=0.01, real=0.00 secs] 
2012-10-19T10:15:17.235-0400: [GC [ParNew: 226764K->7792K(249216K), 0.0107100 secs] 466970K->248426K(8360960K) icms_dc=0 , 0.0109220 secs] [Times: user=0.11 sys=0.02, real=0.01 secs] 
2012-10-19T10:15:31.990-0400: [GC [ParNew: 229360K->8608K(249216K), 0.0050420 secs] 469994K->249849K(8360960K) icms_dc=0 , 0.0052520 secs] [Times: user=0.05 sys=0.00, real=0.00 secs] 
2012-10-19T10:15:46.029-0400: [GC [ParNew: 230176K->7536K(249216K), 0.0097240 secs] 471417K->249337K(8360960K) icms_dc=0 , 0.0099300 secs] [Times: user=0.10 sys=0.02, real=0.01 secs] 
2012-10-19T10:16:03.416-0400: [GC [ParNew: 229104K->8030K(249216K), 0.0108530 secs] 470905K->250706K(8360960K) icms_dc=0 , 0.0110670 secs] [Times: user=0.09 sys=0.03, real=0.01 secs] 
2012-10-19T10:16:13.263-0400: [GC [ParNew: 229598K->6033K(249216K), 0.0116640 secs] 472274K->251491K(8360960K) icms_dc=0 , 0.0118800 secs] [Times: user=0.09 sys=0.02, real=0.02 secs] 
2012-10-19T10:16:26.056-0400: [GC [ParNew: 227601K->4399K(249216K), 0.0093440 secs] 473059K->250448K(8360960K) icms_dc=0 , 0.0095620 secs] [Times: user=0.07 sys=0.03, real=0.01 secs] 
2012-10-19T10:16:39.848-0400: [GC [ParNew: 225967K->4761K(249216K), 0.0098720 secs] 472016K->251331K(8360960K) icms_dc=0 , 0.0100660 secs] [Times: user=0.08 sys=0.03, real=0.01 secs] 
2012-10-19T10:16:51.062-0400: [GC [ParNew: 226329K->4735K(249216K), 0.0097860 secs] 472899K->251896K(8360960K) icms_dc=0 , 0.0099850 secs] [Times: user=0.08 sys=0.02, real=0.01 secs] 
2012-10-19T10:17:01.912-0400: [GC [ParNew: 226303K->4735K(249216K), 0.0101290 secs] 473464K->252475K(8360960K) icms_dc=0 , 0.0103250 secs] [Times: user=0.10 sys=0.01, real=0.01 secs] 
2012-10-19T10:17:14.475-0400: [GC [ParNew: 226303K->4710K(249216K), 0.0157850 secs] 474043K->252921K(8360960K) icms_dc=0 , 0.0160250 secs] [Times: user=0.10 sys=0.02, real=0.01 secs] 
2012-10-19T10:17:21.237-0400: [GC [ParNew: 226278K->4549K(249216K), 0.0117780 secs] 474489K->253308K(8360960K) icms_dc=0 , 0.0119760 secs] [Times: user=0.10 sys=0.02, real=0.01 secs] 
2012-10-19T10:17:34.822-0400: [GC [ParNew: 226117K->4322K(249216K), 0.0103300 secs] 474876K->253713K(8360960K) icms_dc=0 , 0.0105560 secs] [Times: user=0.09 sys=0.03, real=0.01 secs] 
2012-10-19T10:17:39.987-0400: [GC [ParNew: 225890K->4481K(249216K), 0.0101840 secs] 475281K->254543K(8360960K) icms_dc=0 , 0.0103760 secs] [Times: user=0.10 sys=0.01, real=0.01 secs] 
2012-10-19T10:17:48.022-0400: [GC [ParNew: 226049K->4705K(249216K), 0.0090460 secs] 476111K->255346K(8360960K) icms_dc=0 , 0.0092570 secs] [Times: user=0.08 sys=0.02, real=0.01 secs] 
2012-10-19T10:18:00.941-0400: [GC [ParNew: 226273K->5127K(249216K), 0.0103050 secs] 476914K->256375K(8360960K) icms_dc=0 , 0.0105030 secs] [Times: user=0.09 sys=0.02, real=0.01 secs] 
2012-10-19T10:18:08.485-0400: [GC [ParNew: 226695K->5040K(249216K), 0.0122030 secs] 477943K->256980K(8360960K) icms_dc=0 , 0.0124280 secs] [Times: user=0.10 sys=0.03, real=0.01 secs] 
2012-10-19T10:18:18.959-0400: [GC [ParNew: 226608K->4771K(249216K), 0.0096360 secs] 478548K->257210K(8360960K) icms_dc=0 , 0.0098270 secs] [Times: user=0.09 sys=0.03, real=0.01 secs] 
2012-10-19T10:18:27.766-0400: [GC [ParNew: 226339K->4555K(249216K), 0.0095290 secs] 478778K->257663K(8360960K) icms_dc=0 , 0.0097180 secs] [Times: user=0.08 sys=0.03, real=0.01 secs] 
2012-10-19T10:18:37.179-0400: [GC [ParNew: 226123K->4564K(249216K), 0.0102070 secs] 479231K->258236K(8360960K) icms_dc=0 , 0.0104140 secs] [Times: user=0.09 sys=0.02, real=0.01 secs] 
2012-10-19T10:18:47.515-0400: [GC [ParNew: 226132K->4237K(249216K), 0.0085210 secs] 479804K->258492K(8360960K) icms_dc=0 , 0.0087390 secs] [Times: user=0.08 sys=0.02, real=0.01 secs] 
2012-10-19T10:18:57.497-0400: [GC [ParNew: 225805K->4572K(249216K), 0.0095520 secs] 480060K->259321K(8360960K) icms_dc=0 , 0.0097380 secs] [Times: user=0.09 sys=0.02, real=0.01 secs] 
2012-10-19T10:19:09.209-0400: [GC [ParNew: 226140K->4349K(249216K), 0.0095620 secs] 480889K->259623K(8360960K) icms_dc=0 , 0.0097770 secs] [Times: user=0.09 sys=0.03, real=0.01 secs] 
2012-10-19T10:19:23.719-0400: [GC [ParNew: 225917K->4379K(249216K), 0.0092180 secs] 481191K->260161K(8360960K) icms_dc=0 , 0.0094130 secs] [Times: user=0.08 sys=0.02, real=0.01 secs] 
2012-10-19T10:19:32.105-0400: [GC [ParNew: 225947K->3934K(249216K), 0.0114660 secs] 481729K->260151K(8360960K) icms_dc=0 , 0.0116690 secs] [Times: user=0.08 sys=0.03, real=0.01 secs] 
2012-10-19T10:19:44.341-0400: [GC [ParNew: 225502K->4502K(249216K), 0.0108740 secs] 481719K->261358K(8360960K) icms_dc=0 , 0.0110960 secs] [Times: user=0.07 sys=0.02, real=0.01 secs] 
2012-10-19T10:19:54.218-0400: [GC [ParNew: 226070K->3948K(249216K), 0.0090350 secs] 482926K->261196K(8360960K) icms_dc=0 , 0.0092220 secs] [Times: user=0.08 sys=0.02, real=0.01 secs] 
2012-10-19T10:20:05.234-0400: [GC [ParNew: 225516K->5225K(249216K), 0.0098650 secs] 482764K->262972K(8360960K) icms_dc=0 , 0.0100700 secs] [Times: user=0.09 sys=0.02, real=0.01 secs] 
2012-10-19T10:20:19.228-0400: [GC [ParNew: 226793K->6369K(249216K), 0.0076950 secs] 484540K->264415K(8360960K) icms_dc=0 , 0.0079330 secs] [Times: user=0.08 sys=0.01, real=0.01 secs] 
2012-10-19T10:20:31.463-0400: [GC [ParNew: 227937K->5727K(249216K), 0.0103280 secs] 485983K->264226K(8360960K) icms_dc=0 , 0.0105300 secs] [Times: user=0.09 sys=0.03, real=0.01 secs] 
2012-10-19T10:20:46.105-0400: [GC [ParNew: 227295K->6158K(249216K), 0.0091030 secs] 485794K->265261K(8360960K) icms_dc=0 , 0.0093030 secs] [Times: user=0.09 sys=0.02, real=0.01 secs] 
2012-10-19T10:21:01.821-0400: [GC [ParNew: 227726K->5805K(249216K), 0.0111430 secs] 486829K->265992K(8360960K) icms_dc=0 , 0.0113830 secs] [Times: user=0.11 sys=0.02, real=0.01 secs] 
2012-10-19T10:21:08.143-0400: [GC [ParNew: 227373K->5130K(249216K), 0.0053760 secs] 487560K->266391K(8360960K) icms_dc=0 , 0.0055690 secs] [Times: user=0.06 sys=0.00, real=0.00 secs] 
2012-10-19T10:21:18.128-0400: [GC [ParNew: 226698K->4343K(249216K), 0.0101550 secs] 487959K->266218K(8360960K) icms_dc=0 , 0.0103520 secs] [Times: user=0.09 sys=0.03, real=0.01 secs] 
2012-10-19T10:21:28.846-0400: [GC [ParNew: 225911K->4266K(249216K), 0.0107630 secs] 487786K->266855K(8360960K) icms_dc=0 , 0.0109670 secs] [Times: user=0.11 sys=0.03, real=0.01 secs] 
2012-10-19T10:21:39.276-0400: [GC [ParNew: 225834K->4275K(249216K), 0.0080350 secs] 488423K->267487K(8360960K) icms_dc=0 , 0.0082120 secs] [Times: user=0.05 sys=0.01, real=0.01 secs] 
2012-10-19T10:21:48.921-0400: [GC [ParNew: 225843K->3892K(249216K), 0.0077550 secs] 489055K->267467K(8360960K) icms_dc=0 , 0.0079150 secs] [Times: user=0.06 sys=0.02, real=0.01 secs] 
2012-10-19T10:21:57.734-0400: [GC [ParNew: 225460K->4511K(249216K), 0.0116700 secs] 489035K->268612K(8360960K) icms_dc=0 , 0.0118590 secs] [Times: user=0.11 sys=0.03, real=0.01 secs] 
2012-10-19T10:22:09.703-0400: [GC [ParNew: 226079K->4173K(249216K), 0.0134640 secs] 490180K->268920K(8360960K) icms_dc=0 , 0.0136880 secs] [Times: user=0.11 sys=0.02, real=0.01 secs] 
2012-10-19T10:22:19.231-0400: [GC [ParNew: 225741K->4413K(249216K), 0.0090080 secs] 490488K->269489K(8360960K) icms_dc=0 , 0.0091800 secs] [Times: user=0.08 sys=0.03, real=0.01 secs] 
2012-10-19T10:22:31.609-0400: [GC [ParNew: 225981K->4376K(249216K), 0.0123590 secs] 491057K->270002K(8360960K) icms_dc=0 , 0.0125680 secs] [Times: user=0.08 sys=0.04, real=0.02 secs] 
2012-10-19T10:22:40.556-0400: [GC [ParNew: 225944K->3856K(249216K), 0.0094650 secs] 491570K->269877K(8360960K) icms_dc=0 , 0.0096690 secs] [Times: user=0.09 sys=0.02, real=0.01 secs] 
2012-10-19T10:22:50.627-0400: [GC [ParNew: 225424K->5177K(249216K), 0.0054550 secs] 491445K->271561K(8360960K) icms_dc=0 , 0.0056520 secs] [Times: user=0.06 sys=0.00, real=0.00 secs] 
2012-10-19T10:23:03.004-0400: [GC [ParNew: 226745K->4296K(249216K), 0.0083960 secs] 493129K->271269K(8360960K) icms_dc=0 , 0.0085880 secs] [Times: user=0.09 sys=0.01, real=0.01 secs] 
2012-10-19T10:23:14.301-0400: [GC [ParNew: 225864K->4326K(249216K), 0.0083850 secs] 492837K->271736K(8360960K) icms_dc=0 , 0.0085830 secs] [Times: user=0.07 sys=0.04, real=0.01 secs] 
2012-10-19T10:23:26.827-0400: [GC [ParNew: 225894K->4533K(249216K), 0.0097900 secs] 493304K->272238K(8360960K) icms_dc=0 , 0.0099920 secs] [Times: user=0.08 sys=0.04, real=0.02 secs] 
2012-10-19T10:23:44.900-0400: [GC [ParNew: 226101K->4579K(249216K), 0.0093830 secs] 493806K->273011K(8360960K) icms_dc=0 , 0.0095980 secs] [Times: user=0.09 sys=0.02, real=0.01 secs] 
2012-10-19T10:24:00.759-0400: [GC [ParNew: 226147K->4926K(249216K), 0.0095700 secs] 494579K->273809K(8360960K) icms_dc=0 , 0.0097650 secs] [Times: user=0.09 sys=0.02, real=0.01 secs] 
2012-10-19T10:24:11.546-0400: [GC [ParNew: 226494K->4747K(249216K), 0.0094600 secs] 495377K->274030K(8360960K) icms_dc=0 , 0.0096670 secs] [Times: user=0.07 sys=0.02, real=0.01 secs] 
2012-10-19T10:24:22.411-0400: [GC [ParNew: 226315K->5114K(249216K), 0.0079590 secs] 495598K->274937K(8360960K) icms_dc=0 , 0.0081540 secs] [Times: user=0.07 sys=0.02, real=0.01 secs] 
2012-10-19T10:24:34.616-0400: [GC [ParNew: 226682K->4685K(249216K), 0.0101320 secs] 496505K->275035K(8360960K) icms_dc=0 , 0.0103520 secs] [Times: user=0.10 sys=0.01, real=0.01 secs] 
2012-10-19T10:24:50.214-0400: [GC [ParNew: 226253K->4349K(249216K), 0.0070830 secs] 496603K->275338K(8360960K) icms_dc=0 , 0.0072800 secs] [Times: user=0.04 sys=0.00, real=0.01 secs] 
2012-10-19T10:25:05.462-0400: [GC [ParNew: 225917K->4883K(249216K), 0.0088930 secs] 496906K->276221K(8360960K) icms_dc=0 , 0.0090850 secs] [Times: user=0.06 sys=0.02, real=0.01 secs] 
2012-10-19T10:25:14.047-0400: [GC [ParNew: 226451K->4702K(249216K), 0.0098140 secs] 497789K->276490K(8360960K) icms_dc=0 , 0.0100090 secs] [Times: user=0.09 sys=0.01, real=0.01 secs] 
2012-10-19T10:25:27.891-0400: [GC [ParNew: 226270K->4454K(249216K), 0.0089110 secs] 498058K->276630K(8360960K) icms_dc=0 , 0.0091070 secs] [Times: user=0.09 sys=0.03, real=0.01 secs] 
2012-10-19T10:25:41.638-0400: [GC [ParNew: 226022K->4164K(249216K), 0.0096920 secs] 498198K->277023K(8360960K) icms_dc=0 , 0.0098820 secs] [Times: user=0.08 sys=0.03, real=0.01 secs] 
2012-10-19T10:26:00.001-0400: [GC [ParNew: 225732K->3881K(249216K), 0.0099230 secs] 498591K->277184K(8360960K) icms_dc=0 , 0.0101050 secs] [Times: user=0.08 sys=0.02, real=0.01 secs] 
2012-10-19T10:26:14.969-0400: [GC [ParNew: 225449K->3932K(249216K), 0.0088110 secs] 498752K->277708K(8360960K) icms_dc=0 , 0.0090070 secs] [Times: user=0.08 sys=0.02, real=0.00 secs] 
2012-10-19T10:26:27.494-0400: [GC [ParNew: 225500K->5105K(249216K), 0.0099520 secs] 499276K->279352K(8360960K) icms_dc=0 , 0.0101820 secs] [Times: user=0.06 sys=0.01, real=0.01 secs] 
2012-10-19T10:26:39.425-0400: [GC [ParNew: 226673K->4983K(249216K), 0.0108980 secs] 500920K->279736K(8360960K) icms_dc=0 , 0.0110780 secs] [Times: user=0.08 sys=0.03, real=0.01 secs] 
2012-10-19T10:26:55.817-0400: [GC [ParNew: 226551K->4920K(249216K), 0.0096850 secs] 501304K->280005K(8360960K) icms_dc=0 , 0.0098820 secs] [Times: user=0.09 sys=0.02, real=0.01 secs] 
2012-10-19T10:27:06.164-0400: [GC [ParNew: 226488K->4216K(249216K), 0.0100250 secs] 501573K->279920K(8360960K) icms_dc=0 , 0.0102210 secs] [Times: user=0.10 sys=0.02, real=0.01 secs] 
2012-10-19T10:27:18.697-0400: [GC [ParNew: 225784K->4140K(249216K), 0.0100580 secs] 501488K->280409K(8360960K) icms_dc=0 , 0.0102570 secs] [Times: user=0.09 sys=0.02, real=0.01 secs] 
2012-10-19T10:27:30.145-0400: [GC [ParNew: 225708K->4170K(249216K), 0.0092850 secs] 501977K->280989K(8360960K) icms_dc=0 , 0.0094800 secs] [Times: user=0.08 sys=0.01, real=0.01 secs] 
2012-10-19T10:27:42.257-0400: [GC [ParNew: 225738K->3866K(249216K), 0.0094970 secs] 502557K->281494K(8360960K) icms_dc=0 , 0.0096890 secs] [Times: user=0.08 sys=0.03, real=0.01 secs] 
2012-10-19T10:27:54.691-0400: [GC [ParNew: 225434K->4940K(249216K), 0.0097430 secs] 503062K->282923K(8360960K) icms_dc=0 , 0.0099460 secs] [Times: user=0.09 sys=0.03, real=0.01 secs] 
2012-10-19T10:28:05.889-0400: [GC [ParNew: 226508K->4794K(249216K), 0.0092270 secs] 504491K->283206K(8360960K) icms_dc=0 , 0.0094240 secs] [Times: user=0.09 sys=0.02, real=0.01 secs] 
2012-10-19T10:28:20.642-0400: [GC [ParNew: 226362K->4682K(249216K), 0.0099870 secs] 504774K->283681K(8360960K) icms_dc=0 , 0.0102020 secs] [Times: user=0.09 sys=0.02, real=0.01 secs] 
2012-10-19T10:28:34.863-0400: [GC [ParNew: 226250K->5106K(249216K), 0.0116700 secs] 505249K->284588K(8360960K) icms_dc=0 , 0.0118970 secs] [Times: user=0.10 sys=0.02, real=0.01 secs] 
2012-10-19T10:28:53.755-0400: [GC [ParNew: 226674K->4271K(249216K), 0.0096590 secs] 506156K->284368K(8360960K) icms_dc=0 , 0.0098440 secs] [Times: user=0.10 sys=0.01, real=0.01 secs] 
2012-10-19T10:29:08.119-0400: [GC [ParNew: 225839K->4569K(249216K), 0.0072180 secs] 505936K->285079K(8360960K) icms_dc=0 , 0.0074050 secs] [Times: user=0.08 sys=0.02, real=0.01 secs] 
2012-10-19T10:29:23.682-0400: [GC [ParNew: 226137K->4166K(249216K), 0.0097510 secs] 506647K->285168K(8360960K) icms_dc=0 , 0.0099420 secs] [Times: user=0.09 sys=0.02, real=0.01 secs] 
2012-10-19T10:29:34.102-0400: [GC [ParNew: 225734K->3971K(249216K), 0.0093890 secs] 506736K->285484K(8360960K) icms_dc=0 , 0.0095810 secs] [Times: user=0.08 sys=0.02, real=0.01 secs] 
2012-10-19T10:29:46.558-0400: [GC [ParNew: 225539K->3506K(249216K), 0.0095890 secs] 507052K->285578K(8360960K) icms_dc=0 , 0.0097760 secs] [Times: user=0.09 sys=0.03, real=0.01 secs] 
2012-10-19T10:29:59.925-0400: [GC [ParNew: 225074K->4166K(249216K), 0.0064940 secs] 507146K->286658K(8360960K) icms_dc=0 , 0.0066820 secs] [Times: user=0.06 sys=0.01, real=0.01 secs] 
2012-10-19T10:30:03.927-0400: [GC [ParNew: 225734K->5837K(249216K), 0.0089860 secs] 508226K->288710K(8360960K) icms_dc=0 , 0.0091910 secs] [Times: user=0.08 sys=0.01, real=0.01 secs] 
2012-10-19T10:30:11.517-0400: [GC [ParNew: 227405K->6273K(249216K), 0.0085340 secs] 510278K->289582K(8360960K) icms_dc=0 , 0.0087800 secs] [Times: user=0.08 sys=0.02, real=0.01 secs] 
2012-10-19T10:30:17.186-0400: [GC [ParNew: 227841K->8466K(249216K), 0.0117490 secs] 511150K->292211K(8360960K) icms_dc=0 , 0.0119300 secs] [Times: user=0.11 sys=0.01, real=0.01 secs] 
2012-10-19T10:30:27.111-0400: [GC [ParNew: 230034K->9322K(249216K), 0.0110350 secs] 513779K->293749K(8360960K) icms_dc=0 , 0.0112180 secs] [Times: user=0.10 sys=0.02, real=0.01 secs] 
2012-10-19T10:30:40.927-0400: [GC [ParNew: 230890K->10166K(249216K), 0.0121630 secs] 515317K->295283K(8360960K) icms_dc=0 , 0.0123930 secs] [Times: user=0.09 sys=0.01, real=0.01 secs] 
2012-10-19T10:30:58.109-0400: [GC [ParNew: 231734K->8186K(249216K), 0.0115120 secs] 516851K->294336K(8360960K) icms_dc=0 , 0.0117000 secs] [Times: user=0.11 sys=0.02, real=0.01 secs] 
2012-10-19T10:31:10.769-0400: [GC [ParNew: 229754K->6739K(249216K), 0.0118280 secs] 515904K->295463K(8360960K) icms_dc=0 , 0.0120210 secs] [Times: user=0.09 sys=0.02, real=0.01 secs] 
2012-10-19T10:31:24.543-0400: [GC [ParNew: 228307K->3993K(249216K), 0.0088750 secs] 517031K->293954K(8360960K) icms_dc=0 , 0.0090510 secs] [Times: user=0.07 sys=0.03, real=0.01 secs] 
2012-10-19T10:31:41.540-0400: [GC [ParNew: 225561K->3630K(249216K), 0.0074740 secs] 515522K->294133K(8360960K) icms_dc=0 , 0.0076430 secs] [Times: user=0.07 sys=0.01, real=0.00 secs] 
2012-10-19T10:31:51.716-0400: [GC [ParNew: 225198K->3423K(249216K), 0.0091320 secs] 515701K->294295K(8360960K) icms_dc=0 , 0.0093070 secs] [Times: user=0.08 sys=0.03, real=0.01 secs] 
2012-10-19T10:32:06.385-0400: [GC [ParNew: 224991K->3848K(249216K), 0.0106990 secs] 515863K->295073K(8360960K) icms_dc=0 , 0.0108840 secs] [Times: user=0.08 sys=0.02, real=0.01 secs] 
2012-10-19T10:32:23.456-0400: [GC [ParNew: 225416K->3853K(249216K), 0.0093770 secs] 516641K->295371K(8360960K) icms_dc=0 , 0.0095460 secs] [Times: user=0.08 sys=0.02, real=0.01 secs] 
2012-10-19T10:32:37.919-0400: [GC [ParNew: 225421K->3510K(249216K), 0.0090260 secs] 516939K->295444K(8360960K) icms_dc=0 , 0.0092120 secs] [Times: user=0.08 sys=0.03, real=0.01 secs] 
2012-10-19T10:32:53.117-0400: [GC [ParNew: 225078K->4032K(249216K), 0.0077760 secs] 517012K->296282K(8360960K) icms_dc=0 , 0.0079430 secs] [Times: user=0.07 sys=0.02, real=0.01 secs] 
2012-10-19T10:33:11.623-0400: [GC [ParNew: 225600K->3806K(249216K), 0.0091260 secs] 517850K->296488K(8360960K) icms_dc=0 , 0.0092920 secs] [Times: user=0.08 sys=0.02, real=0.01 secs] 
2012-10-19T10:33:29.548-0400: [GC [ParNew: 225374K->4201K(249216K), 0.0078900 secs] 518056K->297239K(8360960K) icms_dc=0 , 0.0080580 secs] [Times: user=0.08 sys=0.01, real=0.01 secs] 
2012-10-19T10:33:42.671-0400: [GC [ParNew: 225769K->3599K(249216K), 0.0089720 secs] 518807K->297035K(8360960K) icms_dc=0 , 0.0091500 secs] [Times: user=0.08 sys=0.03, real=0.01 secs] 
2012-10-19T10:33:54.774-0400: [GC [ParNew: 225167K->4012K(249216K), 0.0080480 secs] 518603K->297796K(8360960K) icms_dc=0 , 0.0082160 secs] [Times: user=0.07 sys=0.02, real=0.01 secs] 
2012-10-19T10:34:08.935-0400: [GC [ParNew: 225580K->3784K(249216K), 0.0086470 secs] 519364K->297970K(8360960K) icms_dc=0 , 0.0088240 secs] [Times: user=0.07 sys=0.03, real=0.01 secs] 
2012-10-19T10:34:23.685-0400: [GC [ParNew: 225352K->3616K(249216K), 0.0086170 secs] 519538K->298412K(8360960K) icms_dc=0 , 0.0087870 secs] [Times: user=0.08 sys=0.02, real=0.01 secs] 
2012-10-19T10:34:41.770-0400: [GC [ParNew: 225184K->3554K(249216K), 0.0092100 secs] 519980K->298674K(8360960K) icms_dc=0 , 0.0093940 secs] [Times: user=0.08 sys=0.03, real=0.01 secs] 
2012-10-19T10:35:01.116-0400: [GC [ParNew: 225122K->3533K(249216K), 0.0094060 secs] 520242K->298927K(8360960K) icms_dc=0 , 0.0095730 secs] [Times: user=0.09 sys=0.03, real=0.01 secs] 
2012-10-19T10:35:12.737-0400: [GC [ParNew: 225101K->5146K(249216K), 0.0096220 secs] 520495K->300861K(8360960K) icms_dc=0 , 0.0098110 secs] [Times: user=0.09 sys=0.01, real=0.01 secs] 
2012-10-19T10:35:24.227-0400: [GC [ParNew: 226714K->5262K(249216K), 0.0126810 secs] 522429K->301327K(8360960K) icms_dc=0 , 0.0128970 secs] [Times: user=0.11 sys=0.03, real=0.01 secs] 
2012-10-19T10:35:35.700-0400: [GC [ParNew: 226830K->5977K(249216K), 0.0075690 secs] 522895K->302495K(8360960K) icms_dc=0 , 0.0078560 secs] [Times: user=0.04 sys=0.01, real=0.01 secs] 
2012-10-19T10:35:49.477-0400: [GC [ParNew: 227545K->6249K(249216K), 0.0102420 secs] 524063K->303214K(8360960K) icms_dc=0 , 0.0104080 secs] [Times: user=0.09 sys=0.02, real=0.01 secs] 
2012-10-19T10:36:04.594-0400: [GC [ParNew: 227817K->4593K(249216K), 0.0107920 secs] 524782K->302732K(8360960K) icms_dc=0 , 0.0110120 secs] [Times: user=0.10 sys=0.02, real=0.01 secs] 
2012-10-19T10:36:18.225-0400: [GC [ParNew: 226161K->4862K(249216K), 0.0104850 secs] 524300K->303532K(8360960K) icms_dc=0 , 0.0106560 secs] [Times: user=0.10 sys=0.02, real=0.01 secs] 
2012-10-19T10:36:31.458-0400: [GC [ParNew: 226430K->4086K(249216K), 0.0069090 secs] 525100K->303202K(8360960K) icms_dc=0 , 0.0070800 secs] [Times: user=0.06 sys=0.02, real=0.01 secs] 
2012-10-19T10:36:43.405-0400: [GC [ParNew: 225654K->4196K(249216K), 0.0101710 secs] 524770K->304060K(8360960K) icms_dc=0 , 0.0104030 secs] [Times: user=0.07 sys=0.01, real=0.01 secs] 
2012-10-19T10:36:55.937-0400: [GC [ParNew: 225764K->4673K(249216K), 0.0097610 secs] 525628K->304936K(8360960K) icms_dc=0 , 0.0099580 secs] [Times: user=0.07 sys=0.03, real=0.01 secs] 
2012-10-19T10:37:10.799-0400: [GC [ParNew: 226241K->4449K(249216K), 0.0081360 secs] 526504K->305171K(8360960K) icms_dc=0 , 0.0083090 secs] [Times: user=0.08 sys=0.01, real=0.01 secs] 
2012-10-19T10:37:23.297-0400: [GC [ParNew: 226017K->4483K(249216K), 0.0123570 secs] 526739K->305569K(8360960K) icms_dc=0 , 0.0125270 secs] [Times: user=0.09 sys=0.03, real=0.01 secs] 
2012-10-19T10:37:34.679-0400: [GC [ParNew: 226051K->4293K(249216K), 0.0092910 secs] 527137K->305826K(8360960K) icms_dc=0 , 0.0094770 secs] [Times: user=0.08 sys=0.02, real=0.01 secs] 
2012-10-19T10:37:44.559-0400: [GC [ParNew: 225861K->3546K(249216K), 0.0095720 secs] 527394K->305807K(8360960K) icms_dc=0 , 0.0097670 secs] [Times: user=0.09 sys=0.02, real=0.01 secs] 
2012-10-19T10:38:00.593-0400: [GC [ParNew: 225114K->3735K(249216K), 0.0078320 secs] 527375K->306438K(8360960K) icms_dc=0 , 0.0080020 secs] [Times: user=0.07 sys=0.02, real=0.01 secs] 
2012-10-19T10:38:16.938-0400: [GC [ParNew: 225303K->3831K(249216K), 0.0094650 secs] 528006K->306912K(8360960K) icms_dc=0 , 0.0096440 secs] [Times: user=0.09 sys=0.02, real=0.00 secs] 
2012-10-19T10:38:28.933-0400: [GC [ParNew: 225399K->3759K(249216K), 0.0057940 secs] 528480K->307237K(8360960K) icms_dc=0 , 0.0059700 secs] [Times: user=0.06 sys=0.01, real=0.01 secs] 
2012-10-19T10:38:45.120-0400: [GC [ParNew: 225327K->4165K(249216K), 0.0093830 secs] 528805K->307921K(8360960K) icms_dc=0 , 0.0095550 secs] [Times: user=0.09 sys=0.01, real=0.01 secs] 
2012-10-19T10:39:00.632-0400: [GC [ParNew: 225733K->3629K(249216K), 0.0091870 secs] 529489K->307865K(8360960K) icms_dc=0 , 0.0093840 secs] [Times: user=0.08 sys=0.02, real=0.01 secs] 
2012-10-19T10:39:17.188-0400: [GC [ParNew: 225197K->3786K(249216K), 0.0095560 secs] 529433K->308401K(8360960K) icms_dc=0 , 0.0097500 secs] [Times: user=0.09 sys=0.02, real=0.01 secs] 
2012-10-19T10:39:36.452-0400: [GC [ParNew: 225354K->4040K(249216K), 0.0089280 secs] 529969K->308913K(8360960K) icms_dc=0 , 0.0091020 secs] [Times: user=0.08 sys=0.03, real=0.01 secs] 
2012-10-19T10:39:53.993-0400: [GC [ParNew: 225608K->4038K(249216K), 0.0093520 secs] 530481K->309402K(8360960K) icms_dc=0 , 0.0095180 secs] [Times: user=0.09 sys=0.03, real=0.01 secs] 
2012-10-19T10:40:12.384-0400: [GC [ParNew: 225606K->3655K(249216K), 0.0093510 secs] 530970K->309380K(8360960K) icms_dc=0 , 0.0095220 secs] [Times: user=0.09 sys=0.03, real=0.01 secs] 
2012-10-19T10:40:26.953-0400: [GC [ParNew: 225223K->4032K(249216K), 0.0074810 secs] 530948K->310176K(8360960K) icms_dc=0 , 0.0076450 secs] [Times: user=0.08 sys=0.01, real=0.00 secs] 
2012-10-19T10:40:36.933-0400: [GC [ParNew: 225600K->3897K(249216K), 0.0099520 secs] 531744K->310470K(8360960K) icms_dc=0 , 0.0101330 secs] [Times: user=0.09 sys=0.03, real=0.01 secs] 
2012-10-19T10:40:52.137-0400: [GC [ParNew: 225465K->3968K(249216K), 0.0073440 secs] 532038K->310995K(8360960K) icms_dc=0 , 0.0075220 secs] [Times: user=0.05 sys=0.01, real=0.00 secs] 
2012-10-19T10:41:05.295-0400: [GC [ParNew: 225536K->3812K(249216K), 0.0098860 secs] 532563K->311225K(8360960K) icms_dc=0 , 0.0100590 secs] [Times: user=0.08 sys=0.02, real=0.01 secs] 
2012-10-19T10:41:14.133-0400: [GC [ParNew: 225380K->4400K(249216K), 0.0107310 secs] 532793K->312127K(8360960K) icms_dc=0 , 0.0109270 secs] [Times: user=0.08 sys=0.01, real=0.01 secs] 
2012-10-19T10:41:25.948-0400: [GC [ParNew: 225968K->4853K(249216K), 0.0133320 secs] 533695K->313043K(8360960K) icms_dc=0 , 0.0135350 secs] [Times: user=0.07 sys=0.01, real=0.02 secs] 
2012-10-19T10:41:31.838-0400: [GC [ParNew: 226421K->4504K(249216K), 0.0138710 secs] 534611K->313430K(8360960K) icms_dc=0 , 0.0141020 secs] [Times: user=0.06 sys=0.02, real=0.02 secs] 
2012-10-19T10:41:41.378-0400: [GC [ParNew: 226072K->5333K(249216K), 0.0079710 secs] 534998K->314625K(8360960K) icms_dc=0 , 0.0082070 secs] [Times: user=0.06 sys=0.01, real=0.01 secs] 
2012-10-19T10:41:50.211-0400: [GC [ParNew: 226901K->5352K(249216K), 0.0123450 secs] 536193K->315297K(8360960K) icms_dc=0 , 0.0125080 secs] [Times: user=0.10 sys=0.01, real=0.01 secs] 
2012-10-19T10:41:56.063-0400: [GC [ParNew: 226920K->4498K(249216K), 0.0094180 secs] 536865K->315093K(8360960K) icms_dc=0 , 0.0095920 secs] [Times: user=0.07 sys=0.03, real=0.01 secs] 
2012-10-19T10:42:07.185-0400: [GC [ParNew: 226066K->4899K(249216K), 0.0102050 secs] 536661K->315945K(8360960K) icms_dc=0 , 0.0104100 secs] [Times: user=0.09 sys=0.02, real=0.01 secs] 
2012-10-19T10:42:19.074-0400: [GC [ParNew: 226467K->4484K(249216K), 0.0132060 secs] 537513K->316259K(8360960K) icms_dc=0 , 0.0134060 secs] [Times: user=0.12 sys=0.03, real=0.02 secs] 
2012-10-19T10:42:38.377-0400: [GC [ParNew: 226052K->4178K(249216K), 0.0095930 secs] 537827K->316643K(8360960K) icms_dc=0 , 0.0097600 secs] [Times: user=0.10 sys=0.02, real=0.01 secs] 
2012-10-19T10:42:51.486-0400: [GC [ParNew: 225746K->4362K(249216K), 0.0058140 secs] 538211K->317266K(8360960K) icms_dc=0 , 0.0059800 secs] [Times: user=0.06 sys=0.01, real=0.01 secs] 
2012-10-19T10:43:08.794-0400: [GC [ParNew: 225930K->4019K(249216K), 0.0098810 secs] 538834K->317439K(8360960K) icms_dc=0 , 0.0100530 secs] [Times: user=0.10 sys=0.02, real=0.01 secs] 
2012-10-19T10:43:24.337-0400: [GC [ParNew: 225587K->4129K(249216K), 0.0102900 secs] 539007K->317981K(8360960K) icms_dc=0 , 0.0104810 secs] [Times: user=0.09 sys=0.03, real=0.01 secs] 
2012-10-19T10:43:39.060-0400: [GC [ParNew: 225697K->4259K(249216K), 0.0162880 secs] 539549K->318594K(8360960K) icms_dc=0 , 0.0165070 secs] [Times: user=0.08 sys=0.02, real=0.01 secs] 
2012-10-19T10:43:51.968-0400: [GC [ParNew: 225827K->3942K(249216K), 0.0098500 secs] 540162K->318646K(8360960K) icms_dc=0 , 0.0100240 secs] [Times: user=0.10 sys=0.02, real=0.01 secs] 
2012-10-19T10:44:08.489-0400: [GC [ParNew: 225510K->3706K(249216K), 0.0074380 secs] 540214K->318823K(8360960K) icms_dc=0 , 0.0076150 secs] [Times: user=0.07 sys=0.02, real=0.01 secs] 
2012-10-19T10:44:22.114-0400: [GC [ParNew: 225274K->3738K(249216K), 0.0096960 secs] 540391K->319354K(8360960K) icms_dc=0 , 0.0098720 secs] [Times: user=0.09 sys=0.03, real=0.01 secs] 
2012-10-19T10:44:34.480-0400: [GC [ParNew: 225306K->3637K(249216K), 0.0091460 secs] 540922K->319617K(8360960K) icms_dc=0 , 0.0093070 secs] [Times: user=0.09 sys=0.02, real=0.01 secs] 
2012-10-19T10:44:51.345-0400: [GC [ParNew: 225205K->3715K(249216K), 0.0087000 secs] 541185K->320086K(8360960K) icms_dc=0 , 0.0088660 secs] [Times: user=0.08 sys=0.03, real=0.01 secs] 
2012-10-19T10:45:03.311-0400: [GC [ParNew: 225283K->3931K(249216K), 0.0100560 secs] 541654K->320725K(8360960K) icms_dc=0 , 0.0102270 secs] [Times: user=0.10 sys=0.03, real=0.01 secs] 
2012-10-19T10:45:11.416-0400: [GC [ParNew: 225499K->5487K(249216K), 0.0075670 secs] 542293K->322597K(8360960K) icms_dc=0 , 0.0077430 secs] [Times: user=0.07 sys=0.01, real=0.01 secs] 
2012-10-19T10:45:20.310-0400: [GC [ParNew: 227055K->7747K(249216K), 0.0109790 secs] 544165K->325202K(8360960K) icms_dc=0 , 0.0111710 secs] [Times: user=0.09 sys=0.02, real=0.01 secs] 
2012-10-19T10:45:34.271-0400: [GC [ParNew: 229315K->8313K(249216K), 0.0100960 secs] 546770K->326276K(8360960K) icms_dc=0 , 0.0102730 secs] [Times: user=0.09 sys=0.03, real=0.01 secs] 
2012-10-19T10:45:44.420-0400: [GC [ParNew: 229881K->8806K(249216K), 0.0114410 secs] 547844K->327332K(8360960K) icms_dc=0 , 0.0116210 secs] [Times: user=0.10 sys=0.02, real=0.01 secs] 
2012-10-19T10:45:58.688-0400: [GC [ParNew: 230374K->7586K(249216K), 0.0148090 secs] 548900K->327159K(8360960K) icms_dc=0 , 0.0150570 secs] [Times: user=0.10 sys=0.01, real=0.01 secs] 
2012-10-19T10:46:11.859-0400: [GC [ParNew: 229154K->6116K(249216K), 0.0151960 secs] 548727K->328020K(8360960K) icms_dc=0 , 0.0153840 secs] [Times: user=0.09 sys=0.03, real=0.01 secs] 
2012-10-19T10:46:27.080-0400: [GC [ParNew: 227684K->4626K(249216K), 0.0094960 secs] 549588K->327018K(8360960K) icms_dc=0 , 0.0096890 secs] [Times: user=0.09 sys=0.02, real=0.01 secs] 
2012-10-19T10:46:40.708-0400: [GC [ParNew: 226194K->5030K(249216K), 0.0105870 secs] 548586K->327952K(8360960K) icms_dc=0 , 0.0107610 secs] [Times: user=0.11 sys=0.03, real=0.01 secs] 
2012-10-19T10:46:52.314-0400: [GC [ParNew: 226598K->4119K(249216K), 0.0096590 secs] 549520K->327642K(8360960K) icms_dc=0 , 0.0098350 secs] [Times: user=0.09 sys=0.02, real=0.01 secs] 
2012-10-19T10:47:09.512-0400: [GC [ParNew: 225687K->4753K(249216K), 0.0088690 secs] 549210K->328597K(8360960K) icms_dc=0 , 0.0090460 secs] [Times: user=0.08 sys=0.02, real=0.01 secs] 
2012-10-19T10:47:28.050-0400: [GC [ParNew: 226321K->4596K(249216K), 0.0099680 secs] 550165K->329012K(8360960K) icms_dc=0 , 0.0101460 secs] [Times: user=0.09 sys=0.02, real=0.01 secs] 
2012-10-19T10:47:46.424-0400: [GC [ParNew: 226164K->3918K(249216K), 0.0099290 secs] 550580K->329011K(8360960K) icms_dc=0 , 0.0101060 secs] [Times: user=0.09 sys=0.02, real=0.01 secs] 
2012-10-19T10:47:57.292-0400: [GC [ParNew: 225486K->3740K(249216K), 0.0085220 secs] 550579K->329336K(8360960K) icms_dc=0 , 0.0086960 secs] [Times: user=0.08 sys=0.02, real=0.01 secs] 
2012-10-19T10:48:14.110-0400: [GC [ParNew: 225308K->4919K(249216K), 0.0100540 secs] 550904K->330887K(8360960K) icms_dc=0 , 0.0102420 secs] [Times: user=0.10 sys=0.02, real=0.01 secs] 
2012-10-19T10:48:24.797-0400: [GC [ParNew: 226487K->5082K(249216K), 0.0100680 secs] 552455K->331507K(8360960K) icms_dc=0 , 0.0102450 secs] [Times: user=0.08 sys=0.03, real=0.01 secs] 
2012-10-19T10:48:37.287-0400: [GC [ParNew: 226650K->4758K(249216K), 0.0092240 secs] 553075K->331646K(8360960K) icms_dc=0 , 0.0093980 secs] [Times: user=0.09 sys=0.02, real=0.01 secs] 
2012-10-19T10:48:51.990-0400: [GC [ParNew: 226326K->4643K(249216K), 0.0078550 secs] 553214K->331863K(8360960K) icms_dc=0 , 0.0080470 secs] [Times: user=0.07 sys=0.02, real=0.01 secs] 
2012-10-19T10:49:07.977-0400: [GC [ParNew: 226211K->4258K(249216K), 0.0097260 secs] 553431K->332276K(8360960K) icms_dc=0 , 0.0099050 secs] [Times: user=0.08 sys=0.03, real=0.01 secs] 
2012-10-19T10:49:23.543-0400: [GC [ParNew: 225826K->4493K(249216K), 0.0087720 secs] 553844K->333009K(8360960K) icms_dc=0 , 0.0089580 secs] [Times: user=0.07 sys=0.03, real=0.01 secs] 
2012-10-19T10:49:39.088-0400: [GC [ParNew: 226061K->4129K(249216K), 0.0094370 secs] 554577K->333240K(8360960K) icms_dc=0 , 0.0096170 secs] [Times: user=0.09 sys=0.03, real=0.01 secs] 
2012-10-19T10:49:49.604-0400: [GC [ParNew: 225697K->4138K(249216K), 0.0075660 secs] 554808K->333676K(8360960K) icms_dc=0 , 0.0077330 secs] [Times: user=0.07 sys=0.01, real=0.00 secs] 
2012-10-19T10:49:59.562-0400: [GC [ParNew: 225706K->4073K(249216K), 0.0097760 secs] 555244K->333985K(8360960K) icms_dc=0 , 0.0099610 secs] [Times: user=0.09 sys=0.02, real=0.01 secs] 
2012-10-19T10:50:00.943-0400: [GC [ParNew: 225641K->4872K(249216K), 0.0115900 secs] 555553K->335327K(8360960K) icms_dc=0 , 0.0117840 secs] [Times: user=0.09 sys=0.02, real=0.02 secs] 
2012-10-19T10:50:06.025-0400: [GC [ParNew: 226440K->3619K(249216K), 0.0110440 secs] 556895K->334786K(8360960K) icms_dc=0 , 0.0112270 secs] [Times: user=0.08 sys=0.03, real=0.01 secs] 
2012-10-19T10:50:16.075-0400: [GC [ParNew: 225187K->4198K(249216K), 0.0092650 secs] 556354K->335956K(8360960K) icms_dc=0 , 0.0094660 secs] [Times: user=0.08 sys=0.03, real=0.01 secs] 
2012-10-19T10:50:29.061-0400: [GC [ParNew: 225766K->4359K(249216K), 0.0088940 secs] 557524K->336571K(8360960K) icms_dc=0 , 0.0091000 secs] [Times: user=0.08 sys=0.02, real=0.01 secs] 
2012-10-19T10:50:36.990-0400: [GC [ParNew: 225927K->4624K(249216K), 0.0083410 secs] 558139K->337219K(8360960K) icms_dc=0 , 0.0085310 secs] [Times: user=0.06 sys=0.03, real=0.00 secs] 
2012-10-19T10:50:51.280-0400: [GC [ParNew: 226192K->4781K(249216K), 0.0114850 secs] 558787K->337918K(8360960K) icms_dc=0 , 0.0116890 secs] [Times: user=0.09 sys=0.02, real=0.02 secs] 
2012-10-19T10:51:02.803-0400: [GC [ParNew: 226349K->4225K(249216K), 0.0100240 secs] 559486K->338289K(8360960K) icms_dc=0 , 0.0102230 secs] [Times: user=0.09 sys=0.02, real=0.01 secs] 
2012-10-19T10:51:21.184-0400: [GC [ParNew: 225793K->3962K(249216K), 0.0108080 secs] 559857K->338643K(8360960K) icms_dc=0 , 0.0109980 secs] [Times: user=0.10 sys=0.03, real=0.01 secs] 
2012-10-19T10:51:43.431-0400: [GC [ParNew: 225530K->4137K(249216K), 0.0085450 secs] 560211K->339162K(8360960K) icms_dc=0 , 0.0087410 secs] [Times: user=0.07 sys=0.02, real=0.01 secs] 
2012-10-19T10:52:00.595-0400: [GC [ParNew: 225705K->4263K(249216K), 0.0083170 secs] 560730K->339814K(8360960K) icms_dc=0 , 0.0085210 secs] [Times: user=0.08 sys=0.01, real=0.01 secs] 
2012-10-19T10:52:16.792-0400: [GC [ParNew: 225831K->4165K(249216K), 0.0093340 secs] 561382K->340110K(8360960K) icms_dc=0 , 0.0095320 secs] [Times: user=0.08 sys=0.04, real=0.01 secs] 
2012-10-19T10:52:33.737-0400: [GC [ParNew: 225733K->4698K(249216K), 0.0095590 secs] 561678K->341120K(8360960K) icms_dc=0 , 0.0097540 secs] [Times: user=0.09 sys=0.02, real=0.01 secs] 
2012-10-19T10:52:50.615-0400: [GC [ParNew: 226266K->4951K(249216K), 0.0093250 secs] 562688K->341846K(8360960K) icms_dc=0 , 0.0095400 secs] [Times: user=0.09 sys=0.01, real=0.01 secs] 
2012-10-19T10:53:06.308-0400: [GC [ParNew: 226519K->4480K(249216K), 0.0104140 secs] 563414K->341847K(8360960K) icms_dc=0 , 0.0106150 secs] [Times: user=0.09 sys=0.03, real=0.01 secs] 
2012-10-19T10:53:24.403-0400: [GC [ParNew: 226048K->4183K(249216K), 0.0094720 secs] 563415K->342019K(8360960K) icms_dc=0 , 0.0096700 secs] [Times: user=0.08 sys=0.02, real=0.01 secs] 
2012-10-19T10:53:36.189-0400: [GC [ParNew: 225751K->4082K(249216K), 0.0077890 secs] 563587K->342457K(8360960K) icms_dc=0 , 0.0079800 secs] [Times: user=0.08 sys=0.02, real=0.01 secs] 
2012-10-19T10:53:56.272-0400: [GC [ParNew: 225650K->4462K(249216K), 0.0117820 secs] 564025K->343406K(8360960K) icms_dc=0 , 0.0119770 secs] [Times: user=0.11 sys=0.04, real=0.02 secs] 
2012-10-19T10:54:11.681-0400: [GC [ParNew: 226030K->4378K(249216K), 0.0083290 secs] 564974K->343639K(8360960K) icms_dc=0 , 0.0085280 secs] [Times: user=0.08 sys=0.03, real=0.01 secs] 
2012-10-19T10:54:28.638-0400: [GC [ParNew: 225946K->4360K(249216K), 0.0084030 secs] 565207K->344043K(8360960K) icms_dc=0 , 0.0085880 secs] [Times: user=0.08 sys=0.02, real=0.00 secs] 
2012-10-19T10:54:41.658-0400: [GC [ParNew: 225928K->4890K(249216K), 0.0159350 secs] 565611K->345052K(8360960K) icms_dc=0 , 0.0161780 secs] [Times: user=0.10 sys=0.03, real=0.02 secs] 
2012-10-19T10:54:56.476-0400: [GC [ParNew: 226458K->3990K(249216K), 0.0108330 secs] 566620K->344667K(8360960K) icms_dc=0 , 0.0110550 secs] [Times: user=0.08 sys=0.02, real=0.01 secs] 
2012-10-19T10:55:13.966-0400: [GC [ParNew: 225558K->3857K(249216K), 0.0086890 secs] 566235K->344940K(8360960K) icms_dc=0 , 0.0088760 secs] [Times: user=0.08 sys=0.01, real=0.01 secs] 
2012-10-19T10:55:29.948-0400: [GC [ParNew: 225425K->4132K(249216K), 0.0083980 secs] 566508K->345652K(8360960K) icms_dc=0 , 0.0086130 secs] [Times: user=0.08 sys=0.01, real=0.01 secs] 
2012-10-19T10:55:39.191-0400: [GC [ParNew: 225700K->4373K(249216K), 0.0075470 secs] 567220K->346320K(8360960K) icms_dc=0 , 0.0077390 secs] [Times: user=0.08 sys=0.01, real=0.01 secs] 
2012-10-19T10:55:57.587-0400: [GC [ParNew: 225941K->4330K(249216K), 0.0156100 secs] 567888K->346727K(8360960K) icms_dc=0 , 0.0158590 secs] [Times: user=0.07 sys=0.02, real=0.02 secs] 
2012-10-19T10:56:06.815-0400: [GC [ParNew: 225898K->4605K(249216K), 0.0127130 secs] 568295K->347518K(8360960K) icms_dc=0 , 0.0129000 secs] [Times: user=0.08 sys=0.03, real=0.01 secs] 
2012-10-19T10:56:20.400-0400: [GC [ParNew: 226173K->4247K(249216K), 0.0122130 secs] 569086K->347635K(8360960K) icms_dc=0 , 0.0124650 secs] [Times: user=0.10 sys=0.03, real=0.02 secs] 
2012-10-19T10:56:37.260-0400: [GC [ParNew: 225815K->4196K(249216K), 0.0103830 secs] 569203K->348060K(8360960K) icms_dc=0 , 0.0105780 secs] [Times: user=0.12 sys=0.01, real=0.01 secs] 
2012-10-19T10:56:54.353-0400: [GC [ParNew: 225764K->4436K(249216K), 0.0087830 secs] 569628K->348944K(8360960K) icms_dc=0 , 0.0089820 secs] [Times: user=0.09 sys=0.02, real=0.01 secs] 
2012-10-19T10:57:14.278-0400: [GC [ParNew: 226004K->4676K(249216K), 0.0090050 secs] 570512K->349513K(8360960K) icms_dc=0 , 0.0092000 secs] [Times: user=0.09 sys=0.02, real=0.01 secs] 
2012-10-19T10:57:35.373-0400: [GC [ParNew: 226244K->4006K(249216K), 0.0076980 secs] 571081K->349232K(8360960K) icms_dc=0 , 0.0078970 secs] [Times: user=0.07 sys=0.01, real=0.01 secs] 
2012-10-19T10:57:55.697-0400: [GC [ParNew: 225574K->4091K(249216K), 0.0094520 secs] 570800K->349757K(8360960K) icms_dc=0 , 0.0096390 secs] [Times: user=0.08 sys=0.03, real=0.01 secs] 
2012-10-19T10:58:09.463-0400: [GC [ParNew: 225659K->4102K(249216K), 0.0058180 secs] 571325K->350415K(8360960K) icms_dc=0 , 0.0060120 secs] [Times: user=0.05 sys=0.02, real=0.01 secs] 
2012-10-19T10:58:22.280-0400: [GC [ParNew: 225670K->4293K(249216K), 0.0104420 secs] 571983K->350974K(8360960K) icms_dc=0 , 0.0106450 secs] [Times: user=0.08 sys=0.04, real=0.01 secs] 
2012-10-19T10:58:40.149-0400: [GC [ParNew: 225861K->5013K(249216K), 0.0112980 secs] 572542K->352063K(8360960K) icms_dc=0 , 0.0114630 secs] [Times: user=0.08 sys=0.02, real=0.01 secs] 
2012-10-19T10:58:59.943-0400: [GC [ParNew: 226581K->3945K(249216K), 0.0108600 secs] 573631K->351481K(8360960K) icms_dc=0 , 0.0110550 secs] [Times: user=0.07 sys=0.03, real=0.01 secs] 
2012-10-19T10:59:17.482-0400: [GC [ParNew: 225513K->4313K(249216K), 0.0118490 secs] 573049K->352273K(8360960K) icms_dc=0 , 0.0120350 secs] [Times: user=0.09 sys=0.03, real=0.02 secs] 
2012-10-19T10:59:36.104-0400: [GC [ParNew: 225881K->4049K(249216K), 0.0073160 secs] 573841K->352425K(8360960K) icms_dc=0 , 0.0074980 secs] [Times: user=0.07 sys=0.02, real=0.01 secs] 
2012-10-19T10:59:55.272-0400: [GC [ParNew: 225617K->4214K(249216K), 0.0097680 secs] 573993K->352883K(8360960K) icms_dc=0 , 0.0099650 secs] [Times: user=0.08 sys=0.03, real=0.01 secs] 
2012-10-19T11:00:07.342-0400: [GC [ParNew: 225782K->4986K(249216K), 0.0091350 secs] 574451K->354149K(8360960K) icms_dc=0 , 0.0093270 secs] [Times: user=0.09 sys=0.03, real=0.01 secs] 
2012-10-19T11:00:14.009-0400: [GC [ParNew: 226554K->7297K(249216K), 0.0093410 secs] 575717K->356884K(8360960K) icms_dc=0 , 0.0095560 secs] [Times: user=0.08 sys=0.00, real=0.01 secs] 
2012-10-19T11:00:31.136-0400: [GC [ParNew: 228865K->8964K(249216K), 0.0102280 secs] 578452K->358853K(8360960K) icms_dc=0 , 0.0104460 secs] [Times: user=0.11 sys=0.01, real=0.01 secs] 
2012-10-19T11:00:47.153-0400: [GC [ParNew: 230532K->7551K(249216K), 0.0104190 secs] 580421K->358031K(8360960K) icms_dc=0 , 0.0106220 secs] [Times: user=0.10 sys=0.03, real=0.01 secs] 
2012-10-19T11:01:00.044-0400: [GC [ParNew: 229119K->7224K(249216K), 0.0106110 secs] 579599K->358442K(8360960K) icms_dc=0 , 0.0108190 secs] [Times: user=0.10 sys=0.02, real=0.01 secs] 
2012-10-19T11:01:18.731-0400: [GC [ParNew: 228792K->5992K(249216K), 0.0079050 secs] 580010K->359428K(8360960K) icms_dc=0 , 0.0081170 secs] [Times: user=0.07 sys=0.01, real=0.01 secs] 
2012-10-19T11:01:38.729-0400: [GC [ParNew: 227560K->4177K(249216K), 0.0140460 secs] 580996K->358460K(8360960K) icms_dc=0 , 0.0143000 secs] [Times: user=0.06 sys=0.02, real=0.02 secs] 
2012-10-19T11:01:50.602-0400: [GC [ParNew: 225745K->4741K(249216K), 0.0060380 secs] 580028K->359425K(8360960K) icms_dc=0 , 0.0062450 secs] [Times: user=0.02 sys=0.00, real=0.00 secs] 
2012-10-19T11:02:04.040-0400: [GC [ParNew: 226309K->4522K(249216K), 0.0122250 secs] 580993K->359584K(8360960K) icms_dc=0 , 0.0124440 secs] [Times: user=0.07 sys=0.02, real=0.01 secs] 
2012-10-19T11:02:19.011-0400: [GC [ParNew: 226090K->4006K(249216K), 0.0099510 secs] 581152K->359589K(8360960K) icms_dc=0 , 0.0101450 secs] [Times: user=0.08 sys=0.03, real=0.01 secs] 
2012-10-19T11:02:30.592-0400: [GC [ParNew: 225574K->3560K(249216K), 0.0083910 secs] 581157K->359739K(8360960K) icms_dc=0 , 0.0085790 secs] [Times: user=0.07 sys=0.03, real=0.01 secs] 
2012-10-19T11:02:45.159-0400: [GC [ParNew: 225128K->4168K(249216K), 0.0119130 secs] 581307K->360986K(8360960K) icms_dc=0 , 0.0121540 secs] [Times: user=0.05 sys=0.00, real=0.01 secs] 
2012-10-19T11:03:00.734-0400: [GC [ParNew: 225736K->4094K(249216K), 0.0110000 secs] 582554K->361328K(8360960K) icms_dc=0 , 0.0111770 secs] [Times: user=0.09 sys=0.03, real=0.01 secs] 
2012-10-19T11:03:17.196-0400: [GC [ParNew: 225662K->3929K(249216K), 0.0098840 secs] 582896K->361474K(8360960K) icms_dc=0 , 0.0100700 secs] [Times: user=0.09 sys=0.03, real=0.01 secs] 
2012-10-19T11:03:35.416-0400: [GC [ParNew: 225497K->4339K(249216K), 0.0100960 secs] 583042K->362287K(8360960K) icms_dc=0 , 0.0102660 secs] [Times: user=0.09 sys=0.02, real=0.01 secs] 
2012-10-19T11:03:56.626-0400: [GC [ParNew: 225907K->4097K(249216K), 0.0056310 secs] 583855K->362446K(8360960K) icms_dc=0 , 0.0058070 secs] [Times: user=0.05 sys=0.00, real=0.01 secs] 
2012-10-19T11:04:08.048-0400: [GC [ParNew: 225665K->4146K(249216K), 0.0097310 secs] 584014K->362985K(8360960K) icms_dc=0 , 0.0098960 secs] [Times: user=0.09 sys=0.03, real=0.00 secs] 
2012-10-19T11:04:21.572-0400: [GC [ParNew: 225714K->4030K(249216K), 0.0088650 secs] 584553K->363338K(8360960K) icms_dc=0 , 0.0090400 secs] [Times: user=0.08 sys=0.02, real=0.01 secs] 
2012-10-19T11:04:39.075-0400: [GC [ParNew: 225598K->3712K(249216K), 0.0098670 secs] 584906K->363504K(8360960K) icms_dc=0 , 0.0100340 secs] [Times: user=0.09 sys=0.02, real=0.01 secs] 
2012-10-19T11:04:44.712-0400: [GC [ParNew: 225280K->3642K(249216K), 0.0100010 secs] 585072K->364016K(8360960K) icms_dc=0 , 0.0101720 secs] [Times: user=0.09 sys=0.02, real=0.01 secs] 
2012-10-19T11:05:00.544-0400: [GC [ParNew: 225210K->3387K(249216K), 0.0097290 secs] 585584K->364110K(8360960K) icms_dc=0 , 0.0099070 secs] [Times: user=0.09 sys=0.03, real=0.01 secs] 
2012-10-19T11:05:13.533-0400: [GC [ParNew: 224955K->4326K(249216K), 0.0100900 secs] 585678K->365511K(8360960K) icms_dc=0 , 0.0102660 secs] [Times: user=0.09 sys=0.03, real=0.01 secs] 
2012-10-19T11:05:24.667-0400: [GC [ParNew: 225894K->4999K(249216K), 0.0056570 secs] 587079K->366502K(8360960K) icms_dc=0 , 0.0058350 secs] [Times: user=0.05 sys=0.00, real=0.01 secs] 
2012-10-19T11:05:36.232-0400: [GC [ParNew: 226567K->4949K(249216K), 0.0116740 secs] 588070K->366815K(8360960K) icms_dc=0 , 0.0118810 secs] [Times: user=0.09 sys=0.02, real=0.01 secs] 
2012-10-19T11:05:49.036-0400: [GC [ParNew: 226517K->5136K(249216K), 0.0104650 secs] 588383K->367369K(8360960K) icms_dc=0 , 0.0106410 secs] [Times: user=0.09 sys=0.03, real=0.01 secs] 
2012-10-19T11:06:05.776-0400: [GC [ParNew: 226704K->4366K(249216K), 0.0073000 secs] 588937K->367672K(8360960K) icms_dc=0 , 0.0074720 secs] [Times: user=0.07 sys=0.01, real=0.01 secs] 
2012-10-19T11:06:18.743-0400: [GC [ParNew: 225934K->3867K(249216K), 0.0092860 secs] 589240K->367648K(8360960K) icms_dc=0 , 0.0094590 secs] [Times: user=0.08 sys=0.04, real=0.01 secs] 
2012-10-19T11:06:28.897-0400: [GC [ParNew: 225435K->3908K(249216K), 0.0092900 secs] 589216K->368119K(8360960K) icms_dc=0 , 0.0094620 secs] [Times: user=0.09 sys=0.02, real=0.01 secs] 
2012-10-19T11:06:47.082-0400: [GC [ParNew: 225476K->3857K(249216K), 0.0096670 secs] 589687K->368572K(8360960K) icms_dc=0 , 0.0098410 secs] [Times: user=0.08 sys=0.03, real=0.01 secs] 
2012-10-19T11:07:02.830-0400: [GC [ParNew: 225425K->4152K(249216K), 0.0067550 secs] 590140K->369294K(8360960K) icms_dc=0 , 0.0069260 secs] [Times: user=0.06 sys=0.01, real=0.01 secs] 
2012-10-19T11:07:12.165-0400: [GC [ParNew: 225720K->3732K(249216K), 0.0088190 secs] 590862K->369453K(8360960K) icms_dc=0 , 0.0089890 secs] [Times: user=0.07 sys=0.02, real=0.01 secs] 
2012-10-19T11:07:19.488-0400: [GC [ParNew: 225300K->3749K(249216K), 0.0100250 secs] 591021K->369906K(8360960K) icms_dc=0 , 0.0101970 secs] [Times: user=0.09 sys=0.03, real=0.01 secs] 
2012-10-19T11:07:28.171-0400: [GC [ParNew: 225317K->3678K(249216K), 0.0090450 secs] 591474K->370270K(8360960K) icms_dc=0 , 0.0092110 secs] [Times: user=0.09 sys=0.02, real=0.01 secs] 
2012-10-19T11:07:34.994-0400: [GC [ParNew: 225246K->3371K(249216K), 0.0109530 secs] 591838K->370558K(8360960K) icms_dc=0 , 0.0111250 secs] [Times: user=0.09 sys=0.03, real=0.02 secs] 
2012-10-19T11:07:48.079-0400: [GC [ParNew: 224939K->3521K(249216K), 0.0101080 secs] 592126K->371127K(8360960K) icms_dc=0 , 0.0102720 secs] [Times: user=0.09 sys=0.03, real=0.01 secs] 
2012-10-19T11:07:57.511-0400: [GC [ParNew: 225089K->3498K(249216K), 0.0098520 secs] 592695K->371585K(8360960K) icms_dc=0 , 0.0100430 secs] [Times: user=0.09 sys=0.02, real=0.01 secs] 
2012-10-19T11:08:10.181-0400: [GC [ParNew: 225066K->3289K(249216K), 0.0080030 secs] 593153K->371800K(8360960K) icms_dc=0 , 0.0081660 secs] [Times: user=0.08 sys=0.01, real=0.01 secs] 
2012-10-19T11:08:23.218-0400: [GC [ParNew: 224857K->3680K(249216K), 0.0092530 secs] 593368K->372487K(8360960K) icms_dc=0 , 0.0094250 secs] [Times: user=0.07 sys=0.03, real=0.01 secs] 
2012-10-19T11:08:36.883-0400: [GC [ParNew: 225248K->3998K(249216K), 0.0136990 secs] 594055K->373349K(8360960K) icms_dc=0 , 0.0139340 secs] [Times: user=0.08 sys=0.02, real=0.01 secs] 
2012-10-19T11:08:57.144-0400: [GC [ParNew: 225566K->4582K(249216K), 0.0105330 secs] 594917K->374316K(8360960K) icms_dc=0 , 0.0107090 secs] [Times: user=0.11 sys=0.02, real=0.02 secs] 
2012-10-19T11:09:13.925-0400: [GC [ParNew: 226150K->3804K(249216K), 0.0101850 secs] 595884K->373893K(8360960K) icms_dc=0 , 0.0104550 secs] [Times: user=0.07 sys=0.02, real=0.01 secs] 
2012-10-19T11:09:25.630-0400: [GC [ParNew: 225372K->4759K(249216K), 0.0108390 secs] 595461K->375348K(8360960K) icms_dc=0 , 0.0110280 secs] [Times: user=0.08 sys=0.03, real=0.01 secs] 
2012-10-19T11:09:27.124-0400: [GC [ParNew: 226327K->4437K(249216K), 0.0108560 secs] 596916K->375357K(8360960K) icms_dc=0 , 0.0110340 secs] [Times: user=0.10 sys=0.03, real=0.01 secs] 
2012-10-19T11:09:35.526-0400: [GC [ParNew: 226005K->3731K(249216K), 0.0102590 secs] 596925K->375274K(8360960K) icms_dc=0 , 0.0104310 secs] [Times: user=0.09 sys=0.04, real=0.01 secs] 
2012-10-19T11:09:44.758-0400: [GC [ParNew: 225299K->3921K(249216K), 0.0096210 secs] 596842K->376091K(8360960K) icms_dc=0 , 0.0097940 secs] [Times: user=0.08 sys=0.02, real=0.01 secs] 
2012-10-19T11:09:54.899-0400: [GC [ParNew: 225489K->3700K(249216K), 0.0092040 secs] 597659K->376398K(8360960K) icms_dc=0 , 0.0093720 secs] [Times: user=0.08 sys=0.02, real=0.01 secs] 
2012-10-19T11:10:05.955-0400: [GC [ParNew: 225268K->4620K(249216K), 0.0101770 secs] 597966K->377699K(8360960K) icms_dc=0 , 0.0103560 secs] [Times: user=0.08 sys=0.02, real=0.01 secs] 
2012-10-19T11:10:18.300-0400: [GC [ParNew: 226188K->4172K(249216K), 0.0091300 secs] 599267K->377655K(8360960K) icms_dc=0 , 0.0093100 secs] [Times: user=0.09 sys=0.01, real=0.01 secs] 
2012-10-19T11:10:34.574-0400: [GC [ParNew: 225740K->4072K(249216K), 0.0089230 secs] 599223K->378001K(8360960K) icms_dc=0 , 0.0090940 secs] [Times: user=0.08 sys=0.03, real=0.01 secs] 
2012-10-19T11:10:49.880-0400: [GC [ParNew: 225640K->3842K(249216K), 0.0101660 secs] 599569K->378207K(8360960K) icms_dc=0 , 0.0103380 secs] [Times: user=0.08 sys=0.02, real=0.01 secs] 
2012-10-19T11:11:05.533-0400: [GC [ParNew: 225410K->3909K(249216K), 0.0076160 secs] 599775K->378751K(8360960K) icms_dc=0 , 0.0077850 secs] [Times: user=0.07 sys=0.01, real=0.01 secs] 
2012-10-19T11:11:09.856-0400: [GC [ParNew: 225477K->3962K(249216K), 0.0100520 secs] 600319K->379244K(8360960K) icms_dc=0 , 0.0102470 secs] [Times: user=0.08 sys=0.02, real=0.01 secs] 
2012-10-19T11:11:18.050-0400: [GC [ParNew: 225530K->3690K(249216K), 0.0090250 secs] 600812K->379446K(8360960K) icms_dc=0 , 0.0091920 secs] [Times: user=0.08 sys=0.02, real=0.01 secs] 
2012-10-19T11:11:25.779-0400: [GC [ParNew: 225258K->3556K(249216K), 0.0094560 secs] 601014K->379987K(8360960K) icms_dc=0 , 0.0096350 secs] [Times: user=0.08 sys=0.02, real=0.01 secs] 
2012-10-19T11:11:32.495-0400: [GC [ParNew: 225124K->3112K(249216K), 0.0088630 secs] 601555K->380000K(8360960K) icms_dc=0 , 0.0090360 secs] [Times: user=0.07 sys=0.02, real=0.01 secs] 
2012-10-19T11:11:44.164-0400: [GC [ParNew: 224680K->4015K(249216K), 0.0100130 secs] 601568K->381257K(8360960K) icms_dc=0 , 0.0101830 secs] [Times: user=0.09 sys=0.02, real=0.01 secs] 
2012-10-19T11:11:49.311-0400: [GC [ParNew: 225583K->4587K(249216K), 0.0102610 secs] 602825K->382277K(8360960K) icms_dc=0 , 0.0104540 secs] [Times: user=0.10 sys=0.03, real=0.01 secs] 
2012-10-19T11:11:56.405-0400: [GC [ParNew: 226155K->4752K(249216K), 0.0056430 secs] 603845K->382787K(8360960K) icms_dc=0 , 0.0058440 secs] [Times: user=0.06 sys=0.01, real=0.01 secs] 
2012-10-19T11:12:05.246-0400: [GC [ParNew: 226320K->4630K(249216K), 0.0099900 secs] 604355K->383219K(8360960K) icms_dc=0 , 0.0101680 secs] [Times: user=0.09 sys=0.02, real=0.01 secs] 
2012-10-19T11:12:18.246-0400: [GC [ParNew: 226198K->4737K(249216K), 0.0083080 secs] 604787K->383886K(8360960K) icms_dc=0 , 0.0084850 secs] [Times: user=0.07 sys=0.02, real=0.01 secs] 
2012-10-19T11:12:29.854-0400: [GC [ParNew: 226305K->3913K(249216K), 0.0097870 secs] 605454K->383635K(8360960K) icms_dc=0 , 0.0099560 secs] [Times: user=0.09 sys=0.02, real=0.01 secs] 
2012-10-19T11:12:41.745-0400: [GC [ParNew: 225481K->3952K(249216K), 0.0110680 secs] 605203K->384247K(8360960K) icms_dc=0 , 0.0112630 secs] [Times: user=0.10 sys=0.03, real=0.01 secs] 
2012-10-19T11:12:54.107-0400: [GC [ParNew: 225520K->3777K(249216K), 0.0130880 secs] 605815K->384528K(8360960K) icms_dc=0 , 0.0132690 secs] [Times: user=0.10 sys=0.03, real=0.01 secs] 
2012-10-19T11:13:07.576-0400: [GC [ParNew: 225345K->3568K(249216K), 0.0081460 secs] 606096K->384837K(8360960K) icms_dc=0 , 0.0083250 secs] [Times: user=0.08 sys=0.02, real=0.00 secs] 
2012-10-19T11:13:22.251-0400: [GC [ParNew: 225136K->3734K(249216K), 0.0094420 secs] 606405K->385383K(8360960K) icms_dc=0 , 0.0096090 secs] [Times: user=0.08 sys=0.03, real=0.01 secs] 
2012-10-19T11:13:39.188-0400: [GC [ParNew: 225302K->3812K(249216K), 0.0092550 secs] 606951K->385899K(8360960K) icms_dc=0 , 0.0094260 secs] [Times: user=0.09 sys=0.02, real=0.01 secs] 
2012-10-19T11:13:49.142-0400: [GC [ParNew: 225380K->4183K(249216K), 0.0094910 secs] 607467K->386648K(8360960K) icms_dc=0 , 0.0096650 secs] [Times: user=0.09 sys=0.03, real=0.01 secs] 
2012-10-19T11:14:03.000-0400: [GC [ParNew: 225751K->3892K(249216K), 0.0089150 secs] 608216K->386785K(8360960K) icms_dc=0 , 0.0090800 secs] [Times: user=0.08 sys=0.02, real=0.01 secs] 
2012-10-19T11:14:17.599-0400: [GC [ParNew: 225460K->4012K(249216K), 0.0099870 secs] 608353K->387469K(8360960K) icms_dc=0 , 0.0101710 secs] [Times: user=0.09 sys=0.03, real=0.01 secs] 
2012-10-19T11:14:28.511-0400: [GC [ParNew: 225580K->4331K(249216K), 0.0100730 secs] 609037K->388367K(8360960K) icms_dc=0 , 0.0102590 secs] [Times: user=0.10 sys=0.03, real=0.01 secs] 
2012-10-19T11:14:46.886-0400: [GC [ParNew: 225899K->4773K(249216K), 0.0077070 secs] 609935K->389263K(8360960K) icms_dc=0 , 0.0079270 secs] [Times: user=0.07 sys=0.01, real=0.01 secs] 
2012-10-19T11:15:01.021-0400: [GC [ParNew: 226341K->5247K(249216K), 0.0078570 secs] 610831K->390195K(8360960K) icms_dc=0 , 0.0080380 secs] [Times: user=0.07 sys=0.02, real=0.00 secs] 
2012-10-19T11:15:12.200-0400: [GC [ParNew: 226815K->7468K(249216K), 0.0098250 secs] 611763K->392989K(8360960K) icms_dc=0 , 0.0100100 secs] [Times: user=0.10 sys=0.02, real=0.01 secs] 
2012-10-19T11:15:27.838-0400: [GC [ParNew: 229036K->8337K(249216K), 0.0080990 secs] 614557K->394449K(8360960K) icms_dc=0 , 0.0082910 secs] [Times: user=0.08 sys=0.01, real=0.01 secs] 
2012-10-19T11:15:41.908-0400: [GC [ParNew: 229905K->9203K(249216K), 0.0108840 secs] 616017K->396000K(8360960K) icms_dc=0 , 0.0110730 secs] [Times: user=0.09 sys=0.02, real=0.01 secs] 
2012-10-19T11:15:49.652-0400: [GC [ParNew: 230771K->8294K(249216K), 0.0100990 secs] 617568K->395613K(8360960K) icms_dc=0 , 0.0102760 secs] [Times: user=0.08 sys=0.04, real=0.01 secs] 
2012-10-19T11:15:57.894-0400: [GC [ParNew: 229862K->6981K(249216K), 0.0097150 secs] 617181K->396204K(8360960K) icms_dc=0 , 0.0098910 secs] [Times: user=0.08 sys=0.01, real=0.01 secs] 
2012-10-19T11:16:07.275-0400: [GC [ParNew: 228549K->5652K(249216K), 0.0119700 secs] 617772K->396789K(8360960K) icms_dc=0 , 0.0121560 secs] [Times: user=0.10 sys=0.02, real=0.01 secs] 
2012-10-19T11:16:17.430-0400: [GC [ParNew: 227220K->3680K(249216K), 0.0093930 secs] 618357K->395620K(8360960K) icms_dc=0 , 0.0095720 secs] [Times: user=0.09 sys=0.02, real=0.01 secs] 
2012-10-19T11:16:28.762-0400: [GC [ParNew: 225248K->3918K(249216K), 0.0094040 secs] 617188K->396359K(8360960K) icms_dc=0 , 0.0095740 secs] [Times: user=0.09 sys=0.03, real=0.01 secs] 
2012-10-19T11:16:37.282-0400: [GC [ParNew: 225486K->4056K(249216K), 0.0098510 secs] 617927K->396997K(8360960K) icms_dc=0 , 0.0100310 secs] [Times: user=0.08 sys=0.02, real=0.01 secs] 
2012-10-19T11:16:46.912-0400: [GC [ParNew: 225624K->3677K(249216K), 0.0101190 secs] 618565K->397157K(8360960K) icms_dc=0 , 0.0103070 secs] [Times: user=0.10 sys=0.02, real=0.01 secs] 
2012-10-19T11:17:02.834-0400: [GC [ParNew: 225245K->4044K(249216K), 0.0092860 secs] 618725K->397926K(8360960K) icms_dc=0 , 0.0094720 secs] [Times: user=0.10 sys=0.01, real=0.01 secs] 
2012-10-19T11:17:15.787-0400: [GC [ParNew: 225612K->3967K(249216K), 0.0084900 secs] 619494K->398332K(8360960K) icms_dc=0 , 0.0086680 secs] [Times: user=0.07 sys=0.02, real=0.00 secs] 
2012-10-19T11:17:29.658-0400: [GC [ParNew: 225535K->4280K(249216K), 0.0099450 secs] 619900K->399017K(8360960K) icms_dc=0 , 0.0101300 secs] [Times: user=0.08 sys=0.04, real=0.02 secs] 
2012-10-19T11:17:42.394-0400: [GC [ParNew: 225848K->3959K(249216K), 0.0096050 secs] 620585K->399207K(8360960K) icms_dc=0 , 0.0097760 secs] [Times: user=0.09 sys=0.02, real=0.01 secs] 
2012-10-19T11:17:57.933-0400: [GC [ParNew: 225527K->4176K(249216K), 0.0093730 secs] 620775K->399977K(8360960K) icms_dc=0 , 0.0095470 secs] [Times: user=0.08 sys=0.03, real=0.01 secs] 
2012-10-19T11:18:12.941-0400: [GC [ParNew: 225744K->3656K(249216K), 0.0092100 secs] 621545K->399825K(8360960K) icms_dc=0 , 0.0093910 secs] [Times: user=0.10 sys=0.01, real=0.01 secs] 
2012-10-19T11:18:29.459-0400: [GC [ParNew: 225224K->4187K(249216K), 0.0097110 secs] 621393K->400799K(8360960K) icms_dc=0 , 0.0099030 secs] [Times: user=0.09 sys=0.02, real=0.01 secs] 
2012-10-19T11:18:49.169-0400: [GC [ParNew: 225755K->4604K(249216K), 0.0097520 secs] 622367K->401533K(8360960K) icms_dc=0 , 0.0099240 secs] [Times: user=0.09 sys=0.02, real=0.01 secs] 
2012-10-19T11:19:09.743-0400: [GC [ParNew: 226172K->4051K(249216K), 0.0093250 secs] 623101K->401403K(8360960K) icms_dc=0 , 0.0094950 secs] [Times: user=0.08 sys=0.03, real=0.01 secs] 
2012-10-19T11:19:32.005-0400: [GC [ParNew: 225619K->4076K(249216K), 0.0086880 secs] 622971K->401854K(8360960K) icms_dc=0 , 0.0088830 secs] [Times: user=0.08 sys=0.02, real=0.01 secs] 
2012-10-19T11:19:43.038-0400: [GC [ParNew: 225644K->3893K(249216K), 0.0092890 secs] 623422K->402215K(8360960K) icms_dc=0 , 0.0094600 secs] [Times: user=0.08 sys=0.03, real=0.01 secs] 
2012-10-19T11:19:59.981-0400: [GC [ParNew: 225461K->3963K(249216K), 0.0086970 secs] 623783K->402736K(8360960K) icms_dc=0 , 0.0088760 secs] [Times: user=0.08 sys=0.03, real=0.01 secs] 
2012-10-19T11:20:16.479-0400: [GC [ParNew: 225531K->5324K(249216K), 0.0084160 secs] 624304K->404422K(8360960K) icms_dc=0 , 0.0086130 secs] [Times: user=0.08 sys=0.02, real=0.01 secs] 
2012-10-19T11:20:28.985-0400: [GC [ParNew: 226892K->4710K(249216K), 0.0106060 secs] 625990K->404311K(8360960K) icms_dc=0 , 0.0107880 secs] [Times: user=0.09 sys=0.02, real=0.01 secs] 
2012-10-19T11:20:46.037-0400: [GC [ParNew: 226278K->5343K(249216K), 0.0097010 secs] 625879K->405344K(8360960K) icms_dc=0 , 0.0098790 secs] [Times: user=0.09 sys=0.02, real=0.01 secs] 
2012-10-19T11:20:50.294-0400: [GC [ParNew: 226911K->4950K(249216K), 0.0097540 secs] 626912K->405317K(8360960K) icms_dc=0 , 0.0099280 secs] [Times: user=0.09 sys=0.01, real=0.01 secs] 
2012-10-19T11:21:02.519-0400: [GC [ParNew: 226518K->4557K(249216K), 0.0110450 secs] 626885K->406032K(8360960K) icms_dc=0 , 0.0112140 secs] [Times: user=0.09 sys=0.04, real=0.01 secs] 
2012-10-19T11:21:17.497-0400: [GC [ParNew: 226125K->3824K(249216K), 0.0090320 secs] 627600K->405922K(8360960K) icms_dc=0 , 0.0092120 secs] [Times: user=0.09 sys=0.02, real=0.00 secs] 
2012-10-19T11:21:35.513-0400: [GC [ParNew: 225392K->4822K(249216K), 0.0105420 secs] 627490K->407294K(8360960K) icms_dc=0 , 0.0107060 secs] [Times: user=0.10 sys=0.02, real=0.01 secs] 
2012-10-19T11:21:49.591-0400: [GC [ParNew: 226390K->5109K(249216K), 0.0118670 secs] 628862K->407978K(8360960K) icms_dc=0 , 0.0120650 secs] [Times: user=0.10 sys=0.02, real=0.01 secs] 
2012-10-19T11:22:03.569-0400: [GC [ParNew: 226677K->5008K(249216K), 0.0101960 secs] 629546K->408272K(8360960K) icms_dc=0 , 0.0103860 secs] [Times: user=0.10 sys=0.02, real=0.01 secs] 
2012-10-19T11:22:16.782-0400: [GC [ParNew: 226576K->4546K(249216K), 0.0097070 secs] 629840K->408347K(8360960K) icms_dc=0 , 0.0098790 secs] [Times: user=0.09 sys=0.02, real=0.01 secs] 
2012-10-19T11:22:29.801-0400: [GC [ParNew: 226114K->4646K(249216K), 0.0099710 secs] 629915K->408960K(8360960K) icms_dc=0 , 0.0101610 secs] [Times: user=0.10 sys=0.02, real=0.01 secs] 
2012-10-19T11:22:36.110-0400: [GC [ParNew: 226214K->3677K(249216K), 0.0084890 secs] 630528K->408748K(8360960K) icms_dc=0 , 0.0086610 secs] [Times: user=0.08 sys=0.02, real=0.01 secs] 
2012-10-19T11:22:48.080-0400: [GC [ParNew: 225245K->4144K(249216K), 0.0100940 secs] 630316K->409644K(8360960K) icms_dc=0 , 0.0102710 secs] [Times: user=0.10 sys=0.02, real=0.01 secs] 
2012-10-19T11:23:01.820-0400: [GC [ParNew: 225712K->4114K(249216K), 0.0093790 secs] 631212K->410004K(8360960K) icms_dc=0 , 0.0095550 secs] [Times: user=0.07 sys=0.02, real=0.01 secs] 
2012-10-19T11:23:12.751-0400: [GC [ParNew: 225682K->4294K(249216K), 0.0095130 secs] 631572K->410634K(8360960K) icms_dc=0 , 0.0097020 secs] [Times: user=0.08 sys=0.03, real=0.01 secs] 
2012-10-19T11:23:28.529-0400: [GC [ParNew: 225862K->4121K(249216K), 0.0096300 secs] 632202K->410855K(8360960K) icms_dc=0 , 0.0098010 secs] [Times: user=0.09 sys=0.02, real=0.01 secs] 
2012-10-19T11:23:43.181-0400: [GC [ParNew: 225689K->3825K(249216K), 0.0090390 secs] 632423K->411098K(8360960K) icms_dc=0 , 0.0092200 secs] [Times: user=0.07 sys=0.02, real=0.01 secs] 
2012-10-19T11:23:58.570-0400: [GC [ParNew: 225393K->4386K(249216K), 0.0079380 secs] 632666K->412034K(8360960K) icms_dc=0 , 0.0081090 secs] [Times: user=0.08 sys=0.02, real=0.01 secs] 
2012-10-19T11:24:10.117-0400: [GC [ParNew: 225954K->3659K(249216K), 0.0112650 secs] 633602K->411750K(8360960K) icms_dc=0 , 0.0114450 secs] [Times: user=0.10 sys=0.04, real=0.02 secs] 
2012-10-19T11:24:24.246-0400: [GC [ParNew: 225227K->3676K(249216K), 0.0087610 secs] 633318K->412271K(8360960K) icms_dc=0 , 0.0089360 secs] [Times: user=0.08 sys=0.02, real=0.01 secs] 
2012-10-19T11:24:44.799-0400: [GC [ParNew: 225244K->3725K(249216K), 0.0075070 secs] 633839K->412687K(8360960K) icms_dc=0 , 0.0076770 secs] [Times: user=0.06 sys=0.03, real=0.01 secs] 
2012-10-19T11:24:54.363-0400: [GC [ParNew: 225293K->4169K(249216K), 0.0105110 secs] 634255K->413471K(8360960K) icms_dc=0 , 0.0107170 secs] [Times: user=0.09 sys=0.02, real=0.02 secs] 
2012-10-19T11:25:06.770-0400: [GC [ParNew: 225737K->3669K(249216K), 0.0094850 secs] 635039K->413297K(8360960K) icms_dc=0 , 0.0096500 secs] [Times: user=0.09 sys=0.03, real=0.01 secs] 
2012-10-19T11:25:18.703-0400: [GC [ParNew: 225237K->4001K(249216K), 0.0102570 secs] 634865K->413974K(8360960K) icms_dc=0 , 0.0104370 secs] [Times: user=0.09 sys=0.04, real=0.01 secs] 
2012-10-19T11:25:30.707-0400: [GC [ParNew: 225569K->3968K(249216K), 0.0095460 secs] 635542K->414423K(8360960K) icms_dc=0 , 0.0097190 secs] [Times: user=0.09 sys=0.03, real=0.01 secs] 
2012-10-19T11:25:44.664-0400: [GC [ParNew: 225536K->3591K(249216K), 0.0100920 secs] 635991K->414634K(8360960K) icms_dc=0 , 0.0102640 secs] [Times: user=0.09 sys=0.02, real=0.01 secs] 
2012-10-19T11:25:58.864-0400: [GC [ParNew: 225159K->4266K(249216K), 0.0068310 secs] 636202K->415707K(8360960K) icms_dc=0 , 0.0070100 secs] [Times: user=0.06 sys=0.01, real=0.00 secs] 
2012-10-19T11:26:12.099-0400: [GC [ParNew: 225834K->3641K(249216K), 0.0107710 secs] 637275K->415700K(8360960K) icms_dc=0 , 0.0109470 secs] [Times: user=0.07 sys=0.02, real=0.01 secs] 
2012-10-19T11:26:20.334-0400: [GC [ParNew: 225209K->3924K(249216K), 0.0094710 secs] 637268K->416409K(8360960K) icms_dc=0 , 0.0096360 secs] [Times: user=0.08 sys=0.03, real=0.01 secs] 
2012-10-19T11:26:27.787-0400: [GC [ParNew: 225492K->3647K(249216K), 0.0081230 secs] 637977K->416523K(8360960K) icms_dc=0 , 0.0082890 secs] [Times: user=0.08 sys=0.02, real=0.00 secs] 
2012-10-19T11:26:43.578-0400: [GC [ParNew: 225215K->3728K(249216K), 0.0107770 secs] 638091K->417134K(8360960K) icms_dc=0 , 0.0109860 secs] [Times: user=0.09 sys=0.03, real=0.01 secs] 
2012-10-19T11:26:59.709-0400: [GC [ParNew: 225296K->3712K(249216K), 0.0091970 secs] 638702K->417423K(8360960K) icms_dc=0 , 0.0093710 secs] [Times: user=0.09 sys=0.01, real=0.01 secs] 
2012-10-19T11:27:18.961-0400: [GC [ParNew: 225280K->3747K(249216K), 0.0090040 secs] 638991K->417887K(8360960K) icms_dc=0 , 0.0091740 secs] [Times: user=0.08 sys=0.02, real=0.01 secs] 
2012-10-19T11:27:28.893-0400: [GC [ParNew: 225315K->3675K(249216K), 0.0097700 secs] 639455K->418268K(8360960K) icms_dc=0 , 0.0099460 secs] [Times: user=0.09 sys=0.02, real=0.01 secs] 
2012-10-19T11:27:44.050-0400: [GC [ParNew: 225243K->3922K(249216K), 0.0100030 secs] 639836K->418982K(8360960K) icms_dc=0 , 0.0102160 secs] [Times: user=0.09 sys=0.02, real=0.01 secs] 
2012-10-19T11:28:01.166-0400: [GC [ParNew: 225490K->4149K(249216K), 0.0100590 secs] 640550K->419549K(8360960K) icms_dc=0 , 0.0102910 secs] [Times: user=0.08 sys=0.03, real=0.02 secs] 
2012-10-19T11:28:13.457-0400: [GC [ParNew: 225717K->5171K(249216K), 0.0091360 secs] 641117K->421006K(8360960K) icms_dc=0 , 0.0093640 secs] [Times: user=0.04 sys=0.01, real=0.01 secs] 
2012-10-19T11:28:25.833-0400: [GC [ParNew: 226739K->4320K(249216K), 0.0123310 secs] 642574K->420644K(8360960K) icms_dc=0 , 0.0125250 secs] [Times: user=0.08 sys=0.02, real=0.01 secs] 
2012-10-19T11:28:42.460-0400: [GC [ParNew: 225888K->4799K(249216K), 0.0086220 secs] 642212K->421568K(8360960K) icms_dc=0 , 0.0088250 secs] [Times: user=0.07 sys=0.02, real=0.01 secs] 
2012-10-19T11:28:56.689-0400: [GC [ParNew: 226367K->5040K(249216K), 0.0139630 secs] 643136K->422336K(8360960K) icms_dc=0 , 0.0141970 secs] [Times: user=0.11 sys=0.02, real=0.01 secs] 
2012-10-19T11:29:04.844-0400: [GC [ParNew: 226608K->4304K(249216K), 0.0101530 secs] 643904K->422136K(8360960K) icms_dc=0 , 0.0103430 secs] [Times: user=0.08 sys=0.02, real=0.01 secs] 
2012-10-19T11:29:18.778-0400: [GC [ParNew: 225872K->4135K(249216K), 0.0091690 secs] 643704K->422198K(8360960K) icms_dc=0 , 0.0093710 secs] [Times: user=0.07 sys=0.03, real=0.01 secs] 
2012-10-19T11:29:32.366-0400: [GC [ParNew: 225703K->4118K(249216K), 0.0079440 secs] 643766K->422677K(8360960K) icms_dc=0 , 0.0081410 secs] [Times: user=0.08 sys=0.01, real=0.01 secs] 
2012-10-19T11:29:49.905-0400: [GC [ParNew: 225686K->4136K(249216K), 0.0095250 secs] 644245K->423357K(8360960K) icms_dc=0 , 0.0097250 secs] [Times: user=0.10 sys=0.02, real=0.01 secs] 
2012-10-19T11:30:02.451-0400: [GC [ParNew: 225704K->4769K(249216K), 0.0138600 secs] 644925K->424351K(8360960K) icms_dc=0 , 0.0141100 secs] [Times: user=0.07 sys=0.01, real=0.02 secs] 
2012-10-19T11:30:10.639-0400: [GC [ParNew: 226337K->5597K(249216K), 0.0129830 secs] 645919K->425639K(8360960K) icms_dc=0 , 0.0131710 secs] [Times: user=0.09 sys=0.02, real=0.01 secs] 
2012-10-19T11:30:20.902-0400: [GC [ParNew: 227165K->7693K(249216K), 0.0105830 secs] 647207K->428170K(8360960K) icms_dc=0 , 0.0107930 secs] [Times: user=0.10 sys=0.03, real=0.01 secs] 
2012-10-19T11:30:38.016-0400: [GC [ParNew: 229261K->8288K(249216K), 0.0098710 secs] 649738K->429319K(8360960K) icms_dc=0 , 0.0100760 secs] [Times: user=0.09 sys=0.02, real=0.01 secs] 
2012-10-19T11:30:47.018-0400: [GC [ParNew: 229856K->7897K(249216K), 0.0104830 secs] 650887K->429539K(8360960K) icms_dc=0 , 0.0106910 secs] [Times: user=0.11 sys=0.01, real=0.01 secs] 
2012-10-19T11:31:06.535-0400: [GC [ParNew: 229465K->7370K(249216K), 0.0090790 secs] 651107K->429806K(8360960K) icms_dc=0 , 0.0092940 secs] [Times: user=0.09 sys=0.01, real=0.01 secs] 
2012-10-19T11:31:26.003-0400: [GC [ParNew: 228938K->5873K(249216K), 0.0140240 secs] 651374K->430929K(8360960K) icms_dc=0 , 0.0142320 secs] [Times: user=0.12 sys=0.03, real=0.01 secs] 
2012-10-19T11:31:44.066-0400: [GC [ParNew: 227441K->4519K(249216K), 0.0096190 secs] 652497K->430096K(8360960K) icms_dc=0 , 0.0098180 secs] [Times: user=0.08 sys=0.03, real=0.01 secs] 
2012-10-19T11:31:56.919-0400: [GC [ParNew: 226087K->4689K(249216K), 0.0094820 secs] 651664K->430716K(8360960K) icms_dc=0 , 0.0096800 secs] [Times: user=0.08 sys=0.02, real=0.01 secs] 
2012-10-19T11:32:14.029-0400: [GC [ParNew: 226257K->4504K(249216K), 0.0099410 secs] 652284K->430885K(8360960K) icms_dc=0 , 0.0101440 secs] [Times: user=0.10 sys=0.02, real=0.01 secs] 
2012-10-19T11:32:32.676-0400: [GC [ParNew: 226072K->5219K(249216K), 0.0108160 secs] 652453K->432205K(8360960K) icms_dc=0 , 0.0110010 secs] [Times: user=0.09 sys=0.02, real=0.01 secs] 
2012-10-19T11:32:51.681-0400: [GC [ParNew: 226787K->4631K(249216K), 0.0072000 secs] 653773K->432130K(8360960K) icms_dc=0 , 0.0074020 secs] [Times: user=0.08 sys=0.01, real=0.01 secs] 
2012-10-19T11:33:06.653-0400: [GC [ParNew: 226199K->4195K(249216K), 0.0078120 secs] 653698K->432304K(8360960K) icms_dc=0 , 0.0080080 secs] [Times: user=0.07 sys=0.02, real=0.01 secs] 
2012-10-19T11:33:25.085-0400: [GC [ParNew: 225763K->4136K(249216K), 0.0099550 secs] 653872K->432765K(8360960K) icms_dc=0 , 0.0101520 secs] [Times: user=0.09 sys=0.03, real=0.01 secs] 
2012-10-19T11:33:42.764-0400: [GC [ParNew: 225704K->4916K(249216K), 0.0100710 secs] 654333K->433928K(8360960K) icms_dc=0 , 0.0102320 secs] [Times: user=0.08 sys=0.03, real=0.01 secs] 
2012-10-19T11:34:03.160-0400: [GC [ParNew: 226484K->4074K(249216K), 0.0096470 secs] 655496K->433625K(8360960K) icms_dc=0 , 0.0098480 secs] [Times: user=0.10 sys=0.02, real=0.01 secs] 
2012-10-19T11:34:14.947-0400: [GC [ParNew: 225642K->4131K(249216K), 0.0102410 secs] 655193K->434126K(8360960K) icms_dc=0 , 0.0104390 secs] [Times: user=0.11 sys=0.02, real=0.01 secs] 
2012-10-19T11:34:29.919-0400: [GC [ParNew: 225699K->3963K(249216K), 0.0103320 secs] 655694K->434421K(8360960K) icms_dc=0 , 0.0105240 secs] [Times: user=0.08 sys=0.03, real=0.01 secs] 
2012-10-19T11:34:42.151-0400: [GC [ParNew: 225531K->4151K(249216K), 0.0114420 secs] 655989K->435066K(8360960K) icms_dc=0 , 0.0116720 secs] [Times: user=0.08 sys=0.02, real=0.01 secs] 
2012-10-19T11:34:55.955-0400: [GC [ParNew: 225719K->4180K(249216K), 0.0120900 secs] 656634K->435485K(8360960K) icms_dc=0 , 0.0122990 secs] [Times: user=0.10 sys=0.03, real=0.01 secs] 
2012-10-19T11:35:10.781-0400: [GC [ParNew: 225748K->4752K(249216K), 0.0086500 secs] 657053K->436468K(8360960K) icms_dc=0 , 0.0088600 secs] [Times: user=0.07 sys=0.02, real=0.01 secs] 
2012-10-19T11:35:29.083-0400: [GC [ParNew: 226320K->5044K(249216K), 0.0106680 secs] 658036K->437274K(8360960K) icms_dc=0 , 0.0108780 secs] [Times: user=0.09 sys=0.02, real=0.01 secs] 
2012-10-19T11:35:48.472-0400: [GC [ParNew: 226612K->5794K(249216K), 0.0093960 secs] 658842K->438313K(8360960K) icms_dc=0 , 0.0096000 secs] [Times: user=0.09 sys=0.02, real=0.01 secs] 
2012-10-19T11:36:10.066-0400: [GC [ParNew: 227362K->5843K(249216K), 0.0103110 secs] 659881K->438775K(8360960K) icms_dc=0 , 0.0105140 secs] [Times: user=0.09 sys=0.02, real=0.01 secs] 
2012-10-19T11:36:29.420-0400: [GC [ParNew: 227411K->4978K(249216K), 0.0105760 secs] 660343K->438901K(8360960K) icms_dc=0 , 0.0107810 secs] [Times: user=0.10 sys=0.03, real=0.01 secs] 
2012-10-19T11:36:46.485-0400: [GC [ParNew: 226546K->4909K(249216K), 0.0115310 secs] 660469K->439636K(8360960K) icms_dc=0 , 0.0117280 secs] [Times: user=0.09 sys=0.04, real=0.01 secs] 
2012-10-19T11:37:02.728-0400: [GC [ParNew: 226477K->4960K(249216K), 0.0086500 secs] 661204K->440164K(8360960K) icms_dc=0 , 0.0088680 secs] [Times: user=0.08 sys=0.03, real=0.01 secs] 
2012-10-19T11:37:15.781-0400: [GC [ParNew: 226528K->5069K(249216K), 0.0094600 secs] 661732K->440811K(8360960K) icms_dc=0 , 0.0096510 secs] [Times: user=0.07 sys=0.04, real=0.01 secs] 
2012-10-19T11:37:29.862-0400: [GC [ParNew: 226637K->4622K(249216K), 0.0093990 secs] 662379K->440968K(8360960K) icms_dc=0 , 0.0095960 secs] [Times: user=0.08 sys=0.02, real=0.01 secs] 
2012-10-19T11:37:47.109-0400: [GC [ParNew: 226190K->4418K(249216K), 0.0092130 secs] 662536K->441247K(8360960K) icms_dc=0 , 0.0094070 secs] [Times: user=0.09 sys=0.01, real=0.01 secs] 
2012-10-19T11:38:08.918-0400: [GC [ParNew: 225986K->3827K(249216K), 0.0098570 secs] 662815K->441277K(8360960K) icms_dc=0 , 0.0100510 secs] [Times: user=0.09 sys=0.03, real=0.01 secs] 
2012-10-19T11:38:31.136-0400: [GC [ParNew: 225395K->4458K(249216K), 0.0080990 secs] 662845K->442160K(8360960K) icms_dc=0 , 0.0082940 secs] [Times: user=0.07 sys=0.03, real=0.00 secs] 
2012-10-19T11:38:51.565-0400: [GC [ParNew: 226026K->4169K(249216K), 0.0087430 secs] 663728K->442158K(8360960K) icms_dc=0 , 0.0089290 secs] [Times: user=0.07 sys=0.02, real=0.01 secs] 
2012-10-19T11:39:13.028-0400: [GC [ParNew: 225737K->3922K(249216K), 0.0097680 secs] 663726K->442537K(8360960K) icms_dc=0 , 0.0099630 secs] [Times: user=0.09 sys=0.03, real=0.01 secs] 
2012-10-19T11:39:33.388-0400: [GC [ParNew: 225490K->3909K(249216K), 0.0080320 secs] 664105K->442810K(8360960K) icms_dc=0 , 0.0082190 secs] [Times: user=0.07 sys=0.02, real=0.01 secs] 
2012-10-19T11:39:39.922-0400: [GC [ParNew: 225477K->3683K(249216K), 0.0098630 secs] 664378K->443123K(8360960K) icms_dc=0 , 0.0100460 secs] [Times: user=0.09 sys=0.02, real=0.01 secs] 
2012-10-19T11:39:56.674-0400: [GC [ParNew: 225251K->3783K(249216K), 0.0096460 secs] 664691K->443669K(8360960K) icms_dc=0 , 0.0098360 secs] [Times: user=0.09 sys=0.03, real=0.01 secs] 
2012-10-19T11:40:18.091-0400: [GC [ParNew: 225351K->3877K(249216K), 0.0114450 secs] 665237K->444206K(8360960K) icms_dc=0 , 0.0116440 secs] [Times: user=0.11 sys=0.03, real=0.01 secs] 
2012-10-19T11:40:35.156-0400: [GC [ParNew: 225445K->3969K(249216K), 0.0084420 secs] 665774K->444591K(8360960K) icms_dc=0 , 0.0086250 secs] [Times: user=0.08 sys=0.02, real=0.01 secs] 
2012-10-19T11:40:56.963-0400: [GC [ParNew: 225537K->3945K(249216K), 0.0093920 secs] 666159K->445008K(8360960K) icms_dc=0 , 0.0095880 secs] [Times: user=0.09 sys=0.03, real=0.01 secs] 
2012-10-19T11:41:16.569-0400: [GC [ParNew: 225513K->4245K(249216K), 0.0094450 secs] 666576K->445780K(8360960K) icms_dc=0 , 0.0096520 secs] [Times: user=0.09 sys=0.02, real=0.01 secs] 
2012-10-19T11:41:31.045-0400: [GC [ParNew: 225813K->4361K(249216K), 0.0091180 secs] 667348K->446299K(8360960K) icms_dc=0 , 0.0093090 secs] [Times: user=0.07 sys=0.02, real=0.01 secs] 
2012-10-19T11:41:51.695-0400: [GC [ParNew: 225929K->4331K(249216K), 0.0087440 secs] 667867K->446717K(8360960K) icms_dc=0 , 0.0089560 secs] [Times: user=0.05 sys=0.02, real=0.01 secs] 
2012-10-19T11:42:03.677-0400: [GC [ParNew: 225899K->3842K(249216K), 0.0143930 secs] 668285K->446663K(8360960K) icms_dc=0 , 0.0145990 secs] [Times: user=0.12 sys=0.02, real=0.02 secs] 
2012-10-19T11:42:10.958-0400: [GC [ParNew: 225410K->3462K(249216K), 0.0088330 secs] 668231K->446655K(8360960K) icms_dc=0 , 0.0090150 secs] [Times: user=0.09 sys=0.02, real=0.01 secs] 
2012-10-19T11:42:27.083-0400: [GC [ParNew: 225030K->3438K(249216K), 0.0094010 secs] 668223K->447016K(8360960K) icms_dc=0 , 0.0095830 secs] [Times: user=0.09 sys=0.02, real=0.01 secs] 
2012-10-19T11:42:44.839-0400: [GC [ParNew: 225006K->3102K(249216K), 0.0098670 secs] 668584K->447304K(8360960K) icms_dc=0 , 0.0100490 secs] [Times: user=0.09 sys=0.03, real=0.01 secs] 
2012-10-19T11:43:00.246-0400: [GC [ParNew: 224670K->4036K(249216K), 0.0050490 secs] 668872K->448564K(8360960K) icms_dc=0 , 0.0052720 secs] [Times: user=0.05 sys=0.01, real=0.01 secs] 
2012-10-19T11:43:20.893-0400: [GC [ParNew: 225604K->4274K(249216K), 0.0106780 secs] 670132K->449120K(8360960K) icms_dc=0 , 0.0109150 secs] [Times: user=0.08 sys=0.02, real=0.01 secs] 
2012-10-19T11:43:37.772-0400: [GC [ParNew: 225842K->4439K(249216K), 0.0093920 secs] 670688K->449584K(8360960K) icms_dc=0 , 0.0095840 secs] [Times: user=0.08 sys=0.03, real=0.01 secs] 
2012-10-19T11:44:01.179-0400: [GC [ParNew: 226007K->4448K(249216K), 0.0076600 secs] 671152K->450040K(8360960K) icms_dc=0 , 0.0078650 secs] [Times: user=0.07 sys=0.01, real=0.01 secs] 
2012-10-19T11:44:18.858-0400: [GC [ParNew: 226016K->4493K(249216K), 0.0096150 secs] 671608K->450707K(8360960K) icms_dc=0 , 0.0098130 secs] [Times: user=0.08 sys=0.03, real=0.01 secs] 
2012-10-19T11:44:35.689-0400: [GC [ParNew: 226061K->4081K(249216K), 0.0103650 secs] 672275K->450718K(8360960K) icms_dc=0 , 0.0105560 secs] [Times: user=0.10 sys=0.03, real=0.02 secs] 
2012-10-19T11:44:58.383-0400: [GC [ParNew: 225649K->4228K(249216K), 0.0099040 secs] 672286K->451209K(8360960K) icms_dc=0 , 0.0100920 secs] [Times: user=0.09 sys=0.03, real=0.01 secs] 
2012-10-19T11:45:12.121-0400: [GC [ParNew: 225796K->6066K(249216K), 0.0063730 secs] 672777K->453470K(8360960K) icms_dc=0 , 0.0066210 secs] [Times: user=0.05 sys=0.00, real=0.01 secs] 
2012-10-19T11:45:30.297-0400: [GC [ParNew: 227634K->8062K(249216K), 0.0127290 secs] 675038K->455995K(8360960K) icms_dc=0 , 0.0129660 secs] [Times: user=0.09 sys=0.02, real=0.01 secs] 
2012-10-19T11:45:44.804-0400: [GC [ParNew: 229630K->7821K(249216K), 0.0154660 secs] 677563K->456120K(8360960K) icms_dc=0 , 0.0156830 secs] [Times: user=0.08 sys=0.02, real=0.02 secs] 
2012-10-19T11:45:58.022-0400: [GC [ParNew: 229389K->9297K(249216K), 0.0114360 secs] 677688K->458022K(8360960K) icms_dc=0 , 0.0116470 secs] [Times: user=0.09 sys=0.02, real=0.01 secs] 
2012-10-19T11:46:15.521-0400: [GC [ParNew: 230865K->5768K(249216K), 0.0100490 secs] 679590K->456104K(8360960K) icms_dc=0 , 0.0102510 secs] [Times: user=0.09 sys=0.03, real=0.01 secs] 
2012-10-19T11:46:33.727-0400: [GC [ParNew: 227336K->4206K(249216K), 0.0121380 secs] 677672K->456302K(8360960K) icms_dc=0 , 0.0123440 secs] [Times: user=0.11 sys=0.03, real=0.01 secs] 
2012-10-19T11:46:50.644-0400: [GC [ParNew: 225774K->4307K(249216K), 0.0099890 secs] 677870K->456880K(8360960K) icms_dc=0 , 0.0101840 secs] [Times: user=0.10 sys=0.03, real=0.01 secs] 
2012-10-19T11:47:09.602-0400: [GC [ParNew: 225875K->4017K(249216K), 0.0107000 secs] 678448K->456937K(8360960K) icms_dc=0 , 0.0108990 secs] [Times: user=0.09 sys=0.03, real=0.01 secs] 
2012-10-19T11:47:28.318-0400: [GC [ParNew: 225585K->4842K(249216K), 0.0098390 secs] 678505K->458189K(8360960K) icms_dc=0 , 0.0100280 secs] [Times: user=0.09 sys=0.02, real=0.01 secs] 
2012-10-19T11:47:45.046-0400: [GC [ParNew: 226410K->3982K(249216K), 0.0050220 secs] 679757K->457800K(8360960K) icms_dc=0 , 0.0052090 secs] [Times: user=0.05 sys=0.01, real=0.00 secs] 
2012-10-19T11:48:01.917-0400: [GC [ParNew: 225550K->4168K(249216K), 0.0085340 secs] 679368K->458430K(8360960K) icms_dc=0 , 0.0087280 secs] [Times: user=0.08 sys=0.02, real=0.01 secs] 
2012-10-19T11:48:19.829-0400: [GC [ParNew: 225736K->3720K(249216K), 0.0095920 secs] 679998K->458580K(8360960K) icms_dc=0 , 0.0097890 secs] [Times: user=0.09 sys=0.03, real=0.01 secs] 
2012-10-19T11:48:40.923-0400: [GC [ParNew: 225288K->3978K(249216K), 0.0088940 secs] 680148K->459340K(8360960K) icms_dc=0 , 0.0090860 secs] [Times: user=0.08 sys=0.02, real=0.01 secs] 
2012-10-19T11:48:57.567-0400: [GC [ParNew: 225546K->4084K(249216K), 0.0101430 secs] 680908K->459744K(8360960K) icms_dc=0 , 0.0103380 secs] [Times: user=0.09 sys=0.03, real=0.01 secs] 
2012-10-19T11:49:08.165-0400: [GC [ParNew: 225652K->3529K(249216K), 0.0097040 secs] 681312K->459555K(8360960K) icms_dc=0 , 0.0098880 secs] [Times: user=0.09 sys=0.02, real=0.01 secs] 
2012-10-19T11:49:26.182-0400: [GC [ParNew: 225097K->4312K(249216K), 0.0107040 secs] 681123K->460713K(8360960K) icms_dc=0 , 0.0109400 secs] [Times: user=0.09 sys=0.03, real=0.01 secs] 
2012-10-19T11:49:48.012-0400: [GC [ParNew: 225880K->3869K(249216K), 0.0109630 secs] 682281K->460829K(8360960K) icms_dc=0 , 0.0111460 secs] [Times: user=0.11 sys=0.03, real=0.01 secs] 
2012-10-19T11:49:58.554-0400: [GC [ParNew: 225437K->4120K(249216K), 0.0074740 secs] 682397K->461433K(8360960K) icms_dc=0 , 0.0076410 secs] [Times: user=0.07 sys=0.02, real=0.01 secs] 
2012-10-19T11:50:09.389-0400: [GC [ParNew: 225688K->5320K(249216K), 0.0087490 secs] 683001K->462963K(8360960K) icms_dc=0 , 0.0089220 secs] [Times: user=0.08 sys=0.03, real=0.01 secs] 
2012-10-19T11:50:18.744-0400: [GC [ParNew: 226888K->5359K(249216K), 0.0093580 secs] 684531K->463445K(8360960K) icms_dc=0 , 0.0095490 secs] [Times: user=0.08 sys=0.03, real=0.01 secs] 
2012-10-19T11:50:29.675-0400: [GC [ParNew: 226927K->4527K(249216K), 0.0090950 secs] 685013K->463355K(8360960K) icms_dc=0 , 0.0092720 secs] [Times: user=0.09 sys=0.02, real=0.01 secs] 
2012-10-19T11:50:48.506-0400: [GC [ParNew: 226095K->4868K(249216K), 0.0091580 secs] 684923K->464141K(8360960K) icms_dc=0 , 0.0093410 secs] [Times: user=0.09 sys=0.03, real=0.01 secs] 
2012-10-19T11:51:03.257-0400: [GC [ParNew: 226436K->4341K(249216K), 0.0110110 secs] 685709K->464544K(8360960K) icms_dc=0 , 0.0112070 secs] [Times: user=0.08 sys=0.03, real=0.02 secs] 
2012-10-19T11:51:15.897-0400: [GC [ParNew: 225909K->4235K(249216K), 0.0100400 secs] 686112K->464964K(8360960K) icms_dc=0 , 0.0102130 secs] [Times: user=0.09 sys=0.02, real=0.01 secs] 
2012-10-19T11:51:34.082-0400: [GC [ParNew: 225803K->4704K(249216K), 0.0093600 secs] 686532K->465997K(8360960K) icms_dc=0 , 0.0095400 secs] [Times: user=0.08 sys=0.02, real=0.01 secs] 
2012-10-19T11:51:41.874-0400: [GC [ParNew: 226272K->4906K(249216K), 0.0170390 secs] 687565K->466781K(8360960K) icms_dc=0 , 0.0178350 secs] [Times: user=0.08 sys=0.02, real=0.01 secs] 
2012-10-19T11:51:44.666-0400: [GC [ParNew: 226474K->4811K(249216K), 0.0112960 secs] 688349K->467191K(8360960K) icms_dc=0 , 0.0115220 secs] [Times: user=0.06 sys=0.01, real=0.01 secs] 
2012-10-19T11:51:53.777-0400: [GC [ParNew: 226379K->3963K(249216K), 0.0121980 secs] 688759K->466959K(8360960K) icms_dc=0 , 0.0123890 secs] [Times: user=0.06 sys=0.03, real=0.01 secs] 
2012-10-19T11:52:00.220-0400: [GC [ParNew: 225531K->3857K(249216K), 0.0112530 secs] 688527K->467410K(8360960K) icms_dc=0 , 0.0114380 secs] [Times: user=0.07 sys=0.02, real=0.01 secs] 
2012-10-19T11:52:16.065-0400: [GC [ParNew: 225425K->4227K(249216K), 0.0099920 secs] 688978K->468141K(8360960K) icms_dc=0 , 0.0101890 secs] [Times: user=0.09 sys=0.03, real=0.01 secs] 
2012-10-19T11:52:23.703-0400: [GC [ParNew: 225795K->5368K(249216K), 0.0094150 secs] 689709K->469630K(8360960K) icms_dc=0 , 0.0096240 secs] [Times: user=0.05 sys=0.01, real=0.01 secs] 
2012-10-19T11:52:37.171-0400: [GC [ParNew: 226936K->3946K(249216K), 0.0102450 secs] 691198K->468834K(8360960K) icms_dc=0 , 0.0104500 secs] [Times: user=0.09 sys=0.02, real=0.01 secs] 
2012-10-19T11:52:52.371-0400: [GC [ParNew: 225514K->5228K(249216K), 0.0097160 secs] 690402K->470584K(8360960K) icms_dc=0 , 0.0099200 secs] [Times: user=0.08 sys=0.03, real=0.01 secs] 
2012-10-19T11:53:02.047-0400: [GC [ParNew: 226796K->4059K(249216K), 0.0091260 secs] 692152K->469925K(8360960K) icms_dc=0 , 0.0093180 secs] [Times: user=0.09 sys=0.02, real=0.01 secs] 
2012-10-19T11:53:08.966-0400: [GC [ParNew: 225627K->3898K(249216K), 0.0103300 secs] 691493K->470498K(8360960K) icms_dc=0 , 0.0105160 secs] [Times: user=0.09 sys=0.03, real=0.01 secs] 
2012-10-19T11:53:12.015-0400: [GC [ParNew: 225466K->3779K(249216K), 0.0121930 secs] 692066K->470826K(8360960K) icms_dc=0 , 0.0124040 secs] [Times: user=0.09 sys=0.04, real=0.01 secs] 
2012-10-19T11:53:17.383-0400: [GC [ParNew: 225347K->3190K(249216K), 0.0079210 secs] 692394K->471040K(8360960K) icms_dc=0 , 0.0081030 secs] [Times: user=0.07 sys=0.02, real=0.01 secs] 
2012-10-19T11:53:29.250-0400: [GC [ParNew: 224758K->3306K(249216K), 0.0094950 secs] 692608K->471512K(8360960K) icms_dc=0 , 0.0096780 secs] [Times: user=0.08 sys=0.01, real=0.01 secs] 
2012-10-19T11:53:46.634-0400: [GC [ParNew: 224874K->2925K(249216K), 0.0103140 secs] 693080K->471587K(8360960K) icms_dc=0 , 0.0104930 secs] [Times: user=0.10 sys=0.02, real=0.01 secs] 
2012-10-19T11:53:55.358-0400: [GC [ParNew: 224493K->3873K(249216K), 0.0096180 secs] 693155K->472783K(8360960K) icms_dc=0 , 0.0098010 secs] [Times: user=0.08 sys=0.03, real=0.01 secs] 
2012-10-19T11:54:09.721-0400: [GC [ParNew: 225441K->4011K(249216K), 0.0106100 secs] 694351K->473231K(8360960K) icms_dc=0 , 0.0108060 secs] [Times: user=0.09 sys=0.03, real=0.01 secs] 
2012-10-19T11:54:22.956-0400: [GC [ParNew: 225579K->3696K(249216K), 0.0093610 secs] 694799K->473445K(8360960K) icms_dc=0 , 0.0095820 secs] [Times: user=0.09 sys=0.02, real=0.01 secs] 
2012-10-19T11:54:36.684-0400: [GC [ParNew: 225264K->4052K(249216K), 0.0109530 secs] 695013K->474058K(8360960K) icms_dc=0 , 0.0111760 secs] [Times: user=0.10 sys=0.03, real=0.02 secs] 
2012-10-19T11:54:52.061-0400: [GC [ParNew: 225620K->4351K(249216K), 0.0098210 secs] 695626K->474733K(8360960K) icms_dc=0 , 0.0100370 secs] [Times: user=0.09 sys=0.03, real=0.01 secs] 
2012-10-19T11:55:04.169-0400: [GC [ParNew: 225919K->4121K(249216K), 0.0046730 secs] 696301K->475046K(8360960K) icms_dc=0 , 0.0048690 secs] [Times: user=0.05 sys=0.00, real=0.00 secs] 
2012-10-19T11:55:17.294-0400: [GC [ParNew: 225689K->4084K(249216K), 0.0085940 secs] 696614K->475311K(8360960K) icms_dc=0 , 0.0087840 secs] [Times: user=0.07 sys=0.03, real=0.01 secs] 
2012-10-19T11:55:32.761-0400: [GC [ParNew: 225652K->4013K(249216K), 0.0092630 secs] 696879K->475787K(8360960K) icms_dc=0 , 0.0094670 secs] [Times: user=0.08 sys=0.03, real=0.00 secs] 
2012-10-19T11:55:47.023-0400: [GC [ParNew: 225581K->3390K(249216K), 0.0093640 secs] 697355K->475881K(8360960K) icms_dc=0 , 0.0095510 secs] [Times: user=0.09 sys=0.03, real=0.01 secs] 
2012-10-19T11:56:02.549-0400: [GC [ParNew: 224958K->3860K(249216K), 0.0090610 secs] 697449K->476676K(8360960K) icms_dc=0 , 0.0092440 secs] [Times: user=0.08 sys=0.03, real=0.01 secs] 
2012-10-19T11:56:20.276-0400: [GC [ParNew: 225428K->3797K(249216K), 0.0113920 secs] 698244K->476989K(8360960K) icms_dc=0 , 0.0115930 secs] [Times: user=0.10 sys=0.03, real=0.02 secs] 
2012-10-19T11:56:31.392-0400: [GC [ParNew: 225365K->4216K(249216K), 0.0100860 secs] 698557K->477782K(8360960K) icms_dc=0 , 0.0102890 secs] [Times: user=0.08 sys=0.02, real=0.01 secs] 
2012-10-19T11:56:44.963-0400: [GC [ParNew: 225784K->3895K(249216K), 0.0105740 secs] 699350K->477784K(8360960K) icms_dc=0 , 0.0107740 secs] [Times: user=0.11 sys=0.02, real=0.01 secs] 
2012-10-19T11:56:51.750-0400: [GC [ParNew: 225463K->3925K(249216K), 0.0098060 secs] 699352K->478297K(8360960K) icms_dc=0 , 0.0100040 secs] [Times: user=0.08 sys=0.02, real=0.01 secs] 
2012-10-19T11:56:58.957-0400: [GC [ParNew: 225493K->3686K(249216K), 0.0091260 secs] 699865K->478384K(8360960K) icms_dc=0 , 0.0093070 secs] [Times: user=0.09 sys=0.02, real=0.01 secs] 
2012-10-19T11:57:10.824-0400: [GC [ParNew: 225254K->4865K(249216K), 0.0091550 secs] 699952K->479932K(8360960K) icms_dc=0 , 0.0093430 secs] [Times: user=0.09 sys=0.03, real=0.01 secs] 
2012-10-19T11:57:25.971-0400: [GC [ParNew: 226433K->4601K(249216K), 0.0102230 secs] 701500K->480171K(8360960K) icms_dc=0 , 0.0104250 secs] [Times: user=0.09 sys=0.02, real=0.01 secs] 
2012-10-19T11:57:42.175-0400: [GC [ParNew: 226169K->5116K(249216K), 0.0123110 secs] 701739K->481247K(8360960K) icms_dc=0 , 0.0125060 secs] [Times: user=0.13 sys=0.02, real=0.02 secs] 
2012-10-19T11:58:02.315-0400: [GC [ParNew: 226684K->4966K(249216K), 0.0088620 secs] 702815K->481511K(8360960K) icms_dc=0 , 0.0090720 secs] [Times: user=0.09 sys=0.01, real=0.01 secs] 
2012-10-19T11:58:16.816-0400: [GC [ParNew: 226534K->4177K(249216K), 0.0102090 secs] 703079K->481475K(8360960K) icms_dc=0 , 0.0104010 secs] [Times: user=0.09 sys=0.03, real=0.01 secs] 
2012-10-19T11:58:29.959-0400: [GC [ParNew: 225745K->4132K(249216K), 0.0085280 secs] 703043K->481859K(8360960K) icms_dc=0 , 0.0087370 secs] [Times: user=0.08 sys=0.02, real=0.01 secs] 
2012-10-19T11:58:47.793-0400: [GC [ParNew: 225700K->4076K(249216K), 0.0093550 secs] 703427K->482320K(8360960K) icms_dc=0 , 0.0095410 secs] [Times: user=0.10 sys=0.02, real=0.01 secs] 
2012-10-19T11:59:04.053-0400: [GC [ParNew: 225644K->4105K(249216K), 0.0087780 secs] 703888K->482763K(8360960K) icms_dc=0 , 0.0089750 secs] [Times: user=0.08 sys=0.03, real=0.01 secs] 
2012-10-19T11:59:21.481-0400: [GC [ParNew: 225673K->3514K(249216K), 0.0082900 secs] 704331K->482567K(8360960K) icms_dc=0 , 0.0084780 secs] [Times: user=0.07 sys=0.02, real=0.01 secs] 
2012-10-19T11:59:34.270-0400: [GC [ParNew: 225082K->4306K(249216K), 0.0103610 secs] 704135K->483656K(8360960K) icms_dc=0 , 0.0105350 secs] [Times: user=0.10 sys=0.03, real=0.01 secs] 
2012-10-19T11:59:45.799-0400: [GC [ParNew: 225874K->3683K(249216K), 0.0094690 secs] 705224K->483621K(8360960K) icms_dc=0 , 0.0096640 secs] [Times: user=0.10 sys=0.02, real=0.01 secs] 
2012-10-19T11:59:59.447-0400: [GC [ParNew: 225251K->4087K(249216K), 0.0104280 secs] 705189K->484481K(8360960K) icms_dc=0 , 0.0106360 secs] [Times: user=0.10 sys=0.02, real=0.01 secs] 
2012-10-19T12:00:10.798-0400: [GC [ParNew: 225655K->4999K(249216K), 0.0103830 secs] 706049K->485854K(8360960K) icms_dc=0 , 0.0105760 secs] [Times: user=0.09 sys=0.03, real=0.01 secs] 
2012-10-19T12:00:23.803-0400: [GC [ParNew: 226567K->8085K(249216K), 0.0081380 secs] 707422K->489344K(8360960K) icms_dc=0 , 0.0083570 secs] [Times: user=0.08 sys=0.01, real=0.01 secs] 
2012-10-19T12:00:42.398-0400: [GC [ParNew: 229653K->8344K(249216K), 0.0098510 secs] 710912K->489972K(8360960K) icms_dc=0 , 0.0100530 secs] [Times: user=0.10 sys=0.02, real=0.01 secs] 
2012-10-19T12:00:59.804-0400: [GC [ParNew: 229912K->8624K(249216K), 0.0068260 secs] 711540K->490798K(8360960K) icms_dc=0 , 0.0070360 secs] [Times: user=0.07 sys=0.01, real=0.00 secs] 
2012-10-19T12:01:08.304-0400: [GC [ParNew: 230192K->7646K(249216K), 0.0153770 secs] 712366K->490724K(8360960K) icms_dc=0 , 0.0156130 secs] [Times: user=0.13 sys=0.02, real=0.01 secs] 
2012-10-19T12:01:16.966-0400: [GC [ParNew: 229214K->5650K(249216K), 0.0136660 secs] 712292K->491405K(8360960K) icms_dc=0 , 0.0138790 secs] [Times: user=0.10 sys=0.03, real=0.01 secs] 
2012-10-19T12:01:29.151-0400: [GC [ParNew: 227218K->4300K(249216K), 0.0103870 secs] 712973K->490457K(8360960K) icms_dc=0 , 0.0105820 secs] [Times: user=0.10 sys=0.02, real=0.01 secs] 
2012-10-19T12:01:47.618-0400: [GC [ParNew: 225868K->4058K(249216K), 0.0098090 secs] 712025K->490748K(8360960K) icms_dc=0 , 0.0099970 secs] [Times: user=0.10 sys=0.03, real=0.01 secs] 
2012-10-19T12:02:09.790-0400: [GC [ParNew: 225626K->4849K(249216K), 0.0077460 secs] 712316K->492000K(8360960K) icms_dc=0 , 0.0079450 secs] [Times: user=0.08 sys=0.02, real=0.01 secs] 
2012-10-19T12:02:29.912-0400: [GC [ParNew: 226417K->4919K(249216K), 0.0103950 secs] 713568K->492430K(8360960K) icms_dc=0 , 0.0106030 secs] [Times: user=0.08 sys=0.03, real=0.01 secs] 
2012-10-19T12:02:51.843-0400: [GC [ParNew: 226487K->4568K(249216K), 0.0094660 secs] 713998K->492546K(8360960K) icms_dc=0 , 0.0096650 secs] [Times: user=0.09 sys=0.02, real=0.01 secs] 
2012-10-19T12:03:12.270-0400: [GC [ParNew: 226136K->4584K(249216K), 0.0055100 secs] 714114K->493247K(8360960K) icms_dc=0 , 0.0057050 secs] [Times: user=0.05 sys=0.01, real=0.00 secs] 
2012-10-19T12:03:34.465-0400: [GC [ParNew: 226152K->4499K(249216K), 0.0093570 secs] 714815K->493782K(8360960K) icms_dc=0 , 0.0095460 secs] [Times: user=0.08 sys=0.02, real=0.01 secs] 
2012-10-19T12:03:56.355-0400: [GC [ParNew: 226067K->4590K(249216K), 0.0100340 secs] 715350K->494291K(8360960K) icms_dc=0 , 0.0102310 secs] [Times: user=0.10 sys=0.02, real=0.01 secs] 
2012-10-19T12:04:12.574-0400: [GC [ParNew: 226158K->4652K(249216K), 0.0103640 secs] 715859K->494837K(8360960K) icms_dc=0 , 0.0105570 secs] [Times: user=0.09 sys=0.02, real=0.01 secs] 
2012-10-19T12:04:33.442-0400: [GC [ParNew: 226220K->4728K(249216K), 0.0059940 secs] 716405K->495445K(8360960K) icms_dc=0 , 0.0061980 secs] [Times: user=0.05 sys=0.01, real=0.01 secs] 
2012-10-19T12:04:49.438-0400: [GC [ParNew: 226296K->5050K(249216K), 0.0091670 secs] 717013K->496363K(8360960K) icms_dc=0 , 0.0093610 secs] [Times: user=0.08 sys=0.02, real=0.01 secs] 
2012-10-19T12:05:10.141-0400: [GC [ParNew: 226618K->5749K(249216K), 0.0096730 secs] 717931K->497517K(8360960K) icms_dc=0 , 0.0098700 secs] [Times: user=0.09 sys=0.03, real=0.01 secs] 
2012-10-19T12:05:23.185-0400: [GC [ParNew: 227317K->5819K(249216K), 0.0093490 secs] 719085K->498059K(8360960K) icms_dc=0 , 0.0095520 secs] [Times: user=0.09 sys=0.02, real=0.01 secs] 
2012-10-19T12:05:39.968-0400: [GC [ParNew: 227387K->5722K(249216K), 0.0103050 secs] 719627K->498541K(8360960K) icms_dc=0 , 0.0105040 secs] [Times: user=0.10 sys=0.02, real=0.01 secs] 
2012-10-19T12:05:53.905-0400: [GC [ParNew: 227290K->6077K(249216K), 0.0104340 secs] 720109K->499650K(8360960K) icms_dc=0 , 0.0106390 secs] [Times: user=0.09 sys=0.03, real=0.01 secs] 
2012-10-19T12:06:13.599-0400: [GC [ParNew: 227645K->5434K(249216K), 0.0106100 secs] 721218K->499980K(8360960K) icms_dc=0 , 0.0108120 secs] [Times: user=0.10 sys=0.03, real=0.01 secs] 
2012-10-19T12:06:31.709-0400: [GC [ParNew: 227002K->4699K(249216K), 0.0097110 secs] 721548K->499968K(8360960K) icms_dc=0 , 0.0099250 secs] [Times: user=0.08 sys=0.02, real=0.01 secs] 
2012-10-19T12:06:49.343-0400: [GC [ParNew: 226267K->5050K(249216K), 0.0091190 secs] 721536K->500757K(8360960K) icms_dc=0 , 0.0093180 secs] [Times: user=0.08 sys=0.03, real=0.01 secs] 
2012-10-19T12:07:11.065-0400: [GC [ParNew: 226618K->4778K(249216K), 0.0098630 secs] 722325K->501043K(8360960K) icms_dc=0 , 0.0100670 secs] [Times: user=0.10 sys=0.02, real=0.01 secs] 
2012-10-19T12:07:23.561-0400: [GC [ParNew: 226346K->5154K(249216K), 0.0101020 secs] 722611K->501843K(8360960K) icms_dc=0 , 0.0103070 secs] [Times: user=0.08 sys=0.03, real=0.01 secs] 
2012-10-19T12:07:43.885-0400: [GC [ParNew: 226722K->4601K(249216K), 0.0100240 secs] 723411K->502009K(8360960K) icms_dc=0 , 0.0102130 secs] [Times: user=0.08 sys=0.03, real=0.01 secs] 
2012-10-19T12:08:04.440-0400: [GC [ParNew: 226169K->4367K(249216K), 0.0080990 secs] 723577K->502298K(8360960K) icms_dc=0 , 0.0082990 secs] [Times: user=0.07 sys=0.02, real=0.01 secs] 
2012-10-19T12:08:17.399-0400: [GC [ParNew: 225935K->4392K(249216K), 0.0102820 secs] 723866K->502793K(8360960K) icms_dc=0 , 0.0104790 secs] [Times: user=0.10 sys=0.02, real=0.01 secs] 
2012-10-19T12:08:32.550-0400: [GC [ParNew: 225960K->4349K(249216K), 0.0095520 secs] 724361K->503314K(8360960K) icms_dc=0 , 0.0097580 secs] [Times: user=0.10 sys=0.02, real=0.01 secs] 
2012-10-19T12:08:44.520-0400: [GC [ParNew: 225917K->4284K(249216K), 0.0103940 secs] 724882K->503866K(8360960K) icms_dc=0 , 0.0105880 secs] [Times: user=0.09 sys=0.03, real=0.01 secs] 
2012-10-19T12:09:03.208-0400: [GC [ParNew: 225852K->4430K(249216K), 0.0101230 secs] 725434K->504404K(8360960K) icms_dc=0 , 0.0103200 secs] [Times: user=0.10 sys=0.02, real=0.01 secs] 
2012-10-19T12:09:27.034-0400: [GC [ParNew: 225998K->4299K(249216K), 0.0105300 secs] 725972K->504784K(8360960K) icms_dc=0 , 0.0107630 secs] [Times: user=0.10 sys=0.01, real=0.01 secs] 
2012-10-19T12:09:39.523-0400: [GC [ParNew: 225867K->4663K(249216K), 0.0081620 secs] 726352K->505601K(8360960K) icms_dc=0 , 0.0083550 secs] [Times: user=0.07 sys=0.02, real=0.01 secs] 
2012-10-19T12:10:03.040-0400: [GC [ParNew: 226231K->4419K(249216K), 0.0093630 secs] 727169K->505745K(8360960K) icms_dc=0 , 0.0095740 secs] [Times: user=0.09 sys=0.02, real=0.01 secs] 
2012-10-19T12:10:22.376-0400: [GC [ParNew: 225987K->4154K(249216K), 0.0102830 secs] 727313K->506106K(8360960K) icms_dc=0 , 0.0104650 secs] [Times: user=0.08 sys=0.03, real=0.01 secs] 
2012-10-19T12:10:43.124-0400: [GC [ParNew: 225722K->4253K(249216K), 0.0089170 secs] 727674K->506673K(8360960K) icms_dc=0 , 0.0091330 secs] [Times: user=0.08 sys=0.03, real=0.00 secs] 
2012-10-19T12:11:05.467-0400: [GC [ParNew: 225821K->4241K(249216K), 0.0097810 secs] 728241K->507024K(8360960K) icms_dc=0 , 0.0099750 secs] [Times: user=0.09 sys=0.02, real=0.01 secs] 
2012-10-19T12:11:24.806-0400: [GC [ParNew: 225809K->4801K(249216K), 0.0128700 secs] 728592K->508065K(8360960K) icms_dc=0 , 0.0131180 secs] [Times: user=0.09 sys=0.02, real=0.02 secs] 
2012-10-19T12:11:39.334-0400: [GC [ParNew: 226369K->5083K(249216K), 0.0109540 secs] 729633K->508703K(8360960K) icms_dc=0 , 0.0111510 secs] [Times: user=0.09 sys=0.02, real=0.01 secs] 
2012-10-19T12:11:55.297-0400: [GC [ParNew: 226651K->6012K(249216K), 0.0130510 secs] 730271K->510008K(8360960K) icms_dc=0 , 0.0133140 secs] [Times: user=0.08 sys=0.03, real=0.01 secs] 
2012-10-19T12:12:13.900-0400: [GC [ParNew: 227580K->4899K(249216K), 0.0055180 secs] 731576K->509631K(8360960K) icms_dc=0 , 0.0057150 secs] [Times: user=0.05 sys=0.01, real=0.01 secs] 
2012-10-19T12:12:33.261-0400: [GC [ParNew: 226467K->5472K(249216K), 0.0092560 secs] 731199K->510737K(8360960K) icms_dc=0 , 0.0094700 secs] [Times: user=0.09 sys=0.02, real=0.01 secs] 
2012-10-19T12:12:46.629-0400: [GC [ParNew: 227040K->4741K(249216K), 0.0118260 secs] 732305K->510773K(8360960K) icms_dc=0 , 0.0120290 secs] [Times: user=0.11 sys=0.03, real=0.01 secs] 
2012-10-19T12:12:53.042-0400: [GC [ParNew: 226309K->4852K(249216K), 0.0166330 secs] 732341K->511426K(8360960K) icms_dc=0 , 0.0168380 secs] [Times: user=0.12 sys=0.03, real=0.01 secs] 
2012-10-19T12:12:59.396-0400: [GC [ParNew: 226420K->4100K(249216K), 0.0106080 secs] 732994K->511121K(8360960K) icms_dc=0 , 0.0107960 secs] [Times: user=0.10 sys=0.03, real=0.01 secs] 
2012-10-19T12:13:04.301-0400: [GC [ParNew: 225668K->3500K(249216K), 0.0070670 secs] 732689K->511150K(8360960K) icms_dc=0 , 0.0072790 secs] [Times: user=0.07 sys=0.02, real=0.00 secs] 
2012-10-19T12:13:17.822-0400: [GC [ParNew: 225068K->3464K(249216K), 0.0072670 secs] 732718K->511593K(8360960K) icms_dc=0 , 0.0074610 secs] [Times: user=0.07 sys=0.02, real=0.01 secs] 
2012-10-19T12:13:33.374-0400: [GC [ParNew: 225032K->4256K(249216K), 0.0097760 secs] 733161K->512870K(8360960K) icms_dc=0 , 0.0099770 secs] [Times: user=0.08 sys=0.04, real=0.01 secs] 
2012-10-19T12:13:50.405-0400: [GC [ParNew: 225824K->4352K(249216K), 0.0086120 secs] 734438K->513336K(8360960K) icms_dc=0 , 0.0088120 secs] [Times: user=0.07 sys=0.02, real=0.01 secs] 
2012-10-19T12:14:07.271-0400: [GC [ParNew: 225920K->4616K(249216K), 0.0099910 secs] 734904K->513909K(8360960K) icms_dc=0 , 0.0101920 secs] [Times: user=0.09 sys=0.03, real=0.01 secs] 
2012-10-19T12:14:26.942-0400: [GC [ParNew: 226184K->4682K(249216K), 0.0099810 secs] 735477K->514312K(8360960K) icms_dc=0 , 0.0101870 secs] [Times: user=0.09 sys=0.03, real=0.01 secs] 
2012-10-19T12:14:47.693-0400: [GC [ParNew: 226250K->4112K(249216K), 0.0103240 secs] 735880K->514492K(8360960K) icms_dc=0 , 0.0105220 secs] [Times: user=0.09 sys=0.02, real=0.01 secs] 
2012-10-19T12:15:00.209-0400: [GC [ParNew: 225680K->5435K(249216K), 0.0076610 secs] 736060K->516287K(8360960K) icms_dc=0 , 0.0078700 secs] [Times: user=0.07 sys=0.01, real=0.01 secs] 
2012-10-19T12:15:07.558-0400: [GC [ParNew: 227003K->4355K(249216K), 0.0120260 secs] 737855K->515593K(8360960K) icms_dc=0 , 0.0122190 secs] [Times: user=0.11 sys=0.02, real=0.01 secs] 
2012-10-19T12:15:11.623-0400: [GC [ParNew: 225923K->5998K(249216K), 0.0110990 secs] 737161K->517810K(8360960K) icms_dc=0 , 0.0113260 secs] [Times: user=0.09 sys=0.02, real=0.01 secs] 
2012-10-19T12:15:16.050-0400: [GC [ParNew: 227566K->7771K(249216K), 0.0102310 secs] 739378K->520074K(8360960K) icms_dc=0 , 0.0104420 secs] [Times: user=0.10 sys=0.02, real=0.01 secs] 
2012-10-19T12:15:25.348-0400: [GC [ParNew: 229339K->7536K(249216K), 0.0103860 secs] 741642K->520517K(8360960K) icms_dc=0 , 0.0105990 secs] [Times: user=0.09 sys=0.02, real=0.01 secs] 
2012-10-19T12:15:39.975-0400: [GC [ParNew: 229104K->6606K(249216K), 0.0100390 secs] 742085K->520220K(8360960K) icms_dc=0 , 0.0102440 secs] [Times: user=0.10 sys=0.02, real=0.01 secs] 
2012-10-19T12:15:55.834-0400: [GC [ParNew: 228174K->7444K(249216K), 0.0061170 secs] 741788K->521879K(8360960K) icms_dc=0 , 0.0063330 secs] [Times: user=0.07 sys=0.00, real=0.00 secs] 
2012-10-19T12:16:11.370-0400: [GC [ParNew: 229012K->5853K(249216K), 0.0168470 secs] 743447K->522310K(8360960K) icms_dc=0 , 0.0170650 secs] [Times: user=0.11 sys=0.02, real=0.02 secs] 
2012-10-19T12:16:16.822-0400: [GC [ParNew: 227416K->5200K(249216K), 0.0115430 secs] 743873K->522418K(8360960K) icms_dc=0 , 0.0117590 secs] [Times: user=0.09 sys=0.02, real=0.01 secs] 
2012-10-19T12:16:18.852-0400: [GC [ParNew: 226768K->4757K(249216K), 0.0095490 secs] 743986K->522390K(8360960K) icms_dc=0 , 0.0097390 secs] [Times: user=0.09 sys=0.02, real=0.01 secs] 
2012-10-19T12:16:25.592-0400: [GC [ParNew: 226325K->4406K(249216K), 0.0099530 secs] 743958K->522874K(8360960K) icms_dc=0 , 0.0101490 secs] [Times: user=0.09 sys=0.02, real=0.01 secs] 
2012-10-19T12:16:34.592-0400: [GC [ParNew: 225974K->3972K(249216K), 0.0102350 secs] 744442K->523072K(8360960K) icms_dc=0 , 0.0104290 secs] [Times: user=0.09 sys=0.02, real=0.01 secs] 
2012-10-19T12:16:43.906-0400: [GC [ParNew: 223354K->4188K(249216K), 0.0097420 secs] 742454K->523701K(8360960K) icms_dc=0 , 0.0099320 secs] [Times: user=0.09 sys=0.03, real=0.01 secs] 
2012-10-19T12:16:56.223-0400: [GC [ParNew: 225756K->4589K(249216K), 0.0103010 secs] 745269K->524634K(8360960K) icms_dc=0 , 0.0104960 secs] [Times: user=0.10 sys=0.03, real=0.01 secs] 
2012-10-19T12:17:09.406-0400: [GC [ParNew: 226157K->4856K(249216K), 0.0071520 secs] 746202K->525320K(8360960K) icms_dc=0 , 0.0073460 secs] [Times: user=0.06 sys=0.02, real=0.01 secs] 
2012-10-19T12:17:19.492-0400: [GC [ParNew: 226424K->4692K(249216K), 0.0093300 secs] 746888K->525604K(8360960K) icms_dc=0 , 0.0095270 secs] [Times: user=0.08 sys=0.03, real=0.01 secs] 
2012-10-19T12:17:31.093-0400: [GC [ParNew: 226260K->5528K(249216K), 0.0102880 secs] 747172K->527111K(8360960K) icms_dc=0 , 0.0105230 secs] [Times: user=0.07 sys=0.02, real=0.01 secs] 
2012-10-19T12:17:47.297-0400: [GC [ParNew: 227096K->4467K(249216K), 0.0100180 secs] 748679K->526654K(8360960K) icms_dc=0 , 0.0102110 secs] [Times: user=0.10 sys=0.02, real=0.01 secs] 
2012-10-19T12:17:59.956-0400: [GC [ParNew: 226035K->4555K(249216K), 0.0104120 secs] 748222K->527409K(8360960K) icms_dc=0 , 0.0106120 secs] [Times: user=0.10 sys=0.02, real=0.01 secs] 
2012-10-19T12:18:16.202-0400: [GC [ParNew: 226123K->4579K(249216K), 0.0119080 secs] 748977K->527927K(8360960K) icms_dc=0 , 0.0121320 secs] [Times: user=0.09 sys=0.02, real=0.01 secs] 
2012-10-19T12:18:27.847-0400: [GC [ParNew: 226147K->4164K(249216K), 0.0100210 secs] 749495K->527989K(8360960K) icms_dc=0 , 0.0102140 secs] [Times: user=0.09 sys=0.03, real=0.01 secs] 
2012-10-19T12:18:47.065-0400: [GC [ParNew: 225732K->4288K(249216K), 0.0080500 secs] 749557K->528559K(8360960K) icms_dc=0 , 0.0082500 secs] [Times: user=0.07 sys=0.02, real=0.01 secs] 
2012-10-19T12:18:56.465-0400: [GC [ParNew: 225856K->4363K(249216K), 0.0100150 secs] 750127K->529113K(8360960K) icms_dc=0 , 0.0102180 secs] [Times: user=0.09 sys=0.02, real=0.01 secs] 
2012-10-19T12:19:10.205-0400: [GC [ParNew: 225931K->4166K(249216K), 0.0125040 secs] 750681K->529618K(8360960K) icms_dc=0 , 0.0127230 secs] [Times: user=0.08 sys=0.03, real=0.02 secs] 
2012-10-19T12:19:23.825-0400: [GC [ParNew: 225734K->3910K(249216K), 0.0141300 secs] 751186K->529750K(8360960K) icms_dc=0 , 0.0143520 secs] [Times: user=0.09 sys=0.03, real=0.02 secs] 
2012-10-19T12:19:25.180-0400: [GC [ParNew: 225478K->4588K(249216K), 0.0126700 secs] 751318K->530804K(8360960K) icms_dc=0 , 0.0128970 secs] [Times: user=0.08 sys=0.03, real=0.01 secs] 
2012-10-19T12:19:31.763-0400: [GC [ParNew: 226156K->4737K(249216K), 0.0110940 secs] 752372K->531606K(8360960K) icms_dc=0 , 0.0112650 secs] [Times: user=0.09 sys=0.02, real=0.01 secs] 
2012-10-19T12:19:43.575-0400: [GC [ParNew: 226305K->4076K(249216K), 0.0105630 secs] 753174K->531356K(8360960K) icms_dc=0 , 0.0107560 secs] [Times: user=0.10 sys=0.03, real=0.01 secs] 
2012-10-19T12:19:57.860-0400: [GC [ParNew: 225644K->4278K(249216K), 0.0099340 secs] 752924K->532209K(8360960K) icms_dc=0 , 0.0101310 secs] [Times: user=0.07 sys=0.03, real=0.01 secs] 
2012-10-19T12:20:13.300-0400: [GC [ParNew: 225846K->4486K(249216K), 0.0095870 secs] 753777K->532888K(8360960K) icms_dc=0 , 0.0097810 secs] [Times: user=0.09 sys=0.02, real=0.01 secs] 
2012-10-19T12:20:21.794-0400: [GC [ParNew: 226054K->5022K(249216K), 0.0104220 secs] 754456K->533798K(8360960K) icms_dc=0 , 0.0106470 secs] [Times: user=0.10 sys=0.03, real=0.01 secs] 
2012-10-19T12:20:33.972-0400: [GC [ParNew: 226590K->5326K(249216K), 0.0096380 secs] 755366K->534560K(8360960K) icms_dc=0 , 0.0098330 secs] [Times: user=0.09 sys=0.01, real=0.01 secs] 
2012-10-19T12:20:45.814-0400: [GC [ParNew: 226894K->5373K(249216K), 0.0112390 secs] 756128K->535108K(8360960K) icms_dc=0 , 0.0114460 secs] [Times: user=0.10 sys=0.03, real=0.01 secs] 
2012-10-19T12:20:53.456-0400: [GC [ParNew: 226941K->4897K(249216K), 0.0103250 secs] 756676K->535713K(8360960K) icms_dc=0 , 0.0105240 secs] [Times: user=0.09 sys=0.03, real=0.01 secs] 
2012-10-19T12:21:07.014-0400: [GC [ParNew: 226465K->4271K(249216K), 0.0089890 secs] 757281K->535656K(8360960K) icms_dc=0 , 0.0091830 secs] [Times: user=0.08 sys=0.01, real=0.01 secs] 
2012-10-19T12:21:23.934-0400: [GC [ParNew: 225839K->4210K(249216K), 0.0114480 secs] 757224K->536135K(8360960K) icms_dc=0 , 0.0116830 secs] [Times: user=0.09 sys=0.02, real=0.01 secs] 
2012-10-19T12:21:37.507-0400: [GC [ParNew: 225778K->4654K(249216K), 0.0127240 secs] 757703K->536968K(8360960K) icms_dc=0 , 0.0129520 secs] [Times: user=0.08 sys=0.02, real=0.01 secs] 
2012-10-19T12:21:40.504-0400: [GC [ParNew: 226222K->4127K(249216K), 0.0094820 secs] 758536K->537188K(8360960K) icms_dc=0 , 0.0096680 secs] [Times: user=0.06 sys=0.03, real=0.01 secs] 
2012-10-19T12:21:52.982-0400: [GC [ParNew: 225695K->3975K(249216K), 0.0103880 secs] 758756K->537415K(8360960K) icms_dc=0 , 0.0105750 secs] [Times: user=0.07 sys=0.03, real=0.01 secs] 
2012-10-19T12:22:06.959-0400: [GC [ParNew: 225542K->4417K(249216K), 0.0087700 secs] 758983K->538424K(8360960K) icms_dc=0 , 0.0089940 secs] [Times: user=0.07 sys=0.02, real=0.00 secs] 
2012-10-19T12:22:16.934-0400: [GC [ParNew: 225985K->4065K(249216K), 0.0113860 secs] 759992K->538680K(8360960K) icms_dc=0 , 0.0115730 secs] [Times: user=0.08 sys=0.03, real=0.01 secs] 
2012-10-19T12:22:35.387-0400: [GC [ParNew: 225633K->3984K(249216K), 0.0067510 secs] 760248K->538812K(8360960K) icms_dc=0 , 0.0069620 secs] [Times: user=0.06 sys=0.02, real=0.01 secs] 
2012-10-19T12:22:54.802-0400: [GC [ParNew: 225552K->4912K(249216K), 0.0139200 secs] 760380K->540032K(8360960K) icms_dc=0 , 0.0141480 secs] [Times: user=0.10 sys=0.02, real=0.02 secs] 
2012-10-19T12:23:14.428-0400: [GC [ParNew: 226480K->4757K(249216K), 0.0114660 secs] 761600K->540419K(8360960K) icms_dc=0 , 0.0116600 secs] [Times: user=0.11 sys=0.03, real=0.01 secs] 
2012-10-19T12:23:38.381-0400: [GC [ParNew: 226325K->4518K(249216K), 0.0100630 secs] 761987K->540619K(8360960K) icms_dc=0 , 0.0102590 secs] [Times: user=0.09 sys=0.03, real=0.01 secs] 
2012-10-19T12:23:54.369-0400: [GC [ParNew: 226086K->4022K(249216K), 0.0106490 secs] 762187K->540614K(8360960K) icms_dc=0 , 0.0108510 secs] [Times: user=0.09 sys=0.02, real=0.01 secs] 
2012-10-19T12:24:13.257-0400: [GC [ParNew: 225590K->4795K(249216K), 0.0087230 secs] 762182K->541890K(8360960K) icms_dc=0 , 0.0089200 secs] [Times: user=0.07 sys=0.02, real=0.01 secs] 
2012-10-19T12:24:37.478-0400: [GC [ParNew: 226363K->4907K(249216K), 0.0086790 secs] 763458K->542400K(8360960K) icms_dc=0 , 0.0088700 secs] [Times: user=0.08 sys=0.02, real=0.01 secs] 
2012-10-19T12:25:01.006-0400: [GC [ParNew: 226475K->4508K(249216K), 0.0098800 secs] 763968K->542512K(8360960K) icms_dc=0 , 0.0100820 secs] [Times: user=0.08 sys=0.03, real=0.01 secs] 
2012-10-19T12:25:24.775-0400: [GC [ParNew: 226076K->4186K(249216K), 0.0087900 secs] 764080K->542671K(8360960K) icms_dc=0 , 0.0089880 secs] [Times: user=0.07 sys=0.02, real=0.01 secs] 
2012-10-19T12:25:47.827-0400: [GC [ParNew: 225754K->4645K(249216K), 0.0093970 secs] 764239K->543661K(8360960K) icms_dc=0 , 0.0095950 secs] [Times: user=0.08 sys=0.02, real=0.01 secs] 
2012-10-19T12:26:06.104-0400: [GC [ParNew: 226213K->4148K(249216K), 0.0097890 secs] 765229K->543593K(8360960K) icms_dc=0 , 0.0099840 secs] [Times: user=0.10 sys=0.02, real=0.01 secs] 
2012-10-19T12:26:21.265-0400: [GC [ParNew: 225716K->4223K(249216K), 0.0098270 secs] 765161K->544052K(8360960K) icms_dc=0 , 0.0100370 secs] [Times: user=0.10 sys=0.02, real=0.01 secs] 
2012-10-19T12:26:35.519-0400: [GC [ParNew: 225791K->5250K(249216K), 0.0045910 secs] 765620K->545450K(8360960K) icms_dc=0 , 0.0047840 secs] [Times: user=0.04 sys=0.00, real=0.01 secs] 
2012-10-19T12:26:54.203-0400: [GC [ParNew: 226818K->4625K(249216K), 0.0089200 secs] 767018K->545213K(8360960K) icms_dc=0 , 0.0091230 secs] [Times: user=0.07 sys=0.02, real=0.01 secs] 
2012-10-19T12:27:08.876-0400: [GC [ParNew: 226193K->5291K(249216K), 0.0106090 secs] 766781K->546337K(8360960K) icms_dc=0 , 0.0108490 secs] [Times: user=0.09 sys=0.02, real=0.01 secs] 
2012-10-19T12:27:28.303-0400: [GC [ParNew: 226859K->4493K(249216K), 0.0057500 secs] 767905K->546042K(8360960K) icms_dc=0 , 0.0059530 secs] [Times: user=0.05 sys=0.00, real=0.01 secs] 
2012-10-19T12:27:46.125-0400: [GC [ParNew: 226061K->4009K(249216K), 0.0099010 secs] 767610K->545957K(8360960K) icms_dc=0 , 0.0101000 secs] [Times: user=0.09 sys=0.02, real=0.01 secs] 
2012-10-19T12:27:53.335-0400: [GC [ParNew: 225577K->4961K(249216K), 0.0111010 secs] 767525K->547440K(8360960K) icms_dc=0 , 0.0113240 secs] [Times: user=0.09 sys=0.02, real=0.01 secs] 
2012-10-19T12:27:59.033-0400: [GC [ParNew: 226529K->4091K(249216K), 0.0129920 secs] 769008K->547083K(8360960K) icms_dc=0 , 0.0131750 secs] [Times: user=0.09 sys=0.03, real=0.01 secs] 
2012-10-19T12:28:10.002-0400: [GC [ParNew: 225659K->3492K(249216K), 0.0104680 secs] 768651K->546956K(8360960K) icms_dc=0 , 0.0106470 secs] [Times: user=0.09 sys=0.03, real=0.01 secs] 
2012-10-19T12:28:14.501-0400: [GC [ParNew: 225060K->3316K(249216K), 0.0086660 secs] 768524K->547261K(8360960K) icms_dc=0 , 0.0088670 secs] [Times: user=0.08 sys=0.02, real=0.01 secs] 
2012-10-19T12:28:20.959-0400: [GC [ParNew: 224884K->4154K(249216K), 0.0087380 secs] 768829K->548465K(8360960K) icms_dc=0 , 0.0089260 secs] [Times: user=0.09 sys=0.02, real=0.01 secs] 
2012-10-19T12:28:28.229-0400: [GC [ParNew: 225722K->3623K(249216K), 0.0088380 secs] 770033K->548137K(8360960K) icms_dc=0 , 0.0090240 secs] [Times: user=0.09 sys=0.02, real=0.01 secs] 
2012-10-19T12:28:35.276-0400: [GC [ParNew: 225191K->3520K(249216K), 0.0132030 secs] 769705K->548461K(8360960K) icms_dc=0 , 0.0137100 secs] [Times: user=0.07 sys=0.02, real=0.02 secs] 
2012-10-19T12:28:45.168-0400: [GC [ParNew: 225088K->4098K(249216K), 0.0098820 secs] 770029K->549285K(8360960K) icms_dc=0 , 0.0100680 secs] [Times: user=0.07 sys=0.02, real=0.01 secs] 
2012-10-19T12:28:58.151-0400: [GC [ParNew: 225666K->4395K(249216K), 0.0095740 secs] 770853K->549976K(8360960K) icms_dc=0 , 0.0097690 secs] [Times: user=0.09 sys=0.02, real=0.01 secs] 
2012-10-19T12:29:17.442-0400: [GC [ParNew: 225963K->4495K(249216K), 0.0097700 secs] 771544K->550395K(8360960K) icms_dc=0 , 0.0099680 secs] [Times: user=0.09 sys=0.03, real=0.01 secs] 
2012-10-19T12:29:28.273-0400: [GC [ParNew: 226063K->4793K(249216K), 0.0119770 secs] 771963K->551112K(8360960K) icms_dc=0 , 0.0121800 secs] [Times: user=0.10 sys=0.02, real=0.02 secs] 
2012-10-19T12:29:44.807-0400: [GC [ParNew: 226361K->3972K(249216K), 0.0107510 secs] 772680K->550885K(8360960K) icms_dc=0 , 0.0109490 secs] [Times: user=0.09 sys=0.04, real=0.01 secs] 
2012-10-19T12:30:01.300-0400: [GC [ParNew: 225540K->4529K(249216K), 0.0083310 secs] 772453K->551868K(8360960K) icms_dc=0 , 0.0085250 secs] [Times: user=0.07 sys=0.03, real=0.01 secs] 
2012-10-19T12:30:12.712-0400: [GC [ParNew: 226097K->6125K(249216K), 0.0125040 secs] 773435K->554041K(8360960K) icms_dc=0 , 0.0127600 secs] [Times: user=0.12 sys=0.03, real=0.01 secs] 
2012-10-19T12:30:23.994-0400: [GC [ParNew: 227693K->7955K(249216K), 0.0085370 secs] 775609K->556244K(8360960K) icms_dc=0 , 0.0087530 secs] [Times: user=0.08 sys=0.01, real=0.01 secs] 
2012-10-19T12:30:36.562-0400: [GC [ParNew: 229523K->7367K(249216K), 0.0093370 secs] 777812K->556035K(8360960K) icms_dc=0 , 0.0095660 secs] [Times: user=0.09 sys=0.01, real=0.01 secs] 
2012-10-19T12:30:54.801-0400: [GC [ParNew: 228935K->6871K(249216K), 0.0105480 secs] 777603K->555923K(8360960K) icms_dc=0 , 0.0107570 secs] [Times: user=0.10 sys=0.03, real=0.01 secs] 
2012-10-19T12:31:14.653-0400: [GC [ParNew: 228439K->6251K(249216K), 0.0117240 secs] 777491K->557030K(8360960K) icms_dc=0 , 0.0119290 secs] [Times: user=0.10 sys=0.04, real=0.01 secs] 
2012-10-19T12:31:36.529-0400: [GC [ParNew: 227819K->4892K(249216K), 0.0100020 secs] 778598K->557200K(8360960K) icms_dc=0 , 0.0102170 secs] [Times: user=0.09 sys=0.02, real=0.01 secs] 
2012-10-19T12:31:56.567-0400: [GC [ParNew: 226460K->4130K(249216K), 0.0096530 secs] 778768K->556788K(8360960K) icms_dc=0 , 0.0098440 secs] [Times: user=0.09 sys=0.02, real=0.01 secs] 
2012-10-19T12:32:16.405-0400: [GC [ParNew: 225698K->4639K(249216K), 0.0107790 secs] 778356K->557654K(8360960K) icms_dc=0 , 0.0109780 secs] [Times: user=0.09 sys=0.02, real=0.01 secs] 
2012-10-19T12:32:32.794-0400: [GC [ParNew: 226207K->4104K(249216K), 0.0101980 secs] 779222K->557461K(8360960K) icms_dc=0 , 0.0104060 secs] [Times: user=0.09 sys=0.03, real=0.01 secs] 
2012-10-19T12:32:55.108-0400: [GC [ParNew: 225672K->4634K(249216K), 0.0090390 secs] 779029K->558551K(8360960K) icms_dc=0 , 0.0092400 secs] [Times: user=0.09 sys=0.01, real=0.01 secs] 
2012-10-19T12:33:14.805-0400: [GC [ParNew: 226202K->4129K(249216K), 0.0091670 secs] 780119K->558546K(8360960K) icms_dc=0 , 0.0094410 secs] [Times: user=0.09 sys=0.02, real=0.01 secs] 
2012-10-19T12:33:33.330-0400: [GC [ParNew: 225697K->4946K(249216K), 0.0061170 secs] 780114K->559661K(8360960K) icms_dc=0 , 0.0063060 secs] [Times: user=0.06 sys=0.01, real=0.01 secs] 
2012-10-19T12:33:52.896-0400: [GC [ParNew: 226514K->3901K(249216K), 0.0093360 secs] 781229K->559132K(8360960K) icms_dc=0 , 0.0095430 secs] [Times: user=0.08 sys=0.02, real=0.01 secs] 
2012-10-19T12:34:11.194-0400: [GC [ParNew: 225469K->4620K(249216K), 0.0097420 secs] 780700K->560264K(8360960K) icms_dc=0 , 0.0099360 secs] [Times: user=0.10 sys=0.02, real=0.01 secs] 
2012-10-19T12:34:32.442-0400: [GC [ParNew: 226188K->4259K(249216K), 0.0096700 secs] 781832K->560223K(8360960K) icms_dc=0 , 0.0098650 secs] [Times: user=0.09 sys=0.03, real=0.01 secs] 
2012-10-19T12:34:54.941-0400: [GC [ParNew: 225827K->4372K(249216K), 0.0098170 secs] 781791K->560914K(8360960K) icms_dc=0 , 0.0100040 secs] [Times: user=0.08 sys=0.02, real=0.01 secs] 
2012-10-19T12:35:16.711-0400: [GC [ParNew: 225940K->5181K(249216K), 0.0113740 secs] 782482K->562211K(8360960K) icms_dc=0 , 0.0116020 secs] [Times: user=0.10 sys=0.02, real=0.01 secs] 
2012-10-19T12:35:35.930-0400: [GC [ParNew: 226749K->5623K(249216K), 0.0090540 secs] 783779K->563148K(8360960K) icms_dc=0 , 0.0092580 secs] [Times: user=0.08 sys=0.02, real=0.01 secs] 
2012-10-19T12:35:59.711-0400: [GC [ParNew: 227191K->5338K(249216K), 0.0094860 secs] 784716K->563258K(8360960K) icms_dc=0 , 0.0096840 secs] [Times: user=0.08 sys=0.02, real=0.00 secs] 
2012-10-19T12:36:23.016-0400: [GC [ParNew: 226906K->5105K(249216K), 0.0068420 secs] 784826K->563376K(8360960K) icms_dc=0 , 0.0070470 secs] [Times: user=0.07 sys=0.01, real=0.00 secs] 
2012-10-19T12:36:46.575-0400: [GC [ParNew: 226673K->4861K(249216K), 0.0121730 secs] 784944K->564184K(8360960K) icms_dc=0 , 0.0124090 secs] [Times: user=0.09 sys=0.02, real=0.02 secs] 
2012-10-19T12:37:16.246-0400: [GC [ParNew: 226429K->4234K(249216K), 0.0102130 secs] 785752K->564140K(8360960K) icms_dc=0 , 0.0104050 secs] [Times: user=0.09 sys=0.02, real=0.01 secs] 
2012-10-19T12:37:39.163-0400: [GC [ParNew: 225802K->4195K(249216K), 0.0098350 secs] 785708K->564537K(8360960K) icms_dc=0 , 0.0100350 secs] [Times: user=0.08 sys=0.03, real=0.01 secs] 
2012-10-19T12:38:02.869-0400: [GC [ParNew: 225763K->4146K(249216K), 0.0104150 secs] 786105K->565021K(8360960K) icms_dc=0 , 0.0106210 secs] [Times: user=0.08 sys=0.02, real=0.01 secs] 
2012-10-19T12:38:21.909-0400: [GC [ParNew: 225714K->4062K(249216K), 0.0103530 secs] 786589K->565296K(8360960K) icms_dc=0 , 0.0105630 secs] [Times: user=0.07 sys=0.03, real=0.02 secs] 
2012-10-19T12:38:29.862-0400: [GC [ParNew: 225630K->3817K(249216K), 0.0078340 secs] 786864K->565484K(8360960K) icms_dc=0 , 0.0080280 secs] [Times: user=0.07 sys=0.01, real=0.01 secs] 
2012-10-19T12:38:47.562-0400: [GC [ParNew: 225385K->3743K(249216K), 0.0097150 secs] 787052K->565764K(8360960K) icms_dc=0 , 0.0098780 secs] [Times: user=0.09 sys=0.03, real=0.01 secs] 
2012-10-19T12:39:05.226-0400: [GC [ParNew: 225311K->3775K(249216K), 0.0098820 secs] 787332K->566173K(8360960K) icms_dc=0 , 0.0100610 secs] [Times: user=0.10 sys=0.03, real=0.01 secs] 
2012-10-19T12:39:20.088-0400: [GC [ParNew: 225343K->4187K(249216K), 0.0114870 secs] 787741K->566942K(8360960K) icms_dc=0 , 0.0116620 secs] [Times: user=0.08 sys=0.03, real=0.01 secs] 
2012-10-19T12:39:27.874-0400: [GC [ParNew: 225755K->3975K(249216K), 0.0136820 secs] 788510K->567065K(8360960K) icms_dc=0 , 0.0140330 secs] [Times: user=0.09 sys=0.02, real=0.02 secs] 
2012-10-19T12:39:49.118-0400: [GC [ParNew: 225543K->4746K(249216K), 0.0105730 secs] 788633K->568230K(8360960K) icms_dc=0 , 0.0107520 secs] [Times: user=0.09 sys=0.02, real=0.01 secs] 
2012-10-19T12:40:12.177-0400: [GC [ParNew: 226314K->4095K(249216K), 0.0108670 secs] 789798K->568028K(8360960K) icms_dc=0 , 0.0110680 secs] [Times: user=0.10 sys=0.03, real=0.01 secs] 
2012-10-19T12:40:38.086-0400: [GC [ParNew: 225663K->3963K(249216K), 0.0087810 secs] 789596K->568387K(8360960K) icms_dc=0 , 0.0089580 secs] [Times: user=0.08 sys=0.02, real=0.01 secs] 
2012-10-19T12:41:02.158-0400: [GC [ParNew: 225531K->3935K(249216K), 0.0095150 secs] 789955K->568633K(8360960K) icms_dc=0 , 0.0096900 secs] [Times: user=0.09 sys=0.03, real=0.01 secs] 
2012-10-19T12:41:30.181-0400: [GC [ParNew: 225503K->4075K(249216K), 0.0093050 secs] 790201K->569194K(8360960K) icms_dc=0 , 0.0094940 secs] [Times: user=0.08 sys=0.03, real=0.01 secs] 
2012-10-19T12:41:54.050-0400: [GC [ParNew: 225643K->4599K(249216K), 0.0097380 secs] 790762K->570220K(8360960K) icms_dc=0 , 0.0099230 secs] [Times: user=0.09 sys=0.02, real=0.01 secs] 
2012-10-19T12:42:23.296-0400: [GC [ParNew: 226167K->5007K(249216K), 0.0151200 secs] 791788K->571041K(8360960K) icms_dc=0 , 0.0153500 secs] [Times: user=0.08 sys=0.01, real=0.02 secs] 
2012-10-19T12:42:32.696-0400: [GC [ParNew: 226575K->4158K(249216K), 0.0102790 secs] 792609K->570572K(8360960K) icms_dc=0 , 0.0104680 secs] [Times: user=0.09 sys=0.03, real=0.01 secs] 
2012-10-19T12:42:51.674-0400: [GC [ParNew: 225726K->4551K(249216K), 0.0100340 secs] 792140K->571308K(8360960K) icms_dc=0 , 0.0102120 secs] [Times: user=0.09 sys=0.03, real=0.01 secs] 
2012-10-19T12:43:15.276-0400: [GC [ParNew: 226119K->3987K(249216K), 0.0104910 secs] 792876K->571347K(8360960K) icms_dc=0 , 0.0106720 secs] [Times: user=0.09 sys=0.03, real=0.01 secs] 
2012-10-19T12:43:39.857-0400: [GC [ParNew: 225555K->3738K(249216K), 0.0094670 secs] 792915K->571444K(8360960K) icms_dc=0 , 0.0096330 secs] [Times: user=0.09 sys=0.03, real=0.01 secs] 
2012-10-19T12:44:08.196-0400: [GC [ParNew: 225306K->3911K(249216K), 0.0089650 secs] 793012K->572064K(8360960K) icms_dc=0 , 0.0091450 secs] [Times: user=0.09 sys=0.03, real=0.01 secs] 
2012-10-19T12:44:33.961-0400: [GC [ParNew: 225479K->4238K(249216K), 0.0102250 secs] 793632K->572823K(8360960K) icms_dc=0 , 0.0104090 secs] [Times: user=0.09 sys=0.03, real=0.01 secs] 
2012-10-19T12:44:58.905-0400: [GC [ParNew: 225806K->4286K(249216K), 0.0099650 secs] 794391K->573252K(8360960K) icms_dc=0 , 0.0101470 secs] [Times: user=0.10 sys=0.02, real=0.01 secs] 
2012-10-19T12:45:11.953-0400: [GC [ParNew: 225854K->6342K(249216K), 0.0115810 secs] 794820K->575709K(8360960K) icms_dc=0 , 0.0117680 secs] [Times: user=0.10 sys=0.02, real=0.01 secs] 
2012-10-19T12:45:25.727-0400: [GC [ParNew: 227910K->8407K(249216K), 0.0102160 secs] 797277K->578219K(8360960K) icms_dc=0 , 0.0104160 secs] [Times: user=0.10 sys=0.02, real=0.01 secs] 
2012-10-19T12:45:44.391-0400: [GC [ParNew: 229975K->7965K(249216K), 0.0084140 secs] 799787K->578256K(8360960K) icms_dc=0 , 0.0085960 secs] [Times: user=0.09 sys=0.01, real=0.01 secs] 
2012-10-19T12:46:01.876-0400: [GC [ParNew: 229533K->8667K(249216K), 0.0131930 secs] 799824K->579431K(8360960K) icms_dc=0 , 0.0134350 secs] [Times: user=0.07 sys=0.01, real=0.02 secs] 
2012-10-19T12:46:23.812-0400: [GC [ParNew: 230235K->7406K(249216K), 0.0133060 secs] 800999K->579470K(8360960K) icms_dc=0 , 0.0134910 secs] [Times: user=0.09 sys=0.01, real=0.01 secs] 
2012-10-19T12:46:48.490-0400: [GC [ParNew: 228974K->5094K(249216K), 0.0119630 secs] 801038K->579210K(8360960K) icms_dc=0 , 0.0121470 secs] [Times: user=0.11 sys=0.02, real=0.02 secs] 
2012-10-19T12:47:11.110-0400: [GC [ParNew: 226662K->3815K(249216K), 0.0081920 secs] 800778K->578387K(8360960K) icms_dc=0 , 0.0083650 secs] [Times: user=0.07 sys=0.02, real=0.01 secs] 
2012-10-19T12:47:35.097-0400: [GC [ParNew: 225383K->3509K(249216K), 0.0101130 secs] 799955K->578513K(8360960K) icms_dc=0 , 0.0102830 secs] [Times: user=0.09 sys=0.04, real=0.02 secs] 
2012-10-19T12:47:52.072-0400: [GC [ParNew: 225077K->3455K(249216K), 0.0092080 secs] 800081K->578887K(8360960K) icms_dc=0 , 0.0093920 secs] [Times: user=0.08 sys=0.03, real=0.01 secs] 
2012-10-19T12:48:15.160-0400: [GC [ParNew: 225023K->4129K(249216K), 0.0104620 secs] 800455K->579872K(8360960K) icms_dc=0 , 0.0106690 secs] [Times: user=0.09 sys=0.02, real=0.01 secs] 
2012-10-19T12:48:35.735-0400: [GC [ParNew: 225697K->5141K(249216K), 0.0152880 secs] 801440K->581191K(8360960K) icms_dc=0 , 0.0155390 secs] [Times: user=0.09 sys=0.02, real=0.01 secs] 
2012-10-19T12:48:55.985-0400: [GC [ParNew: 226709K->5466K(249216K), 0.0076710 secs] 802759K->581816K(8360960K) icms_dc=0 , 0.0078500 secs] [Times: user=0.06 sys=0.01, real=0.01 secs] 
2012-10-19T12:49:19.527-0400: [GC [ParNew: 227034K->4910K(249216K), 0.0072650 secs] 803384K->581587K(8360960K) icms_dc=0 , 0.0074580 secs] [Times: user=0.07 sys=0.01, real=0.01 secs] 
2012-10-19T12:49:49.072-0400: [GC [ParNew: 226478K->5209K(249216K), 0.0086030 secs] 803155K->582450K(8360960K) icms_dc=0 , 0.0087790 secs] [Times: user=0.08 sys=0.01, real=0.01 secs] 
2012-10-19T12:50:09.182-0400: [GC [ParNew: 226777K->5193K(249216K), 0.0090220 secs] 804018K->583140K(8360960K) icms_dc=0 , 0.0092100 secs] [Times: user=0.09 sys=0.01, real=0.01 secs] 
2012-10-19T12:50:35.034-0400: [GC [ParNew: 226761K->5843K(249216K), 0.0106650 secs] 804708K->584306K(8360960K) icms_dc=0 , 0.0108990 secs] [Times: user=0.09 sys=0.03, real=0.01 secs] 
2012-10-19T12:50:54.496-0400: [GC [ParNew: 227411K->5786K(249216K), 0.0101200 secs] 805874K->584606K(8360960K) icms_dc=0 , 0.0102980 secs] [Times: user=0.10 sys=0.02, real=0.01 secs] 
2012-10-19T12:51:21.454-0400: [GC [ParNew: 227354K->5282K(249216K), 0.0096890 secs] 806174K->584473K(8360960K) icms_dc=0 , 0.0098710 secs] [Times: user=0.08 sys=0.03, real=0.01 secs] 
2012-10-19T12:51:41.852-0400: [GC [ParNew: 226850K->5638K(249216K), 0.0130430 secs] 806041K->585822K(8360960K) icms_dc=0 , 0.0132350 secs] [Times: user=0.13 sys=0.02, real=0.01 secs] 
2012-10-19T12:52:08.217-0400: [GC [ParNew: 227206K->5180K(249216K), 0.0076820 secs] 807390K->586267K(8360960K) icms_dc=0 , 0.0078600 secs] [Times: user=0.05 sys=0.00, real=0.01 secs] 
2012-10-19T12:52:32.504-0400: [GC [ParNew: 226748K->5018K(249216K), 0.0099160 secs] 807835K->586490K(8360960K) icms_dc=0 , 0.0100950 secs] [Times: user=0.08 sys=0.02, real=0.01 secs] 
2012-10-19T12:53:01.074-0400: [GC [ParNew: 226586K->4606K(249216K), 0.0107870 secs] 808058K->586605K(8360960K) icms_dc=0 , 0.0109800 secs] [Times: user=0.09 sys=0.02, real=0.01 secs] 
2012-10-19T12:53:29.704-0400: [GC [ParNew: 226174K->4711K(249216K), 0.0101060 secs] 808173K->587030K(8360960K) icms_dc=0 , 0.0102880 secs] [Times: user=0.10 sys=0.02, real=0.01 secs] 
2012-10-19T12:53:59.439-0400: [GC [ParNew: 226279K->4373K(249216K), 0.0096780 secs] 808598K->587393K(8360960K) icms_dc=0 , 0.0098510 secs] [Times: user=0.08 sys=0.03, real=0.01 secs] 
2012-10-19T12:54:19.822-0400: [GC [ParNew: 225941K->4708K(249216K), 0.0095590 secs] 808961K->588156K(8360960K) icms_dc=0 , 0.0097670 secs] [Times: user=0.09 sys=0.01, real=0.01 secs] 
2012-10-19T12:54:32.994-0400: [GC [ParNew: 226276K->4233K(249216K), 0.0093120 secs] 809724K->588055K(8360960K) icms_dc=0 , 0.0094820 secs] [Times: user=0.09 sys=0.02, real=0.01 secs] 
2012-10-19T12:54:58.042-0400: [GC [ParNew: 225801K->4070K(249216K), 0.0085340 secs] 809623K->588374K(8360960K) icms_dc=0 , 0.0087110 secs] [Times: user=0.08 sys=0.01, real=0.01 secs] 
2012-10-19T12:55:21.859-0400: [GC [ParNew: 225638K->3495K(249216K), 0.0091250 secs] 809942K->588168K(8360960K) icms_dc=0 , 0.0092970 secs] [Times: user=0.08 sys=0.02, real=0.01 secs] 
2012-10-19T12:55:41.309-0400: [GC [ParNew: 225063K->3709K(249216K), 0.0099250 secs] 809736K->588836K(8360960K) icms_dc=0 , 0.0100940 secs] [Times: user=0.10 sys=0.02, real=0.01 secs] 
2012-10-19T12:55:44.833-0400: [GC [ParNew: 225277K->4773K(249216K), 0.0129960 secs] 810404K->590295K(8360960K) icms_dc=0 , 0.0131590 secs] [Times: user=0.10 sys=0.02, real=0.01 secs] 
2012-10-19T12:55:53.603-0400: [GC [ParNew: 226341K->3724K(249216K), 0.0100320 secs] 811863K->589620K(8360960K) icms_dc=0 , 0.0102120 secs] [Times: user=0.10 sys=0.03, real=0.01 secs] 
2012-10-19T12:56:11.065-0400: [GC [ParNew: 225292K->3480K(249216K), 0.0095060 secs] 811188K->589782K(8360960K) icms_dc=0 , 0.0096750 secs] [Times: user=0.08 sys=0.03, real=0.01 secs] 
2012-10-19T12:56:28.227-0400: [GC [ParNew: 225048K->4264K(249216K), 0.0177640 secs] 811350K->590897K(8360960K) icms_dc=0 , 0.0179550 secs] [Times: user=0.10 sys=0.01, real=0.02 secs] 
2012-10-19T12:56:48.522-0400: [GC [ParNew: 225832K->4784K(249216K), 0.0082450 secs] 812465K->591698K(8360960K) icms_dc=0 , 0.0084410 secs] [Times: user=0.06 sys=0.00, real=0.01 secs] 
2012-10-19T12:57:11.182-0400: [GC [ParNew: 226352K->4729K(249216K), 0.0094960 secs] 813266K->592069K(8360960K) icms_dc=0 , 0.0097100 secs] [Times: user=0.04 sys=0.00, real=0.01 secs] 
2012-10-19T12:57:33.282-0400: [GC [ParNew: 226297K->4708K(249216K), 0.0129710 secs] 813637K->592431K(8360960K) icms_dc=0 , 0.0131520 secs] [Times: user=0.10 sys=0.02, real=0.01 secs] 
2012-10-19T12:58:01.669-0400: [GC [ParNew: 226276K->4435K(249216K), 0.0135640 secs] 813999K->592471K(8360960K) icms_dc=0 , 0.0137980 secs] [Times: user=0.10 sys=0.03, real=0.01 secs] 
2012-10-19T12:58:11.568-0400: [GC [ParNew: 226003K->4383K(249216K), 0.0090040 secs] 814039K->593074K(8360960K) icms_dc=0 , 0.0092040 secs] [Times: user=0.08 sys=0.03, real=0.01 secs] 
2012-10-19T12:58:31.557-0400: [GC [ParNew: 225951K->4007K(249216K), 0.0092900 secs] 814642K->593013K(8360960K) icms_dc=0 , 0.0094800 secs] [Times: user=0.08 sys=0.02, real=0.01 secs] 
2012-10-19T12:58:53.662-0400: [GC [ParNew: 225575K->4865K(249216K), 0.0090280 secs] 814581K->594165K(8360960K) icms_dc=0 , 0.0092550 secs] [Times: user=0.08 sys=0.01, real=0.01 secs] 
2012-10-19T12:59:18.283-0400: [GC [ParNew: 226433K->4053K(249216K), 0.0099180 secs] 815733K->593942K(8360960K) icms_dc=0 , 0.0101460 secs] [Times: user=0.09 sys=0.04, real=0.01 secs] 
2012-10-19T12:59:44.113-0400: [GC [ParNew: 225621K->4562K(249216K), 0.0054490 secs] 815510K->594793K(8360960K) icms_dc=0 , 0.0056340 secs] [Times: user=0.05 sys=0.01, real=0.01 secs] 
2012-10-19T13:00:03.183-0400: [GC [ParNew: 226130K->4364K(249216K), 0.0077940 secs] 816361K->594988K(8360960K) icms_dc=0 , 0.0079890 secs] [Times: user=0.08 sys=0.01, real=0.01 secs] 
2012-10-19T13:00:09.509-0400: [GC [ParNew: 225932K->5108K(249216K), 0.0147580 secs] 816556K->596238K(8360960K) icms_dc=0 , 0.0149970 secs] [Times: user=0.09 sys=0.02, real=0.02 secs] 
2012-10-19T13:00:13.971-0400: [GC [ParNew: 226676K->7391K(249216K), 0.0096750 secs] 817806K->599017K(8360960K) icms_dc=0 , 0.0098870 secs] [Times: user=0.06 sys=0.01, real=0.00 secs] 
2012-10-19T13:00:23.045-0400: [GC [ParNew: 228959K->8222K(249216K), 0.0132660 secs] 820585K->600236K(8360960K) icms_dc=0 , 0.0135270 secs] [Times: user=0.11 sys=0.02, real=0.01 secs] 
2012-10-19T13:00:35.463-0400: [GC [ParNew: 229790K->8183K(249216K), 0.0102360 secs] 821804K->600876K(8360960K) icms_dc=0 , 0.0104390 secs] [Times: user=0.09 sys=0.02, real=0.02 secs] 
2012-10-19T13:00:54.708-0400: [GC [ParNew: 229751K->7562K(249216K), 0.0114290 secs] 822444K->600919K(8360960K) icms_dc=0 , 0.0116300 secs] [Times: user=0.11 sys=0.02, real=0.01 secs] 
2012-10-19T13:01:11.458-0400: [GC [ParNew: 229130K->6191K(249216K), 0.0098610 secs] 822487K->601408K(8360960K) icms_dc=0 , 0.0100640 secs] [Times: user=0.09 sys=0.01, real=0.01 secs] 
2012-10-19T13:01:30.034-0400: [GC [ParNew: 227759K->4604K(249216K), 0.0108090 secs] 822976K->600617K(8360960K) icms_dc=0 , 0.0110100 secs] [Times: user=0.09 sys=0.02, real=0.01 secs] 
2012-10-19T13:01:41.752-0400: [GC [ParNew: 226172K->4090K(249216K), 0.0102000 secs] 822185K->600536K(8360960K) icms_dc=0 , 0.0103890 secs] [Times: user=0.10 sys=0.02, real=0.02 secs] 
2012-10-19T13:02:06.200-0400: [GC [ParNew: 225658K->4988K(249216K), 0.0088560 secs] 822104K->601828K(8360960K) icms_dc=0 , 0.0090510 secs] [Times: user=0.09 sys=0.02, real=0.01 secs] 
2012-10-19T13:02:28.015-0400: [GC [ParNew: 226556K->4420K(249216K), 0.0104360 secs] 823396K->601783K(8360960K) icms_dc=0 , 0.0106290 secs] [Times: user=0.10 sys=0.02, real=0.01 secs] 
2012-10-19T13:02:50.294-0400: [GC [ParNew: 225988K->5094K(249216K), 0.0083600 secs] 823351K->602840K(8360960K) icms_dc=0 , 0.0085580 secs] [Times: user=0.08 sys=0.02, real=0.01 secs] 
2012-10-19T13:03:03.764-0400: [GC [ParNew: 226662K->4870K(249216K), 0.0104450 secs] 824408K->603012K(8360960K) icms_dc=0 , 0.0106540 secs] [Times: user=0.10 sys=0.02, real=0.01 secs] 
2012-10-19T13:03:21.237-0400: [GC [ParNew: 226438K->5021K(249216K), 0.0101960 secs] 824580K->603670K(8360960K) icms_dc=0 , 0.0103930 secs] [Times: user=0.09 sys=0.02, real=0.01 secs] 
2012-10-19T13:03:44.159-0400: [GC [ParNew: 226589K->4458K(249216K), 0.0099200 secs] 825238K->603551K(8360960K) icms_dc=0 , 0.0101430 secs] [Times: user=0.10 sys=0.03, real=0.01 secs] 
2012-10-19T13:04:07.118-0400: [GC [ParNew: 226026K->4472K(249216K), 0.0101830 secs] 825119K->604184K(8360960K) icms_dc=0 , 0.0103840 secs] [Times: user=0.09 sys=0.02, real=0.01 secs] 
2012-10-19T13:04:15.443-0400: [GC [ParNew: 226040K->4611K(249216K), 0.0083730 secs] 825752K->604678K(8360960K) icms_dc=0 , 0.0085660 secs] [Times: user=0.09 sys=0.02, real=0.00 secs] 
2012-10-19T13:04:32.172-0400: [GC [ParNew: 226179K->4609K(249216K), 0.0096650 secs] 826246K->605193K(8360960K) icms_dc=0 , 0.0098550 secs] [Times: user=0.10 sys=0.01, real=0.01 secs] 
2012-10-19T13:04:57.529-0400: [GC [ParNew: 226177K->4277K(249216K), 0.0072460 secs] 826761K->605507K(8360960K) icms_dc=0 , 0.0074500 secs] [Times: user=0.05 sys=0.00, real=0.01 secs] 
2012-10-19T13:05:12.840-0400: [GC [ParNew: 225845K->5190K(249216K), 0.0101320 secs] 827075K->606933K(8360960K) icms_dc=0 , 0.0103260 secs] [Times: user=0.10 sys=0.02, real=0.01 secs] 
2012-10-19T13:05:33.183-0400: [GC [ParNew: 226758K->6278K(249216K), 0.0110240 secs] 828501K->608300K(8360960K) icms_dc=0 , 0.0112560 secs] [Times: user=0.11 sys=0.03, real=0.01 secs] 
2012-10-19T13:05:55.340-0400: [GC [ParNew: 227846K->6425K(249216K), 0.0112600 secs] 829868K->608848K(8360960K) icms_dc=0 , 0.0114620 secs] [Times: user=0.11 sys=0.02, real=0.01 secs] 
2012-10-19T13:06:19.421-0400: [GC [ParNew: 227993K->5827K(249216K), 0.0101450 secs] 830416K->608679K(8360960K) icms_dc=0 , 0.0103450 secs] [Times: user=0.10 sys=0.02, real=0.01 secs] 
2012-10-19T13:06:44.995-0400: [GC [ParNew: 227395K->5332K(249216K), 0.0076510 secs] 830247K->609194K(8360960K) icms_dc=0 , 0.0078470 secs] [Times: user=0.07 sys=0.01, real=0.01 secs] 
2012-10-19T13:07:16.290-0400: [GC [ParNew: 226900K->5088K(249216K), 0.0089490 secs] 830762K->609667K(8360960K) icms_dc=0 , 0.0091660 secs] [Times: user=0.08 sys=0.01, real=0.01 secs] 
2012-10-19T13:07:35.431-0400: [GC [ParNew: 226656K->4361K(249216K), 0.0096960 secs] 831235K->609474K(8360960K) icms_dc=0 , 0.0098860 secs] [Times: user=0.09 sys=0.03, real=0.01 secs] 
2012-10-19T13:07:59.509-0400: [GC [ParNew: 225929K->4252K(249216K), 0.0092560 secs] 831042K->609805K(8360960K) icms_dc=0 , 0.0094670 secs] [Times: user=0.09 sys=0.03, real=0.01 secs] 
2012-10-19T13:08:21.978-0400: [GC [ParNew: 225820K->4163K(249216K), 0.0105570 secs] 831373K->610171K(8360960K) icms_dc=0 , 0.0107520 secs] [Times: user=0.10 sys=0.03, real=0.01 secs] 
2012-10-19T13:08:44.442-0400: [GC [ParNew: 225731K->4035K(249216K), 0.0104680 secs] 831739K->610575K(8360960K) icms_dc=0 , 0.0106590 secs] [Times: user=0.10 sys=0.03, real=0.01 secs] 
2012-10-19T13:09:12.518-0400: [GC [ParNew: 225603K->4786K(249216K), 0.0098730 secs] 832143K->611645K(8360960K) icms_dc=0 , 0.0101410 secs] [Times: user=0.08 sys=0.02, real=0.01 secs] 
2012-10-19T13:09:31.266-0400: [GC [ParNew: 226354K->4904K(249216K), 0.0095640 secs] 833213K->612165K(8360960K) icms_dc=0 , 0.0097580 secs] [Times: user=0.09 sys=0.03, real=0.01 secs] 
2012-10-19T13:09:51.881-0400: [GC [ParNew: 226472K->4740K(249216K), 0.0055180 secs] 833733K->612499K(8360960K) icms_dc=0 , 0.0057170 secs] [Times: user=0.04 sys=0.00, real=0.01 secs] 
2012-10-19T13:10:05.313-0400: [GC [ParNew: 226308K->4767K(249216K), 0.0094260 secs] 834067K->612971K(8360960K) icms_dc=0 , 0.0096230 secs] [Times: user=0.08 sys=0.03, real=0.01 secs] 
2012-10-19T13:10:27.578-0400: [GC [ParNew: 226335K->4027K(249216K), 0.0102000 secs] 834539K->612818K(8360960K) icms_dc=0 , 0.0104060 secs] [Times: user=0.10 sys=0.02, real=0.01 secs] 
2012-10-19T13:10:54.411-0400: [GC [ParNew: 225595K->3741K(249216K), 0.0096700 secs] 834386K->612982K(8360960K) icms_dc=0 , 0.0098670 secs] [Times: user=0.09 sys=0.02, real=0.01 secs] 
2012-10-19T13:11:21.118-0400: [GC [ParNew: 225309K->3918K(249216K), 0.0103110 secs] 834550K->613524K(8360960K) icms_dc=0 , 0.0105110 secs] [Times: user=0.10 sys=0.03, real=0.01 secs] 
2012-10-19T13:11:44.617-0400: [GC [ParNew: 225486K->4143K(249216K), 0.0082740 secs] 835092K->614154K(8360960K) icms_dc=0 , 0.0084760 secs] [Times: user=0.08 sys=0.02, real=0.00 secs] 
2012-10-19T13:12:06.162-0400: [GC [ParNew: 225711K->5209K(249216K), 0.0125430 secs] 835722K->615676K(8360960K) icms_dc=0 , 0.0127660 secs] [Times: user=0.07 sys=0.02, real=0.01 secs] 
2012-10-19T13:12:26.515-0400: [GC [ParNew: 226777K->4535K(249216K), 0.0098310 secs] 837244K->615447K(8360960K) icms_dc=0 , 0.0100320 secs] [Times: user=0.08 sys=0.02, real=0.01 secs] 
2012-10-19T13:12:51.668-0400: [GC [ParNew: 226103K->4778K(249216K), 0.0066040 secs] 837015K->616196K(8360960K) icms_dc=0 , 0.0068220 secs] [Times: user=0.06 sys=0.02, real=0.01 secs] 
2012-10-19T13:13:14.935-0400: [GC [ParNew: 226346K->4856K(249216K), 0.0095550 secs] 837764K->616767K(8360960K) icms_dc=0 , 0.0097540 secs] [Times: user=0.08 sys=0.02, real=0.01 secs] 
2012-10-19T13:13:37.011-0400: [GC [ParNew: 226424K->4481K(249216K), 0.0092540 secs] 838335K->616961K(8360960K) icms_dc=0 , 0.0094700 secs] [Times: user=0.08 sys=0.02, real=0.01 secs] 
2012-10-19T13:14:02.983-0400: [GC [ParNew: 226049K->4786K(249216K), 0.0096040 secs] 838529K->617608K(8360960K) icms_dc=0 , 0.0098090 secs] [Times: user=0.08 sys=0.01, real=0.01 secs] 
2012-10-19T13:14:25.377-0400: [GC [ParNew: 226354K->4385K(249216K), 0.0095850 secs] 839176K->617934K(8360960K) icms_dc=0 , 0.0097810 secs] [Times: user=0.09 sys=0.02, real=0.01 secs] 
2012-10-19T13:14:40.837-0400: [GC [ParNew: 225953K->4257K(249216K), 0.0091050 secs] 839502K->618200K(8360960K) icms_dc=0 , 0.0093060 secs] [Times: user=0.09 sys=0.02, real=0.01 secs] 
2012-10-19T13:15:02.570-0400: [GC [ParNew: 225825K->4299K(249216K), 0.0113300 secs] 839768K->618764K(8360960K) icms_dc=0 , 0.0115310 secs] [Times: user=0.11 sys=0.02, real=0.02 secs] 
2012-10-19T13:15:13.789-0400: [GC [ParNew: 225867K->7618K(249216K), 0.0106990 secs] 840332K->622519K(8360960K) icms_dc=0 , 0.0109580 secs] [Times: user=0.11 sys=0.01, real=0.01 secs] 
2012-10-19T13:15:31.656-0400: [GC [ParNew: 229186K->7945K(249216K), 0.0101650 secs] 844087K->623215K(8360960K) icms_dc=0 , 0.0103730 secs] [Times: user=0.11 sys=0.01, real=0.01 secs] 
2012-10-19T13:15:47.803-0400: [GC [ParNew: 229513K->7698K(249216K), 0.0101340 secs] 844783K->623323K(8360960K) icms_dc=0 , 0.0103490 secs] [Times: user=0.10 sys=0.02, real=0.01 secs] 
2012-10-19T13:16:07.907-0400: [GC [ParNew: 229266K->7526K(249216K), 0.0107740 secs] 844891K->623687K(8360960K) icms_dc=0 , 0.0110050 secs] [Times: user=0.10 sys=0.02, real=0.01 secs] 
2012-10-19T13:16:32.147-0400: [GC [ParNew: 229094K->5734K(249216K), 0.0124980 secs] 845255K->624383K(8360960K) icms_dc=0 , 0.0127200 secs] [Times: user=0.07 sys=0.01, real=0.01 secs] 
2012-10-19T13:16:55.635-0400: [GC [ParNew: 227302K->5628K(249216K), 0.0094670 secs] 845951K->625007K(8360960K) icms_dc=0 , 0.0096720 secs] [Times: user=0.08 sys=0.03, real=0.01 secs] 
2012-10-19T13:17:14.397-0400: [GC [ParNew: 227196K->4389K(249216K), 0.0067650 secs] 846575K->624377K(8360960K) icms_dc=0 , 0.0069620 secs] [Times: user=0.05 sys=0.02, real=0.01 secs] 
2012-10-19T13:17:39.278-0400: [GC [ParNew: 225957K->3597K(249216K), 0.0088850 secs] 845945K->624031K(8360960K) icms_dc=0 , 0.0090870 secs] [Times: user=0.08 sys=0.02, real=0.01 secs] 
2012-10-19T13:17:57.065-0400: [GC [ParNew: 225165K->4659K(249216K), 0.0095180 secs] 845599K->625588K(8360960K) icms_dc=0 , 0.0097210 secs] [Times: user=0.08 sys=0.02, real=0.01 secs] 
2012-10-19T13:18:22.904-0400: [GC [ParNew: 226227K->4455K(249216K), 0.0097830 secs] 847156K->625830K(8360960K) icms_dc=0 , 0.0099900 secs] [Times: user=0.08 sys=0.02, real=0.01 secs] 
2012-10-19T13:18:45.660-0400: [GC [ParNew: 226023K->4417K(249216K), 0.0103020 secs] 847398K->626096K(8360960K) icms_dc=0 , 0.0105180 secs] [Times: user=0.11 sys=0.02, real=0.01 secs] 
2012-10-19T13:19:13.031-0400: [GC [ParNew: 225985K->4506K(249216K), 0.0100150 secs] 847664K->626580K(8360960K) icms_dc=0 , 0.0102070 secs] [Times: user=0.10 sys=0.02, real=0.01 secs] 
2012-10-19T13:19:32.755-0400: [GC [ParNew: 226074K->4720K(249216K), 0.0102940 secs] 848148K->627209K(8360960K) icms_dc=0 , 0.0104750 secs] [Times: user=0.10 sys=0.02, real=0.01 secs] 
2012-10-19T13:19:48.522-0400: [GC [ParNew: 226288K->4818K(249216K), 0.0077700 secs] 848777K->627834K(8360960K) icms_dc=0 , 0.0079670 secs] [Times: user=0.08 sys=0.00, real=0.01 secs] 
2012-10-19T13:19:54.401-0400: [GC [ParNew: 226386K->3949K(249216K), 0.0056510 secs] 849402K->627476K(8360960K) icms_dc=0 , 0.0058480 secs] [Times: user=0.06 sys=0.01, real=0.00 secs] 
2012-10-19T13:20:10.112-0400: [GC [ParNew: 225517K->5480K(249216K), 0.0099850 secs] 849044K->629481K(8360960K) icms_dc=0 , 0.0102400 secs] [Times: user=0.08 sys=0.01, real=0.01 secs] 
2012-10-19T13:20:20.275-0400: [GC [ParNew: 227048K->5914K(249216K), 0.0123500 secs] 851049K->630406K(8360960K) icms_dc=0 , 0.0125480 secs] [Times: user=0.10 sys=0.02, real=0.01 secs] 
2012-10-19T13:20:40.633-0400: [GC [ParNew: 227482K->5104K(249216K), 0.0112260 secs] 851974K->630354K(8360960K) icms_dc=0 , 0.0114200 secs] [Times: user=0.10 sys=0.03, real=0.02 secs] 
2012-10-19T13:20:59.121-0400: [GC [ParNew: 226672K->5483K(249216K), 0.0101920 secs] 851922K->631202K(8360960K) icms_dc=0 , 0.0103950 secs] [Times: user=0.10 sys=0.02, real=0.01 secs] 
2012-10-19T13:21:22.738-0400: [GC [ParNew: 227051K->5072K(249216K), 0.0104970 secs] 852770K->631558K(8360960K) icms_dc=0 , 0.0107050 secs] [Times: user=0.10 sys=0.02, real=0.02 secs] 
2012-10-19T13:21:36.533-0400: [GC [ParNew: 226640K->4762K(249216K), 0.0130850 secs] 853126K->632012K(8360960K) icms_dc=0 , 0.0133330 secs] [Times: user=0.11 sys=0.01, real=0.01 secs] 
2012-10-19T13:21:54.654-0400: [GC [ParNew: 226330K->4488K(249216K), 0.0087700 secs] 853580K->632312K(8360960K) icms_dc=0 , 0.0090010 secs] [Times: user=0.09 sys=0.02, real=0.01 secs] 
2012-10-19T13:22:28.354-0400: [GC [ParNew: 226056K->4499K(249216K), 0.0099190 secs] 853880K->632718K(8360960K) icms_dc=0 , 0.0101180 secs] [Times: user=0.11 sys=0.01, real=0.01 secs] 
2012-10-19T13:22:53.819-0400: [GC [ParNew: 226067K->4311K(249216K), 0.0096230 secs] 854286K->633154K(8360960K) icms_dc=0 , 0.0098200 secs] [Times: user=0.08 sys=0.03, real=0.01 secs] 
2012-10-19T13:23:12.493-0400: [GC [ParNew: 225879K->4376K(249216K), 0.0111260 secs] 854722K->633627K(8360960K) icms_dc=0 , 0.0113290 secs] [Times: user=0.09 sys=0.03, real=0.01 secs] 
2012-10-19T13:23:29.051-0400: [GC [ParNew: 225944K->4300K(249216K), 0.0080300 secs] 855195K->633863K(8360960K) icms_dc=0 , 0.0082760 secs] [Times: user=0.06 sys=0.02, real=0.01 secs] 
2012-10-19T13:23:48.282-0400: [GC [ParNew: 225868K->3864K(249216K), 0.0102310 secs] 855431K->633962K(8360960K) icms_dc=0 , 0.0104150 secs] [Times: user=0.10 sys=0.02, real=0.01 secs] 
2012-10-19T13:24:05.854-0400: [GC [ParNew: 225432K->4054K(249216K), 0.0097550 secs] 855530K->634681K(8360960K) icms_dc=0 , 0.0099410 secs] [Times: user=0.07 sys=0.02, real=0.01 secs] 
2012-10-19T13:24:33.013-0400: [GC [ParNew: 225622K->3452K(249216K), 0.0089010 secs] 856249K->634342K(8360960K) icms_dc=0 , 0.0090960 secs] [Times: user=0.08 sys=0.01, real=0.00 secs] 
2012-10-19T13:24:59.464-0400: [GC [ParNew: 225020K->3616K(249216K), 0.0093670 secs] 855910K->634733K(8360960K) icms_dc=0 , 0.0095540 secs] [Times: user=0.10 sys=0.02, real=0.01 secs] 
2012-10-19T13:25:18.773-0400: [GC [ParNew: 225184K->3919K(249216K), 0.0101890 secs] 856301K->635389K(8360960K) icms_dc=0 , 0.0103870 secs] [Times: user=0.10 sys=0.02, real=0.01 secs] 
2012-10-19T13:25:37.520-0400: [GC [ParNew: 225487K->4208K(249216K), 0.0125410 secs] 856957K->636060K(8360960K) icms_dc=0 , 0.0127610 secs] [Times: user=0.09 sys=0.01, real=0.02 secs] 
2012-10-19T13:25:57.960-0400: [GC [ParNew: 225776K->4455K(249216K), 0.0113610 secs] 857628K->636665K(8360960K) icms_dc=0 , 0.0115660 secs] [Times: user=0.09 sys=0.03, real=0.01 secs] 
2012-10-19T13:26:21.246-0400: [GC [ParNew: 226023K->5186K(249216K), 0.0153600 secs] 858233K->637780K(8360960K) icms_dc=0 , 0.0156020 secs] [Times: user=0.10 sys=0.03, real=0.01 secs] 
2012-10-19T13:26:46.379-0400: [GC [ParNew: 226754K->3701K(249216K), 0.0100340 secs] 859348K->636825K(8360960K) icms_dc=0 , 0.0102230 secs] [Times: user=0.09 sys=0.02, real=0.01 secs] 
2012-10-19T13:27:03.763-0400: [GC [ParNew: 225269K->3639K(249216K), 0.0082310 secs] 858393K->637076K(8360960K) icms_dc=0 , 0.0084320 secs] [Times: user=0.07 sys=0.02, real=0.01 secs] 
2012-10-19T13:27:37.684-0400: [GC [ParNew: 225207K->3668K(249216K), 0.0098610 secs] 858644K->637600K(8360960K) icms_dc=0 , 0.0100590 secs] [Times: user=0.09 sys=0.03, real=0.01 secs] 
2012-10-19T13:28:04.576-0400: [GC [ParNew: 225236K->4076K(249216K), 0.0143620 secs] 859168K->638413K(8360960K) icms_dc=0 , 0.0146110 secs] [Times: user=0.09 sys=0.02, real=0.02 secs] 
2012-10-19T13:28:28.601-0400: [GC [ParNew: 225644K->4384K(249216K), 0.0092730 secs] 859981K->639034K(8360960K) icms_dc=0 , 0.0094670 secs] [Times: user=0.08 sys=0.02, real=0.01 secs] 
2012-10-19T13:28:45.010-0400: [GC [ParNew: 225952K->3839K(249216K), 0.0101780 secs] 860602K->638773K(8360960K) icms_dc=0 , 0.0103730 secs] [Times: user=0.09 sys=0.02, real=0.01 secs] 
2012-10-19T13:29:11.350-0400: [GC [ParNew: 225407K->4430K(249216K), 0.0089180 secs] 860341K->639741K(8360960K) icms_dc=0 , 0.0091100 secs] [Times: user=0.08 sys=0.02, real=0.01 secs] 
2012-10-19T13:29:41.113-0400: [GC [ParNew: 225998K->4248K(249216K), 0.0100030 secs] 861309K->640161K(8360960K) icms_dc=0 , 0.0102010 secs] [Times: user=0.10 sys=0.02, real=0.01 secs] 
2012-10-19T13:30:04.215-0400: [GC [ParNew: 225816K->4567K(249216K), 0.0078490 secs] 861729K->640835K(8360960K) icms_dc=0 , 0.0080490 secs] [Times: user=0.07 sys=0.02, real=0.00 secs] 
2012-10-19T13:30:15.896-0400: [GC [ParNew: 226135K->7171K(249216K), 0.0120400 secs] 862403K->643768K(8360960K) icms_dc=0 , 0.0122550 secs] [Times: user=0.12 sys=0.03, real=0.01 secs] 
2012-10-19T13:30:33.908-0400: [GC [ParNew: 228739K->7633K(249216K), 0.0093050 secs] 865336K->644771K(8360960K) icms_dc=0 , 0.0095290 secs] [Times: user=0.08 sys=0.03, real=0.01 secs] 
2012-10-19T13:30:58.404-0400: [GC [ParNew: 229201K->7224K(249216K), 0.0071830 secs] 866339K->644925K(8360960K) icms_dc=0 , 0.0073910 secs] [Times: user=0.07 sys=0.01, real=0.01 secs] 
2012-10-19T13:31:27.775-0400: [GC [ParNew: 228792K->7469K(249216K), 0.0099170 secs] 866493K->645611K(8360960K) icms_dc=0 , 0.0101200 secs] [Times: user=0.10 sys=0.01, real=0.01 secs] 
2012-10-19T13:31:35.215-0400: [GC [ParNew: 229037K->5811K(249216K), 0.0147170 secs] 867179K->646601K(8360960K) icms_dc=0 , 0.0149300 secs] [Times: user=0.09 sys=0.04, real=0.01 secs] 
2012-10-19T13:31:45.750-0400: [GC [ParNew: 227379K->4362K(249216K), 0.0110400 secs] 868169K->645837K(8360960K) icms_dc=0 , 0.0112110 secs] [Times: user=0.09 sys=0.03, real=0.01 secs] 
2012-10-19T13:32:03.085-0400: [GC [ParNew: 225930K->3622K(249216K), 0.0106200 secs] 867405K->645586K(8360960K) icms_dc=0 , 0.0107920 secs] [Times: user=0.11 sys=0.03, real=0.01 secs] 
2012-10-19T13:32:24.416-0400: [GC [ParNew: 225190K->4341K(249216K), 0.0079350 secs] 867154K->646790K(8360960K) icms_dc=0 , 0.0081100 secs] [Times: user=0.08 sys=0.02, real=0.01 secs] 
2012-10-19T13:32:41.437-0400: [GC [ParNew: 225909K->4516K(249216K), 0.0076930 secs] 868358K->647246K(8360960K) icms_dc=0 , 0.0078610 secs] [Times: user=0.06 sys=0.02, real=0.01 secs] 
2012-10-19T13:33:04.706-0400: [GC [ParNew: 226084K->4635K(249216K), 0.0131780 secs] 868814K->647884K(8360960K) icms_dc=0 , 0.0133890 secs] [Times: user=0.08 sys=0.03, real=0.01 secs] 
2012-10-19T13:33:33.524-0400: [GC [ParNew: 226203K->4503K(249216K), 0.0060440 secs] 869452K->648153K(8360960K) icms_dc=0 , 0.0062250 secs] [Times: user=0.05 sys=0.01, real=0.01 secs] 
2012-10-19T13:34:00.614-0400: [GC [ParNew: 226071K->3821K(249216K), 0.0094400 secs] 869721K->647997K(8360960K) icms_dc=0 , 0.0096160 secs] [Times: user=0.09 sys=0.02, real=0.01 secs] 
2012-10-19T13:34:22.031-0400: [GC [ParNew: 225389K->4112K(249216K), 0.0098090 secs] 869565K->648663K(8360960K) icms_dc=0 , 0.0099780 secs] [Times: user=0.09 sys=0.03, real=0.01 secs] 
2012-10-19T13:34:51.448-0400: [GC [ParNew: 225680K->3695K(249216K), 0.0112140 secs] 870231K->648615K(8360960K) icms_dc=0 , 0.0114340 secs] [Times: user=0.10 sys=0.03, real=0.02 secs] 
2012-10-19T13:35:06.257-0400: [GC [ParNew: 225263K->3877K(249216K), 0.0104230 secs] 870183K->649300K(8360960K) icms_dc=0 , 0.0106010 secs] [Times: user=0.09 sys=0.03, real=0.01 secs] 
2012-10-19T13:35:26.128-0400: [GC [ParNew: 225445K->4920K(249216K), 0.0086780 secs] 870868K->650730K(8360960K) icms_dc=0 , 0.0088570 secs] [Times: user=0.08 sys=0.02, real=0.01 secs] 
2012-10-19T13:35:41.032-0400: [GC [ParNew: 226488K->5133K(249216K), 0.0111750 secs] 872298K->651373K(8360960K) icms_dc=0 , 0.0113520 secs] [Times: user=0.10 sys=0.03, real=0.01 secs] 
2012-10-19T13:36:01.101-0400: [GC [ParNew: 226701K->5192K(249216K), 0.0116600 secs] 872941K->651787K(8360960K) icms_dc=0 , 0.0118630 secs] [Times: user=0.11 sys=0.02, real=0.01 secs] 
2012-10-19T13:36:19.837-0400: [GC [ParNew: 226760K->5338K(249216K), 0.0070200 secs] 873355K->652512K(8360960K) icms_dc=0 , 0.0072010 secs] [Times: user=0.07 sys=0.01, real=0.01 secs] 
2012-10-19T13:36:49.355-0400: [GC [ParNew: 226906K->5072K(249216K), 0.0104120 secs] 874080K->652973K(8360960K) icms_dc=0 , 0.0105870 secs] [Times: user=0.09 sys=0.02, real=0.01 secs] 
2012-10-19T13:37:06.639-0400: [GC [ParNew: 226640K->4722K(249216K), 0.0093690 secs] 874541K->653049K(8360960K) icms_dc=0 , 0.0095420 secs] [Times: user=0.09 sys=0.01, real=0.01 secs] 
2012-10-19T13:37:17.948-0400: [GC [ParNew: 226290K->4771K(249216K), 0.0104520 secs] 874617K->653576K(8360960K) icms_dc=0 , 0.0106320 secs] [Times: user=0.11 sys=0.02, real=0.01 secs] 
2012-10-19T13:37:39.040-0400: [GC [ParNew: 226339K->4339K(249216K), 0.0071490 secs] 875144K->653650K(8360960K) icms_dc=0 , 0.0073270 secs] [Times: user=0.08 sys=0.00, real=0.00 secs] 
2012-10-19T13:38:09.274-0400: [GC [ParNew: 225907K->4946K(249216K), 0.0077800 secs] 875218K->654642K(8360960K) icms_dc=0 , 0.0080010 secs] [Times: user=0.07 sys=0.01, real=0.00 secs] 
2012-10-19T13:38:33.845-0400: [GC [ParNew: 226514K->4422K(249216K), 0.0098960 secs] 876210K->654717K(8360960K) icms_dc=0 , 0.0101200 secs] [Times: user=0.09 sys=0.02, real=0.01 secs] 
2012-10-19T13:38:58.477-0400: [GC [ParNew: 225990K->4508K(249216K), 0.0093570 secs] 876285K->655285K(8360960K) icms_dc=0 , 0.0095560 secs] [Times: user=0.08 sys=0.02, real=0.01 secs] 
2012-10-19T13:39:15.807-0400: [GC [ParNew: 226076K->5420K(249216K), 0.0107550 secs] 876853K->656640K(8360960K) icms_dc=0 , 0.0109730 secs] [Times: user=0.08 sys=0.03, real=0.01 secs] 
2012-10-19T13:39:22.615-0400: [GC [ParNew: 226988K->4374K(249216K), 0.0109540 secs] 878208K->656094K(8360960K) icms_dc=0 , 0.0111580 secs] [Times: user=0.09 sys=0.02, real=0.01 secs] 
2012-10-19T13:39:33.321-0400: [GC [ParNew: 225942K->3935K(249216K), 0.0073850 secs] 877662K->656122K(8360960K) icms_dc=0 , 0.0075770 secs] [Times: user=0.07 sys=0.02, real=0.01 secs] 
2012-10-19T13:39:47.792-0400: [GC [ParNew: 225503K->3774K(249216K), 0.0080220 secs] 877690K->656422K(8360960K) icms_dc=0 , 0.0082130 secs] [Times: user=0.08 sys=0.02, real=0.01 secs] 
2012-10-19T13:40:09.987-0400: [GC [ParNew: 225342K->4476K(249216K), 0.0101600 secs] 877990K->657600K(8360960K) icms_dc=0 , 0.0103530 secs] [Times: user=0.09 sys=0.04, real=0.01 secs] 
2012-10-19T13:40:29.572-0400: [GC [ParNew: 226044K->5226K(249216K), 0.0113330 secs] 879168K->658783K(8360960K) icms_dc=0 , 0.0115520 secs] [Times: user=0.10 sys=0.02, real=0.01 secs] 
2012-10-19T13:40:45.896-0400: [GC [ParNew: 226794K->4939K(249216K), 0.0091760 secs] 880351K->658726K(8360960K) icms_dc=0 , 0.0094110 secs] [Times: user=0.08 sys=0.02, real=0.01 secs] 
2012-10-19T13:40:59.260-0400: [GC [ParNew: 226507K->4670K(249216K), 0.0105730 secs] 880294K->658871K(8360960K) icms_dc=0 , 0.0107830 secs] [Times: user=0.09 sys=0.03, real=0.01 secs] 
2012-10-19T13:41:18.170-0400: [GC [ParNew: 226238K->4722K(249216K), 0.0091640 secs] 880439K->659421K(8360960K) icms_dc=0 , 0.0093850 secs] [Times: user=0.06 sys=0.03, real=0.01 secs] 
2012-10-19T13:41:30.323-0400: [GC [ParNew: 226290K->6487K(249216K), 0.0135220 secs] 880989K->661686K(8360960K) icms_dc=0 , 0.0137280 secs] [Times: user=0.09 sys=0.02, real=0.01 secs] 
2012-10-19T13:41:33.855-0400: [GC [ParNew: 228055K->4401K(249216K), 0.0107490 secs] 883254K->660149K(8360960K) icms_dc=0 , 0.0109500 secs] [Times: user=0.10 sys=0.02, real=0.01 secs] 
2012-10-19T13:41:42.934-0400: [GC [ParNew: 225969K->4088K(249216K), 0.0074420 secs] 881717K->660535K(8360960K) icms_dc=0 , 0.0076350 secs] [Times: user=0.06 sys=0.01, real=0.01 secs] 
2012-10-19T13:41:54.595-0400: [GC [ParNew: 225656K->3734K(249216K), 0.0128300 secs] 882103K->660875K(8360960K) icms_dc=0 , 0.0130520 secs] [Times: user=0.11 sys=0.02, real=0.01 secs] 
2012-10-19T13:42:01.885-0400: [GC [ParNew: 225302K->3675K(249216K), 0.0099810 secs] 882443K->661235K(8360960K) icms_dc=0 , 0.0101790 secs] [Times: user=0.08 sys=0.03, real=0.01 secs] 
2012-10-19T13:42:20.680-0400: [GC [ParNew: 225243K->3638K(249216K), 0.0108850 secs] 882803K->661563K(8360960K) icms_dc=0 , 0.0110750 secs] [Times: user=0.10 sys=0.03, real=0.01 secs] 
2012-10-19T13:42:42.756-0400: [GC [ParNew: 225206K->3765K(249216K), 0.0105100 secs] 883131K->662146K(8360960K) icms_dc=0 , 0.0107030 secs] [Times: user=0.10 sys=0.02, real=0.01 secs] 
2012-10-19T13:43:04.889-0400: [GC [ParNew: 225333K->3858K(249216K), 0.0093630 secs] 883714K->662522K(8360960K) icms_dc=0 , 0.0095580 secs] [Times: user=0.10 sys=0.01, real=0.01 secs] 
2012-10-19T13:43:27.367-0400: [GC [ParNew: 225426K->5105K(249216K), 0.0145100 secs] 884090K->664239K(8360960K) icms_dc=0 , 0.0147250 secs] [Times: user=0.10 sys=0.02, real=0.01 secs] 
2012-10-19T13:43:32.679-0400: [GC [ParNew: 226673K->3626K(249216K), 0.0116000 secs] 885807K->663180K(8360960K) icms_dc=0 , 0.0117900 secs] [Times: user=0.09 sys=0.02, real=0.01 secs] 
2012-10-19T13:43:45.356-0400: [GC [ParNew: 225194K->3844K(249216K), 0.0088520 secs] 884748K->663898K(8360960K) icms_dc=0 , 0.0090440 secs] [Times: user=0.09 sys=0.02, real=0.01 secs] 
2012-10-19T13:44:08.661-0400: [GC [ParNew: 225412K->3208K(249216K), 0.0104090 secs] 885466K->663656K(8360960K) icms_dc=0 , 0.0105970 secs] [Times: user=0.09 sys=0.03, real=0.01 secs] 
2012-10-19T13:44:28.564-0400: [GC [ParNew: 224776K->3737K(249216K), 0.0103320 secs] 885224K->664526K(8360960K) icms_dc=0 , 0.0105370 secs] [Times: user=0.07 sys=0.02, real=0.01 secs] 
2012-10-19T13:44:59.188-0400: [GC [ParNew: 225305K->3852K(249216K), 0.0097510 secs] 886094K->664920K(8360960K) icms_dc=0 , 0.0099420 secs] [Times: user=0.08 sys=0.03, real=0.01 secs] 
2012-10-19T13:45:11.494-0400: [GC [ParNew: 225420K->4620K(249216K), 0.0108130 secs] 886488K->665990K(8360960K) icms_dc=0 , 0.0110120 secs] [Times: user=0.09 sys=0.02, real=0.02 secs] 
2012-10-19T13:45:16.833-0400: [GC [ParNew: 226188K->7137K(249216K), 0.0104700 secs] 887558K->668957K(8360960K) icms_dc=0 , 0.0106960 secs] [Times: user=0.10 sys=0.01, real=0.01 secs] 
2012-10-19T13:45:33.795-0400: [GC [ParNew: 228705K->8620K(249216K), 0.0114300 secs] 890525K->670728K(8360960K) icms_dc=0 , 0.0116620 secs] [Times: user=0.10 sys=0.03, real=0.01 secs] 
2012-10-19T13:45:52.989-0400: [GC [ParNew: 230188K->7011K(249216K), 0.0123580 secs] 892296K->669644K(8360960K) icms_dc=0 , 0.0125980 secs] [Times: user=0.10 sys=0.02, real=0.02 secs] 
2012-10-19T13:46:21.052-0400: [GC [ParNew: 228579K->7309K(249216K), 0.0060460 secs] 891212K->670644K(8360960K) icms_dc=0 , 0.0062540 secs] [Times: user=0.06 sys=0.00, real=0.01 secs] 
2012-10-19T13:46:43.929-0400: [GC [ParNew: 228877K->5706K(249216K), 0.0120330 secs] 892212K->671219K(8360960K) icms_dc=0 , 0.0122390 secs] [Times: user=0.09 sys=0.03, real=0.01 secs] 
2012-10-19T13:47:10.441-0400: [GC [ParNew: 227274K->4574K(249216K), 0.0074420 secs] 892787K->670891K(8360960K) icms_dc=0 , 0.0076440 secs] [Times: user=0.08 sys=0.01, real=0.00 secs] 
2012-10-19T13:47:20.671-0400: [GC [ParNew: 226142K->4205K(249216K), 0.0090640 secs] 892459K->671022K(8360960K) icms_dc=0 , 0.0092760 secs] [Times: user=0.08 sys=0.03, real=0.01 secs] 
2012-10-19T13:47:42.793-0400: [GC [ParNew: 225773K->4484K(249216K), 0.0097030 secs] 892590K->671748K(8360960K) icms_dc=0 , 0.0099340 secs] [Times: user=0.08 sys=0.03, real=0.01 secs] 
2012-10-19T13:48:05.730-0400: [GC [ParNew: 226052K->4038K(249216K), 0.0084710 secs] 893316K->671561K(8360960K) icms_dc=0 , 0.0086640 secs] [Times: user=0.08 sys=0.01, real=0.01 secs] 
2012-10-19T13:48:19.776-0400: [GC [ParNew: 225606K->3821K(249216K), 0.0064890 secs] 893129K->671869K(8360960K) icms_dc=0 , 0.0066900 secs] [Times: user=0.05 sys=0.01, real=0.01 secs] 
2012-10-19T13:48:40.370-0400: [GC [ParNew: 225389K->3861K(249216K), 0.0093800 secs] 893437K->672361K(8360960K) icms_dc=0 , 0.0095740 secs] [Times: user=0.09 sys=0.03, real=0.01 secs] 
2012-10-19T13:48:55.084-0400: [GC [ParNew: 225429K->3782K(249216K), 0.0100530 secs] 893929K->672794K(8360960K) icms_dc=0 , 0.0102690 secs] [Times: user=0.10 sys=0.03, real=0.01 secs] 
2012-10-19T13:49:02.278-0400: [GC [ParNew: 225350K->4267K(249216K), 0.0082270 secs] 894362K->673691K(8360960K) icms_dc=0 , 0.0084600 secs] [Times: user=0.07 sys=0.02, real=0.01 secs] 
2012-10-19T13:49:07.007-0400: [GC [ParNew: 225835K->4673K(249216K), 0.0139450 secs] 895259K->674435K(8360960K) icms_dc=0 , 0.0141830 secs] [Times: user=0.10 sys=0.02, real=0.01 secs] 
2012-10-19T13:49:07.891-0400: [GC [ParNew: 226241K->4660K(249216K), 0.0122210 secs] 896003K->675030K(8360960K) icms_dc=0 , 0.0124170 secs] [Times: user=0.09 sys=0.02, real=0.01 secs] 
2012-10-19T13:49:12.609-0400: [GC [ParNew: 226228K->3192K(249216K), 0.0095000 secs] 896598K->674177K(8360960K) icms_dc=0 , 0.0096910 secs] [Times: user=0.09 sys=0.03, real=0.01 secs] 
2012-10-19T13:49:17.071-0400: [GC [ParNew: 224760K->3045K(249216K), 0.0104700 secs] 895745K->674664K(8360960K) icms_dc=0 , 0.0107000 secs] [Times: user=0.09 sys=0.03, real=0.01 secs] 
2012-10-19T13:49:20.220-0400: [GC [ParNew: 224613K->2643K(249216K), 0.0095280 secs] 896232K->674811K(8360960K) icms_dc=0 , 0.0097110 secs] [Times: user=0.08 sys=0.02, real=0.01 secs] 
2012-10-19T13:49:29.020-0400: [GC [ParNew: 224211K->3929K(249216K), 0.0104470 secs] 896379K->676374K(8360960K) icms_dc=0 , 0.0106480 secs] [Times: user=0.11 sys=0.02, real=0.01 secs] 
2012-10-19T13:49:38.032-0400: [GC [ParNew: 225497K->4364K(249216K), 0.0076360 secs] 897942K->677150K(8360960K) icms_dc=0 , 0.0078250 secs] [Times: user=0.07 sys=0.01, real=0.01 secs] 
2012-10-19T13:49:49.753-0400: [GC [ParNew: 225932K->4936K(249216K), 0.0071090 secs] 898718K->678026K(8360960K) icms_dc=0 , 0.0073010 secs] [Times: user=0.08 sys=0.01, real=0.00 secs] 
2012-10-19T13:50:00.063-0400: [GC [ParNew: 226504K->4953K(249216K), 0.0105840 secs] 899594K->678612K(8360960K) icms_dc=0 , 0.0107740 secs] [Times: user=0.10 sys=0.02, real=0.01 secs] 
2012-10-19T13:50:09.701-0400: [GC [ParNew: 226521K->4871K(249216K), 0.0097660 secs] 900180K->679238K(8360960K) icms_dc=0 , 0.0099750 secs] [Times: user=0.10 sys=0.01, real=0.01 secs] 
2012-10-19T13:50:19.466-0400: [GC [ParNew: 226439K->5902K(249216K), 0.0107390 secs] 900806K->680845K(8360960K) icms_dc=0 , 0.0109480 secs] [Times: user=0.09 sys=0.02, real=0.01 secs] 
2012-10-19T13:50:34.713-0400: [GC [ParNew: 227470K->5170K(249216K), 0.0103450 secs] 902413K->680745K(8360960K) icms_dc=0 , 0.0105390 secs] [Times: user=0.09 sys=0.03, real=0.01 secs] 
2012-10-19T13:50:51.656-0400: [GC [ParNew: 226738K->6019K(249216K), 0.0089350 secs] 902313K->681987K(8360960K) icms_dc=0 , 0.0091280 secs] [Times: user=0.09 sys=0.02, real=0.01 secs] 
2012-10-19T13:51:16.706-0400: [GC [ParNew: 227587K->5783K(249216K), 0.0106540 secs] 903555K->682769K(8360960K) icms_dc=0 , 0.0108610 secs] [Times: user=0.08 sys=0.03, real=0.01 secs] 
2012-10-19T13:51:20.293-0400: [GC [ParNew: 227351K->4477K(249216K), 0.0115920 secs] 904337K->682055K(8360960K) icms_dc=0 , 0.0117810 secs] [Times: user=0.09 sys=0.03, real=0.01 secs] 
2012-10-19T13:51:25.719-0400: [GC [ParNew: 226045K->4145K(249216K), 0.0094790 secs] 903623K->682359K(8360960K) icms_dc=0 , 0.0096700 secs] [Times: user=0.08 sys=0.03, real=0.01 secs] 
2012-10-19T13:51:37.077-0400: [GC [ParNew: 225713K->3692K(249216K), 0.0103490 secs] 903927K->682664K(8360960K) icms_dc=0 , 0.0105450 secs] [Times: user=0.09 sys=0.03, real=0.01 secs] 
2012-10-19T13:51:49.019-0400: [GC [ParNew: 225260K->3432K(249216K), 0.0098170 secs] 904232K->683059K(8360960K) icms_dc=0 , 0.0100280 secs] [Times: user=0.10 sys=0.02, real=0.01 secs] 
2012-10-19T13:52:08.108-0400: [GC [ParNew: 225000K->3048K(249216K), 0.0099230 secs] 904627K->683022K(8360960K) icms_dc=0 , 0.0101140 secs] [Times: user=0.10 sys=0.02, real=0.01 secs] 
2012-10-19T13:52:36.762-0400: [GC [ParNew: 224616K->3784K(249216K), 0.0084000 secs] 904590K->683968K(8360960K) icms_dc=0 , 0.0085980 secs] [Times: user=0.07 sys=0.03, real=0.00 secs] 
2012-10-19T13:52:53.481-0400: [GC [ParNew: 225352K->4045K(249216K), 0.0089390 secs] 905536K->684549K(8360960K) icms_dc=0 , 0.0091380 secs] [Times: user=0.08 sys=0.02, real=0.01 secs] 
2012-10-19T13:53:04.488-0400: [GC [ParNew: 225613K->3803K(249216K), 0.0092830 secs] 906117K->684626K(8360960K) icms_dc=0 , 0.0094870 secs] [Times: user=0.09 sys=0.02, real=0.01 secs] 
2012-10-19T13:53:19.063-0400: [GC [ParNew: 225371K->3506K(249216K), 0.0096710 secs] 906194K->684826K(8360960K) icms_dc=0 , 0.0098640 secs] [Times: user=0.08 sys=0.03, real=0.01 secs] 
2012-10-19T13:53:42.722-0400: [GC [ParNew: 225074K->3296K(249216K), 0.0099490 secs] 906394K->685025K(8360960K) icms_dc=0 , 0.0101390 secs] [Times: user=0.09 sys=0.03, real=0.01 secs] 
2012-10-19T13:54:06.385-0400: [GC [ParNew: 224864K->3393K(249216K), 0.0098080 secs] 906593K->685416K(8360960K) icms_dc=0 , 0.0099980 secs] [Times: user=0.09 sys=0.03, real=0.01 secs] 
2012-10-19T13:54:18.084-0400: [GC [ParNew: 224961K->3898K(249216K), 0.0098600 secs] 906984K->686173K(8360960K) icms_dc=0 , 0.0100480 secs] [Times: user=0.09 sys=0.03, real=0.01 secs] 
2012-10-19T13:54:37.386-0400: [GC [ParNew: 225466K->3983K(249216K), 0.0097120 secs] 907741K->686594K(8360960K) icms_dc=0 , 0.0099100 secs] [Times: user=0.10 sys=0.02, real=0.01 secs] 
2012-10-19T13:54:56.069-0400: [GC [ParNew: 225551K->4146K(249216K), 0.0087740 secs] 908162K->687147K(8360960K) icms_dc=0 , 0.0089770 secs] [Times: user=0.09 sys=0.02, real=0.01 secs] 
2012-10-19T13:55:14.779-0400: [GC [ParNew: 225714K->4956K(249216K), 0.0089980 secs] 908715K->688321K(8360960K) icms_dc=0 , 0.0092230 secs] [Times: user=0.04 sys=0.00, real=0.01 secs] 
2012-10-19T13:55:18.751-0400: [GC [ParNew: 226524K->4859K(249216K), 0.0125760 secs] 909889K->688726K(8360960K) icms_dc=0 , 0.0127690 secs] [Times: user=0.10 sys=0.03, real=0.02 secs] 
2012-10-19T13:55:22.489-0400: [GC [ParNew: 226427K->4234K(249216K), 0.0076820 secs] 910294K->688625K(8360960K) icms_dc=0 , 0.0078680 secs] [Times: user=0.07 sys=0.02, real=0.01 secs] 
2012-10-19T13:55:35.655-0400: [GC [ParNew: 225802K->3845K(249216K), 0.0099230 secs] 910193K->688859K(8360960K) icms_dc=0 , 0.0101130 secs] [Times: user=0.08 sys=0.03, real=0.01 secs] 
2012-10-19T13:55:47.780-0400: [GC [ParNew: 225413K->4738K(249216K), 0.0095290 secs] 910427K->690273K(8360960K) icms_dc=0 , 0.0097310 secs] [Times: user=0.09 sys=0.01, real=0.01 secs] 
2012-10-19T13:55:59.693-0400: [GC [ParNew: 226306K->4928K(249216K), 0.0143290 secs] 911841K->690882K(8360960K) icms_dc=0 , 0.0145890 secs] [Times: user=0.09 sys=0.04, real=0.02 secs] 
2012-10-19T13:56:10.373-0400: [GC [ParNew: 226496K->5101K(249216K), 0.0068830 secs] 912450K->691424K(8360960K) icms_dc=0 , 0.0070800 secs] [Times: user=0.05 sys=0.00, real=0.01 secs] 
2012-10-19T13:56:26.143-0400: [GC [ParNew: 226669K->4010K(249216K), 0.0095850 secs] 912992K->690813K(8360960K) icms_dc=0 , 0.0097790 secs] [Times: user=0.08 sys=0.03, real=0.01 secs] 
2012-10-19T13:56:37.794-0400: [GC [ParNew: 225578K->4062K(249216K), 0.0065400 secs] 912381K->691539K(8360960K) icms_dc=0 , 0.0067270 secs] [Times: user=0.06 sys=0.01, real=0.00 secs] 
2012-10-19T13:56:51.911-0400: [GC [ParNew: 225630K->4085K(249216K), 0.0104800 secs] 913107K->691917K(8360960K) icms_dc=0 , 0.0106750 secs] [Times: user=0.10 sys=0.02, real=0.01 secs] 
2012-10-19T13:57:01.055-0400: [GC [ParNew: 225653K->3876K(249216K), 0.0103630 secs] 913485K->692139K(8360960K) icms_dc=0 , 0.0105420 secs] [Times: user=0.10 sys=0.02, real=0.01 secs] 
2012-10-19T13:57:14.335-0400: [GC [ParNew: 225444K->3658K(249216K), 0.0101500 secs] 913707K->692349K(8360960K) icms_dc=0 , 0.0103420 secs] [Times: user=0.09 sys=0.03, real=0.02 secs] 
2012-10-19T13:57:29.267-0400: [GC [ParNew: 225226K->4296K(249216K), 0.0152020 secs] 913917K->693411K(8360960K) icms_dc=0 , 0.0154740 secs] [Times: user=0.08 sys=0.02, real=0.01 secs] 
2012-10-19T13:57:49.156-0400: [GC [ParNew: 225864K->4090K(249216K), 0.0151010 secs] 914979K->693675K(8360960K) icms_dc=0 , 0.0153390 secs] [Times: user=0.09 sys=0.02, real=0.02 secs] 
2012-10-19T13:58:05.084-0400: [GC [ParNew: 225658K->4080K(249216K), 0.0076050 secs] 915243K->693902K(8360960K) icms_dc=0 , 0.0077960 secs] [Times: user=0.06 sys=0.02, real=0.01 secs] 
2012-10-19T13:58:31.155-0400: [GC [ParNew: 225648K->3197K(249216K), 0.0078900 secs] 915470K->693378K(8360960K) icms_dc=0 , 0.0080730 secs] [Times: user=0.08 sys=0.02, real=0.00 secs] 
2012-10-19T13:58:51.410-0400: [GC [ParNew: 224765K->3915K(249216K), 0.0088390 secs] 914946K->694435K(8360960K) icms_dc=0 , 0.0090330 secs] [Times: user=0.08 sys=0.02, real=0.01 secs] 
2012-10-19T13:59:06.587-0400: [GC [ParNew: 225483K->3776K(249216K), 0.0091580 secs] 916003K->694702K(8360960K) icms_dc=0 , 0.0093650 secs] [Times: user=0.09 sys=0.02, real=0.01 secs] 
2012-10-19T13:59:22.829-0400: [GC [ParNew: 225344K->3589K(249216K), 0.0089040 secs] 916270K->694775K(8360960K) icms_dc=0 , 0.0090900 secs] [Times: user=0.08 sys=0.02, real=0.01 secs] 
2012-10-19T13:59:42.967-0400: [GC [ParNew: 225157K->3934K(249216K), 0.0102830 secs] 916343K->695440K(8360960K) icms_dc=0 , 0.0104770 secs] [Times: user=0.11 sys=0.01, real=0.01 secs] 
2012-10-19T14:00:03.334-0400: [GC [ParNew: 225502K->4399K(249216K), 0.0109060 secs] 917008K->696245K(8360960K) icms_dc=0 , 0.0111150 secs] [Times: user=0.10 sys=0.02, real=0.01 secs] 
2012-10-19T14:00:13.260-0400: [GC [ParNew: 225967K->6864K(249216K), 0.0113790 secs] 917813K->698992K(8360960K) icms_dc=0 , 0.0115940 secs] [Times: user=0.11 sys=0.02, real=0.01 secs] 
2012-10-19T14:00:25.707-0400: [GC [ParNew: 228432K->8848K(249216K), 0.0114580 secs] 920560K->701371K(8360960K) icms_dc=0 , 0.0116830 secs] [Times: user=0.11 sys=0.03, real=0.01 secs] 
2012-10-19T14:00:37.869-0400: [GC [ParNew: 230416K->8111K(249216K), 0.0078140 secs] 922939K->701059K(8360960K) icms_dc=0 , 0.0080170 secs] [Times: user=0.08 sys=0.01, real=0.01 secs] 
2012-10-19T14:01:00.880-0400: [GC [ParNew: 229679K->7596K(249216K), 0.0097130 secs] 922627K->701073K(8360960K) icms_dc=0 , 0.0099210 secs] [Times: user=0.09 sys=0.01, real=0.01 secs] 
2012-10-19T14:01:19.086-0400: [GC [ParNew: 229164K->5714K(249216K), 0.0129680 secs] 922641K->701533K(8360960K) icms_dc=0 , 0.0131820 secs] [Times: user=0.12 sys=0.02, real=0.01 secs] 
2012-10-19T14:01:42.238-0400: [GC [ParNew: 227282K->5503K(249216K), 0.0069190 secs] 923101K->702029K(8360960K) icms_dc=0 , 0.0071380 secs] [Times: user=0.06 sys=0.00, real=0.01 secs] 
2012-10-19T14:01:59.849-0400: [GC [ParNew: 227071K->4834K(249216K), 0.0095520 secs] 923597K->701998K(8360960K) icms_dc=0 , 0.0097680 secs] [Times: user=0.09 sys=0.02, real=0.01 secs] 
2012-10-19T14:02:19.706-0400: [GC [ParNew: 226402K->5215K(249216K), 0.0090720 secs] 923566K->702834K(8360960K) icms_dc=0 , 0.0092810 secs] [Times: user=0.08 sys=0.02, real=0.01 secs] 
2012-10-19T14:02:34.918-0400: [GC [ParNew: 226783K->4208K(249216K), 0.0096720 secs] 924402K->702249K(8360960K) icms_dc=0 , 0.0098640 secs] [Times: user=0.08 sys=0.02, real=0.01 secs] 
2012-10-19T14:02:58.072-0400: [GC [ParNew: 225776K->4401K(249216K), 0.0106460 secs] 923817K->702914K(8360960K) icms_dc=0 , 0.0108730 secs] [Times: user=0.10 sys=0.03, real=0.01 secs] 
2012-10-19T14:03:15.850-0400: [GC [ParNew: 225969K->4033K(249216K), 0.0127250 secs] 924482K->703169K(8360960K) icms_dc=0 , 0.0129240 secs] [Times: user=0.12 sys=0.03, real=0.01 secs] 
2012-10-19T14:03:36.277-0400: [GC [ParNew: 225601K->4115K(249216K), 0.0081390 secs] 924737K->703809K(8360960K) icms_dc=0 , 0.0083630 secs] [Times: user=0.07 sys=0.03, real=0.01 secs] 
2012-10-19T14:03:55.764-0400: [GC [ParNew: 225683K->3844K(249216K), 0.0059390 secs] 925377K->704001K(8360960K) icms_dc=0 , 0.0061370 secs] [Times: user=0.06 sys=0.01, real=0.01 secs] 
2012-10-19T14:04:14.184-0400: [GC [ParNew: 225412K->4136K(249216K), 0.0099800 secs] 925569K->704630K(8360960K) icms_dc=0 , 0.0101840 secs] [Times: user=0.09 sys=0.03, real=0.01 secs] 
2012-10-19T14:04:31.031-0400: [GC [ParNew: 225704K->4651K(249216K), 0.0091820 secs] 926198K->705517K(8360960K) icms_dc=0 , 0.0093780 secs] [Times: user=0.08 sys=0.03, real=0.01 secs] 
2012-10-19T14:04:35.763-0400: [GC [ParNew: 226219K->4700K(249216K), 0.0098730 secs] 927085K->706006K(8360960K) icms_dc=0 , 0.0100900 secs] [Times: user=0.09 sys=0.03, real=0.01 secs] 
2012-10-19T14:04:42.990-0400: [GC [ParNew: 226268K->4188K(249216K), 0.0112110 secs] 927574K->706147K(8360960K) icms_dc=0 , 0.0114090 secs] [Times: user=0.10 sys=0.04, real=0.02 secs] 
2012-10-19T14:04:56.454-0400: [GC [ParNew: 225756K->3756K(249216K), 0.0111140 secs] 927715K->706261K(8360960K) icms_dc=0 , 0.0113100 secs] [Times: user=0.10 sys=0.03, real=0.01 secs] 
2012-10-19T14:05:11.184-0400: [GC [ParNew: 225324K->4992K(249216K), 0.0095310 secs] 927829K->708077K(8360960K) icms_dc=0 , 0.0097410 secs] [Times: user=0.09 sys=0.01, real=0.01 secs] 
2012-10-19T14:05:30.176-0400: [GC [ParNew: 226560K->6355K(249216K), 0.0093260 secs] 929645K->709772K(8360960K) icms_dc=0 , 0.0095480 secs] [Times: user=0.10 sys=0.01, real=0.01 secs] 
2012-10-19T14:05:46.016-0400: [GC [ParNew: 227923K->5843K(249216K), 0.0144600 secs] 931340K->709589K(8360960K) icms_dc=0 , 0.0146880 secs] [Times: user=0.11 sys=0.03, real=0.02 secs] 
2012-10-19T14:06:02.586-0400: [GC [ParNew: 227411K->6169K(249216K), 0.0084640 secs] 931157K->710382K(8360960K) icms_dc=0 , 0.0086850 secs] [Times: user=0.08 sys=0.02, real=0.01 secs] 
2012-10-19T14:06:23.966-0400: [GC [ParNew: 227737K->5126K(249216K), 0.0114020 secs] 931950K->710438K(8360960K) icms_dc=0 , 0.0115930 secs] [Times: user=0.10 sys=0.03, real=0.01 secs] 
2012-10-19T14:06:46.127-0400: [GC [ParNew: 226694K->4307K(249216K), 0.0107500 secs] 932006K->710307K(8360960K) icms_dc=0 , 0.0109360 secs] [Times: user=0.10 sys=0.03, real=0.01 secs] 
2012-10-19T14:07:00.866-0400: [GC [ParNew: 225875K->4449K(249216K), 0.0084590 secs] 931875K->710906K(8360960K) icms_dc=0 , 0.0086410 secs] [Times: user=0.08 sys=0.02, real=0.01 secs] 
2012-10-19T14:07:13.595-0400: [GC [ParNew: 226017K->3997K(249216K), 0.0056390 secs] 932474K->711125K(8360960K) icms_dc=0 , 0.0058210 secs] [Times: user=0.05 sys=0.01, real=0.01 secs] 
2012-10-19T14:07:33.925-0400: [GC [ParNew: 225565K->3801K(249216K), 0.0089280 secs] 932693K->711368K(8360960K) icms_dc=0 , 0.0090990 secs] [Times: user=0.08 sys=0.02, real=0.01 secs] 
2012-10-19T14:08:00.578-0400: [GC [ParNew: 225369K->3807K(249216K), 0.0078370 secs] 932936K->711739K(8360960K) icms_dc=0 , 0.0080170 secs] [Times: user=0.08 sys=0.01, real=0.01 secs] 
2012-10-19T14:08:26.593-0400: [GC [ParNew: 225375K->3840K(249216K), 0.0094580 secs] 933307K->712066K(8360960K) icms_dc=0 , 0.0096300 secs] [Times: user=0.07 sys=0.03, real=0.01 secs] 
2012-10-19T14:08:51.284-0400: [GC [ParNew: 225408K->5038K(249216K), 0.0103730 secs] 933634K->713547K(8360960K) icms_dc=0 , 0.0105480 secs] [Times: user=0.09 sys=0.03, real=0.01 secs] 
2012-10-19T14:09:20.768-0400: [GC [ParNew: 226606K->3571K(249216K), 0.0102600 secs] 935115K->712500K(8360960K) icms_dc=0 , 0.0104530 secs] [Times: user=0.08 sys=0.02, real=0.01 secs] 
2012-10-19T14:09:41.554-0400: [GC [ParNew: 225139K->3629K(249216K), 0.0098360 secs] 934068K->712963K(8360960K) icms_dc=0 , 0.0100210 secs] [Times: user=0.10 sys=0.02, real=0.01 secs] 
2012-10-19T14:09:59.040-0400: [GC [ParNew: 225197K->3970K(249216K), 0.0068930 secs] 934531K->713762K(8360960K) icms_dc=0 , 0.0070650 secs] [Times: user=0.07 sys=0.01, real=0.00 secs] 
2012-10-19T14:10:10.453-0400: [GC [ParNew: 225538K->3451K(249216K), 0.0091110 secs] 935330K->713652K(8360960K) icms_dc=0 , 0.0093180 secs] [Times: user=0.09 sys=0.01, real=0.01 secs] 
2012-10-19T14:10:31.417-0400: [GC [ParNew: 225019K->4529K(249216K), 0.0109330 secs] 935220K->715029K(8360960K) icms_dc=0 , 0.0111330 secs] [Times: user=0.06 sys=0.01, real=0.01 secs] 
2012-10-19T14:10:47.896-0400: [GC [ParNew: 226097K->4472K(249216K), 0.0146100 secs] 936597K->715416K(8360960K) icms_dc=0 , 0.0148940 secs] [Times: user=0.08 sys=0.02, real=0.02 secs] 
2012-10-19T14:10:59.213-0400: [GC [ParNew: 226040K->4367K(249216K), 0.0127830 secs] 936984K->715665K(8360960K) icms_dc=0 , 0.0130180 secs] [Times: user=0.10 sys=0.02, real=0.01 secs] 
2012-10-19T14:11:17.670-0400: [GC [ParNew: 225935K->4190K(249216K), 0.0095090 secs] 937233K->715792K(8360960K) icms_dc=0 , 0.0096800 secs] [Times: user=0.08 sys=0.02, real=0.01 secs] 
2012-10-19T14:11:38.650-0400: [GC [ParNew: 225758K->3951K(249216K), 0.0093620 secs] 937360K->716092K(8360960K) icms_dc=0 , 0.0095320 secs] [Times: user=0.09 sys=0.02, real=0.01 secs] 
2012-10-19T14:11:55.334-0400: [GC [ParNew: 225519K->3897K(249216K), 0.0087380 secs] 937660K->716524K(8360960K) icms_dc=0 , 0.0089200 secs] [Times: user=0.08 sys=0.03, real=0.01 secs] 
2012-10-19T14:12:11.980-0400: [GC [ParNew: 225465K->3834K(249216K), 0.0083520 secs] 938092K->716774K(8360960K) icms_dc=0 , 0.0085210 secs] [Times: user=0.07 sys=0.03, real=0.01 secs] 
2012-10-19T14:12:28.976-0400: [GC [ParNew: 225402K->3902K(249216K), 0.0078840 secs] 938342K->717211K(8360960K) icms_dc=0 , 0.0080570 secs] [Times: user=0.08 sys=0.01, real=0.01 secs] 
2012-10-19T14:12:52.713-0400: [GC [ParNew: 225470K->4565K(249216K), 0.0090140 secs] 938779K->718249K(8360960K) icms_dc=0 , 0.0091870 secs] [Times: user=0.09 sys=0.02, real=0.01 secs] 
2012-10-19T14:13:20.426-0400: [GC [ParNew: 226133K->4349K(249216K), 0.0085720 secs] 939817K->718393K(8360960K) icms_dc=0 , 0.0087540 secs] [Times: user=0.07 sys=0.03, real=0.00 secs] 
2012-10-19T14:13:45.456-0400: [GC [ParNew: 225917K->4618K(249216K), 0.0078520 secs] 939961K->719160K(8360960K) icms_dc=0 , 0.0080260 secs] [Times: user=0.07 sys=0.02, real=0.01 secs] 
2012-10-19T14:14:04.013-0400: [GC [ParNew: 226186K->4022K(249216K), 0.0088540 secs] 940728K->718982K(8360960K) icms_dc=0 , 0.0090250 secs] [Times: user=0.08 sys=0.02, real=0.01 secs] 
2012-10-19T14:14:24.474-0400: [GC [ParNew: 225590K->3976K(249216K), 0.0099670 secs] 940550K->719260K(8360960K) icms_dc=0 , 0.0101380 secs] [Times: user=0.09 sys=0.03, real=0.01 secs] 
2012-10-19T14:14:43.897-0400: [GC [ParNew: 225544K->4609K(249216K), 0.0126320 secs] 940828K->720374K(8360960K) icms_dc=0 , 0.0128580 secs] [Times: user=0.09 sys=0.03, real=0.01 secs] 
2012-10-19T14:15:03.003-0400: [GC [ParNew: 226177K->3712K(249216K), 0.0105600 secs] 941942K->719895K(8360960K) icms_dc=0 , 0.0107400 secs] [Times: user=0.09 sys=0.02, real=0.01 secs] 
2012-10-19T14:15:15.189-0400: [GC [ParNew: 225280K->6964K(249216K), 0.0073500 secs] 941463K->723475K(8360960K) icms_dc=0 , 0.0075450 secs] [Times: user=0.08 sys=0.01, real=0.00 secs] 
2012-10-19T14:15:38.539-0400: [GC [ParNew: 228532K->7390K(249216K), 0.0099830 secs] 945043K->724265K(8360960K) icms_dc=0 , 0.0101700 secs] [Times: user=0.09 sys=0.02, real=0.01 secs] 
2012-10-19T14:16:01.144-0400: [GC [ParNew: 228958K->8636K(249216K), 0.0097070 secs] 945833K->725859K(8360960K) icms_dc=0 , 0.0099060 secs] [Times: user=0.08 sys=0.02, real=0.01 secs] 
2012-10-19T14:16:21.340-0400: [GC [ParNew: 230204K->8180K(249216K), 0.0143180 secs] 947427K->725726K(8360960K) icms_dc=0 , 0.0145940 secs] [Times: user=0.06 sys=0.01, real=0.01 secs] 
2012-10-19T14:16:27.045-0400: [GC [ParNew: 229748K->5575K(249216K), 0.0161620 secs] 947294K->725424K(8360960K) icms_dc=0 , 0.0163450 secs] [Times: user=0.10 sys=0.03, real=0.02 secs] 
2012-10-19T14:16:48.857-0400: [GC [ParNew: 227143K->3921K(249216K), 0.0110470 secs] 946992K->724640K(8360960K) icms_dc=0 , 0.0112320 secs] [Times: user=0.10 sys=0.03, real=0.01 secs] 
2012-10-19T14:17:08.278-0400: [GC [ParNew: 225489K->4117K(249216K), 0.0094020 secs] 946208K->725203K(8360960K) icms_dc=0 , 0.0095760 secs] [Times: user=0.09 sys=0.02, real=0.01 secs] 
2012-10-19T14:17:14.997-0400: [GC [ParNew: 225685K->3769K(249216K), 0.0098450 secs] 946771K->725339K(8360960K) icms_dc=0 , 0.0100190 secs] [Times: user=0.09 sys=0.03, real=0.01 secs] 
2012-10-19T14:17:33.574-0400: [GC [ParNew: 225337K->4186K(249216K), 0.0107680 secs] 946907K->726028K(8360960K) icms_dc=0 , 0.0109470 secs] [Times: user=0.10 sys=0.03, real=0.01 secs] 
2012-10-19T14:17:52.979-0400: [GC [ParNew: 225754K->4323K(249216K), 0.0102160 secs] 947596K->726558K(8360960K) icms_dc=0 , 0.0103990 secs] [Times: user=0.11 sys=0.02, real=0.01 secs] 
2012-10-19T14:18:08.477-0400: [GC [ParNew: 225891K->4152K(249216K), 0.0115780 secs] 948126K->726945K(8360960K) icms_dc=0 , 0.0117580 secs] [Times: user=0.09 sys=0.03, real=0.01 secs] 
2012-10-19T14:18:32.715-0400: [GC [ParNew: 225720K->4668K(249216K), 0.0041510 secs] 948513K->727838K(8360960K) icms_dc=0 , 0.0043310 secs] [Times: user=0.05 sys=0.01, real=0.00 secs] 
2012-10-19T14:18:53.239-0400: [GC [ParNew: 226236K->4413K(249216K), 0.0099380 secs] 949406K->728031K(8360960K) icms_dc=0 , 0.0101260 secs] [Times: user=0.09 sys=0.02, real=0.01 secs] 
2012-10-19T14:19:21.156-0400: [GC [ParNew: 225981K->4458K(249216K), 0.0096470 secs] 949599K->728410K(8360960K) icms_dc=0 , 0.0098220 secs] [Times: user=0.07 sys=0.02, real=0.01 secs] 
2012-10-19T14:19:40.856-0400: [GC [ParNew: 226026K->4480K(249216K), 0.0200440 secs] 949978K->728944K(8360960K) icms_dc=0 , 0.0202670 secs] [Times: user=0.12 sys=0.04, real=0.02 secs] 
2012-10-19T14:19:50.955-0400: [GC [ParNew: 226048K->4162K(249216K), 0.0108400 secs] 950512K->729129K(8360960K) icms_dc=0 , 0.0110220 secs] [Times: user=0.09 sys=0.01, real=0.01 secs] 
2012-10-19T14:20:11.383-0400: [GC [ParNew: 225730K->4960K(249216K), 0.0108280 secs] 950697K->730300K(8360960K) icms_dc=0 , 0.0110060 secs] [Times: user=0.09 sys=0.02, real=0.01 secs] 
2012-10-19T14:20:38.432-0400: [GC [ParNew: 226528K->5437K(249216K), 0.0106260 secs] 951868K->731112K(8360960K) icms_dc=0 , 0.0108160 secs] [Times: user=0.10 sys=0.01, real=0.01 secs] 
2012-10-19T14:21:01.887-0400: [GC [ParNew: 227005K->4994K(249216K), 0.0104550 secs] 952680K->730984K(8360960K) icms_dc=0 , 0.0106320 secs] [Times: user=0.10 sys=0.02, real=0.01 secs] 
2012-10-19T14:21:17.721-0400: [GC [ParNew: 226562K->5300K(249216K), 0.0067740 secs] 952552K->731633K(8360960K) icms_dc=0 , 0.0069630 secs] [Times: user=0.07 sys=0.01, real=0.01 secs] 
2012-10-19T14:21:26.753-0400: [GC [ParNew: 226868K->5127K(249216K), 0.0064980 secs] 953201K->732516K(8360960K) icms_dc=0 , 0.0066790 secs] [Times: user=0.06 sys=0.01, real=0.01 secs] 
2012-10-19T14:21:43.100-0400: [GC [ParNew: 226695K->4351K(249216K), 0.0078450 secs] 954084K->732562K(8360960K) icms_dc=0 , 0.0080530 secs] [Times: user=0.06 sys=0.01, real=0.01 secs] 
2012-10-19T14:21:56.321-0400: [GC [ParNew: 225919K->4632K(249216K), 0.0112950 secs] 954130K->733228K(8360960K) icms_dc=0 , 0.0114850 secs] [Times: user=0.09 sys=0.03, real=0.01 secs] 
2012-10-19T14:22:15.780-0400: [GC [ParNew: 226200K->4657K(249216K), 0.0098890 secs] 954796K->733618K(8360960K) icms_dc=0 , 0.0100660 secs] [Times: user=0.09 sys=0.02, real=0.01 secs] 
2012-10-19T14:22:31.621-0400: [GC [ParNew: 226225K->4286K(249216K), 0.0105830 secs] 955186K->733772K(8360960K) icms_dc=0 , 0.0107840 secs] [Times: user=0.10 sys=0.03, real=0.01 secs] 
2012-10-19T14:22:40.034-0400: [GC [ParNew: 225854K->5189K(249216K), 0.0137610 secs] 955340K->735160K(8360960K) icms_dc=0 , 0.0139920 secs] [Times: user=0.07 sys=0.02, real=0.02 secs] 
2012-10-19T14:22:57.638-0400: [GC [ParNew: 226757K->4718K(249216K), 0.0074500 secs] 956728K->735058K(8360960K) icms_dc=0 , 0.0076570 secs] [Times: user=0.07 sys=0.01, real=0.00 secs] 
2012-10-19T14:23:17.382-0400: [GC [ParNew: 226286K->4930K(249216K), 0.0103200 secs] 956626K->735703K(8360960K) icms_dc=0 , 0.0105440 secs] [Times: user=0.09 sys=0.03, real=0.01 secs] 
2012-10-19T14:23:34.545-0400: [GC [ParNew: 226498K->3857K(249216K), 0.0093810 secs] 957271K->735182K(8360960K) icms_dc=0 , 0.0095610 secs] [Times: user=0.09 sys=0.02, real=0.01 secs] 
2012-10-19T14:23:51.931-0400: [GC [ParNew: 225425K->4120K(249216K), 0.0097010 secs] 956750K->735801K(8360960K) icms_dc=0 , 0.0098680 secs] [Times: user=0.09 sys=0.03, real=0.01 secs] 
2012-10-19T14:24:09.573-0400: [GC [ParNew: 225688K->3675K(249216K), 0.0131050 secs] 957369K->735753K(8360960K) icms_dc=0 , 0.0133220 secs] [Times: user=0.10 sys=0.03, real=0.02 secs] 
2012-10-19T14:24:27.348-0400: [GC [ParNew: 225243K->4119K(249216K), 0.0111350 secs] 957321K->736602K(8360960K) icms_dc=0 , 0.0113110 secs] [Times: user=0.10 sys=0.03, real=0.01 secs] 
2012-10-19T14:24:45.398-0400: [GC [ParNew: 225687K->4134K(249216K), 0.0050730 secs] 958170K->737014K(8360960K) icms_dc=0 , 0.0052610 secs] [Times: user=0.05 sys=0.00, real=0.01 secs] 
2012-10-19T14:25:09.252-0400: [GC [ParNew: 225702K->4111K(249216K), 0.0087550 secs] 958582K->737377K(8360960K) icms_dc=0 , 0.0089310 secs] [Times: user=0.07 sys=0.02, real=0.01 secs] 
2012-10-19T14:25:32.843-0400: [GC [ParNew: 225679K->4543K(249216K), 0.0080910 secs] 958945K->738200K(8360960K) icms_dc=0 , 0.0082700 secs] [Times: user=0.07 sys=0.01, real=0.01 secs] 
2012-10-19T14:25:52.864-0400: [GC [ParNew: 226111K->4212K(249216K), 0.0083320 secs] 959768K->738260K(8360960K) icms_dc=0 , 0.0085080 secs] [Times: user=0.09 sys=0.01, real=0.01 secs] 
2012-10-19T14:26:00.159-0400: [GC [ParNew: 225780K->5509K(249216K), 0.0133460 secs] 959828K->740020K(8360960K) icms_dc=0 , 0.0135570 secs] [Times: user=0.11 sys=0.03, real=0.01 secs] 
2012-10-19T14:26:02.676-0400: [GC [ParNew: 227077K->4113K(249216K), 0.0164700 secs] 961588K->739141K(8360960K) icms_dc=0 , 0.0166930 secs] [Times: user=0.13 sys=0.04, real=0.02 secs] 
2012-10-19T14:26:07.583-0400: [GC [ParNew: 225681K->3821K(249216K), 0.0128800 secs] 960709K->739340K(8360960K) icms_dc=0 , 0.0130690 secs] [Times: user=0.10 sys=0.03, real=0.01 secs] 
2012-10-19T14:26:18.504-0400: [GC [ParNew: 225389K->3647K(249216K), 0.0192940 secs] 960908K->739747K(8360960K) icms_dc=0 , 0.0194790 secs] [Times: user=0.09 sys=0.03, real=0.02 secs] 
2012-10-19T14:26:23.464-0400: [GC [ParNew: 225215K->3535K(249216K), 0.0105570 secs] 961315K->740196K(8360960K) icms_dc=0 , 0.0107800 secs] [Times: user=0.06 sys=0.01, real=0.01 secs] 
2012-10-19T14:26:32.457-0400: [GC [ParNew: 225103K->4361K(249216K), 0.0099040 secs] 961764K->741303K(8360960K) icms_dc=0 , 0.0101040 secs] [Times: user=0.10 sys=0.02, real=0.01 secs] 
2012-10-19T14:26:45.254-0400: [GC [ParNew: 225929K->4948K(249216K), 0.0059530 secs] 962871K->742354K(8360960K) icms_dc=0 , 0.0061620 secs] [Times: user=0.06 sys=0.00, real=0.01 secs] 
2012-10-19T14:26:59.309-0400: [GC [ParNew: 226516K->4574K(249216K), 0.0097940 secs] 963922K->742452K(8360960K) icms_dc=0 , 0.0099800 secs] [Times: user=0.10 sys=0.01, real=0.01 secs] 
2012-10-19T14:27:11.192-0400: [GC [ParNew: 226142K->4597K(249216K), 0.0100480 secs] 964020K->742883K(8360960K) icms_dc=0 , 0.0102640 secs] [Times: user=0.09 sys=0.03, real=0.01 secs] 
2012-10-19T14:27:25.743-0400: [GC [ParNew: 226165K->4555K(249216K), 0.0110760 secs] 964451K->743502K(8360960K) icms_dc=0 , 0.0112500 secs] [Times: user=0.11 sys=0.03, real=0.01 secs] 
2012-10-19T14:27:39.959-0400: [GC [ParNew: 226123K->4197K(249216K), 0.0081560 secs] 965070K->743722K(8360960K) icms_dc=0 , 0.0083430 secs] [Times: user=0.08 sys=0.01, real=0.01 secs] 
2012-10-19T14:27:52.445-0400: [GC [ParNew: 225765K->4507K(249216K), 0.0083110 secs] 965290K->744405K(8360960K) icms_dc=0 , 0.0084890 secs] [Times: user=0.08 sys=0.02, real=0.01 secs] 
2012-10-19T14:28:03.633-0400: [GC [ParNew: 226075K->4516K(249216K), 0.0108650 secs] 965973K->744861K(8360960K) icms_dc=0 , 0.0110430 secs] [Times: user=0.10 sys=0.03, real=0.02 secs] 
2012-10-19T14:28:21.078-0400: [GC [ParNew: 226084K->4236K(249216K), 0.0095890 secs] 966429K->745091K(8360960K) icms_dc=0 , 0.0097770 secs] [Times: user=0.08 sys=0.03, real=0.01 secs] 
2012-10-19T14:28:30.620-0400: [GC [ParNew: 225804K->3878K(249216K), 0.0106490 secs] 966659K->745268K(8360960K) icms_dc=0 , 0.0108270 secs] [Times: user=0.10 sys=0.02, real=0.01 secs] 
2012-10-19T14:28:42.760-0400: [GC [ParNew: 225446K->3499K(249216K), 0.0170120 secs] 966836K->745592K(8360960K) icms_dc=0 , 0.0172150 secs] [Times: user=0.08 sys=0.03, real=0.01 secs] 
2012-10-19T14:28:57.611-0400: [GC [ParNew: 225067K->4328K(249216K), 0.0098990 secs] 967160K->746827K(8360960K) icms_dc=0 , 0.0101120 secs] [Times: user=0.06 sys=0.01, real=0.01 secs] 
2012-10-19T14:29:05.100-0400: [GC [ParNew: 225896K->4257K(249216K), 0.0101300 secs] 968395K->747269K(8360960K) icms_dc=0 , 0.0102940 secs] [Times: user=0.09 sys=0.02, real=0.01 secs] 
2012-10-19T14:29:17.647-0400: [GC [ParNew: 225825K->4678K(249216K), 0.0091610 secs] 968837K->748071K(8360960K) icms_dc=0 , 0.0093500 secs] [Times: user=0.08 sys=0.02, real=0.01 secs] 
2012-10-19T14:29:20.893-0400: [GC [ParNew: 226246K->4682K(249216K), 0.0096780 secs] 969639K->748443K(8360960K) icms_dc=0 , 0.0098410 secs] [Times: user=0.08 sys=0.03, real=0.01 secs] 
2012-10-19T14:29:25.829-0400: [GC [ParNew: 226250K->5311K(249216K), 0.0144850 secs] 970011K->749842K(8360960K) icms_dc=0 , 0.0146830 secs] [Times: user=0.12 sys=0.03, real=0.01 secs] 
2012-10-19T14:29:31.385-0400: [GC [ParNew: 226879K->4002K(249216K), 0.0101120 secs] 971410K->749058K(8360960K) icms_dc=0 , 0.0102800 secs] [Times: user=0.09 sys=0.02, real=0.01 secs] 
2012-10-19T14:29:42.788-0400: [GC [ParNew: 225570K->3389K(249216K), 0.0103730 secs] 970626K->749006K(8360960K) icms_dc=0 , 0.0105430 secs] [Times: user=0.09 sys=0.03, real=0.01 secs] 
2012-10-19T14:29:56.321-0400: [GC [ParNew: 224957K->3619K(249216K), 0.0089200 secs] 970574K->749733K(8360960K) icms_dc=0 , 0.0090980 secs] [Times: user=0.08 sys=0.01, real=0.01 secs] 
2012-10-19T14:30:10.107-0400: [GC [ParNew: 225187K->4743K(249216K), 0.0096250 secs] 971301K->751147K(8360960K) icms_dc=0 , 0.0098020 secs] [Times: user=0.09 sys=0.03, real=0.01 secs] 
2012-10-19T14:30:20.317-0400: [GC [ParNew: 226311K->6998K(249216K), 0.0069880 secs] 972715K->753727K(8360960K) icms_dc=0 , 0.0071810 secs] [Times: user=0.07 sys=0.01, real=0.01 secs] 
2012-10-19T14:30:36.271-0400: [GC [ParNew: 228566K->9156K(249216K), 0.0103620 secs] 975295K->756201K(8360960K) icms_dc=0 , 0.0105450 secs] [Times: user=0.09 sys=0.03, real=0.01 secs] 
2012-10-19T14:30:50.528-0400: [GC [ParNew: 230724K->8956K(249216K), 0.0059970 secs] 977769K->756474K(8360960K) icms_dc=0 , 0.0061770 secs] [Times: user=0.06 sys=0.00, real=0.00 secs] 
2012-10-19T14:31:05.897-0400: [GC [ParNew: 230524K->9261K(249216K), 0.0211880 secs] 978042K->757544K(8360960K) icms_dc=0 , 0.0213840 secs] [Times: user=0.10 sys=0.02, real=0.02 secs] 
2012-10-19T14:31:25.301-0400: [GC [ParNew: 230829K->6043K(249216K), 0.0134080 secs] 979112K->756782K(8360960K) icms_dc=0 , 0.0135940 secs] [Times: user=0.12 sys=0.02, real=0.01 secs] 
2012-10-19T14:31:42.836-0400: [GC [ParNew: 227611K->4101K(249216K), 0.0111610 secs] 978350K->755673K(8360960K) icms_dc=0 , 0.0113490 secs] [Times: user=0.10 sys=0.02, real=0.01 secs] 
2012-10-19T14:31:53.045-0400: [GC [ParNew: 225669K->4779K(249216K), 0.0079970 secs] 977241K->756683K(8360960K) icms_dc=0 , 0.0081760 secs] [Times: user=0.08 sys=0.01, real=0.01 secs] 
2012-10-19T14:32:09.142-0400: [GC [ParNew: 226347K->4652K(249216K), 0.0125860 secs] 978251K->756954K(8360960K) icms_dc=0 , 0.0127710 secs] [Times: user=0.11 sys=0.02, real=0.02 secs] 
2012-10-19T14:32:30.458-0400: [GC [ParNew: 226220K->4347K(249216K), 0.0093790 secs] 978522K->757167K(8360960K) icms_dc=0 , 0.0095600 secs] [Times: user=0.09 sys=0.02, real=0.01 secs] 
2012-10-19T14:32:42.132-0400: [GC [ParNew: 225915K->5227K(249216K), 0.0126960 secs] 978735K->758355K(8360960K) icms_dc=0 , 0.0129030 secs] [Times: user=0.10 sys=0.04, real=0.01 secs] 
2012-10-19T14:33:01.482-0400: [GC [ParNew: 226795K->4904K(249216K), 0.0095140 secs] 979923K->758528K(8360960K) icms_dc=0 , 0.0096930 secs] [Times: user=0.09 sys=0.03, real=0.01 secs] 
2012-10-19T14:33:22.874-0400: [GC [ParNew: 226472K->4892K(249216K), 0.0107390 secs] 980096K->758946K(8360960K) icms_dc=0 , 0.0109230 secs] [Times: user=0.09 sys=0.03, real=0.01 secs] 
2012-10-19T14:33:43.771-0400: [GC [ParNew: 226460K->4543K(249216K), 0.0099530 secs] 980514K->759127K(8360960K) icms_dc=0 , 0.0101250 secs] [Times: user=0.10 sys=0.02, real=0.01 secs] 
2012-10-19T14:33:57.460-0400: [GC [ParNew: 226111K->4327K(249216K), 0.0099050 secs] 980695K->759591K(8360960K) icms_dc=0 , 0.0100920 secs] [Times: user=0.09 sys=0.02, real=0.01 secs] 
2012-10-19T14:34:06.639-0400: [GC [ParNew: 225895K->4481K(249216K), 0.0097730 secs] 981159K->760180K(8360960K) icms_dc=0 , 0.0099490 secs] [Times: user=0.10 sys=0.03, real=0.01 secs] 
2012-10-19T14:34:22.618-0400: [GC [ParNew: 226049K->3790K(249216K), 0.0129870 secs] 981748K->759896K(8360960K) icms_dc=0 , 0.0132040 secs] [Times: user=0.09 sys=0.03, real=0.02 secs] 
2012-10-19T14:34:39.589-0400: [GC [ParNew: 225358K->4100K(249216K), 0.0101090 secs] 981464K->760654K(8360960K) icms_dc=0 , 0.0102820 secs] [Times: user=0.10 sys=0.02, real=0.01 secs] 
2012-10-19T14:34:56.488-0400: [GC [ParNew: 225668K->5033K(249216K), 0.0107830 secs] 982222K->761991K(8360960K) icms_dc=0 , 0.0109750 secs] [Times: user=0.11 sys=0.02, real=0.01 secs] 
2012-10-19T14:35:08.930-0400: [GC [ParNew: 226601K->5779K(249216K), 0.0096640 secs] 983559K->763106K(8360960K) icms_dc=0 , 0.0098540 secs] [Times: user=0.09 sys=0.02, real=0.01 secs] 
2012-10-19T14:35:25.250-0400: [GC [ParNew: 227347K->5188K(249216K), 0.0094940 secs] 984674K->762857K(8360960K) icms_dc=0 , 0.0096750 secs] [Times: user=0.09 sys=0.02, real=0.01 secs] 
2012-10-19T14:35:41.022-0400: [GC [ParNew: 226756K->5041K(249216K), 0.0112070 secs] 984425K->763134K(8360960K) icms_dc=0 , 0.0113920 secs] [Times: user=0.11 sys=0.02, real=0.01 secs] 
2012-10-19T14:35:57.164-0400: [GC [ParNew: 226609K->5377K(249216K), 0.0108850 secs] 984702K->764084K(8360960K) icms_dc=0 , 0.0110750 secs] [Times: user=0.10 sys=0.02, real=0.01 secs] 
2012-10-19T14:36:15.407-0400: [GC [ParNew: 226945K->5222K(249216K), 0.0091350 secs] 985652K->764750K(8360960K) icms_dc=0 , 0.0093170 secs] [Times: user=0.09 sys=0.01, real=0.01 secs] 
2012-10-19T14:36:22.126-0400: [GC [ParNew: 226790K->4029K(249216K), 0.0089920 secs] 986318K->764298K(8360960K) icms_dc=0 , 0.0091860 secs] [Times: user=0.09 sys=0.01, real=0.01 secs] 
2012-10-19T14:36:39.612-0400: [GC [ParNew: 225597K->4043K(249216K), 0.0099110 secs] 985866K->764830K(8360960K) icms_dc=0 , 0.0100860 secs] [Times: user=0.09 sys=0.02, real=0.01 secs] 
2012-10-19T14:36:54.243-0400: [GC [ParNew: 225611K->4711K(249216K), 0.0108860 secs] 986398K->765891K(8360960K) icms_dc=0 , 0.0110950 secs] [Times: user=0.10 sys=0.03, real=0.01 secs] 
2012-10-19T14:37:12.581-0400: [GC [ParNew: 226279K->4452K(249216K), 0.0103590 secs] 987459K->766121K(8360960K) icms_dc=0 , 0.0105280 secs] [Times: user=0.10 sys=0.03, real=0.01 secs] 
2012-10-19T14:37:21.465-0400: [GC [ParNew: 226020K->4292K(249216K), 0.0062050 secs] 987689K->766230K(8360960K) icms_dc=0 , 0.0063990 secs] [Times: user=0.07 sys=0.01, real=0.00 secs] 
2012-10-19T14:37:34.829-0400: [GC [ParNew: 225860K->4779K(249216K), 0.0103870 secs] 987798K->767270K(8360960K) icms_dc=0 , 0.0105730 secs] [Times: user=0.09 sys=0.03, real=0.01 secs] 
2012-10-19T14:37:50.196-0400: [GC [ParNew: 226347K->5042K(249216K), 0.0075780 secs] 988838K->767951K(8360960K) icms_dc=0 , 0.0077530 secs] [Times: user=0.07 sys=0.02, real=0.01 secs] 
2012-10-19T14:38:12.551-0400: [GC [ParNew: 226610K->4970K(249216K), 0.0106020 secs] 989519K->768396K(8360960K) icms_dc=0 , 0.0107930 secs] [Times: user=0.10 sys=0.02, real=0.01 secs] 
2012-10-19T14:38:27.913-0400: [GC [ParNew: 226538K->6224K(249216K), 0.0092130 secs] 989964K->770019K(8360960K) icms_dc=0 , 0.0093910 secs] [Times: user=0.08 sys=0.02, real=0.01 secs] 
2012-10-19T14:38:42.922-0400: [GC [ParNew: 227792K->4609K(249216K), 0.0104450 secs] 991587K->769018K(8360960K) icms_dc=0 , 0.0106240 secs] [Times: user=0.10 sys=0.03, real=0.01 secs] 
2012-10-19T14:39:02.808-0400: [GC [ParNew: 226177K->4544K(249216K), 0.0105020 secs] 990586K->769392K(8360960K) icms_dc=0 , 0.0106900 secs] [Times: user=0.10 sys=0.03, real=0.01 secs] 
2012-10-19T14:39:23.552-0400: [GC [ParNew: 226112K->4556K(249216K), 0.0106190 secs] 990960K->770234K(8360960K) icms_dc=0 , 0.0108070 secs] [Times: user=0.09 sys=0.03, real=0.01 secs] 
2012-10-19T14:39:40.776-0400: [GC [ParNew: 226124K->4525K(249216K), 0.0088630 secs] 991802K->770741K(8360960K) icms_dc=0 , 0.0090460 secs] [Times: user=0.08 sys=0.02, real=0.01 secs] 
2012-10-19T14:39:54.083-0400: [GC [ParNew: 226093K->4544K(249216K), 0.0077720 secs] 992309K->771087K(8360960K) icms_dc=0 , 0.0079550 secs] [Times: user=0.07 sys=0.02, real=0.00 secs] 
2012-10-19T14:40:11.782-0400: [GC [ParNew: 226112K->4459K(249216K), 0.0155000 secs] 992655K->771557K(8360960K) icms_dc=0 , 0.0157310 secs] [Times: user=0.09 sys=0.01, real=0.02 secs] 
2012-10-19T14:40:32.013-0400: [GC [ParNew: 226027K->4057K(249216K), 0.0103790 secs] 993125K->771607K(8360960K) icms_dc=0 , 0.0105770 secs] [Times: user=0.09 sys=0.03, real=0.01 secs] 
2012-10-19T14:40:52.298-0400: [GC [ParNew: 225625K->3609K(249216K), 0.0097560 secs] 993175K->771603K(8360960K) icms_dc=0 , 0.0099420 secs] [Times: user=0.09 sys=0.02, real=0.01 secs] 
2012-10-19T14:41:07.273-0400: [GC [ParNew: 225177K->4067K(249216K), 0.0115980 secs] 993171K->772387K(8360960K) icms_dc=0 , 0.0117970 secs] [Times: user=0.13 sys=0.02, real=0.01 secs] 
2012-10-19T14:41:25.124-0400: [GC [ParNew: 225635K->3808K(249216K), 0.0047490 secs] 993955K->772451K(8360960K) icms_dc=0 , 0.0049390 secs] [Times: user=0.05 sys=0.00, real=0.00 secs] 
2012-10-19T14:41:31.439-0400: [GC [ParNew: 225376K->5593K(249216K), 0.0057780 secs] 994019K->774657K(8360960K) icms_dc=0 , 0.0059800 secs] [Times: user=0.04 sys=0.00, real=0.01 secs] 
2012-10-19T14:41:34.713-0400: [GC [ParNew: 227161K->4744K(249216K), 0.0114270 secs] 996225K->774374K(8360960K) icms_dc=0 , 0.0116030 secs] [Times: user=0.08 sys=0.03, real=0.02 secs] 
2012-10-19T14:41:44.842-0400: [GC [ParNew: 226312K->3641K(249216K), 0.0130970 secs] 995942K->773857K(8360960K) icms_dc=0 , 0.0132690 secs] [Times: user=0.11 sys=0.03, real=0.01 secs] 
2012-10-19T14:42:03.421-0400: [GC [ParNew: 225209K->4428K(249216K), 0.0092780 secs] 995425K->775062K(8360960K) icms_dc=0 , 0.0094540 secs] [Times: user=0.08 sys=0.02, real=0.01 secs] 
2012-10-19T14:42:17.658-0400: [GC [ParNew: 225996K->4957K(249216K), 0.0107020 secs] 996630K->776016K(8360960K) icms_dc=0 , 0.0109040 secs] [Times: user=0.09 sys=0.03, real=0.01 secs] 
2012-10-19T14:42:26.367-0400: [GC [ParNew: 226525K->4575K(249216K), 0.0101820 secs] 997584K->775928K(8360960K) icms_dc=0 , 0.0103730 secs] [Times: user=0.09 sys=0.04, real=0.01 secs] 
2012-10-19T14:42:37.382-0400: [GC [ParNew: 226143K->4503K(249216K), 0.0107180 secs] 997496K->776391K(8360960K) icms_dc=0 , 0.0108900 secs] [Times: user=0.10 sys=0.03, real=0.02 secs] 
2012-10-19T14:42:55.275-0400: [GC [ParNew: 226071K->4592K(249216K), 0.0089020 secs] 997959K->777222K(8360960K) icms_dc=0 , 0.0090910 secs] [Times: user=0.09 sys=0.02, real=0.00 secs] 
2012-10-19T14:43:12.504-0400: [GC [ParNew: 226160K->4636K(249216K), 0.0090340 secs] 998790K->777774K(8360960K) icms_dc=0 , 0.0092110 secs] [Times: user=0.08 sys=0.02, real=0.01 secs] 
2012-10-19T14:43:20.058-0400: [GC [ParNew: 226204K->5000K(249216K), 0.0090850 secs] 999342K->778446K(8360960K) icms_dc=0 , 0.0092660 secs] [Times: user=0.08 sys=0.02, real=0.01 secs] 
2012-10-19T14:43:40.305-0400: [GC [ParNew: 226568K->4820K(249216K), 0.0104960 secs] 1000014K->778845K(8360960K) icms_dc=0 , 0.0106760 secs] [Times: user=0.10 sys=0.03, real=0.01 secs] 
2012-10-19T14:44:03.576-0400: [GC [ParNew: 226388K->4869K(249216K), 0.0103050 secs] 1000413K->779497K(8360960K) icms_dc=0 , 0.0104850 secs] [Times: user=0.09 sys=0.02, real=0.01 secs] 
2012-10-19T14:44:22.406-0400: [GC [ParNew: 226437K->4084K(249216K), 0.0104070 secs] 1001065K->779171K(8360960K) icms_dc=0 , 0.0105910 secs] [Times: user=0.11 sys=0.02, real=0.01 secs] 
2012-10-19T14:44:38.031-0400: [GC [ParNew: 225652K->4606K(249216K), 0.0090850 secs] 1000739K->780119K(8360960K) icms_dc=0 , 0.0092710 secs] [Times: user=0.08 sys=0.02, real=0.01 secs] 
2012-10-19T14:44:50.523-0400: [GC [ParNew: 226174K->4413K(249216K), 0.0095350 secs] 1001687K->780430K(8360960K) icms_dc=0 , 0.0097050 secs] [Times: user=0.09 sys=0.02, real=0.01 secs] 
2012-10-19T14:45:06.700-0400: [GC [ParNew: 225981K->4162K(249216K), 0.0099190 secs] 1001998K->780732K(8360960K) icms_dc=0 , 0.0101030 secs] [Times: user=0.09 sys=0.03, real=0.01 secs] 
2012-10-19T14:45:17.566-0400: [GC [ParNew: 225730K->7893K(249216K), 0.0084520 secs] 1002300K->784833K(8360960K) icms_dc=0 , 0.0086550 secs] [Times: user=0.05 sys=0.00, real=0.01 secs] 
2012-10-19T14:45:35.718-0400: [GC [ParNew: 229461K->8014K(249216K), 0.0106670 secs] 1006401K->785275K(8360960K) icms_dc=0 , 0.0108540 secs] [Times: user=0.09 sys=0.02, real=0.01 secs] 
2012-10-19T14:45:52.794-0400: [GC [ParNew: 229582K->7359K(249216K), 0.0106420 secs] 1006843K->784939K(8360960K) icms_dc=0 , 0.0108240 secs] [Times: user=0.10 sys=0.02, real=0.01 secs] 
2012-10-19T14:46:09.824-0400: [GC [ParNew: 228927K->7359K(249216K), 0.0105710 secs] 1006507K->785622K(8360960K) icms_dc=0 , 0.0107560 secs] [Times: user=0.10 sys=0.02, real=0.01 secs] 
2012-10-19T14:46:29.033-0400: [GC [ParNew: 228927K->6083K(249216K), 0.0156490 secs] 1007190K->786917K(8360960K) icms_dc=0 , 0.0158650 secs] [Times: user=0.13 sys=0.02, real=0.01 secs] 
2012-10-19T14:46:39.067-0400: [GC [ParNew: 227651K->3992K(249216K), 0.0105400 secs] 1008485K->785389K(8360960K) icms_dc=0 , 0.0107180 secs] [Times: user=0.09 sys=0.03, real=0.01 secs] 
2012-10-19T14:46:57.108-0400: [GC [ParNew: 225560K->4065K(249216K), 0.0106050 secs] 1006957K->785988K(8360960K) icms_dc=0 , 0.0107820 secs] [Times: user=0.09 sys=0.03, real=0.01 secs] 
2012-10-19T14:47:14.083-0400: [GC [ParNew: 225633K->4148K(249216K), 0.0044690 secs] 1007556K->786574K(8360960K) icms_dc=0 , 0.0046820 secs] [Times: user=0.04 sys=0.01, real=0.01 secs] 
2012-10-19T14:47:26.099-0400: [GC [ParNew: 225716K->4167K(249216K), 0.0094570 secs] 1008142K->787059K(8360960K) icms_dc=0 , 0.0096380 secs] [Times: user=0.09 sys=0.03, real=0.01 secs] 
2012-10-19T14:47:46.401-0400: [GC [ParNew: 225735K->4207K(249216K), 0.0078780 secs] 1008627K->787524K(8360960K) icms_dc=0 , 0.0080480 secs] [Times: user=0.09 sys=0.01, real=0.00 secs] 
2012-10-19T14:48:05.480-0400: [GC [ParNew: 225775K->4254K(249216K), 0.0098810 secs] 1009092K->787957K(8360960K) icms_dc=0 , 0.0100570 secs] [Times: user=0.09 sys=0.02, real=0.01 secs] 
2012-10-19T14:48:16.913-0400: [GC [ParNew: 225822K->5228K(249216K), 0.0171310 secs] 1009525K->789304K(8360960K) icms_dc=0 , 0.0173630 secs] [Times: user=0.12 sys=0.01, real=0.02 secs] 
2012-10-19T14:48:33.099-0400: [GC [ParNew: 226796K->3974K(249216K), 0.0109210 secs] 1010872K->788469K(8360960K) icms_dc=0 , 0.0111310 secs] [Times: user=0.10 sys=0.02, real=0.01 secs] 
2012-10-19T14:48:49.382-0400: [GC [ParNew: 225542K->3811K(249216K), 0.0105140 secs] 1010037K->788777K(8360960K) icms_dc=0 , 0.0107080 secs] [Times: user=0.09 sys=0.03, real=0.01 secs] 
2012-10-19T14:49:01.678-0400: [GC [ParNew: 225379K->4212K(249216K), 0.0049200 secs] 1010345K->789627K(8360960K) icms_dc=0 , 0.0051160 secs] [Times: user=0.05 sys=0.00, real=0.01 secs] 
2012-10-19T14:49:17.976-0400: [GC [ParNew: 225777K->3881K(249216K), 0.0070620 secs] 1011193K->789668K(8360960K) icms_dc=0 , 0.0072550 secs] [Times: user=0.07 sys=0.02, real=0.01 secs] 
2012-10-19T14:49:34.931-0400: [GC [ParNew: 225449K->4467K(249216K), 0.0097100 secs] 1011236K->790703K(8360960K) icms_dc=0 , 0.0099300 secs] [Times: user=0.08 sys=0.02, real=0.01 secs] 
2012-10-19T14:49:48.746-0400: [GC [ParNew: 226035K->4254K(249216K), 0.0092670 secs] 1012271K->790959K(8360960K) icms_dc=0 , 0.0094590 secs] [Times: user=0.09 sys=0.03, real=0.01 secs] 
2012-10-19T14:50:01.641-0400: [GC [ParNew: 225822K->3888K(249216K), 0.0097890 secs] 1012527K->791001K(8360960K) icms_dc=0 , 0.0099780 secs] [Times: user=0.09 sys=0.03, real=0.01 secs] 
2012-10-19T14:50:15.706-0400: [GC [ParNew: 225456K->4938K(249216K), 0.0108800 secs] 1012569K->792463K(8360960K) icms_dc=0 , 0.0110960 secs] [Times: user=0.10 sys=0.02, real=0.01 secs] 
2012-10-19T14:50:34.762-0400: [GC [ParNew: 226506K->5575K(249216K), 0.0127240 secs] 1014031K->793632K(8360960K) icms_dc=0 , 0.0129340 secs] [Times: user=0.14 sys=0.02, real=0.01 secs] 
2012-10-19T14:50:51.091-0400: [GC [ParNew: 227143K->6056K(249216K), 0.0112080 secs] 1015200K->794456K(8360960K) icms_dc=0 , 0.0114290 secs] [Times: user=0.10 sys=0.03, real=0.01 secs] 
2012-10-19T14:51:10.646-0400: [GC [ParNew: 227624K->6331K(249216K), 0.0099130 secs] 1016024K->795167K(8360960K) icms_dc=0 , 0.0101150 secs] [Times: user=0.10 sys=0.02, real=0.02 secs] 
2012-10-19T14:51:30.170-0400: [GC [ParNew: 227899K->5505K(249216K), 0.0126090 secs] 1016735K->795605K(8360960K) icms_dc=0 , 0.0128220 secs] [Times: user=0.11 sys=0.03, real=0.01 secs] 
2012-10-19T14:51:44.291-0400: [GC [ParNew: 227073K->5394K(249216K), 0.0099430 secs] 1017173K->796348K(8360960K) icms_dc=0 , 0.0101420 secs] [Times: user=0.09 sys=0.01, real=0.01 secs] 
2012-10-19T14:51:59.523-0400: [GC [ParNew: 226962K->5259K(249216K), 0.0139630 secs] 1017916K->796983K(8360960K) icms_dc=0 , 0.0141940 secs] [Times: user=0.09 sys=0.02, real=0.01 secs] 
2012-10-19T14:52:05.378-0400: [GC [ParNew: 226752K->4857K(249216K), 0.0149690 secs] 1018475K->797006K(8360960K) icms_dc=0 , 0.0152080 secs] [Times: user=0.13 sys=0.03, real=0.02 secs] 
2012-10-19T14:52:09.113-0400: [GC [ParNew: 226425K->3766K(249216K), 0.0107180 secs] 1018574K->796717K(8360960K) icms_dc=0 , 0.0109230 secs] [Times: user=0.10 sys=0.02, real=0.02 secs] 
2012-10-19T14:52:21.972-0400: [GC [ParNew: 225334K->4502K(249216K), 0.0067980 secs] 1018285K->798047K(8360960K) icms_dc=0 , 0.0070000 secs] [Times: user=0.06 sys=0.01, real=0.01 secs] 
2012-10-19T14:52:39.272-0400: [GC [ParNew: 226070K->4508K(249216K), 0.0145140 secs] 1019615K->798534K(8360960K) icms_dc=0 , 0.0147720 secs] [Times: user=0.09 sys=0.02, real=0.01 secs] 
2012-10-19T14:52:49.107-0400: [GC [ParNew: 226076K->3887K(249216K), 0.0105990 secs] 1020102K->798218K(8360960K) icms_dc=0 , 0.0108270 secs] [Times: user=0.08 sys=0.02, real=0.01 secs] 
2012-10-19T14:53:02.283-0400: [GC [ParNew: 225455K->3805K(249216K), 0.0098660 secs] 1019786K->798459K(8360960K) icms_dc=0 , 0.0100600 secs] [Times: user=0.09 sys=0.03, real=0.01 secs] 
2012-10-19T14:53:18.091-0400: [GC [ParNew: 225373K->4014K(249216K), 0.0137810 secs] 1020027K->799308K(8360960K) icms_dc=0 , 0.0140550 secs] [Times: user=0.07 sys=0.01, real=0.02 secs] 
2012-10-19T14:53:23.250-0400: [GC [ParNew: 225582K->4422K(249216K), 0.0072150 secs] 1020876K->800225K(8360960K) icms_dc=0 , 0.0074220 secs] [Times: user=0.05 sys=0.01, real=0.01 secs] 
2012-10-19T14:53:36.252-0400: [GC [ParNew: 225990K->3397K(249216K), 0.0108730 secs] 1021793K->799635K(8360960K) icms_dc=0 , 0.0110850 secs] [Times: user=0.09 sys=0.03, real=0.01 secs] 
2012-10-19T14:53:39.710-0400: [GC [ParNew: 224965K->3925K(249216K), 0.0149980 secs] 1021203K->800590K(8360960K) icms_dc=0 , 0.0152280 secs] [Times: user=0.08 sys=0.02, real=0.02 secs] 
2012-10-19T14:53:43.870-0400: [GC [ParNew: 225493K->4178K(249216K), 0.0117570 secs] 1022158K->801270K(8360960K) icms_dc=0 , 0.0119770 secs] [Times: user=0.08 sys=0.04, real=0.01 secs] 
2012-10-19T14:53:52.822-0400: [GC [ParNew: 225746K->3521K(249216K), 0.0101230 secs] 1022838K->801156K(8360960K) icms_dc=0 , 0.0103230 secs] [Times: user=0.09 sys=0.04, real=0.01 secs] 
2012-10-19T14:54:10.888-0400: [GC [ParNew: 225089K->4338K(249216K), 0.0111780 secs] 1022724K->802368K(8360960K) icms_dc=0 , 0.0113760 secs] [Times: user=0.09 sys=0.03, real=0.01 secs] 
2012-10-19T14:54:27.523-0400: [GC [ParNew: 225906K->4140K(249216K), 0.0099230 secs] 1023936K->802481K(8360960K) icms_dc=0 , 0.0101420 secs] [Times: user=0.08 sys=0.03, real=0.01 secs] 
2012-10-19T14:54:44.823-0400: [GC [ParNew: 225708K->5000K(249216K), 0.0067870 secs] 1024049K->803708K(8360960K) icms_dc=0 , 0.0069800 secs] [Times: user=0.06 sys=0.01, real=0.00 secs] 
2012-10-19T14:55:02.154-0400: [GC [ParNew: 226568K->4721K(249216K), 0.0089610 secs] 1025276K->803908K(8360960K) icms_dc=0 , 0.0091640 secs] [Times: user=0.08 sys=0.03, real=0.01 secs] 
2012-10-19T14:55:09.721-0400: [GC [ParNew: 226289K->4444K(249216K), 0.0116460 secs] 1025476K->804459K(8360960K) icms_dc=0 , 0.0118490 secs] [Times: user=0.11 sys=0.03, real=0.01 secs] 
2012-10-19T14:55:20.051-0400: [GC [ParNew: 226012K->4197K(249216K), 0.0093580 secs] 1026027K->804528K(8360960K) icms_dc=0 , 0.0095600 secs] [Times: user=0.07 sys=0.04, real=0.01 secs] 
2012-10-19T14:55:39.466-0400: [GC [ParNew: 225765K->4121K(249216K), 0.0107200 secs] 1026096K->805004K(8360960K) icms_dc=0 , 0.0109200 secs] [Times: user=0.10 sys=0.02, real=0.01 secs] 
2012-10-19T14:55:50.654-0400: [GC [ParNew: 225689K->4063K(249216K), 0.0113680 secs] 1026572K->805472K(8360960K) icms_dc=0 , 0.0115690 secs] [Times: user=0.11 sys=0.03, real=0.01 secs] 
2012-10-19T14:56:06.391-0400: [GC [ParNew: 225631K->5242K(249216K), 0.0082370 secs] 1027040K->806965K(8360960K) icms_dc=0 , 0.0084410 secs] [Times: user=0.08 sys=0.01, real=0.01 secs] 
2012-10-19T14:56:19.175-0400: [GC [ParNew: 226810K->4735K(249216K), 0.0100150 secs] 1028533K->806860K(8360960K) icms_dc=0 , 0.0102090 secs] [Times: user=0.08 sys=0.03, real=0.01 secs] 
2012-10-19T14:56:35.024-0400: [GC [ParNew: 226303K->4783K(249216K), 0.0083490 secs] 1028428K->807401K(8360960K) icms_dc=0 , 0.0085480 secs] [Times: user=0.08 sys=0.01, real=0.01 secs] 
2012-10-19T14:56:52.906-0400: [GC [ParNew: 226351K->5746K(249216K), 0.0089210 secs] 1028969K->808708K(8360960K) icms_dc=0 , 0.0091380 secs] [Times: user=0.08 sys=0.02, real=0.01 secs] 
2012-10-19T14:57:05.241-0400: [GC [ParNew: 227314K->5199K(249216K), 0.0110670 secs] 1030276K->809190K(8360960K) icms_dc=0 , 0.0112660 secs] [Times: user=0.11 sys=0.01, real=0.01 secs] 
2012-10-19T14:57:19.883-0400: [GC [ParNew: 226767K->5125K(249216K), 0.0091640 secs] 1030758K->809588K(8360960K) icms_dc=0 , 0.0093710 secs] [Times: user=0.08 sys=0.02, real=0.01 secs] 
2012-10-19T14:57:29.886-0400: [GC [ParNew: 226693K->4641K(249216K), 0.0111680 secs] 1031156K->809551K(8360960K) icms_dc=0 , 0.0113680 secs] [Times: user=0.09 sys=0.03, real=0.01 secs] 
2012-10-19T14:57:41.693-0400: [GC [ParNew: 226209K->5157K(249216K), 0.0081690 secs] 1031119K->810813K(8360960K) icms_dc=0 , 0.0083680 secs] [Times: user=0.09 sys=0.01, real=0.01 secs] 
2012-10-19T14:57:57.532-0400: [GC [ParNew: 226725K->4925K(249216K), 0.0086430 secs] 1032381K->811151K(8360960K) icms_dc=0 , 0.0088390 secs] [Times: user=0.09 sys=0.02, real=0.01 secs] 
2012-10-19T14:58:08.232-0400: [GC [ParNew: 226493K->5694K(249216K), 0.0100000 secs] 1032719K->812519K(8360960K) icms_dc=0 , 0.0102450 secs] [Times: user=0.09 sys=0.02, real=0.01 secs] 
2012-10-19T14:58:21.148-0400: [GC [ParNew: 227262K->5196K(249216K), 0.0107490 secs] 1034087K->812691K(8360960K) icms_dc=0 , 0.0109570 secs] [Times: user=0.09 sys=0.02, real=0.02 secs] 
2012-10-19T14:58:30.793-0400: [GC [ParNew: 226764K->4962K(249216K), 0.0106580 secs] 1034259K->813105K(8360960K) icms_dc=0 , 0.0108500 secs] [Times: user=0.11 sys=0.02, real=0.01 secs] 
2012-10-19T14:58:42.058-0400: [GC [ParNew: 226530K->4355K(249216K), 0.0170020 secs] 1034673K->813236K(8360960K) icms_dc=0 , 0.0172330 secs] [Times: user=0.09 sys=0.03, real=0.02 secs] 
2012-10-19T14:58:55.011-0400: [GC [ParNew: 225923K->4910K(249216K), 0.0109410 secs] 1034804K->814344K(8360960K) icms_dc=0 , 0.0111780 secs] [Times: user=0.09 sys=0.02, real=0.01 secs] 
2012-10-19T14:59:04.240-0400: [GC [ParNew: 226478K->5179K(249216K), 0.0086940 secs] 1035912K->815118K(8360960K) icms_dc=0 , 0.0088930 secs] [Times: user=0.09 sys=0.02, real=0.01 secs] 
2012-10-19T14:59:13.938-0400: [GC [ParNew: 226747K->4721K(249216K), 0.0104840 secs] 1036686K->815006K(8360960K) icms_dc=0 , 0.0106800 secs] [Times: user=0.10 sys=0.03, real=0.01 secs] 
2012-10-19T14:59:23.192-0400: [GC [ParNew: 226289K->4124K(249216K), 0.0102510 secs] 1036574K->815145K(8360960K) icms_dc=0 , 0.0104450 secs] [Times: user=0.10 sys=0.03, real=0.01 secs] 
2012-10-19T14:59:34.377-0400: [GC [ParNew: 225692K->3977K(249216K), 0.0103300 secs] 1036713K->815533K(8360960K) icms_dc=0 , 0.0105280 secs] [Times: user=0.09 sys=0.03, real=0.01 secs] 
2012-10-19T14:59:44.456-0400: [GC [ParNew: 225545K->3868K(249216K), 0.0081480 secs] 1037101K->816063K(8360960K) icms_dc=0 , 0.0083340 secs] [Times: user=0.08 sys=0.01, real=0.01 secs] 
2012-10-19T14:59:58.085-0400: [GC [ParNew: 225436K->4094K(249216K), 0.0086150 secs] 1037631K->816554K(8360960K) icms_dc=0 , 0.0088010 secs] [Times: user=0.07 sys=0.03, real=0.01 secs] 
2012-10-19T15:00:07.214-0400: [GC [ParNew: 225662K->4264K(249216K), 0.0086070 secs] 1038122K->817433K(8360960K) icms_dc=0 , 0.0088480 secs] [Times: user=0.07 sys=0.01, real=0.00 secs] 
2012-10-19T15:00:12.807-0400: [GC [ParNew: 225832K->6678K(249216K), 0.0107360 secs] 1039001K->820440K(8360960K) icms_dc=0 , 0.0109430 secs] [Times: user=0.10 sys=0.02, real=0.01 secs] 
2012-10-19T15:00:21.900-0400: [GC [ParNew: 228246K->8479K(249216K), 0.0110490 secs] 1042008K->822693K(8360960K) icms_dc=0 , 0.0112620 secs] [Times: user=0.11 sys=0.02, real=0.01 secs] 
2012-10-19T15:00:30.931-0400: [GC [ParNew: 230047K->7628K(249216K), 0.0105450 secs] 1044261K->822211K(8360960K) icms_dc=0 , 0.0107550 secs] [Times: user=0.10 sys=0.02, real=0.01 secs] 
2012-10-19T15:00:50.147-0400: [GC [ParNew: 229196K->7313K(249216K), 0.0107410 secs] 1043779K->822610K(8360960K) icms_dc=0 , 0.0109580 secs] [Times: user=0.09 sys=0.02, real=0.02 secs] 
2012-10-19T15:01:05.120-0400: [GC [ParNew: 228881K->6554K(249216K), 0.0163790 secs] 1044178K->823563K(8360960K) icms_dc=0 , 0.0165900 secs] [Times: user=0.11 sys=0.01, real=0.01 secs] 
2012-10-19T15:01:15.672-0400: [GC [ParNew: 228122K->5756K(249216K), 0.0141520 secs] 1045131K->824311K(8360960K) icms_dc=0 , 0.0143710 secs] [Times: user=0.08 sys=0.02, real=0.01 secs] 
2012-10-19T15:01:35.652-0400: [GC [ParNew: 227324K->4540K(249216K), 0.0097760 secs] 1045879K->823483K(8360960K) icms_dc=0 , 0.0099740 secs] [Times: user=0.09 sys=0.02, real=0.01 secs] 
2012-10-19T15:01:53.913-0400: [GC [ParNew: 226108K->4596K(249216K), 0.0072170 secs] 1045051K->823995K(8360960K) icms_dc=0 , 0.0074190 secs] [Times: user=0.06 sys=0.02, real=0.01 secs] 
2012-10-19T15:02:13.686-0400: [GC [ParNew: 226164K->4863K(249216K), 0.0098550 secs] 1045563K->824767K(8360960K) icms_dc=0 , 0.0100880 secs] [Times: user=0.09 sys=0.02, real=0.01 secs] 
2012-10-19T15:02:31.725-0400: [GC [ParNew: 226431K->4269K(249216K), 0.0107140 secs] 1046335K->824657K(8360960K) icms_dc=0 , 0.0109330 secs] [Times: user=0.10 sys=0.03, real=0.01 secs] 
2012-10-19T15:02:36.506-0400: [GC [ParNew: 225837K->4336K(249216K), 0.0127060 secs] 1046225K->825219K(8360960K) icms_dc=0 , 0.0129230 secs] [Times: user=0.08 sys=0.03, real=0.01 secs] 
2012-10-19T15:02:43.222-0400: [GC [ParNew: 225904K->4363K(249216K), 0.0108980 secs] 1046787K->825659K(8360960K) icms_dc=0 , 0.0110820 secs] [Times: user=0.10 sys=0.03, real=0.01 secs] 
2012-10-19T15:02:54.802-0400: [GC [ParNew: 225931K->3885K(249216K), 0.0109280 secs] 1047227K->825706K(8360960K) icms_dc=0 , 0.0111280 secs] [Times: user=0.10 sys=0.03, real=0.02 secs] 
2012-10-19T15:03:08.705-0400: [GC [ParNew: 225453K->3706K(249216K), 0.0088030 secs] 1047274K->826180K(8360960K) icms_dc=0 , 0.0090030 secs] [Times: user=0.08 sys=0.02, real=0.00 secs] 
2012-10-19T15:03:31.496-0400: [GC [ParNew: 225274K->4308K(249216K), 0.0133800 secs] 1047748K->827044K(8360960K) icms_dc=0 , 0.0136130 secs] [Times: user=0.10 sys=0.03, real=0.02 secs] 
2012-10-19T15:03:44.784-0400: [GC [ParNew: 225876K->4687K(249216K), 0.0131800 secs] 1048612K->827878K(8360960K) icms_dc=0 , 0.0134160 secs] [Times: user=0.08 sys=0.03, real=0.01 secs] 
2012-10-19T15:03:59.747-0400: [GC [ParNew: 226255K->4948K(249216K), 0.0094000 secs] 1049446K->828448K(8360960K) icms_dc=0 , 0.0096000 secs] [Times: user=0.08 sys=0.02, real=0.01 secs] 
2012-10-19T15:04:17.408-0400: [GC [ParNew: 226516K->4330K(249216K), 0.0103790 secs] 1050016K->828324K(8360960K) icms_dc=0 , 0.0105830 secs] [Times: user=0.10 sys=0.03, real=0.01 secs] 
2012-10-19T15:04:35.752-0400: [GC [ParNew: 225898K->3717K(249216K), 0.0146280 secs] 1049892K->828358K(8360960K) icms_dc=0 , 0.0148780 secs] [Times: user=0.09 sys=0.02, real=0.02 secs] 
2012-10-19T15:04:53.203-0400: [GC [ParNew: 225285K->4080K(249216K), 0.0123970 secs] 1049926K->829078K(8360960K) icms_dc=0 , 0.0126160 secs] [Times: user=0.10 sys=0.02, real=0.01 secs] 
2012-10-19T15:05:09.482-0400: [GC [ParNew: 225648K->4799K(249216K), 0.0092130 secs] 1050646K->830273K(8360960K) icms_dc=0 , 0.0094140 secs] [Times: user=0.08 sys=0.01, real=0.01 secs] 
2012-10-19T15:05:27.565-0400: [GC [ParNew: 226367K->5264K(249216K), 0.0095320 secs] 1051841K->831131K(8360960K) icms_dc=0 , 0.0097420 secs] [Times: user=0.09 sys=0.02, real=0.01 secs] 
2012-10-19T15:05:52.281-0400: [GC [ParNew: 226832K->5019K(249216K), 0.0085240 secs] 1052699K->831222K(8360960K) icms_dc=0 , 0.0087250 secs] [Times: user=0.08 sys=0.02, real=0.01 secs] 
2012-10-19T15:06:09.325-0400: [GC [ParNew: 226587K->5263K(249216K), 0.0105130 secs] 1052790K->831880K(8360960K) icms_dc=0 , 0.0107170 secs] [Times: user=0.11 sys=0.02, real=0.01 secs] 
2012-10-19T15:06:31.639-0400: [GC [ParNew: 226831K->4744K(249216K), 0.0097010 secs] 1053448K->832290K(8360960K) icms_dc=0 , 0.0099160 secs] [Times: user=0.10 sys=0.02, real=0.01 secs] 
2012-10-19T15:06:52.461-0400: [GC [ParNew: 226312K->4523K(249216K), 0.0108140 secs] 1053858K->832764K(8360960K) icms_dc=0 , 0.0110100 secs] [Times: user=0.10 sys=0.03, real=0.02 secs] 
2012-10-19T15:07:08.595-0400: [GC [ParNew: 226091K->5200K(249216K), 0.0159060 secs] 1054332K->833958K(8360960K) icms_dc=0 , 0.0161920 secs] [Times: user=0.07 sys=0.02, real=0.01 secs] 
2012-10-19T15:07:25.523-0400: [GC [ParNew: 226768K->4640K(249216K), 0.0108070 secs] 1055526K->834039K(8360960K) icms_dc=0 , 0.0110210 secs] [Times: user=0.10 sys=0.02, real=0.01 secs] 
2012-10-19T15:07:31.809-0400: [GC [ParNew: 226208K->4345K(249216K), 0.0088420 secs] 1055607K->834117K(8360960K) icms_dc=0 , 0.0090420 secs] [Times: user=0.08 sys=0.03, real=0.01 secs] 
2012-10-19T15:07:49.294-0400: [GC [ParNew: 225913K->4635K(249216K), 0.0094390 secs] 1055685K->834820K(8360960K) icms_dc=0 , 0.0096370 secs] [Times: user=0.08 sys=0.02, real=0.01 secs] 
2012-10-19T15:08:07.829-0400: [GC [ParNew: 226203K->5707K(249216K), 0.0148490 secs] 1056388K->836394K(8360960K) icms_dc=0 , 0.0150760 secs] [Times: user=0.08 sys=0.02, real=0.02 secs] 
2012-10-19T15:08:20.428-0400: [GC [ParNew: 227275K->4394K(249216K), 0.0100640 secs] 1057962K->835585K(8360960K) icms_dc=0 , 0.0102640 secs] [Times: user=0.10 sys=0.03, real=0.01 secs] 
2012-10-19T15:08:36.443-0400: [GC [ParNew: 225962K->5700K(249216K), 0.0135690 secs] 1057153K->837222K(8360960K) icms_dc=0 , 0.0138410 secs] [Times: user=0.07 sys=0.01, real=0.02 secs] 
2012-10-19T15:08:45.760-0400: [GC [ParNew: 227268K->4229K(249216K), 0.0109810 secs] 1058790K->836452K(8360960K) icms_dc=0 , 0.0111780 secs] [Times: user=0.11 sys=0.03, real=0.01 secs] 
2012-10-19T15:09:02.083-0400: [GC [ParNew: 225797K->4192K(249216K), 0.0094530 secs] 1058020K->837063K(8360960K) icms_dc=0 , 0.0096460 secs] [Times: user=0.09 sys=0.02, real=0.01 secs] 
2012-10-19T15:09:10.735-0400: [GC [ParNew: 225760K->5371K(249216K), 0.0123440 secs] 1058631K->838767K(8360960K) icms_dc=0 , 0.0126240 secs] [Times: user=0.11 sys=0.02, real=0.01 secs] 
2012-10-19T15:09:22.052-0400: [GC [ParNew: 226939K->4416K(249216K), 0.0097280 secs] 1060335K->838286K(8360960K) icms_dc=0 , 0.0099240 secs] [Times: user=0.09 sys=0.04, real=0.01 secs] 
2012-10-19T15:09:37.096-0400: [GC [ParNew: 225984K->4167K(249216K), 0.0096890 secs] 1059854K->838519K(8360960K) icms_dc=0 , 0.0098960 secs] [Times: user=0.10 sys=0.02, real=0.01 secs] 
2012-10-19T15:09:55.063-0400: [GC [ParNew: 225735K->4342K(249216K), 0.0106180 secs] 1060087K->839053K(8360960K) icms_dc=0 , 0.0108210 secs] [Times: user=0.11 sys=0.02, real=0.01 secs] 
2012-10-19T15:10:10.156-0400: [GC [ParNew: 225910K->3860K(249216K), 0.0105180 secs] 1060621K->839039K(8360960K) icms_dc=0 , 0.0107130 secs] [Times: user=0.11 sys=0.02, real=0.02 secs] 
2012-10-19T15:10:20.837-0400: [GC [ParNew: 225428K->4009K(249216K), 0.0083140 secs] 1060607K->839487K(8360960K) icms_dc=0 , 0.0085220 secs] [Times: user=0.08 sys=0.02, real=0.01 secs] 
2012-10-19T15:10:41.262-0400: [GC [ParNew: 225577K->3859K(249216K), 0.0104310 secs] 1061055K->839722K(8360960K) icms_dc=0 , 0.0106390 secs] [Times: user=0.10 sys=0.02, real=0.01 secs] 
2012-10-19T15:10:54.264-0400: [GC [ParNew: 225427K->4025K(249216K), 0.0087180 secs] 1061290K->840553K(8360960K) icms_dc=0 , 0.0089310 secs] [Times: user=0.06 sys=0.01, real=0.01 secs] 
2012-10-19T15:11:02.840-0400: [GC [ParNew: 225593K->3851K(249216K), 0.0100840 secs] 1062121K->840708K(8360960K) icms_dc=0 , 0.0102810 secs] [Times: user=0.10 sys=0.03, real=0.01 secs] 
2012-10-19T15:11:18.359-0400: [GC [ParNew: 225419K->4418K(249216K), 0.0083580 secs] 1062276K->841606K(8360960K) icms_dc=0 , 0.0085520 secs] [Times: user=0.07 sys=0.02, real=0.01 secs] 
2012-10-19T15:11:37.723-0400: [GC [ParNew: 225986K->4365K(249216K), 0.0088630 secs] 1063174K->841987K(8360960K) icms_dc=0 , 0.0090720 secs] [Times: user=0.08 sys=0.02, real=0.01 secs] 
2012-10-19T15:11:51.443-0400: [GC [ParNew: 225933K->4221K(249216K), 0.0100370 secs] 1063555K->842256K(8360960K) icms_dc=0 , 0.0102300 secs] [Times: user=0.09 sys=0.03, real=0.01 secs] 
2012-10-19T15:12:10.210-0400: [GC [ParNew: 225789K->4880K(249216K), 0.0121580 secs] 1063824K->843372K(8360960K) icms_dc=0 , 0.0123850 secs] [Times: user=0.10 sys=0.02, real=0.02 secs] 
2012-10-19T15:12:27.830-0400: [GC [ParNew: 226448K->5293K(249216K), 0.0111600 secs] 1064940K->844177K(8360960K) icms_dc=0 , 0.0115250 secs] [Times: user=0.10 sys=0.03, real=0.01 secs] 
2012-10-19T15:12:42.643-0400: [GC [ParNew: 226861K->4695K(249216K), 0.0073680 secs] 1065745K->844112K(8360960K) icms_dc=0 , 0.0075510 secs] [Times: user=0.07 sys=0.01, real=0.01 secs] 
2012-10-19T15:12:58.096-0400: [GC [ParNew: 226263K->5691K(249216K), 0.0111580 secs] 1065680K->845450K(8360960K) icms_dc=0 , 0.0113500 secs] [Times: user=0.10 sys=0.03, real=0.01 secs] 
2012-10-19T15:13:13.230-0400: [GC [ParNew: 227259K->5023K(249216K), 0.0110470 secs] 1067018K->845384K(8360960K) icms_dc=0 , 0.0112520 secs] [Times: user=0.10 sys=0.03, real=0.01 secs] 
2012-10-19T15:13:34.446-0400: [GC [ParNew: 226591K->4258K(249216K), 0.0083290 secs] 1066952K->845259K(8360960K) icms_dc=0 , 0.0085070 secs] [Times: user=0.09 sys=0.01, real=0.01 secs] 
2012-10-19T15:13:42.209-0400: [GC [ParNew: 225826K->4275K(249216K), 0.0120110 secs] 1066827K->845851K(8360960K) icms_dc=0 , 0.0121900 secs] [Times: user=0.10 sys=0.04, real=0.01 secs] 
2012-10-19T15:13:57.709-0400: [GC [ParNew: 225843K->4623K(249216K), 0.0100330 secs] 1067419K->846866K(8360960K) icms_dc=0 , 0.0102050 secs] [Times: user=0.09 sys=0.02, real=0.01 secs] 
2012-10-19T15:14:16.729-0400: [GC [ParNew: 226191K->4469K(249216K), 0.0071770 secs] 1068434K->847088K(8360960K) icms_dc=0 , 0.0073800 secs] [Times: user=0.08 sys=0.01, real=0.00 secs] 
2012-10-19T15:14:35.890-0400: [GC [ParNew: 226037K->4963K(249216K), 0.0094860 secs] 1068656K->847966K(8360960K) icms_dc=0 , 0.0096610 secs] [Times: user=0.09 sys=0.02, real=0.01 secs] 
2012-10-19T15:14:49.599-0400: [GC [ParNew: 226531K->4844K(249216K), 0.0083910 secs] 1069534K->848472K(8360960K) icms_dc=0 , 0.0085670 secs] [Times: user=0.08 sys=0.01, real=0.01 secs] 
2012-10-19T15:15:03.758-0400: [GC [ParNew: 226412K->4870K(249216K), 0.0109170 secs] 1070040K->849015K(8360960K) icms_dc=0 , 0.0111080 secs] [Times: user=0.10 sys=0.02, real=0.01 secs] 
2012-10-19T15:15:12.515-0400: [GC [ParNew: 226438K->7504K(249216K), 0.0120330 secs] 1070583K->852044K(8360960K) icms_dc=0 , 0.0122400 secs] [Times: user=0.11 sys=0.03, real=0.01 secs] 
2012-10-19T15:15:26.366-0400: [GC [ParNew: 229072K->8336K(249216K), 0.0119480 secs] 1073612K->853427K(8360960K) icms_dc=0 , 0.0121580 secs] [Times: user=0.11 sys=0.02, real=0.01 secs] 
2012-10-19T15:15:38.625-0400: [GC [ParNew: 229904K->6870K(249216K), 0.0095080 secs] 1074995K->852458K(8360960K) icms_dc=0 , 0.0097150 secs] [Times: user=0.09 sys=0.02, real=0.01 secs] 
2012-10-19T15:15:47.551-0400: [GC [ParNew: 228438K->6798K(249216K), 0.0100290 secs] 1074026K->852988K(8360960K) icms_dc=0 , 0.0102400 secs] [Times: user=0.09 sys=0.02, real=0.01 secs] 
2012-10-19T15:15:59.596-0400: [GC [ParNew: 228366K->5681K(249216K), 0.0082290 secs] 1074556K->853806K(8360960K) icms_dc=0 , 0.0084390 secs] [Times: user=0.07 sys=0.01, real=0.01 secs] 
2012-10-19T15:16:14.803-0400: [GC [ParNew: 227249K->4560K(249216K), 0.0135770 secs] 1075374K->854123K(8360960K) icms_dc=0 , 0.0138030 secs] [Times: user=0.09 sys=0.03, real=0.01 secs] 
2012-10-19T15:16:30.420-0400: [GC [ParNew: 226128K->4078K(249216K), 0.0107350 secs] 1075691K->854099K(8360960K) icms_dc=0 , 0.0109330 secs] [Times: user=0.10 sys=0.03, real=0.01 secs] 
2012-10-19T15:16:41.583-0400: [GC [ParNew: 225646K->4054K(249216K), 0.0095380 secs] 1075667K->854408K(8360960K) icms_dc=0 , 0.0097340 secs] [Times: user=0.09 sys=0.02, real=0.01 secs] 
2012-10-19T15:16:54.846-0400: [GC [ParNew: 225622K->3854K(249216K), 0.0099640 secs] 1075976K->854617K(8360960K) icms_dc=0 , 0.0101520 secs] [Times: user=0.10 sys=0.03, real=0.01 secs] 
2012-10-19T15:17:08.183-0400: [GC [ParNew: 225422K->4015K(249216K), 0.0083290 secs] 1076185K->855265K(8360960K) icms_dc=0 , 0.0085240 secs] [Times: user=0.08 sys=0.02, real=0.01 secs] 
2012-10-19T15:17:24.794-0400: [GC [ParNew: 225583K->4686K(249216K), 0.0090670 secs] 1076833K->856312K(8360960K) icms_dc=0 , 0.0092640 secs] [Times: user=0.08 sys=0.03, real=0.01 secs] 
2012-10-19T15:17:39.060-0400: [GC [ParNew: 226254K->5626K(249216K), 0.0118450 secs] 1077880K->857639K(8360960K) icms_dc=0 , 0.0120820 secs] [Times: user=0.10 sys=0.01, real=0.02 secs] 
2012-10-19T15:17:52.520-0400: [GC [ParNew: 227194K->4744K(249216K), 0.0110110 secs] 1079207K->857220K(8360960K) icms_dc=0 , 0.0112170 secs] [Times: user=0.08 sys=0.03, real=0.01 secs] 
2012-10-19T15:18:03.098-0400: [GC [ParNew: 226312K->4398K(249216K), 0.0103020 secs] 1078788K->857346K(8360960K) icms_dc=0 , 0.0104980 secs] [Times: user=0.09 sys=0.03, real=0.01 secs] 
2012-10-19T15:18:15.774-0400: [GC [ParNew: 225966K->4022K(249216K), 0.0108080 secs] 1078914K->857679K(8360960K) icms_dc=0 , 0.0109960 secs] [Times: user=0.09 sys=0.03, real=0.01 secs] 
2012-10-19T15:18:36.084-0400: [GC [ParNew: 225590K->3752K(249216K), 0.0100790 secs] 1079247K->857886K(8360960K) icms_dc=0 , 0.0102750 secs] [Times: user=0.09 sys=0.03, real=0.01 secs] 
2012-10-19T15:18:56.102-0400: [GC [ParNew: 225320K->4790K(249216K), 0.0147090 secs] 1079454K->859280K(8360960K) icms_dc=0 , 0.0149520 secs] [Times: user=0.11 sys=0.03, real=0.01 secs] 
2012-10-19T15:19:02.492-0400: [GC [ParNew: 226358K->3890K(249216K), 0.0110190 secs] 1080848K->858689K(8360960K) icms_dc=0 , 0.0112170 secs] [Times: user=0.10 sys=0.02, real=0.02 secs] 
2012-10-19T15:19:08.016-0400: [GC [ParNew: 225458K->4394K(249216K), 0.0159550 secs] 1080257K->859808K(8360960K) icms_dc=0 , 0.0162200 secs] [Times: user=0.09 sys=0.02, real=0.01 secs] 
2012-10-19T15:19:17.345-0400: [GC [ParNew: 225962K->3605K(249216K), 0.0096800 secs] 1081376K->859646K(8360960K) icms_dc=0 , 0.0098440 secs] [Times: user=0.08 sys=0.02, real=0.01 secs] 
2012-10-19T15:19:30.027-0400: [GC [ParNew: 225173K->3382K(249216K), 0.0107940 secs] 1081214K->860065K(8360960K) icms_dc=0 , 0.0109990 secs] [Times: user=0.09 sys=0.04, real=0.01 secs] 
2012-10-19T15:19:42.031-0400: [GC [ParNew: 224950K->3450K(249216K), 0.0106110 secs] 1081633K->860557K(8360960K) icms_dc=0 , 0.0108240 secs] [Times: user=0.08 sys=0.03, real=0.01 secs] 
2012-10-19T15:19:56.187-0400: [GC [ParNew: 225018K->4233K(249216K), 0.0093020 secs] 1082125K->861613K(8360960K) icms_dc=0 , 0.0094750 secs] [Times: user=0.07 sys=0.03, real=0.01 secs] 
2012-10-19T15:20:08.806-0400: [GC [ParNew: 225801K->4654K(249216K), 0.0096500 secs] 1083181K->862449K(8360960K) icms_dc=0 , 0.0098310 secs] [Times: user=0.10 sys=0.02, real=0.01 secs] 
2012-10-19T15:20:22.121-0400: [GC [ParNew: 226222K->4582K(249216K), 0.0121470 secs] 1084017K->862836K(8360960K) icms_dc=0 , 0.0123360 secs] [Times: user=0.10 sys=0.03, real=0.02 secs] 
2012-10-19T15:20:37.394-0400: [GC [ParNew: 226150K->5492K(249216K), 0.0070840 secs] 1084404K->864146K(8360960K) icms_dc=0 , 0.0072860 secs] [Times: user=0.07 sys=0.00, real=0.01 secs] 
2012-10-19T15:20:54.553-0400: [GC [ParNew: 227060K->4979K(249216K), 0.0104940 secs] 1085714K->864064K(8360960K) icms_dc=0 , 0.0106690 secs] [Times: user=0.10 sys=0.02, real=0.01 secs] 
2012-10-19T15:21:05.499-0400: [GC [ParNew: 226547K->5600K(249216K), 0.0101070 secs] 1085632K->865563K(8360960K) icms_dc=0 , 0.0103150 secs] [Times: user=0.08 sys=0.02, real=0.01 secs] 
2012-10-19T15:21:15.117-0400: [GC [ParNew: 227168K->4598K(249216K), 0.0108350 secs] 1087131K->865293K(8360960K) icms_dc=0 , 0.0110180 secs] [Times: user=0.11 sys=0.03, real=0.01 secs] 
2012-10-19T15:21:24.523-0400: [GC [ParNew: 226166K->4479K(249216K), 0.0103930 secs] 1086861K->865701K(8360960K) icms_dc=0 , 0.0105690 secs] [Times: user=0.10 sys=0.02, real=0.01 secs] 
2012-10-19T15:21:34.451-0400: [GC [ParNew: 226047K->3846K(249216K), 0.0110970 secs] 1087269K->865707K(8360960K) icms_dc=0 , 0.0112700 secs] [Times: user=0.11 sys=0.02, real=0.01 secs] 
2012-10-19T15:21:45.529-0400: [GC [ParNew: 225414K->4483K(249216K), 0.0122740 secs] 1087275K->866804K(8360960K) icms_dc=0 , 0.0124710 secs] [Times: user=0.09 sys=0.02, real=0.01 secs] 
2012-10-19T15:21:53.796-0400: [GC [ParNew: 226051K->3968K(249216K), 0.0097830 secs] 1088372K->866903K(8360960K) icms_dc=0 , 0.0099610 secs] [Times: user=0.10 sys=0.03, real=0.01 secs] 
2012-10-19T15:22:01.112-0400: [GC [ParNew: 225536K->4665K(249216K), 0.0101800 secs] 1088471K->868167K(8360960K) icms_dc=0 , 0.0103560 secs] [Times: user=0.09 sys=0.02, real=0.01 secs] 
2012-10-19T15:22:15.361-0400: [GC [ParNew: 226233K->5362K(249216K), 0.0113690 secs] 1089735K->869313K(8360960K) icms_dc=0 , 0.0115420 secs] [Times: user=0.09 sys=0.03, real=0.01 secs] 
2012-10-19T15:22:20.909-0400: [GC [ParNew: 226930K->4418K(249216K), 0.0093040 secs] 1090881K->868893K(8360960K) icms_dc=0 , 0.0094750 secs] [Times: user=0.08 sys=0.02, real=0.01 secs] 
2012-10-19T15:22:30.790-0400: [GC [ParNew: 225986K->4078K(249216K), 0.0103270 secs] 1090461K->869121K(8360960K) icms_dc=0 , 0.0105110 secs] [Times: user=0.10 sys=0.02, real=0.01 secs] 
2012-10-19T15:22:41.610-0400: [GC [ParNew: 225646K->4332K(249216K), 0.0104770 secs] 1090689K->870113K(8360960K) icms_dc=0 , 0.0106670 secs] [Times: user=0.08 sys=0.02, real=0.01 secs] 
2012-10-19T15:22:53.551-0400: [GC [ParNew: 225900K->4259K(249216K), 0.0092900 secs] 1091681K->870515K(8360960K) icms_dc=0 , 0.0095010 secs] [Times: user=0.04 sys=0.00, real=0.00 secs] 
2012-10-19T15:23:04.815-0400: [GC [ParNew: 225827K->4786K(249216K), 0.0102810 secs] 1092083K->871428K(8360960K) icms_dc=0 , 0.0104510 secs] [Times: user=0.09 sys=0.02, real=0.01 secs] 
2012-10-19T15:23:18.489-0400: [GC [ParNew: 226354K->4830K(249216K), 0.0095820 secs] 1092996K->871910K(8360960K) icms_dc=0 , 0.0097600 secs] [Times: user=0.09 sys=0.02, real=0.01 secs] 
2012-10-19T15:23:32.001-0400: [GC [ParNew: 226398K->4953K(249216K), 0.0108030 secs] 1093478K->872656K(8360960K) icms_dc=0 , 0.0109860 secs] [Times: user=0.10 sys=0.03, real=0.01 secs] 
2012-10-19T15:23:41.152-0400: [GC [ParNew: 226521K->4073K(249216K), 0.0111140 secs] 1094224K->872479K(8360960K) icms_dc=0 , 0.0113240 secs] [Times: user=0.10 sys=0.02, real=0.01 secs] 
2012-10-19T15:23:57.263-0400: [GC [ParNew: 225641K->5394K(249216K), 0.0050120 secs] 1094047K->874060K(8360960K) icms_dc=0 , 0.0051880 secs] [Times: user=0.05 sys=0.00, real=0.00 secs] 
2012-10-19T15:24:08.306-0400: [GC [ParNew: 226960K->4182K(249216K), 0.0091500 secs] 1095626K->873477K(8360960K) icms_dc=0 , 0.0093320 secs] [Times: user=0.09 sys=0.02, real=0.01 secs] 
2012-10-19T15:24:21.094-0400: [GC [ParNew: 225750K->5028K(249216K), 0.0128430 secs] 1095045K->875013K(8360960K) icms_dc=0 , 0.0130510 secs] [Times: user=0.06 sys=0.01, real=0.01 secs] 
2012-10-19T15:24:36.754-0400: [GC [ParNew: 226596K->5118K(249216K), 0.0100470 secs] 1096581K->875487K(8360960K) icms_dc=0 , 0.0102040 secs] [Times: user=0.08 sys=0.02, real=0.01 secs] 
2012-10-19T15:24:43.072-0400: [GC [ParNew: 226686K->4667K(249216K), 0.0107670 secs] 1097055K->875755K(8360960K) icms_dc=0 , 0.0109660 secs] [Times: user=0.08 sys=0.03, real=0.01 secs] 
2012-10-19T15:24:58.382-0400: [GC [ParNew: 226235K->5069K(249216K), 0.0105580 secs] 1097323K->876475K(8360960K) icms_dc=0 , 0.0107320 secs] [Times: user=0.09 sys=0.03, real=0.01 secs] 
2012-10-19T15:25:10.368-0400: [GC [ParNew: 226637K->4030K(249216K), 0.0105030 secs] 1098043K->876032K(8360960K) icms_dc=0 , 0.0106810 secs] [Times: user=0.10 sys=0.03, real=0.02 secs] 
2012-10-19T15:25:24.817-0400: [GC [ParNew: 225598K->4210K(249216K), 0.0082950 secs] 1097600K->876778K(8360960K) icms_dc=0 , 0.0084790 secs] [Times: user=0.08 sys=0.02, real=0.01 secs] 
2012-10-19T15:25:33.044-0400: [GC [ParNew: 225778K->3846K(249216K), 0.0086570 secs] 1098346K->876847K(8360960K) icms_dc=0 , 0.0088290 secs] [Times: user=0.08 sys=0.02, real=0.01 secs] 
2012-10-19T15:25:48.891-0400: [GC [ParNew: 225414K->3608K(249216K), 0.0100190 secs] 1098415K->877054K(8360960K) icms_dc=0 , 0.0101920 secs] [Times: user=0.09 sys=0.02, real=0.01 secs] 
2012-10-19T15:26:01.837-0400: [GC [ParNew: 225176K->3581K(249216K), 0.0101490 secs] 1098622K->877520K(8360960K) icms_dc=0 , 0.0103260 secs] [Times: user=0.09 sys=0.03, real=0.01 secs] 
2012-10-19T15:26:18.188-0400: [GC [ParNew: 225149K->3730K(249216K), 0.0105220 secs] 1099088K->878116K(8360960K) icms_dc=0 , 0.0106980 secs] [Times: user=0.09 sys=0.03, real=0.01 secs] 
2012-10-19T15:26:35.449-0400: [GC [ParNew: 225298K->4218K(249216K), 0.0102050 secs] 1099684K->878911K(8360960K) icms_dc=0 , 0.0103900 secs] [Times: user=0.09 sys=0.03, real=0.01 secs] 
2012-10-19T15:26:46.516-0400: [GC [ParNew: 225786K->4773K(249216K), 0.0046400 secs] 1100479K->879951K(8360960K) icms_dc=0 , 0.0048190 secs] [Times: user=0.04 sys=0.00, real=0.01 secs] 
2012-10-19T15:26:56.947-0400: [GC [ParNew: 226341K->4737K(249216K), 0.0095130 secs] 1101519K->880247K(8360960K) icms_dc=0 , 0.0096850 secs] [Times: user=0.09 sys=0.01, real=0.01 secs] 
2012-10-19T15:27:10.825-0400: [GC [ParNew: 226305K->4118K(249216K), 0.0110510 secs] 1101815K->880246K(8360960K) icms_dc=0 , 0.0112330 secs] [Times: user=0.11 sys=0.02, real=0.01 secs] 
2012-10-19T15:27:28.743-0400: [GC [ParNew: 225686K->3847K(249216K), 0.0080120 secs] 1101814K->880524K(8360960K) icms_dc=0 , 0.0081990 secs] [Times: user=0.08 sys=0.01, real=0.01 secs] 
2012-10-19T15:27:43.534-0400: [GC [ParNew: 225415K->4240K(249216K), 0.0113270 secs] 1102092K->881254K(8360960K) icms_dc=0 , 0.0115420 secs] [Times: user=0.10 sys=0.02, real=0.01 secs] 
2012-10-19T15:27:55.355-0400: [GC [ParNew: 225808K->3839K(249216K), 0.0096180 secs] 1102822K->881187K(8360960K) icms_dc=0 , 0.0097910 secs] [Times: user=0.10 sys=0.03, real=0.01 secs] 
2012-10-19T15:28:06.251-0400: [GC [ParNew: 225407K->3788K(249216K), 0.0094320 secs] 1102755K->881594K(8360960K) icms_dc=0 , 0.0096300 secs] [Times: user=0.07 sys=0.03, real=0.01 secs] 
2012-10-19T15:28:15.610-0400: [GC [ParNew: 225356K->3973K(249216K), 0.0071680 secs] 1103162K->882317K(8360960K) icms_dc=0 , 0.0073470 secs] [Times: user=0.05 sys=0.00, real=0.01 secs] 
2012-10-19T15:28:22.012-0400: [GC [ParNew: 225541K->3540K(249216K), 0.0094100 secs] 1103885K->882427K(8360960K) icms_dc=0 , 0.0096100 secs] [Times: user=0.08 sys=0.03, real=0.00 secs] 
2012-10-19T15:28:25.319-0400: [GC [ParNew: 225108K->3499K(249216K), 0.0105460 secs] 1103995K->882874K(8360960K) icms_dc=0 , 0.0107200 secs] [Times: user=0.09 sys=0.04, real=0.01 secs] 
2012-10-19T15:28:36.169-0400: [GC [ParNew: 225067K->3678K(249216K), 0.0087470 secs] 1104442K->883511K(8360960K) icms_dc=0 , 0.0089230 secs] [Times: user=0.08 sys=0.02, real=0.01 secs] 
2012-10-19T15:28:45.464-0400: [GC [ParNew: 225246K->3502K(249216K), 0.0094530 secs] 1105079K->883758K(8360960K) icms_dc=0 , 0.0096320 secs] [Times: user=0.09 sys=0.02, real=0.01 secs] 
2012-10-19T15:28:52.084-0400: [GC [ParNew: 225070K->3964K(249216K), 0.0106850 secs] 1105326K->884585K(8360960K) icms_dc=0 , 0.0108820 secs] [Times: user=0.10 sys=0.02, real=0.01 secs] 
2012-10-19T15:29:03.247-0400: [GC [ParNew: 225532K->3845K(249216K), 0.0099690 secs] 1106153K->884836K(8360960K) icms_dc=0 , 0.0101420 secs] [Times: user=0.10 sys=0.02, real=0.01 secs] 
2012-10-19T15:29:14.809-0400: [GC [ParNew: 225413K->4010K(249216K), 0.0108360 secs] 1106404K->885502K(8360960K) icms_dc=0 , 0.0110130 secs] [Times: user=0.10 sys=0.02, real=0.01 secs] 
2012-10-19T15:29:23.067-0400: [GC [ParNew: 225578K->3865K(249216K), 0.0077610 secs] 1107070K->885831K(8360960K) icms_dc=0 , 0.0079430 secs] [Times: user=0.08 sys=0.01, real=0.01 secs] 
2012-10-19T15:29:31.630-0400: [GC [ParNew: 225433K->5178K(249216K), 0.0153070 secs] 1107399K->887731K(8360960K) icms_dc=0 , 0.0154920 secs] [Times: user=0.10 sys=0.03, real=0.02 secs] 
2012-10-19T15:29:34.102-0400: [GC [ParNew: 226746K->4165K(249216K), 0.0084540 secs] 1109299K->887187K(8360960K) icms_dc=0 , 0.0086240 secs] [Times: user=0.07 sys=0.02, real=0.01 secs] 
2012-10-19T15:29:39.999-0400: [GC [ParNew: 225733K->2780K(249216K), 0.0133880 secs] 1108755K->886323K(8360960K) icms_dc=0 , 0.0135650 secs] [Times: user=0.11 sys=0.04, real=0.02 secs] 
2012-10-19T15:29:43.265-0400: [GC [ParNew: 224348K->3756K(249216K), 0.0120530 secs] 1107891K->888034K(8360960K) icms_dc=0 , 0.0122120 secs] [Times: user=0.06 sys=0.01, real=0.01 secs] 
2012-10-19T15:29:48.308-0400: [GC [ParNew: 225324K->2926K(249216K), 0.0094650 secs] 1109602K->887452K(8360960K) icms_dc=0 , 0.0096360 secs] [Times: user=0.09 sys=0.02, real=0.01 secs] 
2012-10-19T15:29:58.390-0400: [GC [ParNew: 224494K->2763K(249216K), 0.0092480 secs] 1109020K->887595K(8360960K) icms_dc=0 , 0.0094200 secs] [Times: user=0.08 sys=0.03, real=0.01 secs] 
2012-10-19T15:30:05.752-0400: [GC [ParNew: 224331K->2845K(249216K), 0.0057660 secs] 1109163K->888009K(8360960K) icms_dc=0 , 0.0059290 secs] [Times: user=0.06 sys=0.01, real=0.01 secs] 
2012-10-19T15:30:11.955-0400: [GC [ParNew: 224413K->6438K(249216K), 0.0084680 secs] 1109577K->891838K(8360960K) icms_dc=0 , 0.0086940 secs] [Times: user=0.08 sys=0.01, real=0.01 secs] 
2012-10-19T15:30:18.076-0400: [GC [ParNew: 228006K->7227K(249216K), 0.0128780 secs] 1113406K->893033K(8360960K) icms_dc=0 , 0.0130840 secs] [Times: user=0.12 sys=0.03, real=0.01 secs] 
2012-10-19T15:30:34.332-0400: [GC [ParNew: 228795K->8262K(249216K), 0.0106040 secs] 1114601K->894395K(8360960K) icms_dc=0 , 0.0107880 secs] [Times: user=0.10 sys=0.01, real=0.01 secs] 
2012-10-19T15:30:42.765-0400: [GC [ParNew: 229830K->7841K(249216K), 0.0085200 secs] 1115963K->894460K(8360960K) icms_dc=0 , 0.0086970 secs] [Times: user=0.08 sys=0.01, real=0.01 secs] 
2012-10-19T15:30:50.977-0400: [GC [ParNew: 229409K->7036K(249216K), 0.0135970 secs] 1116028K->895119K(8360960K) icms_dc=0 , 0.0137970 secs] [Times: user=0.11 sys=0.03, real=0.02 secs] 
2012-10-19T15:31:07.329-0400: [GC [ParNew: 228604K->5009K(249216K), 0.0107200 secs] 1116687K->894963K(8360960K) icms_dc=0 , 0.0109410 secs] [Times: user=0.07 sys=0.03, real=0.01 secs] 
2012-10-19T15:31:16.767-0400: [GC [ParNew: 226577K->4094K(249216K), 0.0186420 secs] 1116531K->894673K(8360960K) icms_dc=0 , 0.0189140 secs] [Times: user=0.11 sys=0.02, real=0.02 secs] 
2012-10-19T15:31:23.951-0400: [GC [ParNew: 225662K->3704K(249216K), 0.0100350 secs] 1116241K->894669K(8360960K) icms_dc=0 , 0.0102120 secs] [Times: user=0.09 sys=0.03, real=0.01 secs] 
2012-10-19T15:31:36.171-0400: [GC [ParNew: 225272K->3937K(249216K), 0.0081730 secs] 1116237K->895363K(8360960K) icms_dc=0 , 0.0083690 secs] [Times: user=0.07 sys=0.01, real=0.01 secs] 
2012-10-19T15:31:43.154-0400: [GC [ParNew: 225505K->4140K(249216K), 0.0144710 secs] 1116931K->896047K(8360960K) icms_dc=0 , 0.0146820 secs] [Times: user=0.08 sys=0.03, real=0.02 secs] 
2012-10-19T15:31:57.019-0400: [GC [ParNew: 225708K->3971K(249216K), 0.0099530 secs] 1117615K->896399K(8360960K) icms_dc=0 , 0.0101530 secs] [Times: user=0.08 sys=0.02, real=0.01 secs] 
2012-10-19T15:32:11.793-0400: [GC [ParNew: 225539K->4463K(249216K), 0.0073890 secs] 1117967K->897226K(8360960K) icms_dc=0 , 0.0076040 secs] [Times: user=0.07 sys=0.02, real=0.01 secs] 
2012-10-19T15:32:21.001-0400: [GC [ParNew: 226031K->4596K(249216K), 0.0132400 secs] 1118794K->897814K(8360960K) icms_dc=0 , 0.0134660 secs] [Times: user=0.07 sys=0.02, real=0.02 secs] 
2012-10-19T15:32:25.133-0400: [GC [ParNew: 226164K->4742K(249216K), 0.0115770 secs] 1119382K->898222K(8360960K) icms_dc=0 , 0.0118260 secs] [Times: user=0.08 sys=0.02, real=0.01 secs] 
2012-10-19T15:32:33.607-0400: [GC [ParNew: 226310K->4422K(249216K), 0.0098890 secs] 1119790K->898408K(8360960K) icms_dc=0 , 0.0100660 secs] [Times: user=0.09 sys=0.02, real=0.01 secs] 
2012-10-19T15:32:45.830-0400: [GC [ParNew: 225990K->4353K(249216K), 0.0113740 secs] 1119976K->899025K(8360960K) icms_dc=0 , 0.0115650 secs] [Times: user=0.09 sys=0.03, real=0.01 secs] 
2012-10-19T15:32:59.184-0400: [GC [ParNew: 225921K->3633K(249216K), 0.0083520 secs] 1120593K->898988K(8360960K) icms_dc=0 , 0.0085440 secs] [Times: user=0.08 sys=0.02, real=0.01 secs] 
2012-10-19T15:33:11.372-0400: [GC [ParNew: 225201K->3995K(249216K), 0.0159660 secs] 1120556K->899688K(8360960K) icms_dc=0 , 0.0162050 secs] [Times: user=0.10 sys=0.02, real=0.02 secs] 
2012-10-19T15:33:22.555-0400: [GC [ParNew: 225563K->4452K(249216K), 0.0099700 secs] 1121256K->900515K(8360960K) icms_dc=0 , 0.0101680 secs] [Times: user=0.08 sys=0.02, real=0.01 secs] 
2012-10-19T15:33:35.844-0400: [GC [ParNew: 226020K->4471K(249216K), 0.0140880 secs] 1122083K->901146K(8360960K) icms_dc=0 , 0.0143270 secs] [Times: user=0.12 sys=0.02, real=0.01 secs] 
2012-10-19T15:33:48.856-0400: [GC [ParNew: 226039K->3996K(249216K), 0.0097730 secs] 1122714K->900978K(8360960K) icms_dc=0 , 0.0099770 secs] [Times: user=0.09 sys=0.02, real=0.01 secs] 
2012-10-19T15:33:58.281-0400: [GC [ParNew: 225564K->4565K(249216K), 0.0098410 secs] 1122546K->901955K(8360960K) icms_dc=0 , 0.0100490 secs] [Times: user=0.09 sys=0.02, real=0.01 secs] 
2012-10-19T15:34:11.655-0400: [GC [ParNew: 226133K->4373K(249216K), 0.0107450 secs] 1123523K->902217K(8360960K) icms_dc=0 , 0.0109480 secs] [Times: user=0.11 sys=0.02, real=0.01 secs] 
2012-10-19T15:34:25.456-0400: [GC [ParNew: 225941K->4871K(249216K), 0.0117640 secs] 1123785K->903198K(8360960K) icms_dc=0 , 0.0119620 secs] [Times: user=0.09 sys=0.03, real=0.01 secs] 
2012-10-19T15:34:40.903-0400: [GC [ParNew: 226439K->4340K(249216K), 0.0087460 secs] 1124766K->903649K(8360960K) icms_dc=0 , 0.0089470 secs] [Times: user=0.08 sys=0.02, real=0.01 secs] 
2012-10-19T15:34:53.976-0400: [GC [ParNew: 225908K->4231K(249216K), 0.0107130 secs] 1125217K->903837K(8360960K) icms_dc=0 , 0.0109090 secs] [Times: user=0.09 sys=0.03, real=0.01 secs] 
2012-10-19T15:35:00.149-0400: [GC [ParNew: 225799K->4103K(249216K), 0.0104710 secs] 1125405K->904124K(8360960K) icms_dc=0 , 0.0106790 secs] [Times: user=0.09 sys=0.02, real=0.01 secs] 
2012-10-19T15:35:14.594-0400: [GC [ParNew: 225671K->5095K(249216K), 0.0110350 secs] 1125692K->905802K(8360960K) icms_dc=0 , 0.0112570 secs] [Times: user=0.10 sys=0.03, real=0.01 secs] 
2012-10-19T15:35:22.950-0400: [GC [ParNew: 226663K->4534K(249216K), 0.0113800 secs] 1127370K->905870K(8360960K) icms_dc=0 , 0.0115840 secs] [Times: user=0.10 sys=0.03, real=0.01 secs] 
2012-10-19T15:35:40.640-0400: [GC [ParNew: 226102K->4837K(249216K), 0.0086230 secs] 1127438K->906553K(8360960K) icms_dc=0 , 0.0088240 secs] [Times: user=0.08 sys=0.03, real=0.01 secs] 
2012-10-19T15:35:52.069-0400: [GC [ParNew: 226405K->5855K(249216K), 0.0091410 secs] 1128121K->908033K(8360960K) icms_dc=0 , 0.0093380 secs] [Times: user=0.08 sys=0.02, real=0.01 secs] 
2012-10-19T15:36:02.385-0400: [GC [ParNew: 227423K->4781K(249216K), 0.0093870 secs] 1129601K->907917K(8360960K) icms_dc=0 , 0.0095900 secs] [Times: user=0.08 sys=0.02, real=0.01 secs] 
2012-10-19T15:36:18.140-0400: [GC [ParNew: 226349K->4319K(249216K), 0.0113830 secs] 1129485K->907990K(8360960K) icms_dc=0 , 0.0115860 secs] [Times: user=0.10 sys=0.02, real=0.02 secs] 
2012-10-19T15:36:26.652-0400: [GC [ParNew: 225887K->4083K(249216K), 0.0117470 secs] 1129558K->908277K(8360960K) icms_dc=0 , 0.0119490 secs] [Times: user=0.10 sys=0.02, real=0.01 secs] 
2012-10-19T15:36:34.790-0400: [GC [ParNew: 225651K->3750K(249216K), 0.0108580 secs] 1129845K->908413K(8360960K) icms_dc=0 , 0.0110570 secs] [Times: user=0.10 sys=0.02, real=0.01 secs] 
2012-10-19T15:36:48.758-0400: [GC [ParNew: 225318K->3973K(249216K), 0.0077480 secs] 1129981K->909001K(8360960K) icms_dc=0 , 0.0079470 secs] [Times: user=0.08 sys=0.01, real=0.01 secs] 
2012-10-19T15:36:58.851-0400: [GC [ParNew: 225541K->3598K(249216K), 0.0111550 secs] 1130569K->909259K(8360960K) icms_dc=0 , 0.0113590 secs] [Times: user=0.10 sys=0.03, real=0.01 secs] 
2012-10-19T15:37:12.638-0400: [GC [ParNew: 225166K->3465K(249216K), 0.0112740 secs] 1130827K->909419K(8360960K) icms_dc=0 , 0.0114700 secs] [Times: user=0.11 sys=0.02, real=0.01 secs] 
2012-10-19T15:37:33.345-0400: [GC [ParNew: 225033K->4470K(249216K), 0.0093630 secs] 1130987K->910757K(8360960K) icms_dc=0 , 0.0095640 secs] [Times: user=0.10 sys=0.02, real=0.01 secs] 
2012-10-19T15:37:45.949-0400: [GC [ParNew: 226038K->3639K(249216K), 0.0103410 secs] 1132325K->910408K(8360960K) icms_dc=0 , 0.0105290 secs] [Times: user=0.11 sys=0.03, real=0.01 secs] 
2012-10-19T15:38:00.985-0400: [GC [ParNew: 225207K->3821K(249216K), 0.0108600 secs] 1131976K->910944K(8360960K) icms_dc=0 , 0.0110540 secs] [Times: user=0.11 sys=0.02, real=0.01 secs] 
2012-10-19T15:38:08.993-0400: [GC [ParNew: 225389K->3788K(249216K), 0.0116760 secs] 1132512K->911288K(8360960K) icms_dc=0 , 0.0118830 secs] [Times: user=0.10 sys=0.03, real=0.02 secs] 
2012-10-19T15:38:21.249-0400: [GC [ParNew: 225356K->3698K(249216K), 0.0105780 secs] 1132856K->911588K(8360960K) icms_dc=0 , 0.0107730 secs] [Times: user=0.11 sys=0.03, real=0.01 secs] 
2012-10-19T15:38:25.028-0400: [GC [ParNew: 225266K->3609K(249216K), 0.0097690 secs] 1133156K->911931K(8360960K) icms_dc=0 , 0.0099910 secs] [Times: user=0.08 sys=0.02, real=0.01 secs] 
2012-10-19T15:38:35.984-0400: [GC [ParNew: 225177K->3134K(249216K), 0.0095270 secs] 1133499K->911976K(8360960K) icms_dc=0 , 0.0097210 secs] [Times: user=0.08 sys=0.02, real=0.01 secs] 
2012-10-19T15:38:42.646-0400: [GC [ParNew: 224702K->3542K(249216K), 0.0131140 secs] 1133544K->912665K(8360960K) icms_dc=0 , 0.0133120 secs] [Times: user=0.07 sys=0.02, real=0.02 secs] 
2012-10-19T15:38:51.066-0400: [GC [ParNew: 225110K->3496K(249216K), 0.0092470 secs] 1134233K->913121K(8360960K) icms_dc=0 , 0.0094200 secs] [Times: user=0.09 sys=0.02, real=0.01 secs] 
2012-10-19T15:38:56.009-0400: [GC [ParNew: 225064K->3921K(249216K), 0.0121360 secs] 1134689K->913851K(8360960K) icms_dc=0 , 0.0123330 secs] [Times: user=0.07 sys=0.03, real=0.02 secs] 
2012-10-19T15:39:04.532-0400: [GC [ParNew: 225489K->3791K(249216K), 0.0109480 secs] 1135419K->914109K(8360960K) icms_dc=0 , 0.0111260 secs] [Times: user=0.09 sys=0.04, real=0.01 secs] 
2012-10-19T15:39:16.222-0400: [GC [ParNew: 225359K->4403K(249216K), 0.0126720 secs] 1135677K->915134K(8360960K) icms_dc=0 , 0.0128720 secs] [Times: user=0.05 sys=0.00, real=0.02 secs] 
2012-10-19T15:39:23.015-0400: [GC [ParNew: 225971K->2599K(249216K), 0.0281020 secs] 1136702K->913886K(8360960K) icms_dc=0 , 0.0283430 secs] [Times: user=0.04 sys=0.01, real=0.02 secs] 
2012-10-19T15:39:34.540-0400: [GC [ParNew: 224167K->4028K(249216K), 0.0113790 secs] 1135454K->915545K(8360960K) icms_dc=0 , 0.0115630 secs] [Times: user=0.08 sys=0.02, real=0.01 secs] 
2012-10-19T15:39:49.414-0400: [GC [ParNew: 225596K->3884K(249216K), 0.0151630 secs] 1137113K->915719K(8360960K) icms_dc=0 , 0.0154460 secs] [Times: user=0.09 sys=0.02, real=0.02 secs] 
2012-10-19T15:40:00.094-0400: [GC [ParNew: 225452K->4267K(249216K), 0.0108680 secs] 1137287K->916505K(8360960K) icms_dc=0 , 0.0111020 secs] [Times: user=0.09 sys=0.02, real=0.01 secs] 
2012-10-19T15:40:09.860-0400: [GC [ParNew: 225835K->3681K(249216K), 0.0127240 secs] 1138073K->916373K(8360960K) icms_dc=0 , 0.0129330 secs] [Times: user=0.11 sys=0.04, real=0.01 secs] 
2012-10-19T15:40:19.372-0400: [GC [ParNew: 225249K->4050K(249216K), 0.0087530 secs] 1137941K->917264K(8360960K) icms_dc=0 , 0.0089630 secs] [Times: user=0.08 sys=0.02, real=0.01 secs] 
2012-10-19T15:40:31.673-0400: [GC [ParNew: 225618K->3616K(249216K), 0.0102780 secs] 1138832K->917286K(8360960K) icms_dc=0 , 0.0104670 secs] [Times: user=0.07 sys=0.03, real=0.01 secs] 
2012-10-19T15:40:42.579-0400: [GC [ParNew: 225184K->3344K(249216K), 0.0097570 secs] 1138854K->917388K(8360960K) icms_dc=0 , 0.0099500 secs] [Times: user=0.10 sys=0.01, real=0.01 secs] 
2012-10-19T15:40:54.123-0400: [GC [ParNew: 224912K->3492K(249216K), 0.0105020 secs] 1138956K->917890K(8360960K) icms_dc=0 , 0.0106880 secs] [Times: user=0.10 sys=0.03, real=0.01 secs] 
2012-10-19T15:41:07.381-0400: [GC [ParNew: 225060K->3373K(249216K), 0.0113980 secs] 1139458K->918250K(8360960K) icms_dc=0 , 0.0115940 secs] [Times: user=0.10 sys=0.02, real=0.01 secs] 
2012-10-19T15:41:23.532-0400: [GC [ParNew: 224941K->3468K(249216K), 0.0104180 secs] 1139818K->918591K(8360960K) icms_dc=0 , 0.0106020 secs] [Times: user=0.10 sys=0.03, real=0.01 secs] 
2012-10-19T15:41:35.431-0400: [GC [ParNew: 225036K->3858K(249216K), 0.0086670 secs] 1140159K->919388K(8360960K) icms_dc=0 , 0.0088520 secs] [Times: user=0.09 sys=0.01, real=0.00 secs] 
2012-10-19T15:41:48.726-0400: [GC [ParNew: 225426K->4041K(249216K), 0.0109990 secs] 1140956K->919821K(8360960K) icms_dc=0 , 0.0111920 secs] [Times: user=0.11 sys=0.04, real=0.01 secs] 
2012-10-19T15:41:58.414-0400: [GC [ParNew: 225609K->4122K(249216K), 0.0101080 secs] 1141389K->920408K(8360960K) icms_dc=0 , 0.0103130 secs] [Times: user=0.09 sys=0.02, real=0.01 secs] 
2012-10-19T15:42:08.078-0400: [GC [ParNew: 225690K->3679K(249216K), 0.0107360 secs] 1141976K->920483K(8360960K) icms_dc=0 , 0.0109390 secs] [Times: user=0.09 sys=0.02, real=0.01 secs] 
2012-10-19T15:42:21.697-0400: [GC [ParNew: 225247K->3566K(249216K), 0.0096680 secs] 1142051K->920693K(8360960K) icms_dc=0 , 0.0098650 secs] [Times: user=0.09 sys=0.03, real=0.01 secs] 
2012-10-19T15:42:35.213-0400: [GC [ParNew: 225134K->3200K(249216K), 0.0107590 secs] 1142261K->920839K(8360960K) icms_dc=0 , 0.0109580 secs] [Times: user=0.10 sys=0.02, real=0.01 secs] 
2012-10-19T15:42:42.511-0400: [GC [ParNew: 224768K->3999K(249216K), 0.0141490 secs] 1142407K->921947K(8360960K) icms_dc=0 , 0.0143670 secs] [Times: user=0.07 sys=0.03, real=0.01 secs] 
2012-10-19T15:42:46.851-0400: [GC [ParNew: 225567K->3405K(249216K), 0.0108540 secs] 1143515K->921731K(8360960K) icms_dc=0 , 0.0111120 secs] [Times: user=0.10 sys=0.02, real=0.01 secs] 
2012-10-19T15:42:50.047-0400: [GC [ParNew: 224973K->3348K(249216K), 0.0094430 secs] 1143299K->922193K(8360960K) icms_dc=0 , 0.0096280 secs] [Times: user=0.07 sys=0.01, real=0.01 secs] 
2012-10-19T15:43:00.111-0400: [GC [ParNew: 224916K->3369K(249216K), 0.0117170 secs] 1143761K->922738K(8360960K) icms_dc=0 , 0.0119200 secs] [Times: user=0.09 sys=0.02, real=0.01 secs] 
2012-10-19T15:43:13.008-0400: [GC [ParNew: 224937K->3558K(249216K), 0.0072130 secs] 1144306K->923192K(8360960K) icms_dc=0 , 0.0074090 secs] [Times: user=0.08 sys=0.02, real=0.01 secs] 
2012-10-19T15:43:26.218-0400: [GC [ParNew: 225126K->4650K(249216K), 0.0073510 secs] 1144760K->924495K(8360960K) icms_dc=0 , 0.0075510 secs] [Times: user=0.08 sys=0.01, real=0.01 secs] 
2012-10-19T15:43:38.338-0400: [GC [ParNew: 226218K->4363K(249216K), 0.0101390 secs] 1146063K->924494K(8360960K) icms_dc=0 , 0.0103410 secs] [Times: user=0.09 sys=0.03, real=0.01 secs] 
2012-10-19T15:43:50.727-0400: [GC [ParNew: 225931K->4331K(249216K), 0.0135970 secs] 1146062K->924908K(8360960K) icms_dc=0 , 0.0138360 secs] [Times: user=0.10 sys=0.03, real=0.01 secs] 
2012-10-19T15:43:53.480-0400: [GC [ParNew: 225899K->4128K(249216K), 0.0124220 secs] 1146476K->925182K(8360960K) icms_dc=0 , 0.0126110 secs] [Times: user=0.11 sys=0.02, real=0.01 secs] 
2012-10-19T15:43:57.269-0400: [GC [ParNew: 225696K->3550K(249216K), 0.0104410 secs] 1146750K->925415K(8360960K) icms_dc=0 , 0.0106360 secs] [Times: user=0.08 sys=0.03, real=0.01 secs] 
2012-10-19T15:44:06.849-0400: [GC [ParNew: 225118K->3517K(249216K), 0.0112670 secs] 1146983K->925873K(8360960K) icms_dc=0 , 0.0114760 secs] [Times: user=0.08 sys=0.01, real=0.02 secs] 
2012-10-19T15:44:10.947-0400: [GC [ParNew: 225085K->3159K(249216K), 0.0096470 secs] 1147441K->925980K(8360960K) icms_dc=0 , 0.0098490 secs] [Times: user=0.08 sys=0.03, real=0.01 secs] 
2012-10-19T15:44:23.108-0400: [GC [ParNew: 224727K->3580K(249216K), 0.0096160 secs] 1147548K->926627K(8360960K) icms_dc=0 , 0.0098080 secs] [Times: user=0.08 sys=0.03, real=0.01 secs] 
2012-10-19T15:44:38.333-0400: [GC [ParNew: 225148K->3762K(249216K), 0.0100250 secs] 1148195K->927090K(8360960K) icms_dc=0 , 0.0102240 secs] [Times: user=0.09 sys=0.03, real=0.02 secs] 
2012-10-19T15:44:50.003-0400: [GC [ParNew: 225330K->4516K(249216K), 0.0162350 secs] 1148658K->928419K(8360960K) icms_dc=0 , 0.0164920 secs] [Times: user=0.11 sys=0.02, real=0.02 secs] 
2012-10-19T15:44:56.368-0400: [GC [ParNew: 226084K->3870K(249216K), 0.0107350 secs] 1149987K->928098K(8360960K) icms_dc=0 , 0.0109240 secs] [Times: user=0.10 sys=0.01, real=0.01 secs] 
2012-10-19T15:45:00.239-0400: [GC [ParNew: 225438K->3897K(249216K), 0.0115430 secs] 1149666K->928664K(8360960K) icms_dc=0 , 0.0117470 secs] [Times: user=0.11 sys=0.01, real=0.01 secs] 
2012-10-19T15:45:01.442-0400: [GC [ParNew: 225465K->4171K(249216K), 0.0189310 secs] 1150232K->929343K(8360960K) icms_dc=0 , 0.0191460 secs] [Times: user=0.09 sys=0.01, real=0.02 secs] 
2012-10-19T15:45:06.392-0400: [GC [ParNew: 225739K->3412K(249216K), 0.0097570 secs] 1150911K->929289K(8360960K) icms_dc=0 , 0.0099470 secs] [Times: user=0.09 sys=0.02, real=0.01 secs] 
2012-10-19T15:45:11.243-0400: [GC [ParNew: 224980K->4441K(249216K), 0.0117960 secs] 1150857K->931056K(8360960K) icms_dc=0 , 0.0120060 secs] [Times: user=0.07 sys=0.01, real=0.01 secs] 
2012-10-19T15:45:16.152-0400: [GC [ParNew: 226009K->3755K(249216K), 0.0125130 secs] 1152624K->930608K(8360960K) icms_dc=0 , 0.0126910 secs] [Times: user=0.09 sys=0.03, real=0.01 secs] 
2012-10-19T15:45:21.372-0400: [GC [ParNew: 225323K->3664K(249216K), 0.0118540 secs] 1152176K->930787K(8360960K) icms_dc=0 , 0.0120580 secs] [Times: user=0.11 sys=0.02, real=0.01 secs] 
2012-10-19T15:45:29.636-0400: [GC [ParNew: 225232K->3552K(249216K), 0.0105860 secs] 1152355K->931231K(8360960K) icms_dc=0 , 0.0107750 secs] [Times: user=0.10 sys=0.02, real=0.01 secs] 
2012-10-19T15:45:40.741-0400: [GC [ParNew: 225120K->3907K(249216K), 0.0111920 secs] 1152799K->931966K(8360960K) icms_dc=0 , 0.0113930 secs] [Times: user=0.10 sys=0.03, real=0.01 secs] 
2012-10-19T15:45:46.377-0400: [GC [ParNew: 225475K->4364K(249216K), 0.0060810 secs] 1153534K->932651K(8360960K) icms_dc=0 , 0.0062740 secs] [Times: user=0.06 sys=0.00, real=0.01 secs] 
2012-10-19T15:45:54.948-0400: [GC [ParNew: 225932K->4331K(249216K), 0.0115120 secs] 1154219K->933183K(8360960K) icms_dc=0 , 0.0117350 secs] [Times: user=0.09 sys=0.02, real=0.01 secs] 
2012-10-19T15:46:08.952-0400: [GC [ParNew: 225899K->4305K(249216K), 0.0092060 secs] 1154751K->933581K(8360960K) icms_dc=0 , 0.0094010 secs] [Times: user=0.08 sys=0.02, real=0.01 secs] 
2012-10-19T15:46:18.418-0400: [GC [ParNew: 225873K->3936K(249216K), 0.0090080 secs] 1155149K->933743K(8360960K) icms_dc=0 , 0.0092290 secs] [Times: user=0.08 sys=0.03, real=0.01 secs] 
2012-10-19T15:46:29.597-0400: [GC [ParNew: 225504K->3859K(249216K), 0.0105940 secs] 1155311K->933993K(8360960K) icms_dc=0 , 0.0107870 secs] [Times: user=0.11 sys=0.02, real=0.01 secs] 
2012-10-19T15:46:40.117-0400: [GC [ParNew: 225427K->3837K(249216K), 0.0115580 secs] 1155561K->934369K(8360960K) icms_dc=0 , 0.0117500 secs] [Times: user=0.12 sys=0.02, real=0.02 secs] 
2012-10-19T15:46:51.340-0400: [GC [ParNew: 225405K->4780K(249216K), 0.0121200 secs] 1155937K->935694K(8360960K) icms_dc=0 , 0.0123890 secs] [Times: user=0.07 sys=0.01, real=0.01 secs] 
2012-10-19T15:46:59.130-0400: [GC [ParNew: 226348K->3558K(249216K), 0.0126250 secs] 1157262K->935035K(8360960K) icms_dc=0 , 0.0127980 secs] [Times: user=0.08 sys=0.03, real=0.02 secs] 
2012-10-19T15:47:10.446-0400: [GC [ParNew: 225126K->3830K(249216K), 0.0130280 secs] 1156603K->935757K(8360960K) icms_dc=0 , 0.0132450 secs] [Times: user=0.09 sys=0.01, real=0.01 secs] 
2012-10-19T15:47:14.617-0400: [GC [ParNew: 225398K->4067K(249216K), 0.0089810 secs] 1157325K->936377K(8360960K) icms_dc=0 , 0.0091580 secs] [Times: user=0.06 sys=0.02, real=0.01 secs] 
2012-10-19T15:47:27.583-0400: [GC [ParNew: 225635K->3881K(249216K), 0.0098180 secs] 1157945K->936696K(8360960K) icms_dc=0 , 0.0100260 secs] [Times: user=0.09 sys=0.03, real=0.01 secs] 
2012-10-19T15:47:35.075-0400: [GC [ParNew: 225449K->3807K(249216K), 0.0084440 secs] 1158264K->936967K(8360960K) icms_dc=0 , 0.0086400 secs] [Times: user=0.09 sys=0.01, real=0.00 secs] 
2012-10-19T15:47:44.797-0400: [GC [ParNew: 225375K->3628K(249216K), 0.0107290 secs] 1158535K->937201K(8360960K) icms_dc=0 , 0.0109190 secs] [Times: user=0.10 sys=0.03, real=0.01 secs] 
2012-10-19T15:47:53.342-0400: [GC [ParNew: 225196K->4033K(249216K), 0.0112750 secs] 1158769K->938009K(8360960K) icms_dc=0 , 0.0114700 secs] [Times: user=0.11 sys=0.04, real=0.01 secs] 
2012-10-19T15:48:01.932-0400: [GC [ParNew: 225601K->3468K(249216K), 0.0108380 secs] 1159577K->938163K(8360960K) icms_dc=0 , 0.0110420 secs] [Times: user=0.10 sys=0.03, real=0.01 secs] 
2012-10-19T15:48:15.310-0400: [GC [ParNew: 225036K->3494K(249216K), 0.0109980 secs] 1159731K->938611K(8360960K) icms_dc=0 , 0.0112020 secs] [Times: user=0.09 sys=0.02, real=0.01 secs] 
2012-10-19T15:48:26.013-0400: [GC [ParNew: 225062K->4426K(249216K), 0.0099910 secs] 1160179K->939887K(8360960K) icms_dc=0 , 0.0101980 secs] [Times: user=0.09 sys=0.02, real=0.01 secs] 
2012-10-19T15:48:36.052-0400: [GC [ParNew: 225994K->4107K(249216K), 0.0086920 secs] 1161455K->940035K(8360960K) icms_dc=0 , 0.0088870 secs] [Times: user=0.09 sys=0.01, real=0.01 secs] 
2012-10-19T15:48:45.363-0400: [GC [ParNew: 225675K->4081K(249216K), 0.0100610 secs] 1161603K->940343K(8360960K) icms_dc=0 , 0.0102590 secs] [Times: user=0.10 sys=0.02, real=0.01 secs] 
2012-10-19T15:48:56.130-0400: [GC [ParNew: 225649K->4288K(249216K), 0.0099040 secs] 1161911K->940953K(8360960K) icms_dc=0 , 0.0100930 secs] [Times: user=0.09 sys=0.03, real=0.01 secs] 
2012-10-19T15:49:06.674-0400: [GC [ParNew: 225856K->3577K(249216K), 0.0111930 secs] 1162521K->940963K(8360960K) icms_dc=0 , 0.0113910 secs] [Times: user=0.11 sys=0.02, real=0.02 secs] 
2012-10-19T15:49:13.878-0400: [GC [ParNew: 225145K->3548K(249216K), 0.0116540 secs] 1162531K->941352K(8360960K) icms_dc=0 , 0.0118500 secs] [Times: user=0.09 sys=0.03, real=0.01 secs] 
2012-10-19T15:49:21.958-0400: [GC [ParNew: 225116K->4036K(249216K), 0.0114510 secs] 1162920K->942339K(8360960K) icms_dc=0 , 0.0116640 secs] [Times: user=0.10 sys=0.02, real=0.02 secs] 
2012-10-19T15:49:31.305-0400: [GC [ParNew: 225604K->4162K(249216K), 0.0088990 secs] 1163907K->942854K(8360960K) icms_dc=0 , 0.0090860 secs] [Times: user=0.09 sys=0.01, real=0.01 secs] 
2012-10-19T15:49:40.375-0400: [GC [ParNew: 225730K->3997K(249216K), 0.0087300 secs] 1164422K->943048K(8360960K) icms_dc=0 , 0.0089330 secs] [Times: user=0.09 sys=0.01, real=0.01 secs] 
2012-10-19T15:49:51.956-0400: [GC [ParNew: 225565K->4273K(249216K), 0.0100290 secs] 1164616K->943811K(8360960K) icms_dc=0 , 0.0102320 secs] [Times: user=0.10 sys=0.03, real=0.01 secs] 
2012-10-19T15:50:02.291-0400: [GC [ParNew: 225841K->8951K(249216K), 0.0105260 secs] 1165379K->948961K(8360960K) icms_dc=0 , 0.0107340 secs] [Times: user=0.11 sys=0.02, real=0.01 secs] 
2012-10-19T15:50:15.917-0400: [GC [ParNew: 230519K->13387K(249216K), 0.0129650 secs] 1170529K->953887K(8360960K) icms_dc=0 , 0.0131920 secs] [Times: user=0.12 sys=0.01, real=0.01 secs] 
2012-10-19T15:50:17.574-0400: [GC [ParNew: 234955K->13962K(249216K), 0.0107580 secs] 1175455K->954820K(8360960K) icms_dc=0 , 0.0109640 secs] [Times: user=0.12 sys=0.02, real=0.01 secs] 
2012-10-19T15:50:18.178-0400: [GC [ParNew: 235530K->11098K(249216K), 0.0114310 secs] 1176388K->952427K(8360960K) icms_dc=0 , 0.0116390 secs] [Times: user=0.11 sys=0.03, real=0.01 secs] 
2012-10-19T15:50:20.907-0400: [GC [ParNew: 232666K->5989K(249216K), 0.0142580 secs] 1173995K->948152K(8360960K) icms_dc=0 , 0.0144710 secs] [Times: user=0.11 sys=0.02, real=0.01 secs] 
2012-10-19T15:50:30.101-0400: [GC [ParNew: 227557K->3510K(249216K), 0.0146890 secs] 1169720K->947328K(8360960K) icms_dc=0 , 0.0149390 secs] [Times: user=0.12 sys=0.04, real=0.02 secs] 
2012-10-19T15:50:42.248-0400: [GC [ParNew: 225078K->5599K(249216K), 0.0245060 secs] 1168896K->949786K(8360960K) icms_dc=0 , 0.0247970 secs] [Times: user=0.06 sys=0.02, real=0.02 secs] 
2012-10-19T15:50:50.058-0400: [GC [ParNew: 227167K->4247K(249216K), 0.0111280 secs] 1171354K->948769K(8360960K) icms_dc=0 , 0.0113270 secs] [Times: user=0.09 sys=0.04, real=0.01 secs] 
2012-10-19T15:51:02.723-0400: [GC [ParNew: 225815K->4122K(249216K), 0.0106690 secs] 1170337K->949073K(8360960K) icms_dc=0 , 0.0108660 secs] [Times: user=0.10 sys=0.03, real=0.01 secs] 
2012-10-19T15:51:12.100-0400: [GC [ParNew: 225690K->3751K(249216K), 0.0138050 secs] 1170641K->949154K(8360960K) icms_dc=0 , 0.0140090 secs] [Times: user=0.13 sys=0.04, real=0.02 secs] 
2012-10-19T15:51:18.098-0400: [GC [ParNew: 225319K->4120K(249216K), 0.0143060 secs] 1170722K->950293K(8360960K) icms_dc=0 , 0.0145220 secs] [Times: user=0.11 sys=0.05, real=0.02 secs] 
2012-10-19T15:51:27.041-0400: [GC [ParNew: 225688K->3960K(249216K), 0.0119840 secs] 1171861K->950513K(8360960K) icms_dc=0 , 0.0121840 secs] [Times: user=0.09 sys=0.05, real=0.02 secs] 
2012-10-19T15:51:41.385-0400: [GC [ParNew: 225528K->4213K(249216K), 0.0194860 secs] 1172081K->951216K(8360960K) icms_dc=0 , 0.0197680 secs] [Times: user=0.05 sys=0.01, real=0.02 secs] 
2012-10-19T15:51:53.038-0400: [GC [ParNew: 225781K->4265K(249216K), 0.0133430 secs] 1172784K->951679K(8360960K) icms_dc=0 , 0.0135210 secs] [Times: user=0.11 sys=0.04, real=0.01 secs] 
2012-10-19T15:52:02.842-0400: [GC [ParNew: 225833K->3170K(249216K), 0.0130210 secs] 1173247K->951075K(8360960K) icms_dc=0 , 0.0131860 secs] [Times: user=0.11 sys=0.03, real=0.01 secs] 
2012-10-19T15:52:16.192-0400: [GC [ParNew: 224738K->3393K(249216K), 0.0122230 secs] 1172643K->951576K(8360960K) icms_dc=0 , 0.0124190 secs] [Times: user=0.11 sys=0.03, real=0.01 secs] 
2012-10-19T15:52:27.187-0400: [GC [ParNew: 224961K->3517K(249216K), 0.0131000 secs] 1173144K->952099K(8360960K) icms_dc=0 , 0.0133580 secs] [Times: user=0.11 sys=0.04, real=0.02 secs] 
2012-10-19T15:52:41.483-0400: [GC [ParNew: 225085K->3701K(249216K), 0.0105820 secs] 1173667K->952663K(8360960K) icms_dc=0 , 0.0107620 secs] [Times: user=0.09 sys=0.04, real=0.01 secs] 
2012-10-19T15:52:55.615-0400: [GC [ParNew: 225269K->3761K(249216K), 0.0209980 secs] 1174231K->953149K(8360960K) icms_dc=0 , 0.0211960 secs] [Times: user=0.12 sys=0.03, real=0.02 secs] 
2012-10-19T15:53:06.521-0400: [GC [ParNew: 225329K->3437K(249216K), 0.0131580 secs] 1174717K->953223K(8360960K) icms_dc=0 , 0.0133360 secs] [Times: user=0.13 sys=0.04, real=0.01 secs] 
2012-10-19T15:53:17.839-0400: [GC [ParNew: 225005K->3154K(249216K), 0.0137450 secs] 1174791K->953427K(8360960K) icms_dc=0 , 0.0139240 secs] [Times: user=0.13 sys=0.04, real=0.01 secs] 
2012-10-19T15:53:29.449-0400: [GC [ParNew: 224722K->3273K(249216K), 0.0134150 secs] 1174995K->953941K(8360960K) icms_dc=0 , 0.0136070 secs] [Times: user=0.12 sys=0.05, real=0.01 secs] 
2012-10-19T15:53:40.880-0400: [GC [ParNew: 224841K->3441K(249216K), 0.0183360 secs] 1175509K->954526K(8360960K) icms_dc=0 , 0.0185940 secs] [Times: user=0.13 sys=0.03, real=0.01 secs] 
2012-10-19T15:53:53.139-0400: [GC [ParNew: 225009K->3074K(249216K), 0.0136520 secs] 1176094K->954480K(8360960K) icms_dc=0 , 0.0138530 secs] [Times: user=0.13 sys=0.04, real=0.02 secs] 
2012-10-19T15:54:01.745-0400: [GC [ParNew: 224642K->3278K(249216K), 0.0129080 secs] 1176048K->955027K(8360960K) icms_dc=0 , 0.0130980 secs] [Times: user=0.12 sys=0.03, real=0.01 secs] 
2012-10-19T15:54:05.715-0400: [GC [ParNew: 224846K->3022K(249216K), 0.0167320 secs] 1176595K->955275K(8360960K) icms_dc=0 , 0.0171070 secs] [Times: user=0.14 sys=0.04, real=0.01 secs] 
2012-10-19T15:54:12.103-0400: [GC [ParNew: 224590K->3283K(249216K), 0.0139580 secs] 1176843K->955911K(8360960K) icms_dc=0 , 0.0141670 secs] [Times: user=0.13 sys=0.03, real=0.02 secs] 
2012-10-19T15:54:21.988-0400: [GC [ParNew: 224851K->3263K(249216K), 0.0124650 secs] 1177479K->956328K(8360960K) icms_dc=0 , 0.0126360 secs] [Times: user=0.11 sys=0.04, real=0.01 secs] 
2012-10-19T15:54:32.254-0400: [GC [ParNew: 224831K->3177K(249216K), 0.0162270 secs] 1177896K->956558K(8360960K) icms_dc=0 , 0.0164530 secs] [Times: user=0.10 sys=0.03, real=0.02 secs] 
2012-10-19T15:54:40.055-0400: [GC [ParNew: 224745K->3325K(249216K), 0.0132620 secs] 1178126K->957023K(8360960K) icms_dc=0 , 0.0134510 secs] [Times: user=0.10 sys=0.04, real=0.02 secs] 
2012-10-19T15:54:50.862-0400: [GC [ParNew: 224893K->3601K(249216K), 0.0132660 secs] 1178591K->957660K(8360960K) icms_dc=0 , 0.0134570 secs] [Times: user=0.12 sys=0.04, real=0.01 secs] 
2012-10-19T15:55:00.125-0400: [GC [ParNew: 225169K->3377K(249216K), 0.0145770 secs] 1179228K->957910K(8360960K) icms_dc=0 , 0.0148080 secs] [Times: user=0.11 sys=0.03, real=0.02 secs] 
2012-10-19T15:55:02.059-0400: [GC [ParNew: 224945K->3096K(249216K), 0.0130300 secs] 1179478K->958096K(8360960K) icms_dc=0 , 0.0132220 secs] [Times: user=0.10 sys=0.03, real=0.01 secs] 
2012-10-19T15:55:09.140-0400: [GC [ParNew: 224664K->3447K(249216K), 0.0140240 secs] 1179664K->958755K(8360960K) icms_dc=0 , 0.0142200 secs] [Times: user=0.11 sys=0.03, real=0.01 secs] 
2012-10-19T15:55:14.186-0400: [GC [ParNew: 225015K->2946K(249216K), 0.0129280 secs] 1180323K->958724K(8360960K) icms_dc=0 , 0.0131160 secs] [Times: user=0.10 sys=0.04, real=0.01 secs] 
2012-10-19T15:55:23.842-0400: [GC [ParNew: 224514K->3047K(249216K), 0.0148970 secs] 1180292K->959152K(8360960K) icms_dc=0 , 0.0150940 secs] [Times: user=0.12 sys=0.05, real=0.02 secs] 
2012-10-19T15:55:33.618-0400: [GC [ParNew: 224615K->3218K(249216K), 0.0132000 secs] 1180720K->959598K(8360960K) icms_dc=0 , 0.0133890 secs] [Times: user=0.12 sys=0.04, real=0.01 secs] 
2012-10-19T15:55:43.773-0400: [GC [ParNew: 224786K->3105K(249216K), 0.0130100 secs] 1181166K->959791K(8360960K) icms_dc=0 , 0.0132050 secs] [Times: user=0.11 sys=0.05, real=0.02 secs] 
2012-10-19T15:55:47.365-0400: [GC [ParNew: 224673K->3212K(249216K), 0.0126340 secs] 1181359K->960195K(8360960K) icms_dc=0 , 0.0128040 secs] [Times: user=0.12 sys=0.04, real=0.01 secs] 
2012-10-19T15:55:54.761-0400: [GC [ParNew: 224780K->3284K(249216K), 0.0146610 secs] 1181763K->960728K(8360960K) icms_dc=0 , 0.0148520 secs] [Times: user=0.12 sys=0.06, real=0.02 secs] 
2012-10-19T15:56:07.255-0400: [GC [ParNew: 224852K->3066K(249216K), 0.0150820 secs] 1182296K->960845K(8360960K) icms_dc=0 , 0.0152960 secs] [Times: user=0.11 sys=0.04, real=0.02 secs] 
2012-10-19T15:56:17.579-0400: [GC [ParNew: 224634K->3073K(249216K), 0.0155160 secs] 1182413K->961164K(8360960K) icms_dc=0 , 0.0157440 secs] [Times: user=0.13 sys=0.05, real=0.01 secs] 
2012-10-19T15:56:29.313-0400: [GC [ParNew: 224641K->3382K(249216K), 0.0131420 secs] 1182732K->961762K(8360960K) icms_dc=0 , 0.0133280 secs] [Times: user=0.12 sys=0.04, real=0.01 secs] 
2012-10-19T15:56:37.845-0400: [GC [ParNew: 224950K->3462K(249216K), 0.0126350 secs] 1183330K->962247K(8360960K) icms_dc=0 , 0.0128280 secs] [Times: user=0.11 sys=0.03, real=0.01 secs] 
2012-10-19T15:56:47.181-0400: [GC [ParNew: 225030K->3275K(249216K), 0.0134200 secs] 1183815K->962369K(8360960K) icms_dc=0 , 0.0136040 secs] [Times: user=0.14 sys=0.03, real=0.02 secs] 
2012-10-19T15:56:55.796-0400: [GC [ParNew: 224843K->3476K(249216K), 0.0109750 secs] 1183937K->962951K(8360960K) icms_dc=0 , 0.0111670 secs] [Times: user=0.10 sys=0.03, real=0.01 secs] 
2012-10-19T15:57:02.666-0400: [GC [ParNew: 225044K->3620K(249216K), 0.0141200 secs] 1184519K->963586K(8360960K) icms_dc=0 , 0.0143100 secs] [Times: user=0.13 sys=0.03, real=0.01 secs] 
2012-10-19T15:57:08.836-0400: [GC [ParNew: 225188K->3008K(249216K), 0.0127290 secs] 1185154K->963278K(8360960K) icms_dc=0 , 0.0129320 secs] [Times: user=0.12 sys=0.04, real=0.01 secs] 
2012-10-19T15:57:16.208-0400: [GC [ParNew: 224576K->2950K(249216K), 0.0139980 secs] 1184846K->963593K(8360960K) icms_dc=0 , 0.0142090 secs] [Times: user=0.12 sys=0.03, real=0.01 secs] 
2012-10-19T15:57:22.153-0400: [GC [ParNew: 224518K->3286K(249216K), 0.0142360 secs] 1185161K->964249K(8360960K) icms_dc=0 , 0.0144130 secs] [Times: user=0.13 sys=0.03, real=0.02 secs] 
2012-10-19T15:57:30.122-0400: [GC [ParNew: 224854K->2962K(249216K), 0.0143920 secs] 1185817K->964214K(8360960K) icms_dc=0 , 0.0145940 secs] [Times: user=0.14 sys=0.04, real=0.01 secs] 
2012-10-19T15:57:38.714-0400: [GC [ParNew: 224530K->3149K(249216K), 0.0096820 secs] 1185782K->964710K(8360960K) icms_dc=0 , 0.0098820 secs] [Times: user=0.09 sys=0.02, real=0.01 secs] 
2012-10-19T15:57:45.087-0400: [GC [ParNew: 224717K->3335K(249216K), 0.0121030 secs] 1186278K->965223K(8360960K) icms_dc=0 , 0.0122900 secs] [Times: user=0.10 sys=0.03, real=0.01 secs] 
2012-10-19T15:57:54.301-0400: [GC [ParNew: 224903K->3206K(249216K), 0.0118330 secs] 1186791K->965485K(8360960K) icms_dc=0 , 0.0120140 secs] [Times: user=0.11 sys=0.03, real=0.01 secs] 
2012-10-19T15:58:02.350-0400: [GC [ParNew: 224774K->3020K(249216K), 0.0124590 secs] 1187053K->965724K(8360960K) icms_dc=0 , 0.0126470 secs] [Times: user=0.12 sys=0.02, real=0.02 secs] 
2012-10-19T15:58:09.481-0400: [GC [ParNew: 224588K->3054K(249216K), 0.0121180 secs] 1187292K->966239K(8360960K) icms_dc=0 , 0.0123060 secs] [Times: user=0.11 sys=0.03, real=0.02 secs] 
2012-10-19T15:58:16.808-0400: [GC [ParNew: 224622K->2676K(249216K), 0.0126630 secs] 1187807K->966165K(8360960K) icms_dc=0 , 0.0128500 secs] [Times: user=0.11 sys=0.04, real=0.01 secs] 
2012-10-19T15:58:25.333-0400: [GC [ParNew: 224244K->2831K(249216K), 0.0133890 secs] 1187733K->966766K(8360960K) icms_dc=0 , 0.0135820 secs] [Times: user=0.11 sys=0.04, real=0.02 secs] 
2012-10-19T15:58:33.199-0400: [GC [ParNew: 224399K->2980K(249216K), 0.0124250 secs] 1188334K->967227K(8360960K) icms_dc=0 , 0.0126000 secs] [Times: user=0.12 sys=0.03, real=0.01 secs] 
2012-10-19T15:58:42.321-0400: [GC [ParNew: 224548K->2796K(249216K), 0.0155520 secs] 1188795K->967370K(8360960K) icms_dc=0 , 0.0157590 secs] [Times: user=0.14 sys=0.04, real=0.01 secs] 
2012-10-19T15:58:50.075-0400: [GC [ParNew: 224364K->2536K(249216K), 0.0091870 secs] 1188938K->967471K(8360960K) icms_dc=0 , 0.0093930 secs] [Times: user=0.08 sys=0.02, real=0.01 secs] 
2012-10-19T15:58:57.279-0400: [GC [ParNew: 224104K->2829K(249216K), 0.0129640 secs] 1189039K->968210K(8360960K) icms_dc=0 , 0.0131470 secs] [Times: user=0.12 sys=0.03, real=0.01 secs] 
2012-10-19T15:59:00.746-0400: [GC [ParNew: 224397K->2879K(249216K), 0.0131380 secs] 1189778K->968544K(8360960K) icms_dc=0 , 0.0133270 secs] [Times: user=0.12 sys=0.05, real=0.01 secs] 
2012-10-19T15:59:05.692-0400: [GC [ParNew: 224447K->2671K(249216K), 0.0124080 secs] 1190112K->968671K(8360960K) icms_dc=0 , 0.0125890 secs] [Times: user=0.11 sys=0.03, real=0.01 secs] 
2012-10-19T15:59:10.757-0400: [GC [ParNew: 224239K->2851K(249216K), 0.0124100 secs] 1190239K->969181K(8360960K) icms_dc=0 , 0.0125860 secs] [Times: user=0.12 sys=0.03, real=0.01 secs] 
2012-10-19T15:59:15.911-0400: [GC [ParNew: 224419K->2810K(249216K), 0.0118090 secs] 1190749K->969443K(8360960K) icms_dc=0 , 0.0119930 secs] [Times: user=0.11 sys=0.02, real=0.01 secs] 
2012-10-19T15:59:20.539-0400: [GC [ParNew: 224378K->2734K(249216K), 0.0138490 secs] 1191011K->969783K(8360960K) icms_dc=0 , 0.0140650 secs] [Times: user=0.11 sys=0.03, real=0.02 secs] 
2012-10-19T15:59:25.162-0400: [GC [ParNew: 224302K->2955K(249216K), 0.0126450 secs] 1191351K->970324K(8360960K) icms_dc=0 , 0.0128340 secs] [Times: user=0.10 sys=0.04, real=0.01 secs] 
2012-10-19T15:59:29.059-0400: [GC [ParNew: 224523K->2997K(249216K), 0.0131570 secs] 1191892K->970653K(8360960K) icms_dc=0 , 0.0133490 secs] [Times: user=0.11 sys=0.04, real=0.02 secs] 
2012-10-19T15:59:31.985-0400: [GC [ParNew: 224565K->3133K(249216K), 0.0127630 secs] 1192221K->971156K(8360960K) icms_dc=0 , 0.0129600 secs] [Times: user=0.11 sys=0.04, real=0.01 secs] 
2012-10-19T15:59:36.040-0400: [GC [ParNew: 224701K->3190K(249216K), 0.0136190 secs] 1192724K->971651K(8360960K) icms_dc=0 , 0.0138370 secs] [Times: user=0.10 sys=0.03, real=0.02 secs] 
2012-10-19T15:59:40.057-0400: [GC [ParNew: 224758K->3178K(249216K), 0.0186860 secs] 1193219K->972252K(8360960K) icms_dc=0 , 0.0189090 secs] [Times: user=0.11 sys=0.03, real=0.02 secs] 
2012-10-19T15:59:44.068-0400: [GC [ParNew: 224746K->3225K(249216K), 0.0129630 secs] 1193820K->972589K(8360960K) icms_dc=0 , 0.0131720 secs] [Times: user=0.10 sys=0.02, real=0.01 secs] 
2012-10-19T15:59:47.928-0400: [GC [ParNew: 224793K->3138K(249216K), 0.0122000 secs] 1194157K->972898K(8360960K) icms_dc=0 , 0.0123860 secs] [Times: user=0.11 sys=0.02, real=0.01 secs] 
2012-10-19T15:59:51.267-0400: [GC [ParNew: 224706K->3637K(249216K), 0.0124200 secs] 1194466K->973667K(8360960K) icms_dc=0 , 0.0126230 secs] [Times: user=0.10 sys=0.03, real=0.01 secs] 
2012-10-19T15:59:55.176-0400: [GC [ParNew: 225205K->3101K(249216K), 0.0137890 secs] 1195235K->973693K(8360960K) icms_dc=0 , 0.0139940 secs] [Times: user=0.12 sys=0.03, real=0.01 secs] 
2012-10-19T15:59:58.030-0400: [GC [ParNew: 224669K->2708K(249216K), 0.0166640 secs] 1195261K->973797K(8360960K) icms_dc=0 , 0.0168830 secs] [Times: user=0.14 sys=0.04, real=0.02 secs] 
2012-10-19T16:00:00.932-0400: [GC [ParNew: 224276K->2728K(249216K), 0.0152610 secs] 1195365K->974289K(8360960K) icms_dc=0 , 0.0154700 secs] [Times: user=0.11 sys=0.04, real=0.02 secs] 
2012-10-19T16:03:06.571-0400: [GC [ParNew: 224296K->4574K(249216K), 0.0182690 secs] 1195857K->976522K(8360960K) icms_dc=0 , 0.0184660 secs] [Times: user=0.15 sys=0.05, real=0.02 secs] 
2012-10-19T16:09:51.648-0400: [GC [ParNew: 226142K->5325K(249216K), 0.0258790 secs] 1198090K->977532K(8360960K) icms_dc=0 , 0.0260830 secs] [Times: user=0.26 sys=0.07, real=0.03 secs] 
2012-10-19T16:17:11.668-0400: [GC [ParNew: 226893K->6544K(249216K), 0.0322470 secs] 1199100K->979014K(8360960K) icms_dc=0 , 0.0324460 secs] [Times: user=0.28 sys=0.12, real=0.03 secs] 
2012-10-19T16:26:39.297-0400: [GC [ParNew: 228112K->8258K(249216K), 0.0368450 secs] 1200582K->981224K(8360960K) icms_dc=0 , 0.0370470 secs] [Times: user=0.33 sys=0.14, real=0.03 secs] 
2012-10-19T16:28:08.714-0400: [GC[YG occupancy: 37338 K (249216 K)][Rescan (parallel) , 0.0246550 secs][weak refs processing, 0.0004740 secs] [1 CMS-remark: 972966K(8111744K)] 1010304K(8360960K), 0.0253370 secs] [Times: user=0.05 sys=0.00, real=0.03 secs]